#
# There is insufficient memory for the Java Runtime Environment to continue.
# Native memory allocation (malloc) failed to allocate 660416 bytes. Error detail: Chunk::new
# Possible reasons:
#   The system is out of physical RAM or swap space
#   This process is running with CompressedOops enabled, and the Java Heap may be blocking the growth of the native heap
# Possible solutions:
#   Reduce memory load on the system
#   Increase physical memory or swap space
#   Check if swap backing store is full
#   Decrease Java heap size (-Xmx/-Xms)
#   Decrease number of Java threads
#   Decrease Java thread stack sizes (-Xss)
#   Set larger code cache with -XX:ReservedCodeCacheSize=
#   JVM is running with Unscaled Compressed Oops mode in which the Java heap is
#     placed in the first 4GB address space. The Java Heap base address is the
#     maximum limit for the native heap growth. Please use -XX:HeapBaseMinAddress
#     to set the Java Heap base and to place the Java Heap above 4GB virtual address.
# This output file may be truncated or incomplete.
#
#  Out of Memory Error (arena.cpp:168), pid=4672, tid=16852
#
# JRE version: OpenJDK Runtime Environment Temurin-21.0.10+7 (21.0.10+7) (build 21.0.10+7-LTS)
# Java VM: OpenJDK 64-Bit Server VM Temurin-21.0.10+7 (21.0.10+7-LTS, mixed mode, sharing, tiered, compressed oops, compressed class ptrs, parallel gc, windows-amd64)
# No core dump will be written. Minidumps are not enabled by default on client versions of Windows
#

---------------  S U M M A R Y ------------

Command Line: --add-modules=ALL-SYSTEM --add-opens=java.base/java.util=ALL-UNNAMED --add-opens=java.base/java.lang=ALL-UNNAMED --add-opens=java.base/sun.nio.fs=ALL-UNNAMED -Declipse.application=org.eclipse.jdt.ls.core.id1 -Dosgi.bundles.defaultStartLevel=4 -Declipse.product=org.eclipse.jdt.ls.core.product -Djava.import.generatesMetadataFilesAtProjectRoot=false -DDetectVMInstallationsJob.disabled=true -Dfile.encoding=utf8 -XX:+UseParallelGC -XX:GCTimeRatio=4 -XX:AdaptiveSizePolicyWeight=90 -Dsun.zip.disableMemoryMapping=true -Xmx2G -Xms100m -Xlog:disable -javaagent:c:\Users\Bhumi\.vscode\extensions\redhat.java-1.54.0-win32-x64\lombok\lombok-1.18.39-4050.jar c:\Users\Bhumi\.vscode\extensions\redhat.java-1.54.0-win32-x64\server\plugins\org.eclipse.equinox.launcher_1.7.100.v20251111-0406.jar -configuration c:\Users\Bhumi\AppData\Roaming\Code\User\globalStorage\redhat.java\1.54.0\config_ss_win -data c:\Users\Bhumi\AppData\Roaming\Code\User\workspaceStorage\99dc9a965f1c481dea11390a2d6cf309\redhat.java\ss_ws --pipe=\\.\pipe\lsp-552d12fed4869fe63b393a904787c5b9-sock

Host: Intel(R) Core(TM) i3-10110U CPU @ 2.10GHz, 4 cores, 7G,  Windows 11 , 64 bit Build 26100 (10.0.26100.8328)
Time: Tue May 19 01:31:53 2026 India Standard Time elapsed time: 6.063782 seconds (0d 0h 0m 6s)

---------------  T H R E A D  ---------------

Current thread (0x000001c3f95228e0):  JavaThread "C2 CompilerThread1" daemon [_thread_in_native, id=16852, stack(0x0000006ded400000,0x0000006ded500000) (1024K)]


Current CompileTask:
C2:6063 2599       4       org.lombokweb.asm.ClassReader::readMethod (1070 bytes)

Stack: [0x0000006ded400000,0x0000006ded500000]
Native frames: (J=compiled Java code, j=interpreted, Vv=VM code, C=native code)
V  [jvm.dll+0x6d7a39]
V  [jvm.dll+0x8b4b26]
V  [jvm.dll+0x8b70de]
V  [jvm.dll+0x8b77c3]
V  [jvm.dll+0x284346]
V  [jvm.dll+0xc66ed]
V  [jvm.dll+0xc6c31]
V  [jvm.dll+0x2fb29e]
V  [jvm.dll+0x5fe884]
V  [jvm.dll+0x255b17]
V  [jvm.dll+0x255edd]
V  [jvm.dll+0x24e500]
V  [jvm.dll+0x24ba42]
V  [jvm.dll+0x1cb34e]
V  [jvm.dll+0x25b85d]
V  [jvm.dll+0x259dea]
V  [jvm.dll+0x3f857e]
V  [jvm.dll+0x85f59d]
V  [jvm.dll+0x6d626d]
C  [ucrtbase.dll+0x37b0]
C  [KERNEL32.DLL+0x2e957]
C  [ntdll.dll+0x427c]


---------------  P R O C E S S  ---------------

Threads class SMR info:
_java_thread_list=0x000001c3f9b36910, length=19, elements={
0x000001c3dd4cceb0, 0x000001c3dd58bfe0, 0x000001c3dd3bffd0, 0x000001c3dd3c86a0,
0x000001c3dd3c94b0, 0x000001c3dd3c9f10, 0x000001c3dd3ca970, 0x000001c3dd3cd7c0,
0x000001c3dd442010, 0x000001c3f4b056c0, 0x000001c3f4e0ee60, 0x000001c3f94950b0,
0x000001c3f9932a60, 0x000001c3f99338f0, 0x000001c3f9392b90, 0x000001c3f9a9b7a0,
0x000001c3f95228e0, 0x000001c3f9b4d460, 0x000001c3f98908a0
}

Java Threads: ( => current thread )
  0x000001c3dd4cceb0 JavaThread "main"                              [_thread_blocked, id=7388, stack(0x0000006dec600000,0x0000006dec700000) (1024K)]
  0x000001c3dd58bfe0 JavaThread "Reference Handler"          daemon [_thread_blocked, id=8360, stack(0x0000006deca00000,0x0000006decb00000) (1024K)]
  0x000001c3dd3bffd0 JavaThread "Finalizer"                  daemon [_thread_blocked, id=1732, stack(0x0000006decb00000,0x0000006decc00000) (1024K)]
  0x000001c3dd3c86a0 JavaThread "Signal Dispatcher"          daemon [_thread_blocked, id=392, stack(0x0000006decc00000,0x0000006decd00000) (1024K)]
  0x000001c3dd3c94b0 JavaThread "Attach Listener"            daemon [_thread_blocked, id=6436, stack(0x0000006decd00000,0x0000006dece00000) (1024K)]
  0x000001c3dd3c9f10 JavaThread "Service Thread"             daemon [_thread_blocked, id=14448, stack(0x0000006dece00000,0x0000006decf00000) (1024K)]
  0x000001c3dd3ca970 JavaThread "Monitor Deflation Thread"   daemon [_thread_blocked, id=16512, stack(0x0000006decf00000,0x0000006ded000000) (1024K)]
  0x000001c3dd3cd7c0 JavaThread "C2 CompilerThread0"         daemon [_thread_in_native, id=15524, stack(0x0000006ded000000,0x0000006ded100000) (1024K)]
  0x000001c3dd442010 JavaThread "C1 CompilerThread0"         daemon [_thread_blocked, id=8588, stack(0x0000006ded100000,0x0000006ded200000) (1024K)]
  0x000001c3f4b056c0 JavaThread "Common-Cleaner"             daemon [_thread_blocked, id=2136, stack(0x0000006ded200000,0x0000006ded300000) (1024K)]
  0x000001c3f4e0ee60 JavaThread "Notification Thread"        daemon [_thread_blocked, id=5268, stack(0x0000006ded300000,0x0000006ded400000) (1024K)]
  0x000001c3f94950b0 JavaThread "Active Thread: Equinox Container: a517f780-db1b-4f1d-bf64-fc7c34cc4667"        [_thread_blocked, id=16392, stack(0x0000006ded800000,0x0000006ded900000) (1024K)]
  0x000001c3f9932a60 JavaThread "Framework Event Dispatcher: Equinox Container: a517f780-db1b-4f1d-bf64-fc7c34cc4667" daemon [_thread_blocked, id=4696, stack(0x0000006ded900000,0x0000006deda00000) (1024K)]
  0x000001c3f99338f0 JavaThread "Start Level: Equinox Container: a517f780-db1b-4f1d-bf64-fc7c34cc4667" daemon [_thread_in_Java, id=1704, stack(0x0000006deda00000,0x0000006dedb00000) (1024K)]
  0x000001c3f9392b90 JavaThread "SCR Component Actor"        daemon [_thread_blocked, id=8692, stack(0x0000006dedb00000,0x0000006dedc00000) (1024K)]
  0x000001c3f9a9b7a0 JavaThread "Worker-JM"                         [_thread_blocked, id=15428, stack(0x0000006dedc00000,0x0000006dedd00000) (1024K)]
=>0x000001c3f95228e0 JavaThread "C2 CompilerThread1"         daemon [_thread_in_native, id=16852, stack(0x0000006ded400000,0x0000006ded500000) (1024K)]
  0x000001c3f9b4d460 JavaThread "Worker-0"                          [_thread_blocked, id=2576, stack(0x0000006dedd00000,0x0000006dede00000) (1024K)]
  0x000001c3f98908a0 JavaThread "Worker-1"                          [_thread_blocked, id=1792, stack(0x0000006dede00000,0x0000006dedf00000) (1024K)]
Total: 19

Other Threads:
  0x000001c3dd3be8d0 VMThread "VM Thread"                           [id=17184, stack(0x0000006dec900000,0x0000006deca00000) (1024K)]
  0x000001c3dd35ca10 WatcherThread "VM Periodic Task Thread"        [id=15116, stack(0x0000006dec800000,0x0000006dec900000) (1024K)]
  0x000001c3dd4eba00 WorkerThread "GC Thread#0"                     [id=16996, stack(0x0000006dec700000,0x0000006dec800000) (1024K)]
  0x000001c3f4d65430 WorkerThread "GC Thread#1"                     [id=6684, stack(0x0000006ded500000,0x0000006ded600000) (1024K)]
  0x000001c3f93c5340 WorkerThread "GC Thread#2"                     [id=7092, stack(0x0000006ded600000,0x0000006ded700000) (1024K)]
  0x000001c3f93c56f0 WorkerThread "GC Thread#3"                     [id=2788, stack(0x0000006ded700000,0x0000006ded800000) (1024K)]
Total: 6

Threads with active compile tasks:
C2 CompilerThread0  6092 2659       4       jdk.internal.loader.BuiltinClassLoader::moduleReaderFor (45 bytes)
C2 CompilerThread1  6092 2599       4       org.lombokweb.asm.ClassReader::readMethod (1070 bytes)
Total: 2

VM state: not at safepoint (normal execution)

VM Mutex/Monitor currently owned by a thread: None

Heap address: 0x0000000080000000, size: 2048 MB, Compressed Oops mode: 32-bit

CDS archive(s) mapped at: [0x000001c380000000-0x000001c380ba0000-0x000001c380ba0000), size 12189696, SharedBaseAddress: 0x000001c380000000, ArchiveRelocationMode: 1.
Compressed class space mapped at: 0x000001c381000000-0x000001c3c1000000, reserved size: 1073741824
Narrow klass base: 0x000001c380000000, Narrow klass shift: 0, Narrow klass range: 0x100000000

GC Precious Log:
 CardTable entry size: 512
 CPUs: 4 total, 4 available
 Memory: 7996M
 Large Page Support: Disabled
 NUMA Support: Disabled
 Compressed Oops: Enabled (32-bit)
 Alignments: Space 512K, Generation 512K, Heap 2M
 Heap Min Capacity: 100M
 Heap Initial Capacity: 100M
 Heap Max Capacity: 2G
 Pre-touch: Disabled
 Parallel Workers: 4

Heap:
 PSYoungGen      total 29184K, used 19427K [0x00000000d5580000, 0x00000000d7900000, 0x0000000100000000)
  eden space 25088K, 61% used [0x00000000d5580000,0x00000000d647f9a8,0x00000000d6e00000)
  from space 4096K, 99% used [0x00000000d6e80000,0x00000000d72793e8,0x00000000d7280000)
  to   space 5632K, 0% used [0x00000000d7380000,0x00000000d7380000,0x00000000d7900000)
 ParOldGen       total 68608K, used 6343K [0x0000000080000000, 0x0000000084300000, 0x00000000d5580000)
  object space 68608K, 9% used [0x0000000080000000,0x0000000080631d58,0x0000000084300000)
 Metaspace       used 20728K, committed 21312K, reserved 1114112K
  class space    used 1998K, committed 2240K, reserved 1048576K

Card table byte_map: [0x000001c3dce70000,0x000001c3dd280000] _byte_map_base: 0x000001c3dca70000

Marking Bits: (ParMarkBitMap*) 0x00007ffc4d503450
 Begin Bits: [0x000001c3ef980000, 0x000001c3f1980000)
 End Bits:   [0x000001c3f1980000, 0x000001c3f3980000)

Polling page: 0x000001c3db0e0000

Metaspace:

Usage:
  Non-class:     18.29 MB used.
      Class:      1.95 MB used.
       Both:     20.24 MB used.

Virtual space:
  Non-class space:       64.00 MB reserved,      18.62 MB ( 29%) committed,  1 nodes.
      Class space:        1.00 GB reserved,       2.19 MB ( <1%) committed,  1 nodes.
             Both:        1.06 GB reserved,      20.81 MB (  2%) committed. 

Chunk freelists:
   Non-Class:  12.56 MB
       Class:  13.82 MB
        Both:  26.38 MB

MaxMetaspaceSize: unlimited
CompressedClassSpaceSize: 1.00 GB
Initial GC threshold: 21.00 MB
Current GC threshold: 21.00 MB
CDS: on
 - commit_granule_bytes: 65536.
 - commit_granule_words: 8192.
 - virtual_space_node_default_size: 8388608.
 - enlarge_chunks_in_place: 1.
 - use_allocation_guard: 0.


Internal statistics:

num_allocs_failed_limit: 0.
num_arena_births: 474.
num_arena_deaths: 0.
num_vsnodes_births: 2.
num_vsnodes_deaths: 0.
num_space_committed: 333.
num_space_uncommitted: 0.
num_chunks_returned_to_freelist: 0.
num_chunks_taken_from_freelist: 1262.
num_chunk_merges: 0.
num_chunk_splits: 817.
num_chunks_enlarged: 520.
num_inconsistent_stats: 0.

CodeHeap 'non-profiled nmethods': size=120000Kb used=1163Kb max_used=1163Kb free=118836Kb
 bounds [0x000001c3e81a0000, 0x000001c3e8410000, 0x000001c3ef6d0000]
CodeHeap 'profiled nmethods': size=120000Kb used=5176Kb max_used=5176Kb free=114823Kb
 bounds [0x000001c3e06d0000, 0x000001c3e0be0000, 0x000001c3e7c00000]
CodeHeap 'non-nmethods': size=5760Kb used=1305Kb max_used=1323Kb free=4455Kb
 bounds [0x000001c3e7c00000, 0x000001c3e7e70000, 0x000001c3e81a0000]
CodeCache: size=245760Kb, used=7644Kb, max_used=7662Kb, free=238114Kb
 total_blobs=3240, nmethods=2655, adapters=491, full_count=0
Compilation: enabled, stopped_count=0, restarted_count=0

Compilation events (20 events):
Event: 6.038 Thread 0x000001c3dd442010 2640       3       org.eclipse.core.internal.preferences.PreferencesService::getRootNode (4 bytes)
Event: 6.038 Thread 0x000001c3dd442010 nmethod 2640 0x000001c3e0bd6e10 code [0x000001c3e0bd6fa0, 0x000001c3e0bd70b8]
Event: 6.038 Thread 0x000001c3dd442010 2641       3       org.eclipse.core.internal.preferences.RootPreferences::node (7 bytes)
Event: 6.038 Thread 0x000001c3dd442010 nmethod 2641 0x000001c3e0bd7190 code [0x000001c3e0bd7340, 0x000001c3e0bd7488]
Event: 6.038 Thread 0x000001c3dd442010 2642       3       org.eclipse.core.internal.preferences.RootPreferences::getNode (135 bytes)
Event: 6.040 Thread 0x000001c3dd442010 nmethod 2642 0x000001c3e0bd7510 code [0x000001c3e0bd7860, 0x000001c3e0bd8c00]
Event: 6.040 Thread 0x000001c3dd442010 2643       3       org.eclipse.core.internal.preferences.DefaultPreferences::getLoadLevel (52 bytes)
Event: 6.040 Thread 0x000001c3dd442010 nmethod 2643 0x000001c3e0bd9310 code [0x000001c3e0bd9500, 0x000001c3e0bd9b50]
Event: 6.040 Thread 0x000001c3dd442010 2638       3       org.eclipse.core.internal.preferences.PreferencesService::getDefault (20 bytes)
Event: 6.041 Thread 0x000001c3dd3cd7c0 2645       4       java.lang.ref.SoftReference::get (29 bytes)
Event: 6.041 Thread 0x000001c3dd442010 nmethod 2638 0x000001c3e0bd9d90 code [0x000001c3e0bd9f40, 0x000001c3e0bda138]
Event: 6.041 Thread 0x000001c3dd442010 2646       3       org.eclipse.core.internal.registry.Handle::<init> (15 bytes)
Event: 6.041 Thread 0x000001c3dd3cd7c0 nmethod 2645 0x000001c3e82c0990 code [0x000001c3e82c0b20, 0x000001c3e82c0bd8]
Event: 6.042 Thread 0x000001c3dd442010 nmethod 2646 0x000001c3e0bda210 code [0x000001c3e0bda3c0, 0x000001c3e0bda548]
Event: 6.042 Thread 0x000001c3dd442010 2647       3       java.lang.reflect.Field::checkAccess (32 bytes)
Event: 6.043 Thread 0x000001c3dd442010 nmethod 2647 0x000001c3e0bda610 code [0x000001c3e0bda7e0, 0x000001c3e0bdaa60]
Event: 6.043 Thread 0x000001c3dd442010 2648       3       java.lang.reflect.Field::getFieldAccessor (18 bytes)
Event: 6.043 Thread 0x000001c3dd442010 nmethod 2648 0x000001c3e0bdab90 code [0x000001c3e0bdad40, 0x000001c3e0bdaec8]
Event: 6.043 Thread 0x000001c3dd442010 2649       3       java.lang.invoke.DirectMethodHandle::checkCast (9 bytes)
Event: 6.043 Thread 0x000001c3dd442010 nmethod 2649 0x000001c3e0bdaf90 code [0x000001c3e0bdb140, 0x000001c3e0bdb3e8]

GC Heap History (10 events):
Event: 3.057 GC heap before
{Heap before GC invocations=1 (full 0):
 PSYoungGen      total 29696K, used 25600K [0x00000000d5580000, 0x00000000d7680000, 0x0000000100000000)
  eden space 25600K, 100% used [0x00000000d5580000,0x00000000d6e80000,0x00000000d6e80000)
  from space 4096K, 0% used [0x00000000d7280000,0x00000000d7280000,0x00000000d7680000)
  to   space 4096K, 0% used [0x00000000d6e80000,0x00000000d6e80000,0x00000000d7280000)
 ParOldGen       total 68608K, used 0K [0x0000000080000000, 0x0000000084300000, 0x00000000d5580000)
  object space 68608K, 0% used [0x0000000080000000,0x0000000080000000,0x0000000084300000)
 Metaspace       used 4384K, committed 4608K, reserved 1114112K
  class space    used 474K, committed 576K, reserved 1048576K
}
Event: 3.073 GC heap after
{Heap after GC invocations=1 (full 0):
 PSYoungGen      total 29696K, used 3271K [0x00000000d5580000, 0x00000000d7680000, 0x0000000100000000)
  eden space 25600K, 0% used [0x00000000d5580000,0x00000000d5580000,0x00000000d6e80000)
  from space 4096K, 79% used [0x00000000d6e80000,0x00000000d71b1e98,0x00000000d7280000)
  to   space 4096K, 0% used [0x00000000d7280000,0x00000000d7280000,0x00000000d7680000)
 ParOldGen       total 68608K, used 0K [0x0000000080000000, 0x0000000084300000, 0x00000000d5580000)
  object space 68608K, 0% used [0x0000000080000000,0x0000000080000000,0x0000000084300000)
 Metaspace       used 4384K, committed 4608K, reserved 1114112K
  class space    used 474K, committed 576K, reserved 1048576K
}
Event: 4.463 GC heap before
{Heap before GC invocations=2 (full 0):
 PSYoungGen      total 29696K, used 28871K [0x00000000d5580000, 0x00000000d7680000, 0x0000000100000000)
  eden space 25600K, 100% used [0x00000000d5580000,0x00000000d6e80000,0x00000000d6e80000)
  from space 4096K, 79% used [0x00000000d6e80000,0x00000000d71b1e98,0x00000000d7280000)
  to   space 4096K, 0% used [0x00000000d7280000,0x00000000d7280000,0x00000000d7680000)
 ParOldGen       total 68608K, used 0K [0x0000000080000000, 0x0000000084300000, 0x00000000d5580000)
  object space 68608K, 0% used [0x0000000080000000,0x0000000080000000,0x0000000084300000)
 Metaspace       used 8152K, committed 8448K, reserved 1114112K
  class space    used 864K, committed 960K, reserved 1048576K
}
Event: 4.471 GC heap after
{Heap after GC invocations=2 (full 0):
 PSYoungGen      total 29696K, used 4086K [0x00000000d5580000, 0x00000000d7680000, 0x0000000100000000)
  eden space 25600K, 0% used [0x00000000d5580000,0x00000000d5580000,0x00000000d6e80000)
  from space 4096K, 99% used [0x00000000d7280000,0x00000000d767d810,0x00000000d7680000)
  to   space 4096K, 0% used [0x00000000d6e80000,0x00000000d6e80000,0x00000000d7280000)
 ParOldGen       total 68608K, used 1143K [0x0000000080000000, 0x0000000084300000, 0x00000000d5580000)
  object space 68608K, 1% used [0x0000000080000000,0x000000008011deb8,0x0000000084300000)
 Metaspace       used 8152K, committed 8448K, reserved 1114112K
  class space    used 864K, committed 960K, reserved 1048576K
}
Event: 5.142 GC heap before
{Heap before GC invocations=3 (full 0):
 PSYoungGen      total 29696K, used 29686K [0x00000000d5580000, 0x00000000d7680000, 0x0000000100000000)
  eden space 25600K, 100% used [0x00000000d5580000,0x00000000d6e80000,0x00000000d6e80000)
  from space 4096K, 99% used [0x00000000d7280000,0x00000000d767d810,0x00000000d7680000)
  to   space 4096K, 0% used [0x00000000d6e80000,0x00000000d6e80000,0x00000000d7280000)
 ParOldGen       total 68608K, used 1143K [0x0000000080000000, 0x0000000084300000, 0x00000000d5580000)
  object space 68608K, 1% used [0x0000000080000000,0x000000008011deb8,0x0000000084300000)
 Metaspace       used 12995K, committed 13504K, reserved 1114112K
  class space    used 1375K, committed 1600K, reserved 1048576K
}
Event: 5.150 GC heap after
{Heap after GC invocations=3 (full 0):
 PSYoungGen      total 29696K, used 4066K [0x00000000d5580000, 0x00000000d7680000, 0x0000000100000000)
  eden space 25600K, 0% used [0x00000000d5580000,0x00000000d5580000,0x00000000d6e80000)
  from space 4096K, 99% used [0x00000000d6e80000,0x00000000d7278870,0x00000000d7280000)
  to   space 4096K, 0% used [0x00000000d7280000,0x00000000d7280000,0x00000000d7680000)
 ParOldGen       total 68608K, used 2911K [0x0000000080000000, 0x0000000084300000, 0x00000000d5580000)
  object space 68608K, 4% used [0x0000000080000000,0x00000000802d7fd0,0x0000000084300000)
 Metaspace       used 12995K, committed 13504K, reserved 1114112K
  class space    used 1375K, committed 1600K, reserved 1048576K
}
Event: 5.702 GC heap before
{Heap before GC invocations=4 (full 0):
 PSYoungGen      total 29696K, used 29666K [0x00000000d5580000, 0x00000000d7680000, 0x0000000100000000)
  eden space 25600K, 100% used [0x00000000d5580000,0x00000000d6e80000,0x00000000d6e80000)
  from space 4096K, 99% used [0x00000000d6e80000,0x00000000d7278870,0x00000000d7280000)
  to   space 4096K, 0% used [0x00000000d7280000,0x00000000d7280000,0x00000000d7680000)
 ParOldGen       total 68608K, used 2911K [0x0000000080000000, 0x0000000084300000, 0x00000000d5580000)
  object space 68608K, 4% used [0x0000000080000000,0x00000000802d7fd0,0x0000000084300000)
 Metaspace       used 16048K, committed 16640K, reserved 1114112K
  class space    used 1669K, committed 1920K, reserved 1048576K
}
Event: 5.711 GC heap after
{Heap after GC invocations=4 (full 0):
 PSYoungGen      total 29696K, used 4092K [0x00000000d5580000, 0x00000000d7680000, 0x0000000100000000)
  eden space 25600K, 0% used [0x00000000d5580000,0x00000000d5580000,0x00000000d6e80000)
  from space 4096K, 99% used [0x00000000d7280000,0x00000000d767f3e8,0x00000000d7680000)
  to   space 4096K, 0% used [0x00000000d6e80000,0x00000000d6e80000,0x00000000d7280000)
 ParOldGen       total 68608K, used 5849K [0x0000000080000000, 0x0000000084300000, 0x00000000d5580000)
  object space 68608K, 8% used [0x0000000080000000,0x00000000805b67c8,0x0000000084300000)
 Metaspace       used 16048K, committed 16640K, reserved 1114112K
  class space    used 1669K, committed 1920K, reserved 1048576K
}
Event: 5.976 GC heap before
{Heap before GC invocations=5 (full 0):
 PSYoungGen      total 29696K, used 29692K [0x00000000d5580000, 0x00000000d7680000, 0x0000000100000000)
  eden space 25600K, 100% used [0x00000000d5580000,0x00000000d6e80000,0x00000000d6e80000)
  from space 4096K, 99% used [0x00000000d7280000,0x00000000d767f3e8,0x00000000d7680000)
  to   space 4096K, 0% used [0x00000000d6e80000,0x00000000d6e80000,0x00000000d7280000)
 ParOldGen       total 68608K, used 5849K [0x0000000080000000, 0x0000000084300000, 0x00000000d5580000)
  object space 68608K, 8% used [0x0000000080000000,0x00000000805b67c8,0x0000000084300000)
 Metaspace       used 20065K, committed 20672K, reserved 1114112K
  class space    used 1964K, committed 2240K, reserved 1048576K
}
Event: 5.982 GC heap after
{Heap after GC invocations=5 (full 0):
 PSYoungGen      total 29184K, used 4068K [0x00000000d5580000, 0x00000000d7900000, 0x0000000100000000)
  eden space 25088K, 0% used [0x00000000d5580000,0x00000000d5580000,0x00000000d6e00000)
  from space 4096K, 99% used [0x00000000d6e80000,0x00000000d72793e8,0x00000000d7280000)
  to   space 5632K, 0% used [0x00000000d7380000,0x00000000d7380000,0x00000000d7900000)
 ParOldGen       total 68608K, used 6343K [0x0000000080000000, 0x0000000084300000, 0x00000000d5580000)
  object space 68608K, 9% used [0x0000000080000000,0x0000000080631d58,0x0000000084300000)
 Metaspace       used 20065K, committed 20672K, reserved 1114112K
  class space    used 1964K, committed 2240K, reserved 1048576K
}

Dll operation events (9 events):
Event: 0.039 Loaded shared library c:\Users\Bhumi\.vscode\extensions\redhat.java-1.54.0-win32-x64\jre\21.0.10-win32-x86_64\bin\java.dll
Event: 0.246 Loaded shared library c:\Users\Bhumi\.vscode\extensions\redhat.java-1.54.0-win32-x64\jre\21.0.10-win32-x86_64\bin\zip.dll
Event: 0.298 Loaded shared library C:\Users\Bhumi\.vscode\extensions\redhat.java-1.54.0-win32-x64\jre\21.0.10-win32-x86_64\bin\instrument.dll
Event: 0.309 Loaded shared library C:\Users\Bhumi\.vscode\extensions\redhat.java-1.54.0-win32-x64\jre\21.0.10-win32-x86_64\bin\net.dll
Event: 0.314 Loaded shared library C:\Users\Bhumi\.vscode\extensions\redhat.java-1.54.0-win32-x64\jre\21.0.10-win32-x86_64\bin\nio.dll
Event: 0.320 Loaded shared library C:\Users\Bhumi\.vscode\extensions\redhat.java-1.54.0-win32-x64\jre\21.0.10-win32-x86_64\bin\zip.dll
Event: 0.368 Loaded shared library C:\Users\Bhumi\.vscode\extensions\redhat.java-1.54.0-win32-x64\jre\21.0.10-win32-x86_64\bin\jimage.dll
Event: 0.728 Loaded shared library c:\Users\Bhumi\.vscode\extensions\redhat.java-1.54.0-win32-x64\jre\21.0.10-win32-x86_64\bin\verify.dll
Event: 4.435 Loaded shared library C:\Users\Bhumi\AppData\Roaming\Code\User\globalStorage\redhat.java\1.54.0\config_ss_win\org.eclipse.equinox.launcher\org.eclipse.equinox.launcher.win32.win32.x86_64_1.3.0.v20260203-2149\eclipse_11919.dll

Deoptimization events (20 events):
Event: 5.662 Thread 0x000001c3f99338f0 Uncommon trap: trap_request=0xffffff45 fr.pc=0x000001c3e82acc34 relative=0x00000000000008b4
Event: 5.662 Thread 0x000001c3f99338f0 Uncommon trap: reason=unstable_if action=reinterpret pc=0x000001c3e82acc34 method=org.lombokweb.asm.ClassReader.readUTF8(I[C)Ljava/lang/String; @ 11 c2
Event: 5.663 Thread 0x000001c3f99338f0 DEOPT PACKING pc=0x000001c3e82acc34 sp=0x0000006dedaef470
Event: 5.663 Thread 0x000001c3f99338f0 DEOPT UNPACKING pc=0x000001c3e7c53aa2 sp=0x0000006dedaef478 mode 2
Event: 5.852 Thread 0x000001c3f99338f0 Uncommon trap: trap_request=0xffffff6e fr.pc=0x000001c3e82b89bc relative=0x0000000000000a3c
Event: 5.852 Thread 0x000001c3f99338f0 Uncommon trap: reason=loop_limit_check action=maybe_recompile pc=0x000001c3e82b89bc method=java.util.regex.Pattern$StartS.match(Ljava/util/regex/Matcher;ILjava/lang/CharSequence;)Z @ 34 c2
Event: 5.852 Thread 0x000001c3f99338f0 DEOPT PACKING pc=0x000001c3e82b89bc sp=0x0000006dedaf2640
Event: 5.852 Thread 0x000001c3f99338f0 DEOPT UNPACKING pc=0x000001c3e7c53aa2 sp=0x0000006dedaf2590 mode 2
Event: 5.886 Thread 0x000001c3f99338f0 Uncommon trap: trap_request=0xffffff45 fr.pc=0x000001c3e82b9704 relative=0x0000000000000164
Event: 5.886 Thread 0x000001c3f99338f0 Uncommon trap: reason=unstable_if action=reinterpret pc=0x000001c3e82b9704 method=org.lombokweb.asm.ByteVector.putByteArray([BII)Lorg/lombokweb/asm/ByteVector; @ 20 c2
Event: 5.886 Thread 0x000001c3f99338f0 DEOPT PACKING pc=0x000001c3e82b9704 sp=0x0000006dedaee940
Event: 5.886 Thread 0x000001c3f99338f0 DEOPT UNPACKING pc=0x000001c3e7c53aa2 sp=0x0000006dedaee910 mode 2
Event: 5.886 Thread 0x000001c3f99338f0 Uncommon trap: trap_request=0xffffff45 fr.pc=0x000001c3e82b7950 relative=0x0000000000000390
Event: 5.886 Thread 0x000001c3f99338f0 Uncommon trap: reason=unstable_if action=reinterpret pc=0x000001c3e82b7950 method=org.lombokweb.asm.Label.resolve([BLorg/lombokweb/asm/ByteVector;I)Z @ 81 c2
Event: 5.886 Thread 0x000001c3f99338f0 DEOPT PACKING pc=0x000001c3e82b7950 sp=0x0000006dedaee9d0
Event: 5.886 Thread 0x000001c3f99338f0 DEOPT UNPACKING pc=0x000001c3e7c53aa2 sp=0x0000006dedaee8d8 mode 2
Event: 6.032 Thread 0x000001c3f99338f0 Uncommon trap: trap_request=0xffffffcc fr.pc=0x000001c3e82ba224 relative=0x0000000000000364
Event: 6.032 Thread 0x000001c3f99338f0 Uncommon trap: reason=intrinsic_or_type_checked_inlining action=make_not_entrant pc=0x000001c3e82ba224 method=java.util.Arrays.copyOf([Ljava/lang/Object;ILjava/lang/Class;)[Ljava/lang/Object; @ 35 c2
Event: 6.032 Thread 0x000001c3f99338f0 DEOPT PACKING pc=0x000001c3e82ba224 sp=0x0000006dedaf9230
Event: 6.032 Thread 0x000001c3f99338f0 DEOPT UNPACKING pc=0x000001c3e7c53aa2 sp=0x0000006dedaf91c0 mode 2

Classes loaded (20 events):
Event: 5.623 Loading class java/io/StringReader
Event: 5.623 Loading class java/io/StringReader done
Event: 5.627 Loading class java/util/zip/GZIPInputStream
Event: 5.628 Loading class java/util/zip/GZIPInputStream done
Event: 5.632 Loading class java/net/SocketTimeoutException
Event: 5.632 Loading class java/io/InterruptedIOException
Event: 5.632 Loading class java/io/InterruptedIOException done
Event: 5.632 Loading class java/net/SocketTimeoutException done
Event: 5.632 Loading class java/net/SocketException
Event: 5.632 Loading class java/net/SocketException done
Event: 5.632 Loading class java/net/UnknownHostException
Event: 5.632 Loading class java/net/UnknownHostException done
Event: 5.632 Loading class java/net/ProtocolException
Event: 5.632 Loading class java/net/ProtocolException done
Event: 5.649 Loading class java/lang/ThreadLocal$SuppliedThreadLocal
Event: 5.650 Loading class java/lang/ThreadLocal$SuppliedThreadLocal done
Event: 5.653 Loading class java/io/FileWriter
Event: 5.653 Loading class java/io/FileWriter done
Event: 5.728 Loading class java/lang/NegativeArraySizeException
Event: 5.728 Loading class java/lang/NegativeArraySizeException done

Classes unloaded (0 events):
No events

Classes redefined (0 events):
No events

Internal exceptions (20 events):
Event: 5.473 Thread 0x000001c3f99338f0 Exception <a 'java/lang/NoSuchMethodError'{0x00000000d5d46c28}: 'java.lang.Object java.lang.invoke.DirectMethodHandle$Holder.newInvokeSpecial(java.lang.Object, java.lang.Object, java.lang.Object, java.lang.Object, java.lang.Object)'> (0x00000000d5d46c28) 
thrown [s\src\hotspot\share\interpreter\linkResolver.cpp, line 773]
Event: 5.498 Thread 0x000001c3f99338f0 Exception <a 'java/lang/NoSuchMethodError'{0x00000000d5e2d9b8}: 'java.lang.Object java.lang.invoke.DirectMethodHandle$Holder.invokeSpecial(java.lang.Object, java.lang.Object, java.lang.Object, long, java.lang.Object)'> (0x00000000d5e2d9b8) 
thrown [s\src\hotspot\share\interpreter\linkResolver.cpp, line 773]
Event: 5.500 Thread 0x000001c3f99338f0 Exception <a 'java/lang/NoSuchMethodError'{0x00000000d5e35200}: 'java.lang.Object java.lang.invoke.DirectMethodHandle$Holder.newInvokeSpecial(java.lang.Object, java.lang.Object, java.lang.Object, long)'> (0x00000000d5e35200) 
thrown [s\src\hotspot\share\interpreter\linkResolver.cpp, line 773]
Event: 5.500 Thread 0x000001c3f99338f0 Exception <a 'java/lang/NoSuchMethodError'{0x00000000d5e395b0}: 'java.lang.Object java.lang.invoke.DirectMethodHandle$Holder.invokeSpecial(java.lang.Object, java.lang.Object, java.lang.Object, java.lang.Object, long)'> (0x00000000d5e395b0) 
thrown [s\src\hotspot\share\interpreter\linkResolver.cpp, line 773]
Event: 5.501 Thread 0x000001c3f99338f0 Exception <a 'java/lang/NoSuchMethodError'{0x00000000d5e3d1d0}: 'java.lang.Object java.lang.invoke.Invokers$Holder.linkToTargetMethod(java.lang.Object, java.lang.Object, long, java.lang.Object)'> (0x00000000d5e3d1d0) 
thrown [s\src\hotspot\share\interpreter\linkResolver.cpp, line 773]
Event: 5.512 Thread 0x000001c3f99338f0 Exception <a 'java/lang/NoSuchMethodError'{0x00000000d5eaee58}: 'int java.lang.invoke.DirectMethodHandle$Holder.invokeStaticInit(java.lang.Object, java.lang.Object, java.lang.Object)'> (0x00000000d5eaee58) 
thrown [s\src\hotspot\share\interpreter\linkResolver.cpp, line 773]
Event: 5.528 Thread 0x000001c3f99338f0 Exception <a 'java/lang/IncompatibleClassChangeError'{0x00000000d5f4bbd8}: Found class java.lang.Object, but interface was expected> (0x00000000d5f4bbd8) 
thrown [s\src\hotspot\share\interpreter\linkResolver.cpp, line 840]
Event: 5.528 Thread 0x000001c3f99338f0 Exception <a 'java/lang/NoSuchMethodError'{0x00000000d5f4f788}: 'java.lang.Object java.lang.invoke.DirectMethodHandle$Holder.invokeSpecial(java.lang.Object, java.lang.Object, java.lang.Object, int, java.lang.Object, java.lang.Object)'> (0x00000000d5f4f788) 
thrown [s\src\hotspot\share\interpreter\linkResolver.cpp, line 773]
Event: 5.529 Thread 0x000001c3f99338f0 Exception <a 'java/lang/NoSuchMethodError'{0x00000000d5f57260}: 'java.lang.Object java.lang.invoke.DirectMethodHandle$Holder.newInvokeSpecial(java.lang.Object, java.lang.Object, java.lang.Object, int, java.lang.Object)'> (0x00000000d5f57260) 
thrown [s\src\hotspot\share\interpreter\linkResolver.cpp, line 773]
Event: 5.529 Thread 0x000001c3f99338f0 Exception <a 'java/lang/NoSuchMethodError'{0x00000000d5f5b1e0}: 'java.lang.Object java.lang.invoke.DirectMethodHandle$Holder.invokeSpecial(java.lang.Object, java.lang.Object, java.lang.Object, java.lang.Object, int, java.lang.Object)'> (0x00000000d5f5b1e0) 
thrown [s\src\hotspot\share\interpreter\linkResolver.cpp, line 773]
Event: 5.529 Thread 0x000001c3f99338f0 Exception <a 'java/lang/NoSuchMethodError'{0x00000000d5f5ed20}: 'java.lang.Object java.lang.invoke.Invokers$Holder.linkToTargetMethod(java.lang.Object, java.lang.Object, int, java.lang.Object, java.lang.Object)'> (0x00000000d5f5ed20) 
thrown [s\src\hotspot\share\interpreter\linkResolver.cpp, line 773]
Event: 5.530 Thread 0x000001c3f9b4d460 Exception <a 'java/lang/NoSuchMethodError'{0x00000000d5e67220}: 'java.lang.Object java.lang.invoke.DirectMethodHandle$Holder.invokeSpecial(java.lang.Object, java.lang.Object, int, java.lang.Object, java.lang.Object)'> (0x00000000d5e67220) 
thrown [s\src\hotspot\share\interpreter\linkResolver.cpp, line 773]
Event: 5.531 Thread 0x000001c3f9b4d460 Exception <a 'java/lang/NoSuchMethodError'{0x00000000d5e6df58}: 'java.lang.Object java.lang.invoke.DirectMethodHandle$Holder.newInvokeSpecial(java.lang.Object, java.lang.Object, int, java.lang.Object)'> (0x00000000d5e6df58) 
thrown [s\src\hotspot\share\interpreter\linkResolver.cpp, line 773]
Event: 5.531 Thread 0x000001c3f9b4d460 Exception <a 'java/lang/NoSuchMethodError'{0x00000000d5e71838}: 'java.lang.Object java.lang.invoke.DirectMethodHandle$Holder.invokeSpecial(java.lang.Object, java.lang.Object, java.lang.Object, int, java.lang.Object)'> (0x00000000d5e71838) 
thrown [s\src\hotspot\share\interpreter\linkResolver.cpp, line 773]
Event: 5.550 Thread 0x000001c3f99338f0 Exception <a 'java/lang/NoSuchMethodError'{0x00000000d60b0400}: 'void java.lang.invoke.DirectMethodHandle$Holder.invokeSpecial(java.lang.Object, java.lang.Object, java.lang.Object, java.lang.Object, java.lang.Object)'> (0x00000000d60b0400) 
thrown [s\src\hotspot\share\interpreter\linkResolver.cpp, line 773]
Event: 5.588 Thread 0x000001c3f99338f0 Exception <a 'java/lang/NoSuchMethodError'{0x00000000d6361c58}: 'double java.lang.invoke.DirectMethodHandle$Holder.invokeStatic(java.lang.Object, java.lang.Object)'> (0x00000000d6361c58) 
thrown [s\src\hotspot\share\interpreter\linkResolver.cpp, line 773]
Event: 5.589 Thread 0x000001c3f99338f0 Exception <a 'java/lang/NoSuchMethodError'{0x00000000d6365318}: 'double java.lang.invoke.DirectMethodHandle$Holder.invokeStaticInit(java.lang.Object, java.lang.Object)'> (0x00000000d6365318) 
thrown [s\src\hotspot\share\interpreter\linkResolver.cpp, line 773]
Event: 5.886 Thread 0x000001c3f99338f0 Implicit null exception at 0x000001c3e82b95f5 to 0x000001c3e82b96e8
Event: 6.033 Thread 0x000001c3f99338f0 Exception <a 'java/io/FileNotFoundException'{0x00000000d6223628}> (0x00000000d6223628) 
thrown [s\src\hotspot\share\prims\jni.cpp, line 520]
Event: 6.034 Thread 0x000001c3f99338f0 Exception <a 'java/io/FileNotFoundException'{0x00000000d6224628}> (0x00000000d6224628) 
thrown [s\src\hotspot\share\prims\jni.cpp, line 520]

ZGC Phase Switch (0 events):
No events

VM Operations (20 events):
Event: 4.170 Executing non-safepoint VM operation: HandshakeAllThreads (Deoptimize)
Event: 4.170 Executing non-safepoint VM operation: HandshakeAllThreads (Deoptimize) done
Event: 4.463 Executing safepoint VM operation: ParallelGCFailedAllocation (Allocation Failure)
Event: 4.471 Executing safepoint VM operation: ParallelGCFailedAllocation (Allocation Failure) done
Event: 4.670 Executing non-safepoint VM operation: HandshakeAllThreads (Deoptimize)
Event: 4.670 Executing non-safepoint VM operation: HandshakeAllThreads (Deoptimize) done
Event: 4.977 Executing non-safepoint VM operation: HandshakeAllThreads (Deoptimize)
Event: 4.977 Executing non-safepoint VM operation: HandshakeAllThreads (Deoptimize) done
Event: 5.141 Executing safepoint VM operation: ParallelGCFailedAllocation (Allocation Failure)
Event: 5.150 Executing safepoint VM operation: ParallelGCFailedAllocation (Allocation Failure) done
Event: 5.264 Executing non-safepoint VM operation: HandshakeAllThreads (Deoptimize)
Event: 5.264 Executing non-safepoint VM operation: HandshakeAllThreads (Deoptimize) done
Event: 5.272 Executing non-safepoint VM operation: HandshakeAllThreads (Deoptimize)
Event: 5.272 Executing non-safepoint VM operation: HandshakeAllThreads (Deoptimize) done
Event: 5.318 Executing non-safepoint VM operation: HandshakeAllThreads (Deoptimize)
Event: 5.318 Executing non-safepoint VM operation: HandshakeAllThreads (Deoptimize) done
Event: 5.702 Executing safepoint VM operation: ParallelGCFailedAllocation (Allocation Failure)
Event: 5.711 Executing safepoint VM operation: ParallelGCFailedAllocation (Allocation Failure) done
Event: 5.976 Executing safepoint VM operation: ParallelGCFailedAllocation (Allocation Failure)
Event: 5.982 Executing safepoint VM operation: ParallelGCFailedAllocation (Allocation Failure) done

Memory protections (0 events):
No events

Nmethod flushes (0 events):
No events

Events (20 events):
Event: 0.301 Thread 0x000001c3dd4cceb0 Thread added: 0x000001c3f4b056c0
Event: 1.128 Thread 0x000001c3dd4cceb0 Thread added: 0x000001c3f4e0ee60
Event: 1.133 Thread 0x000001c3dd442010 Thread added: 0x000001c3f4bf6100
Event: 1.334 Thread 0x000001c3f4bf6100 Thread exited: 0x000001c3f4bf6100
Event: 1.592 Thread 0x000001c3dd442010 Thread added: 0x000001c3f4e1c6a0
Event: 2.245 Thread 0x000001c3f4e1c6a0 Thread exited: 0x000001c3f4e1c6a0
Event: 2.730 Thread 0x000001c3dd3cd7c0 Thread added: 0x000001c3f91ce3e0
Event: 2.880 Thread 0x000001c3f91ce3e0 Thread exited: 0x000001c3f91ce3e0
Event: 2.996 Thread 0x000001c3dd442010 Thread added: 0x000001c3f91d0d10
Event: 3.510 Thread 0x000001c3f91d0d10 Thread exited: 0x000001c3f91d0d10
Event: 3.545 Thread 0x000001c3dd442010 Thread added: 0x000001c3f95228e0
Event: 4.042 Thread 0x000001c3dd4cceb0 Thread added: 0x000001c3f94950b0
Event: 4.421 Thread 0x000001c3dd4cceb0 Thread added: 0x000001c3f9932a60
Event: 4.429 Thread 0x000001c3dd4cceb0 Thread added: 0x000001c3f99338f0
Event: 4.656 Thread 0x000001c3f99338f0 Thread added: 0x000001c3f9392b90
Event: 5.022 Thread 0x000001c3f99338f0 Thread added: 0x000001c3f9a9b7a0
Event: 5.219 Thread 0x000001c3f95228e0 Thread exited: 0x000001c3f95228e0
Event: 5.348 Thread 0x000001c3dd442010 Thread added: 0x000001c3f95228e0
Event: 5.506 Thread 0x000001c3f99338f0 Thread added: 0x000001c3f9b4d460
Event: 5.531 Thread 0x000001c3f99338f0 Thread added: 0x000001c3f98908a0


Dynamic libraries:
0x00007ff6acd60000 - 0x00007ff6acd6e000 	c:\Users\Bhumi\.vscode\extensions\redhat.java-1.54.0-win32-x64\jre\21.0.10-win32-x86_64\bin\java.exe
0x00007ffce4700000 - 0x00007ffce4967000 	C:\WINDOWS\SYSTEM32\ntdll.dll
0x00007ffce3f40000 - 0x00007ffce4009000 	C:\WINDOWS\System32\KERNEL32.DLL
0x00007ffce12f0000 - 0x00007ffce16e7000 	C:\WINDOWS\System32\KERNELBASE.dll
0x00007ffce17a0000 - 0x00007ffce18eb000 	C:\WINDOWS\System32\ucrtbase.dll
0x00007ffcc1af0000 - 0x00007ffcc1b08000 	c:\Users\Bhumi\.vscode\extensions\redhat.java-1.54.0-win32-x64\jre\21.0.10-win32-x86_64\bin\jli.dll
0x00007ffce27b0000 - 0x00007ffce2976000 	C:\WINDOWS\System32\USER32.dll
0x00007ffce18f0000 - 0x00007ffce1917000 	C:\WINDOWS\System32\win32u.dll
0x00007ffce44b0000 - 0x00007ffce44db000 	C:\WINDOWS\System32\GDI32.dll
0x00007ffce11c0000 - 0x00007ffce12ec000 	C:\WINDOWS\System32\gdi32full.dll
0x00007ffce16f0000 - 0x00007ffce1793000 	C:\WINDOWS\System32\msvcp_win.dll
0x00007ffcb6f40000 - 0x00007ffcb6f5e000 	c:\Users\Bhumi\.vscode\extensions\redhat.java-1.54.0-win32-x64\jre\21.0.10-win32-x86_64\bin\VCRUNTIME140.dll
0x00007ffce0330000 - 0x00007ffce05c2000 	C:\WINDOWS\WinSxS\amd64_microsoft.windows.common-controls_6595b64144ccf1df_6.0.26100.8457_none_3e0b2faee331e92d\COMCTL32.dll
0x00007ffce4400000 - 0x00007ffce44a9000 	C:\WINDOWS\System32\msvcrt.dll
0x00007ffce2a70000 - 0x00007ffce2aa2000 	C:\WINDOWS\System32\IMM32.DLL
0x00007ffccd8d0000 - 0x00007ffccd8dc000 	c:\Users\Bhumi\.vscode\extensions\redhat.java-1.54.0-win32-x64\jre\21.0.10-win32-x86_64\bin\vcruntime140_1.dll
0x00007ffcb6470000 - 0x00007ffcb64fd000 	c:\Users\Bhumi\.vscode\extensions\redhat.java-1.54.0-win32-x64\jre\21.0.10-win32-x86_64\bin\msvcp140.dll
0x00007ffc4c840000 - 0x00007ffc4d5e1000 	c:\Users\Bhumi\.vscode\extensions\redhat.java-1.54.0-win32-x64\jre\21.0.10-win32-x86_64\bin\server\jvm.dll
0x00007ffce2ac0000 - 0x00007ffce2b76000 	C:\WINDOWS\System32\ADVAPI32.dll
0x00007ffce2700000 - 0x00007ffce27a7000 	C:\WINDOWS\System32\sechost.dll
0x00007ffce4570000 - 0x00007ffce4688000 	C:\WINDOWS\System32\RPCRT4.dll
0x00007ffce2980000 - 0x00007ffce2a00000 	C:\WINDOWS\System32\WS2_32.dll
0x00007ffce0f90000 - 0x00007ffce0fee000 	C:\WINDOWS\SYSTEM32\POWRPROF.dll
0x00007ffcc68c0000 - 0x00007ffcc68f6000 	C:\WINDOWS\SYSTEM32\WINMM.dll
0x00007ffcd0bc0000 - 0x00007ffcd0bcb000 	C:\WINDOWS\SYSTEM32\VERSION.dll
0x00007ffce0f70000 - 0x00007ffce0f84000 	C:\WINDOWS\SYSTEM32\UMPDC.dll
0x00007ffcdf560000 - 0x00007ffcdf57b000 	C:\WINDOWS\SYSTEM32\kernel.appcore.dll
0x00007ffcc7920000 - 0x00007ffcc792a000 	c:\Users\Bhumi\.vscode\extensions\redhat.java-1.54.0-win32-x64\jre\21.0.10-win32-x86_64\bin\jimage.dll
0x00007ffce08e0000 - 0x00007ffce0b22000 	C:\WINDOWS\SYSTEM32\DBGHELP.DLL
0x00007ffce4070000 - 0x00007ffce43f3000 	C:\WINDOWS\System32\combase.dll
0x00007ffce38d0000 - 0x00007ffce39a9000 	C:\WINDOWS\System32\OLEAUT32.dll
0x00007ffce07d0000 - 0x00007ffce080b000 	C:\WINDOWS\SYSTEM32\dbgcore.DLL
0x00007ffce2310000 - 0x00007ffce23b8000 	C:\WINDOWS\System32\bcryptPrimitives.dll
0x00007ffcc51d0000 - 0x00007ffcc51df000 	c:\Users\Bhumi\.vscode\extensions\redhat.java-1.54.0-win32-x64\jre\21.0.10-win32-x86_64\bin\instrument.dll
0x00007ffcb6ee0000 - 0x00007ffcb6f00000 	c:\Users\Bhumi\.vscode\extensions\redhat.java-1.54.0-win32-x64\jre\21.0.10-win32-x86_64\bin\java.dll
0x00007ffce3050000 - 0x00007ffce37be000 	C:\WINDOWS\System32\SHELL32.dll
0x00007ffce1aa0000 - 0x00007ffce230c000 	C:\WINDOWS\System32\windows.storage.dll
0x00007ffce37d0000 - 0x00007ffce38c6000 	C:\WINDOWS\System32\SHCORE.dll
0x00007ffce2b80000 - 0x00007ffce2be6000 	C:\WINDOWS\System32\shlwapi.dll
0x00007ffce1050000 - 0x00007ffce1079000 	C:\WINDOWS\SYSTEM32\profapi.dll
0x00007ffcb6210000 - 0x00007ffcb6228000 	c:\Users\Bhumi\.vscode\extensions\redhat.java-1.54.0-win32-x64\jre\21.0.10-win32-x86_64\bin\zip.dll
0x00007ffcc7770000 - 0x00007ffcc7780000 	C:\Users\Bhumi\.vscode\extensions\redhat.java-1.54.0-win32-x64\jre\21.0.10-win32-x86_64\bin\net.dll
0x00007ffcd1880000 - 0x00007ffcd19a9000 	C:\WINDOWS\SYSTEM32\WINHTTP.dll
0x00007ffcdfb30000 - 0x00007ffcdfb9c000 	C:\WINDOWS\system32\mswsock.dll
0x00007ffcb61f0000 - 0x00007ffcb6206000 	C:\Users\Bhumi\.vscode\extensions\redhat.java-1.54.0-win32-x64\jre\21.0.10-win32-x86_64\bin\nio.dll
0x00007ffcc4f10000 - 0x00007ffcc4f20000 	c:\Users\Bhumi\.vscode\extensions\redhat.java-1.54.0-win32-x64\jre\21.0.10-win32-x86_64\bin\verify.dll
0x00007ffcb6010000 - 0x00007ffcb6055000 	C:\Users\Bhumi\AppData\Roaming\Code\User\globalStorage\redhat.java\1.54.0\config_ss_win\org.eclipse.equinox.launcher\org.eclipse.equinox.launcher.win32.win32.x86_64_1.3.0.v20260203-2149\eclipse_11919.dll
0x00007ffce2eb0000 - 0x00007ffce3047000 	C:\WINDOWS\System32\ole32.dll

JVMTI agents:
c:\Users\Bhumi\.vscode\extensions\redhat.java-1.54.0-win32-x64\lombok\lombok-1.18.39-4050.jar path:c:\Users\Bhumi\.vscode\extensions\redhat.java-1.54.0-win32-x64\jre\21.0.10-win32-x86_64\bin\instrument.dll, loaded, initialized, instrumentlib options:none

dbghelp: loaded successfully - version: 4.0.5 - missing functions: none
symbol engine: initialized successfully - sym options: 0x614 - pdb path: .;c:\Users\Bhumi\.vscode\extensions\redhat.java-1.54.0-win32-x64\jre\21.0.10-win32-x86_64\bin;C:\WINDOWS\SYSTEM32;C:\WINDOWS\WinSxS\amd64_microsoft.windows.common-controls_6595b64144ccf1df_6.0.26100.8457_none_3e0b2faee331e92d;c:\Users\Bhumi\.vscode\extensions\redhat.java-1.54.0-win32-x64\jre\21.0.10-win32-x86_64\bin\server;C:\Users\Bhumi\AppData\Roaming\Code\User\globalStorage\redhat.java\1.54.0\config_ss_win\org.eclipse.equinox.launcher\org.eclipse.equinox.launcher.win32.win32.x86_64_1.3.0.v20260203-2149

VM Arguments:
jvm_args: --add-modules=ALL-SYSTEM --add-opens=java.base/java.util=ALL-UNNAMED --add-opens=java.base/java.lang=ALL-UNNAMED --add-opens=java.base/sun.nio.fs=ALL-UNNAMED -Declipse.application=org.eclipse.jdt.ls.core.id1 -Dosgi.bundles.defaultStartLevel=4 -Declipse.product=org.eclipse.jdt.ls.core.product -Djava.import.generatesMetadataFilesAtProjectRoot=false -DDetectVMInstallationsJob.disabled=true -Dfile.encoding=utf8 -XX:+UseParallelGC -XX:GCTimeRatio=4 -XX:AdaptiveSizePolicyWeight=90 -Dsun.zip.disableMemoryMapping=true -Xmx2G -Xms100m -Xlog:disable -javaagent:c:\Users\Bhumi\.vscode\extensions\redhat.java-1.54.0-win32-x64\lombok\lombok-1.18.39-4050.jar 
java_command: c:\Users\Bhumi\.vscode\extensions\redhat.java-1.54.0-win32-x64\server\plugins\org.eclipse.equinox.launcher_1.7.100.v20251111-0406.jar -configuration c:\Users\Bhumi\AppData\Roaming\Code\User\globalStorage\redhat.java\1.54.0\config_ss_win -data c:\Users\Bhumi\AppData\Roaming\Code\User\workspaceStorage\99dc9a965f1c481dea11390a2d6cf309\redhat.java\ss_ws --pipe=\\.\pipe\lsp-552d12fed4869fe63b393a904787c5b9-sock
java_class_path (initial): c:\Users\Bhumi\.vscode\extensions\redhat.java-1.54.0-win32-x64\server\plugins\org.eclipse.equinox.launcher_1.7.100.v20251111-0406.jar
Launcher Type: SUN_STANDARD

[Global flags]
    uintx AdaptiveSizePolicyWeight                 = 90                                        {product} {command line}
     intx CICompilerCount                          = 3                                         {product} {ergonomic}
    uintx GCTimeRatio                              = 4                                         {product} {command line}
   size_t InitialHeapSize                          = 104857600                                 {product} {command line}
   size_t MaxHeapSize                              = 2147483648                                {product} {command line}
   size_t MaxNewSize                               = 715653120                                 {product} {ergonomic}
   size_t MinHeapDeltaBytes                        = 524288                                    {product} {ergonomic}
   size_t MinHeapSize                              = 104857600                                 {product} {command line}
   size_t NewSize                                  = 34603008                                  {product} {ergonomic}
    uintx NonNMethodCodeHeapSize                   = 5832780                                {pd product} {ergonomic}
    uintx NonProfiledCodeHeapSize                  = 122912730                              {pd product} {ergonomic}
   size_t OldSize                                  = 70254592                                  {product} {ergonomic}
    uintx ProfiledCodeHeapSize                     = 122912730                              {pd product} {ergonomic}
    uintx ReservedCodeCacheSize                    = 251658240                              {pd product} {ergonomic}
     bool SegmentedCodeCache                       = true                                      {product} {ergonomic}
   size_t SoftMaxHeapSize                          = 2147483648                             {manageable} {ergonomic}
     bool UseCompressedOops                        = true                           {product lp64_product} {ergonomic}
     bool UseLargePagesIndividualAllocation        = false                                  {pd product} {ergonomic}
     bool UseParallelGC                            = true                                      {product} {command line}

Logging:
Log output configuration:
 #0: stdout all=off uptime,level,tags foldmultilines=false
 #1: stderr all=off uptime,level,tags foldmultilines=false

Release file:
JAVA_VERSION="21.0.10" 
MODULES="java.base java.compiler java.datatransfer java.xml java.prefs java.desktop java.instrument java.logging java.management java.security.sasl java.naming java.rmi java.management.rmi java.net.http java.scripting java.security.jgss java.transaction.xa java.sql java.sql.rowset java.xml.crypto java.se java.smartcardio jdk.accessibility jdk.internal.jvmstat jdk.attach jdk.charsets jdk.internal.opt jdk.zipfs jdk.compiler jdk.crypto.ec jdk.crypto.cryptoki jdk.crypto.mscapi jdk.dynalink jdk.internal.ed jdk.editpad jdk.hotspot.agent jdk.httpserver jdk.internal.le jdk.internal.vm.ci jdk.internal.vm.compiler jdk.internal.vm.compiler.management jdk.jartool jdk.javadoc jdk.jcmd jdk.management jdk.management.agent jdk.jconsole jdk.jdeps jdk.jdwp.agent jdk.jdi jdk.jfr jdk.jshell jdk.jsobject jdk.jstatd jdk.localedata jdk.management.jfr jdk.naming.dns jdk.naming.rmi jdk.net jdk.nio.mapmode jdk.random jdk.sctp jdk.security.auth jdk.security.jgss jdk.unsupported jdk.unsupported.desktop jdk.xml.dom" 

Environment Variables:
PATH=C:\Users\Bhumi\AppData\Local\Programs\Microsoft VS Code;C:\Program Files\Common Files\Oracle\Java\javapath;C:\Program Files (x86)\Common Files\Oracle\Java\java8path;C:\Program Files (x86)\Common Files\Oracle\Java\javapath;C:\windows\system32;C:\windows;C:\windows\System32\Wbem;C:\windows\System32\WindowsPowerShell\v1.0\;C:\windows\System32\OpenSSH\;C:\Users\Bhumi\AppData\Local\Microsoft\WindowsApps;C:\Program Files\Bandizip\;C:\adb;C:\Program Files (x86)\GTK2-Runtime\lib;C:\Program Files\Microsoft SQL Server\Client SDK\ODBC\170\Tools\Binn\;C:\Program Files (x86)\Microsoft SQL Server\150\Tools\Binn\;C:\Program Files\Microsoft SQL Server\150\Tools\Binn\;C:\Program Files\Microsoft SQL Server\150\DTS\Binn\;C:\WINDOWS\system32;C:\WINDOWS;C:\WINDOWS\System32\Wbem;C:\WINDOWS\System32\WindowsPowerShell\v1.0\;C:\WINDOWS\System32\OpenSSH\;C:\Program Files\dotnet\;%JAVA_HOME%\bin;C:\MinGW\bin;C:\Program Files\nodejs\;C:\Program Files\Git\cmd;C:\Program Files\Dart\dart-sdk\bin;C:\flutter\bin;C:\Users\Bhumi\AppData\Local\Programs\Python\Launcher\;C:\Program Files\MySQL\MySQL Shell 8.0\bin\;C:\MinGW\bin;C:\Users\Bhumi\AppData\Local\Programs\Microsoft VS Code\bin;C:\Users\Bhumi\AppData\Local\Microsoft\WindowsApps;C:\Users\Bhumi\AppData\Roaming\npm;C:\Users\Bhumi\AppData\Local\Programs\mongosh\;C:\Users\Bhumi\AppData\Local\Python\bin;C:\flutter\bin;C:\ProgramData\Bhumi\GitHubDesktop\bin;C:\Users\Bhumi\AppData\Local\GitHubDesktop\bin
USERNAME=Bhumi
OS=Windows_NT
PROCESSOR_IDENTIFIER=Intel64 Family 6 Model 142 Stepping 12, GenuineIntel
TMP=C:\Users\Bhumi\AppData\Local\Temp
TEMP=C:\Users\Bhumi\AppData\Local\Temp




Periodic native trim disabled

---------------  S Y S T E M  ---------------

OS:
 Windows 11 , 64 bit Build 26100 (10.0.26100.8328)
OS uptime: 0 days 3:07 hours
Hyper-V role detected

CPU: total 4 (initial active 4) (2 cores per cpu, 2 threads per core) family 6 model 142 stepping 12 microcode 0xea, cx8, cmov, fxsr, ht, mmx, 3dnowpref, sse, sse2, sse3, ssse3, sse4.1, sse4.2, popcnt, lzcnt, tsc, tscinvbit, avx, avx2, aes, erms, clmul, bmi1, bmi2, adx, fma, vzeroupper, clflush, clflushopt, hv, rdtscp, f16c
Processor Information for the first 4 processors :
  Max Mhz: 2592, Current Mhz: 2093, Mhz Limit: 2073

Memory: 4k page, system-wide physical 7996M (1214M free)
TotalPageFile size 18032M (AvailPageFile size 3M)
current process WorkingSet (physical memory assigned to process): 131M, peak: 131M
current process commit charge ("private bytes"): 258M, peak: 258M

vm_info: OpenJDK 64-Bit Server VM (21.0.10+7-LTS) for windows-amd64 JRE (21.0.10+7-LTS), built on 2026-01-20T00:00:00Z by "admin" with MS VC++ 17.12 (VS2022)

END.
