#
# There is insufficient memory for the Java Runtime Environment to continue.
# Native memory allocation (malloc) failed to allocate 285376 bytes. Error detail: Chunk::new
# Possible reasons:
#   The system is out of physical RAM or swap space
#   This process is running with CompressedOops enabled, and the Java Heap may be blocking the growth of the native heap
# Possible solutions:
#   Reduce memory load on the system
#   Increase physical memory or swap space
#   Check if swap backing store is full
#   Decrease Java heap size (-Xmx/-Xms)
#   Decrease number of Java threads
#   Decrease Java thread stack sizes (-Xss)
#   Set larger code cache with -XX:ReservedCodeCacheSize=
#   JVM is running with Unscaled Compressed Oops mode in which the Java heap is
#     placed in the first 4GB address space. The Java Heap base address is the
#     maximum limit for the native heap growth. Please use -XX:HeapBaseMinAddress
#     to set the Java Heap base and to place the Java Heap above 4GB virtual address.
# This output file may be truncated or incomplete.
#
#  Out of Memory Error (arena.cpp:168), pid=11052, tid=18728
#
# JRE version: OpenJDK Runtime Environment Temurin-21.0.10+7 (21.0.10+7) (build 21.0.10+7-LTS)
# Java VM: OpenJDK 64-Bit Server VM Temurin-21.0.10+7 (21.0.10+7-LTS, mixed mode, sharing, tiered, compressed oops, compressed class ptrs, parallel gc, windows-amd64)
# No core dump will be written. Minidumps are not enabled by default on client versions of Windows
#

---------------  S U M M A R Y ------------

Command Line: --add-modules=ALL-SYSTEM --add-opens=java.base/java.util=ALL-UNNAMED --add-opens=java.base/java.lang=ALL-UNNAMED --add-opens=java.base/sun.nio.fs=ALL-UNNAMED -Declipse.application=org.eclipse.jdt.ls.core.id1 -Dosgi.bundles.defaultStartLevel=4 -Declipse.product=org.eclipse.jdt.ls.core.product -Djava.import.generatesMetadataFilesAtProjectRoot=false -DDetectVMInstallationsJob.disabled=true -Dfile.encoding=utf8 -XX:+UseParallelGC -XX:GCTimeRatio=4 -XX:AdaptiveSizePolicyWeight=90 -Dsun.zip.disableMemoryMapping=true -Xmx2G -Xms100m -Xlog:disable -javaagent:c:\Users\Bhumi\.vscode\extensions\redhat.java-1.54.0-win32-x64\lombok\lombok-1.18.39-4050.jar c:\Users\Bhumi\.vscode\extensions\redhat.java-1.54.0-win32-x64\server\plugins\org.eclipse.equinox.launcher_1.7.100.v20251111-0406.jar -configuration c:\Users\Bhumi\AppData\Roaming\Code\User\globalStorage\redhat.java\1.54.0\config_ss_win -data c:\Users\Bhumi\AppData\Roaming\Code\User\workspaceStorage\99dc9a965f1c481dea11390a2d6cf309\redhat.java\ss_ws --pipe=\\.\pipe\lsp-ea07ed396eba0d82f0525cf04932d795-sock

Host: Intel(R) Core(TM) i3-10110U CPU @ 2.10GHz, 4 cores, 7G,  Windows 11 , 64 bit Build 26100 (10.0.26100.8328)
Time: Tue May 19 09:16:16 2026 India Standard Time elapsed time: 3.564634 seconds (0d 0h 0m 3s)

---------------  T H R E A D  ---------------

Current thread (0x0000020ffb50a020):  JavaThread "C2 CompilerThread1" daemon [_thread_in_native, id=18728, stack(0x000000ad1a800000,0x000000ad1a900000) (1024K)]


Current CompileTask:
C2:3564 1331       4       lombok.launch.PackageShader::apply (252 bytes)

Stack: [0x000000ad1a800000,0x000000ad1a900000]
Native frames: (J=compiled Java code, j=interpreted, Vv=VM code, C=native code)
V  [jvm.dll+0x6d7a39]
V  [jvm.dll+0x8b4b26]
V  [jvm.dll+0x8b70de]
V  [jvm.dll+0x8b77c3]
V  [jvm.dll+0x284346]
V  [jvm.dll+0xc66ed]
V  [jvm.dll+0xc6c31]
V  [jvm.dll+0x2fb29e]
V  [jvm.dll+0x5fe884]
V  [jvm.dll+0x255b17]
V  [jvm.dll+0x24df54]
V  [jvm.dll+0x24ba42]
V  [jvm.dll+0x1cb34e]
V  [jvm.dll+0x25b85d]
V  [jvm.dll+0x259dea]
V  [jvm.dll+0x3f857e]
V  [jvm.dll+0x85f59d]
V  [jvm.dll+0x6d626d]
C  [ucrtbase.dll+0x37b0]
C  [KERNEL32.DLL+0x2e957]
C  [ntdll.dll+0x427c]


---------------  P R O C E S S  ---------------

Threads class SMR info:
_java_thread_list=0x0000020ffb797c40, length=12, elements={
0x0000020fdf8de2d0, 0x0000020fdf99b3e0, 0x0000020fdf99d610, 0x0000020fdf7d3240,
0x0000020fdf7d3ca0, 0x0000020fdf7d6710, 0x0000020fdf7d7170, 0x0000020fdf7d7fb0,
0x0000020fdf84fa20, 0x0000020ffb17abf0, 0x0000020ffb278f60, 0x0000020ffb50a020
}

Java Threads: ( => current thread )
  0x0000020fdf8de2d0 JavaThread "main"                              [_thread_in_native, id=14184, stack(0x000000ad19a00000,0x000000ad19b00000) (1024K)]
  0x0000020fdf99b3e0 JavaThread "Reference Handler"          daemon [_thread_blocked, id=17880, stack(0x000000ad19e00000,0x000000ad19f00000) (1024K)]
  0x0000020fdf99d610 JavaThread "Finalizer"                  daemon [_thread_blocked, id=13212, stack(0x000000ad19f00000,0x000000ad1a000000) (1024K)]
  0x0000020fdf7d3240 JavaThread "Signal Dispatcher"          daemon [_thread_blocked, id=19252, stack(0x000000ad1a000000,0x000000ad1a100000) (1024K)]
  0x0000020fdf7d3ca0 JavaThread "Attach Listener"            daemon [_thread_blocked, id=4528, stack(0x000000ad1a100000,0x000000ad1a200000) (1024K)]
  0x0000020fdf7d6710 JavaThread "Service Thread"             daemon [_thread_blocked, id=12364, stack(0x000000ad1a200000,0x000000ad1a300000) (1024K)]
  0x0000020fdf7d7170 JavaThread "Monitor Deflation Thread"   daemon [_thread_blocked, id=13436, stack(0x000000ad1a300000,0x000000ad1a400000) (1024K)]
  0x0000020fdf7d7fb0 JavaThread "C2 CompilerThread0"         daemon [_thread_blocked, id=14536, stack(0x000000ad1a400000,0x000000ad1a500000) (1024K)]
  0x0000020fdf84fa20 JavaThread "C1 CompilerThread0"         daemon [_thread_blocked, id=6496, stack(0x000000ad1a500000,0x000000ad1a600000) (1024K)]
  0x0000020ffb17abf0 JavaThread "Common-Cleaner"             daemon [_thread_blocked, id=1632, stack(0x000000ad1a600000,0x000000ad1a700000) (1024K)]
  0x0000020ffb278f60 JavaThread "Notification Thread"        daemon [_thread_blocked, id=672, stack(0x000000ad1a700000,0x000000ad1a800000) (1024K)]
=>0x0000020ffb50a020 JavaThread "C2 CompilerThread1"         daemon [_thread_in_native, id=18728, stack(0x000000ad1a800000,0x000000ad1a900000) (1024K)]
Total: 12

Other Threads:
  0x0000020fdf97f710 VMThread "VM Thread"                           [id=13280, stack(0x000000ad19d00000,0x000000ad19e00000) (1024K)]
  0x0000020fdf76ca00 WatcherThread "VM Periodic Task Thread"        [id=8916, stack(0x000000ad19c00000,0x000000ad19d00000) (1024K)]
  0x0000020fdf8fca10 WorkerThread "GC Thread#0"                     [id=18288, stack(0x000000ad19b00000,0x000000ad19c00000) (1024K)]
  0x0000020ffb819660 WorkerThread "GC Thread#1"                     [id=12508, stack(0x000000ad1a900000,0x000000ad1aa00000) (1024K)]
  0x0000020ffb86a530 WorkerThread "GC Thread#2"                     [id=6844, stack(0x000000ad1aa00000,0x000000ad1ab00000) (1024K)]
  0x0000020ffb86a8e0 WorkerThread "GC Thread#3"                     [id=16764, stack(0x000000ad1ab00000,0x000000ad1ac00000) (1024K)]
Total: 6

Threads with active compile tasks:
C2 CompilerThread1  3595 1331       4       lombok.launch.PackageShader::apply (252 bytes)
Total: 1

VM state: not at safepoint (normal execution)

VM Mutex/Monitor currently owned by a thread: None

Heap address: 0x0000000080000000, size: 2048 MB, Compressed Oops mode: 32-bit

CDS archive(s) mapped at: [0x0000020f80000000-0x0000020f80ba0000-0x0000020f80ba0000), size 12189696, SharedBaseAddress: 0x0000020f80000000, ArchiveRelocationMode: 1.
Compressed class space mapped at: 0x0000020f81000000-0x0000020fc1000000, reserved size: 1073741824
Narrow klass base: 0x0000020f80000000, Narrow klass shift: 0, Narrow klass range: 0x100000000

GC Precious Log:
 CardTable entry size: 512
 CPUs: 4 total, 4 available
 Memory: 7996M
 Large Page Support: Disabled
 NUMA Support: Disabled
 Compressed Oops: Enabled (32-bit)
 Alignments: Space 512K, Generation 512K, Heap 2M
 Heap Min Capacity: 100M
 Heap Initial Capacity: 100M
 Heap Max Capacity: 2G
 Pre-touch: Disabled
 Parallel Workers: 4

Heap:
 PSYoungGen      total 29696K, used 11745K [0x00000000d5580000, 0x00000000d7680000, 0x0000000100000000)
  eden space 25600K, 33% used [0x00000000d5580000,0x00000000d5dc45c8,0x00000000d6e80000)
  from space 4096K, 80% used [0x00000000d6e80000,0x00000000d71b4148,0x00000000d7280000)
  to   space 4096K, 0% used [0x00000000d7280000,0x00000000d7280000,0x00000000d7680000)
 ParOldGen       total 68608K, used 0K [0x0000000080000000, 0x0000000084300000, 0x00000000d5580000)
  object space 68608K, 0% used [0x0000000080000000,0x0000000080000000,0x0000000084300000)
 Metaspace       used 6036K, committed 6336K, reserved 1114112K
  class space    used 621K, committed 768K, reserved 1048576K

Card table byte_map: [0x0000020fdf280000,0x0000020fdf690000] _byte_map_base: 0x0000020fdee80000

Marking Bits: (ParMarkBitMap*) 0x00007ffe66863450
 Begin Bits: [0x0000020ff1d90000, 0x0000020ff3d90000)
 End Bits:   [0x0000020ff3d90000, 0x0000020ff5d90000)

Polling page: 0x0000020fdd630000

Metaspace:

Usage:
  Non-class:      5.29 MB used.
      Class:    621.48 KB used.
       Both:      5.90 MB used.

Virtual space:
  Non-class space:       64.00 MB reserved,       5.44 MB (  8%) committed,  1 nodes.
      Class space:        1.00 GB reserved,     768.00 KB ( <1%) committed,  1 nodes.
             Both:        1.06 GB reserved,       6.19 MB ( <1%) committed. 

Chunk freelists:
   Non-Class:  10.06 MB
       Class:  15.08 MB
        Both:  25.14 MB

MaxMetaspaceSize: unlimited
CompressedClassSpaceSize: 1.00 GB
Initial GC threshold: 21.00 MB
Current GC threshold: 21.00 MB
CDS: on
 - commit_granule_bytes: 65536.
 - commit_granule_words: 8192.
 - virtual_space_node_default_size: 8388608.
 - enlarge_chunks_in_place: 1.
 - use_allocation_guard: 0.


Internal statistics:

num_allocs_failed_limit: 0.
num_arena_births: 190.
num_arena_deaths: 0.
num_vsnodes_births: 2.
num_vsnodes_deaths: 0.
num_space_committed: 99.
num_space_uncommitted: 0.
num_chunks_returned_to_freelist: 0.
num_chunks_taken_from_freelist: 313.
num_chunk_merges: 0.
num_chunk_splits: 200.
num_chunks_enlarged: 126.
num_inconsistent_stats: 0.

CodeHeap 'non-profiled nmethods': size=120000Kb used=576Kb max_used=576Kb free=119423Kb
 bounds [0x0000020fea5b0000, 0x0000020fea820000, 0x0000020ff1ae0000]
CodeHeap 'profiled nmethods': size=120000Kb used=2264Kb max_used=2264Kb free=117736Kb
 bounds [0x0000020fe2ae0000, 0x0000020fe2d50000, 0x0000020fea010000]
CodeHeap 'non-nmethods': size=5760Kb used=1206Kb max_used=1244Kb free=4553Kb
 bounds [0x0000020fea010000, 0x0000020fea280000, 0x0000020fea5b0000]
CodeCache: size=245760Kb, used=4046Kb, max_used=4084Kb, free=241712Kb
 total_blobs=1809, nmethods=1338, adapters=378, full_count=0
Compilation: enabled, stopped_count=0, restarted_count=0

Compilation events (20 events):
Event: 3.512 Thread 0x0000020fdf84fa20 nmethod 1323 0x0000020fe2d0ae10 code [0x0000020fe2d0b0c0, 0x0000020fe2d0bf08]
Event: 3.512 Thread 0x0000020fdf84fa20 1324       1       org.eclipse.osgi.container.ModuleRevisionBuilder$GenericInfo::getNamespace (5 bytes)
Event: 3.512 Thread 0x0000020fdf84fa20 nmethod 1324 0x0000020fea637910 code [0x0000020fea637aa0, 0x0000020fea637b68]
Event: 3.512 Thread 0x0000020fdf84fa20 1325       3       java.util.Collections::emptyMap (4 bytes)
Event: 3.513 Thread 0x0000020fdf84fa20 nmethod 1325 0x0000020fe2d0c290 code [0x0000020fe2d0c420, 0x0000020fe2d0c518]
Event: 3.513 Thread 0x0000020fdf84fa20 1326       1       java.util.Collections$EmptyMap::size (2 bytes)
Event: 3.513 Thread 0x0000020fdf84fa20 nmethod 1326 0x0000020fea637c10 code [0x0000020fea637da0, 0x0000020fea637e68]
Event: 3.517 Thread 0x0000020fdf84fa20 1327       3       sun.net.www.protocol.jar.Handler::parseURL (173 bytes)
Event: 3.519 Thread 0x0000020fdf84fa20 nmethod 1327 0x0000020fe2d0c590 code [0x0000020fe2d0c840, 0x0000020fe2d0d200]
Event: 3.519 Thread 0x0000020fdf84fa20 1328       3       sun.net.www.protocol.jar.Handler::indexOfBangSlash (52 bytes)
Event: 3.520 Thread 0x0000020fdf84fa20 nmethod 1328 0x0000020fe2d0d690 code [0x0000020fe2d0d900, 0x0000020fe2d0e3a8]
Event: 3.520 Thread 0x0000020fdf84fa20 1329       3       java.net.URLStreamHandler::setURL (159 bytes)
Event: 3.523 Thread 0x0000020fdf84fa20 nmethod 1329 0x0000020fe2d0e810 code [0x0000020fe2d0eba0, 0x0000020fe2d10008]
Event: 3.527 Thread 0x0000020ffb50a020 nmethod 1319 0x0000020fea637f10 code [0x0000020fea638160, 0x0000020fea638888]
Event: 3.527 Thread 0x0000020ffb50a020 1322       4       java.io.DataInputStream::readInt (19 bytes)
Event: 3.527 Thread 0x0000020fdf84fa20 1330       3       java.util.Base64$Decoder::decodeBlock (186 bytes)
Event: 3.528 Thread 0x0000020fdf84fa20 nmethod 1330 0x0000020fe2d10910 code [0x0000020fe2d10ae0, 0x0000020fe2d10f50]
Event: 3.530 Thread 0x0000020ffb50a020 nmethod 1322 0x0000020fea639210 code [0x0000020fea6393a0, 0x0000020fea6394c8]
Event: 3.543 Thread 0x0000020ffb50a020 1331       4       lombok.launch.PackageShader::apply (252 bytes)
Event: 3.546 Thread 0x0000020fdf7d7fb0 nmethod 1293 0x0000020fea639690 code [0x0000020fea639b00, 0x0000020fea63db70]

GC Heap History (2 events):
Event: 2.798 GC heap before
{Heap before GC invocations=1 (full 0):
 PSYoungGen      total 29696K, used 25600K [0x00000000d5580000, 0x00000000d7680000, 0x0000000100000000)
  eden space 25600K, 100% used [0x00000000d5580000,0x00000000d6e80000,0x00000000d6e80000)
  from space 4096K, 0% used [0x00000000d7280000,0x00000000d7280000,0x00000000d7680000)
  to   space 4096K, 0% used [0x00000000d6e80000,0x00000000d6e80000,0x00000000d7280000)
 ParOldGen       total 68608K, used 0K [0x0000000080000000, 0x0000000084300000, 0x00000000d5580000)
  object space 68608K, 0% used [0x0000000080000000,0x0000000080000000,0x0000000084300000)
 Metaspace       used 4377K, committed 4608K, reserved 1114112K
  class space    used 474K, committed 576K, reserved 1048576K
}
Event: 2.817 GC heap after
{Heap after GC invocations=1 (full 0):
 PSYoungGen      total 29696K, used 3280K [0x00000000d5580000, 0x00000000d7680000, 0x0000000100000000)
  eden space 25600K, 0% used [0x00000000d5580000,0x00000000d5580000,0x00000000d6e80000)
  from space 4096K, 80% used [0x00000000d6e80000,0x00000000d71b4148,0x00000000d7280000)
  to   space 4096K, 0% used [0x00000000d7280000,0x00000000d7280000,0x00000000d7680000)
 ParOldGen       total 68608K, used 0K [0x0000000080000000, 0x0000000084300000, 0x00000000d5580000)
  object space 68608K, 0% used [0x0000000080000000,0x0000000080000000,0x0000000084300000)
 Metaspace       used 4377K, committed 4608K, reserved 1114112K
  class space    used 474K, committed 576K, reserved 1048576K
}

Dll operation events (8 events):
Event: 0.042 Loaded shared library c:\Users\Bhumi\.vscode\extensions\redhat.java-1.54.0-win32-x64\jre\21.0.10-win32-x86_64\bin\java.dll
Event: 0.217 Loaded shared library c:\Users\Bhumi\.vscode\extensions\redhat.java-1.54.0-win32-x64\jre\21.0.10-win32-x86_64\bin\zip.dll
Event: 0.287 Loaded shared library C:\Users\Bhumi\.vscode\extensions\redhat.java-1.54.0-win32-x64\jre\21.0.10-win32-x86_64\bin\instrument.dll
Event: 0.298 Loaded shared library C:\Users\Bhumi\.vscode\extensions\redhat.java-1.54.0-win32-x64\jre\21.0.10-win32-x86_64\bin\net.dll
Event: 0.302 Loaded shared library C:\Users\Bhumi\.vscode\extensions\redhat.java-1.54.0-win32-x64\jre\21.0.10-win32-x86_64\bin\nio.dll
Event: 0.310 Loaded shared library C:\Users\Bhumi\.vscode\extensions\redhat.java-1.54.0-win32-x64\jre\21.0.10-win32-x86_64\bin\zip.dll
Event: 0.347 Loaded shared library C:\Users\Bhumi\.vscode\extensions\redhat.java-1.54.0-win32-x64\jre\21.0.10-win32-x86_64\bin\jimage.dll
Event: 0.560 Loaded shared library c:\Users\Bhumi\.vscode\extensions\redhat.java-1.54.0-win32-x64\jre\21.0.10-win32-x86_64\bin\verify.dll

Deoptimization events (20 events):
Event: 2.936 Thread 0x0000020fdf8de2d0 DEOPT PACKING pc=0x0000020fea617fd4 sp=0x000000ad19afea80
Event: 2.936 Thread 0x0000020fdf8de2d0 DEOPT UNPACKING pc=0x0000020fea063aa2 sp=0x000000ad19afe918 mode 2
Event: 2.939 Thread 0x0000020fdf8de2d0 Uncommon trap: trap_request=0xffffff45 fr.pc=0x0000020fea61b8d4 relative=0x0000000000000294
Event: 2.939 Thread 0x0000020fdf8de2d0 Uncommon trap: reason=unstable_if action=reinterpret pc=0x0000020fea61b8d4 method=java.util.HashMap.hash(Ljava/lang/Object;)I @ 1 c2
Event: 2.939 Thread 0x0000020fdf8de2d0 DEOPT PACKING pc=0x0000020fea61b8d4 sp=0x000000ad19afe9f0
Event: 2.940 Thread 0x0000020fdf8de2d0 DEOPT UNPACKING pc=0x0000020fea063aa2 sp=0x000000ad19afe8f8 mode 2
Event: 2.940 Thread 0x0000020fdf8de2d0 Uncommon trap: trap_request=0xffffff45 fr.pc=0x0000020fea614ed4 relative=0x00000000000000b4
Event: 2.940 Thread 0x0000020fdf8de2d0 Uncommon trap: reason=unstable_if action=reinterpret pc=0x0000020fea614ed4 method=java.util.HashMap.hash(Ljava/lang/Object;)I @ 1 c2
Event: 2.940 Thread 0x0000020fdf8de2d0 DEOPT PACKING pc=0x0000020fea614ed4 sp=0x000000ad19afeaa0
Event: 2.940 Thread 0x0000020fdf8de2d0 DEOPT UNPACKING pc=0x0000020fea063aa2 sp=0x000000ad19afea38 mode 2
Event: 2.940 Thread 0x0000020fdf8de2d0 Uncommon trap: trap_request=0xffffffde fr.pc=0x0000020fea5f95d4 relative=0x00000000000005b4
Event: 2.940 Thread 0x0000020fdf8de2d0 Uncommon trap: reason=class_check action=maybe_recompile pc=0x0000020fea5f95d4 method=java.util.Collections$UnmodifiableCollection$1.<init>(Ljava/util/Collections$UnmodifiableCollection;)V @ 17 c2
Event: 2.940 Thread 0x0000020fdf8de2d0 DEOPT PACKING pc=0x0000020fea5f95d4 sp=0x000000ad19afead0
Event: 2.940 Thread 0x0000020fdf8de2d0 DEOPT UNPACKING pc=0x0000020fea063aa2 sp=0x000000ad19afea18 mode 2
Event: 3.529 Thread 0x0000020fdf8de2d0 Uncommon trap: trap_request=0xffffff45 fr.pc=0x0000020fea600718 relative=0x00000000000010d8
Event: 3.529 Thread 0x0000020fdf8de2d0 Uncommon trap: reason=unstable_if action=reinterpret pc=0x0000020fea600718 method=lombok.patcher.PatchScript.classMatches(Ljava/lang/String;Ljava/util/Collection;)Z @ 25 c2
Event: 3.529 Thread 0x0000020fdf8de2d0 DEOPT PACKING pc=0x0000020fea600718 sp=0x000000ad19af8db0
Event: 3.529 Thread 0x0000020fdf8de2d0 DEOPT UNPACKING pc=0x0000020fea063aa2 sp=0x000000ad19af8d08 mode 2
Event: 3.553 Thread 0x0000020fdf8de2d0 DEOPT PACKING pc=0x0000020fe2b8038d sp=0x000000ad19af81f0
Event: 3.553 Thread 0x0000020fdf8de2d0 DEOPT UNPACKING pc=0x0000020fea064242 sp=0x000000ad19af76a0 mode 0

Classes loaded (20 events):
Event: 3.296 Loading class java/util/AbstractQueue done
Event: 3.296 Loading class java/util/concurrent/SynchronousQueue done
Event: 3.296 Loading class java/util/concurrent/SynchronousQueue$Transferer
Event: 3.296 Loading class java/util/concurrent/LinkedTransferQueue
Event: 3.296 Loading class java/util/concurrent/TransferQueue
Event: 3.297 Loading class java/util/concurrent/TransferQueue done
Event: 3.297 Loading class java/util/concurrent/LinkedTransferQueue done
Event: 3.297 Loading class java/util/concurrent/SynchronousQueue$Transferer done
Event: 3.297 Loading class java/util/concurrent/LinkedTransferQueue$DualNode
Event: 3.298 Loading class java/util/concurrent/LinkedTransferQueue$DualNode done
Event: 3.299 Loading class java/util/concurrent/RejectedExecutionHandler
Event: 3.299 Loading class java/util/concurrent/RejectedExecutionHandler done
Event: 3.299 Loading class java/util/concurrent/LinkedBlockingQueue
Event: 3.300 Loading class java/util/concurrent/LinkedBlockingQueue done
Event: 3.301 Loading class java/util/concurrent/LinkedBlockingQueue$Node
Event: 3.301 Loading class java/util/concurrent/LinkedBlockingQueue$Node done
Event: 3.357 Loading class java/util/concurrent/Semaphore$NonfairSync
Event: 3.357 Loading class java/util/concurrent/Semaphore$Sync
Event: 3.357 Loading class java/util/concurrent/Semaphore$Sync done
Event: 3.357 Loading class java/util/concurrent/Semaphore$NonfairSync done

Classes unloaded (0 events):
No events

Classes redefined (0 events):
No events

Internal exceptions (20 events):
Event: 1.848 Thread 0x0000020fdf8de2d0 Exception <a 'java/io/FileNotFoundException'{0x00000000d64c3fe0}> (0x00000000d64c3fe0) 
thrown [s\src\hotspot\share\prims\jni.cpp, line 520]
Event: 1.848 Thread 0x0000020fdf8de2d0 Exception <a 'java/io/FileNotFoundException'{0x00000000d64c4c58}> (0x00000000d64c4c58) 
thrown [s\src\hotspot\share\prims\jni.cpp, line 520]
Event: 1.848 Thread 0x0000020fdf8de2d0 Exception <a 'java/io/FileNotFoundException'{0x00000000d64c5798}> (0x00000000d64c5798) 
thrown [s\src\hotspot\share\prims\jni.cpp, line 520]
Event: 1.883 Thread 0x0000020fdf8de2d0 Implicit null exception at 0x0000020fea5de024 to 0x0000020fea5de5f0
Event: 1.906 Thread 0x0000020fdf8de2d0 Exception <a 'java/io/FileNotFoundException'{0x00000000d64fdbb8}> (0x00000000d64fdbb8) 
thrown [s\src\hotspot\share\prims\jni.cpp, line 520]
Event: 1.937 Thread 0x0000020fdf8de2d0 Exception <a 'java/lang/NoSuchMethodError'{0x00000000d6537270}: 'java.lang.Object java.lang.invoke.DirectMethodHandle$Holder.invokeInterface(java.lang.Object, java.lang.Object)'> (0x00000000d6537270) 
thrown [s\src\hotspot\share\interpreter\linkResolver.cpp, line 773]
Event: 1.952 Thread 0x0000020fdf8de2d0 Exception <a 'java/lang/NoSuchMethodError'{0x00000000d654a800}: 'java.lang.Object java.lang.invoke.Invokers$Holder.invokeExact_MT(java.lang.Object, java.lang.Object, java.lang.Object, java.lang.Object, java.lang.Object, java.lang.Object)'> (0x00000000d654a800) 
thrown [s\src\hotspot\share\interpreter\linkResolver.cpp, line 773]
Event: 1.989 Thread 0x0000020fdf8de2d0 Exception <a 'java/lang/NoSuchMethodError'{0x00000000d65618d8}: 'int java.lang.invoke.DirectMethodHandle$Holder.invokeStatic(java.lang.Object, java.lang.Object, java.lang.Object, java.lang.Object, java.lang.Object)'> (0x00000000d65618d8) 
thrown [s\src\hotspot\share\interpreter\linkResolver.cpp, line 773]
Event: 2.316 Thread 0x0000020fdf8de2d0 Exception <a 'java/lang/NoSuchMethodError'{0x00000000d65f5060}: 'java.lang.Object java.lang.invoke.DirectMethodHandle$Holder.invokeInterface(java.lang.Object, java.lang.Object, int)'> (0x00000000d65f5060) 
thrown [s\src\hotspot\share\interpreter\linkResolver.cpp, line 773]
Event: 2.609 Thread 0x0000020fdf8de2d0 Exception <a 'java/lang/NoSuchMethodError'{0x00000000d6a5c0c8}: 'java.lang.ClassLoader java.lang.ClassLoader.getPlatformClassLoader(java.lang.Class)'> (0x00000000d6a5c0c8) 
thrown [s\src\hotspot\share\interpreter\linkResolver.cpp, line 773]
Event: 2.789 Thread 0x0000020fdf8de2d0 Exception <a 'java/lang/ClassNotFoundException'{0x00000000d6e7b318}: sun/net/www/protocol/c/Handler> (0x00000000d6e7b318) 
thrown [s\src\hotspot\share\classfile\systemDictionary.cpp, line 312]
Event: 2.790 Thread 0x0000020fdf8de2d0 Exception <a 'java/lang/ClassNotFoundException'{0x00000000d6e7c6d8}: sun/net/www/protocol/c/Handler> (0x00000000d6e7c6d8) 
thrown [s\src\hotspot\share\classfile\systemDictionary.cpp, line 312]
Event: 2.791 Thread 0x0000020fdf8de2d0 Exception <a 'java/lang/ClassNotFoundException'{0x00000000d6e7d8e8}: sun/net/www/protocol/c/Handler> (0x00000000d6e7d8e8) 
thrown [s\src\hotspot\share\classfile\systemDictionary.cpp, line 312]
Event: 2.832 Thread 0x0000020fdf8de2d0 Exception <a 'java/io/FileNotFoundException'{0x00000000d55a6070}> (0x00000000d55a6070) 
thrown [s\src\hotspot\share\prims\jni.cpp, line 520]
Event: 2.936 Thread 0x0000020fdf8de2d0 Implicit null exception at 0x0000020fea611349 to 0x0000020fea611d0c
Event: 2.936 Thread 0x0000020fdf8de2d0 Implicit null exception at 0x0000020fea617d9a to 0x0000020fea617fbc
Event: 2.937 Thread 0x0000020fdf8de2d0 Exception <a 'java/lang/NoSuchMethodError'{0x00000000d56d5e08}: 'void java.lang.invoke.DirectMethodHandle$Holder.invokeStatic(java.lang.Object, java.lang.Object, java.lang.Object, java.lang.Object)'> (0x00000000d56d5e08) 
thrown [s\src\hotspot\share\interpreter\linkResolver.cpp, line 773]
Event: 2.939 Thread 0x0000020fdf8de2d0 Implicit null exception at 0x0000020fea61b69a to 0x0000020fea61b8bc
Event: 2.940 Thread 0x0000020fdf8de2d0 Implicit null exception at 0x0000020fea614e40 to 0x0000020fea614ec5
Event: 3.210 Thread 0x0000020fdf8de2d0 Exception <a 'java/lang/NoSuchMethodError'{0x00000000d599b688}: 'void java.lang.invoke.DirectMethodHandle$Holder.invokeSpecial(java.lang.Object, java.lang.Object, java.lang.Object)'> (0x00000000d599b688) 
thrown [s\src\hotspot\share\interpreter\linkResolver.cpp, line 773]

ZGC Phase Switch (0 events):
No events

VM Operations (16 events):
Event: 0.215 Executing non-safepoint VM operation: HandshakeAllThreads (Deoptimize)
Event: 0.215 Executing non-safepoint VM operation: HandshakeAllThreads (Deoptimize) done
Event: 0.394 Executing non-safepoint VM operation: HandshakeAllThreads (Deoptimize)
Event: 0.394 Executing non-safepoint VM operation: HandshakeAllThreads (Deoptimize) done
Event: 1.393 Executing safepoint VM operation: Cleanup
Event: 1.393 Executing safepoint VM operation: Cleanup done
Event: 1.579 Executing non-safepoint VM operation: HandshakeAllThreads (Deoptimize)
Event: 1.579 Executing non-safepoint VM operation: HandshakeAllThreads (Deoptimize) done
Event: 1.723 Executing non-safepoint VM operation: HandshakeAllThreads (Deoptimize)
Event: 1.723 Executing non-safepoint VM operation: HandshakeAllThreads (Deoptimize) done
Event: 2.723 Executing safepoint VM operation: Cleanup
Event: 2.732 Executing safepoint VM operation: Cleanup done
Event: 2.737 Executing non-safepoint VM operation: HandshakeAllThreads (Deoptimize)
Event: 2.737 Executing non-safepoint VM operation: HandshakeAllThreads (Deoptimize) done
Event: 2.797 Executing safepoint VM operation: ParallelGCFailedAllocation (Allocation Failure)
Event: 2.817 Executing safepoint VM operation: ParallelGCFailedAllocation (Allocation Failure) done

Memory protections (0 events):
No events

Nmethod flushes (0 events):
No events

Events (18 events):
Event: 0.076 Thread 0x0000020fdf8de2d0 Thread added: 0x0000020fdf8de2d0
Event: 0.114 Thread 0x0000020fdf8de2d0 Thread added: 0x0000020fdf99b3e0
Event: 0.115 Thread 0x0000020fdf8de2d0 Thread added: 0x0000020fdf99d610
Event: 0.115 Thread 0x0000020fdf8de2d0 Thread added: 0x0000020fdf7d3240
Event: 0.115 Thread 0x0000020fdf8de2d0 Thread added: 0x0000020fdf7d3ca0
Event: 0.115 Thread 0x0000020fdf8de2d0 Thread added: 0x0000020fdf7d6710
Event: 0.115 Thread 0x0000020fdf8de2d0 Thread added: 0x0000020fdf7d7170
Event: 0.115 Thread 0x0000020fdf8de2d0 Thread added: 0x0000020fdf7d7fb0
Event: 0.127 Thread 0x0000020fdf8de2d0 Thread added: 0x0000020fdf84fa20
Event: 0.291 Thread 0x0000020fdf8de2d0 Thread added: 0x0000020ffb17abf0
Event: 0.544 Thread 0x0000020fdf84fa20 Thread added: 0x0000020ffb267a80
Event: 0.676 Thread 0x0000020ffb267a80 Thread exited: 0x0000020ffb267a80
Event: 1.008 Thread 0x0000020fdf8de2d0 Thread added: 0x0000020ffb278f60
Event: 1.012 Thread 0x0000020fdf84fa20 Thread added: 0x0000020ffb2608b0
Event: 2.104 Thread 0x0000020ffb2608b0 Thread exited: 0x0000020ffb2608b0
Event: 2.699 Thread 0x0000020fdf84fa20 Thread added: 0x0000020ffb6a30a0
Event: 2.858 Thread 0x0000020ffb6a30a0 Thread exited: 0x0000020ffb6a30a0
Event: 3.390 Thread 0x0000020fdf84fa20 Thread added: 0x0000020ffb50a020


Dynamic libraries:
0x00007ff6f1720000 - 0x00007ff6f172e000 	c:\Users\Bhumi\.vscode\extensions\redhat.java-1.54.0-win32-x64\jre\21.0.10-win32-x86_64\bin\java.exe
0x00007fff203c0000 - 0x00007fff20627000 	C:\WINDOWS\SYSTEM32\ntdll.dll
0x00007fff1f290000 - 0x00007fff1f359000 	C:\WINDOWS\System32\KERNEL32.DLL
0x00007fff1d2a0000 - 0x00007fff1d697000 	C:\WINDOWS\System32\KERNELBASE.dll
0x00007fff1d000000 - 0x00007fff1d14b000 	C:\WINDOWS\System32\ucrtbase.dll
0x00007ffefa850000 - 0x00007ffefa868000 	c:\Users\Bhumi\.vscode\extensions\redhat.java-1.54.0-win32-x64\jre\21.0.10-win32-x86_64\bin\jli.dll
0x00007fff1e290000 - 0x00007fff1e456000 	C:\WINDOWS\System32\USER32.dll
0x00007fff1cdf0000 - 0x00007fff1ce17000 	C:\WINDOWS\System32\win32u.dll
0x00007fff1eae0000 - 0x00007fff1eb0b000 	C:\WINDOWS\System32\GDI32.dll
0x00007fff1ce20000 - 0x00007fff1cf4c000 	C:\WINDOWS\System32\gdi32full.dll
0x00007fff1d6a0000 - 0x00007fff1d743000 	C:\WINDOWS\System32\msvcp_win.dll
0x00007ffefa810000 - 0x00007ffefa82e000 	c:\Users\Bhumi\.vscode\extensions\redhat.java-1.54.0-win32-x64\jre\21.0.10-win32-x86_64\bin\VCRUNTIME140.dll
0x00007ffefd630000 - 0x00007ffefd8c2000 	C:\WINDOWS\WinSxS\amd64_microsoft.windows.common-controls_6595b64144ccf1df_6.0.26100.8457_none_3e0b2faee331e92d\COMCTL32.dll
0x00007fff1eca0000 - 0x00007fff1ed49000 	C:\WINDOWS\System32\msvcrt.dll
0x00007fff20040000 - 0x00007fff20072000 	C:\WINDOWS\System32\IMM32.DLL
0x00007fff19ec0000 - 0x00007fff19ecc000 	c:\Users\Bhumi\.vscode\extensions\redhat.java-1.54.0-win32-x64\jre\21.0.10-win32-x86_64\bin\vcruntime140_1.dll
0x00007ffeb0410000 - 0x00007ffeb049d000 	c:\Users\Bhumi\.vscode\extensions\redhat.java-1.54.0-win32-x64\jre\21.0.10-win32-x86_64\bin\msvcp140.dll
0x00007ffe65ba0000 - 0x00007ffe66941000 	c:\Users\Bhumi\.vscode\extensions\redhat.java-1.54.0-win32-x64\jre\21.0.10-win32-x86_64\bin\server\jvm.dll
0x00007fff200e0000 - 0x00007fff20196000 	C:\WINDOWS\System32\ADVAPI32.dll
0x00007fff1f1e0000 - 0x00007fff1f287000 	C:\WINDOWS\System32\sechost.dll
0x00007fff1f380000 - 0x00007fff1f498000 	C:\WINDOWS\System32\RPCRT4.dll
0x00007fff1eb10000 - 0x00007fff1eb90000 	C:\WINDOWS\System32\WS2_32.dll
0x00007fff1cc50000 - 0x00007fff1ccae000 	C:\WINDOWS\SYSTEM32\POWRPROF.dll
0x00007fff02f70000 - 0x00007fff02fa6000 	C:\WINDOWS\SYSTEM32\WINMM.dll
0x00007fff0eb20000 - 0x00007fff0eb2b000 	C:\WINDOWS\SYSTEM32\VERSION.dll
0x00007fff1cc30000 - 0x00007fff1cc44000 	C:\WINDOWS\SYSTEM32\UMPDC.dll
0x00007fff1bb60000 - 0x00007fff1bb7b000 	C:\WINDOWS\SYSTEM32\kernel.appcore.dll
0x00007ffefa800000 - 0x00007ffefa80a000 	c:\Users\Bhumi\.vscode\extensions\redhat.java-1.54.0-win32-x64\jre\21.0.10-win32-x86_64\bin\jimage.dll
0x00007fff1ad20000 - 0x00007fff1af62000 	C:\WINDOWS\SYSTEM32\DBGHELP.DLL
0x00007fff1e5d0000 - 0x00007fff1e953000 	C:\WINDOWS\System32\combase.dll
0x00007fff1f740000 - 0x00007fff1f819000 	C:\WINDOWS\System32\OLEAUT32.dll
0x00007ffef9ff0000 - 0x00007ffefa02b000 	C:\WINDOWS\SYSTEM32\dbgcore.DLL
0x00007fff1cf50000 - 0x00007fff1cff8000 	C:\WINDOWS\System32\bcryptPrimitives.dll
0x00007fff17d90000 - 0x00007fff17d9f000 	c:\Users\Bhumi\.vscode\extensions\redhat.java-1.54.0-win32-x64\jre\21.0.10-win32-x86_64\bin\instrument.dll
0x00007ffeb0520000 - 0x00007ffeb0540000 	c:\Users\Bhumi\.vscode\extensions\redhat.java-1.54.0-win32-x64\jre\21.0.10-win32-x86_64\bin\java.dll
0x00007fff1f8b0000 - 0x00007fff2001e000 	C:\WINDOWS\System32\SHELL32.dll
0x00007fff1d8d0000 - 0x00007fff1e13c000 	C:\WINDOWS\System32\windows.storage.dll
0x00007fff1eba0000 - 0x00007fff1ec96000 	C:\WINDOWS\System32\SHCORE.dll
0x00007fff1ea70000 - 0x00007fff1ead6000 	C:\WINDOWS\System32\shlwapi.dll
0x00007fff1cd10000 - 0x00007fff1cd39000 	C:\WINDOWS\SYSTEM32\profapi.dll
0x00007ffefaaa0000 - 0x00007ffefaab8000 	c:\Users\Bhumi\.vscode\extensions\redhat.java-1.54.0-win32-x64\jre\21.0.10-win32-x86_64\bin\zip.dll
0x00007ffefaa90000 - 0x00007ffefaaa0000 	C:\Users\Bhumi\.vscode\extensions\redhat.java-1.54.0-win32-x64\jre\21.0.10-win32-x86_64\bin\net.dll
0x00007fff0e790000 - 0x00007fff0e8b9000 	C:\WINDOWS\SYSTEM32\WINHTTP.dll
0x00007fff1c0f0000 - 0x00007fff1c15c000 	C:\WINDOWS\system32\mswsock.dll
0x00007ffefaa70000 - 0x00007ffefaa86000 	C:\Users\Bhumi\.vscode\extensions\redhat.java-1.54.0-win32-x64\jre\21.0.10-win32-x86_64\bin\nio.dll
0x00007fff17db0000 - 0x00007fff17dc0000 	c:\Users\Bhumi\.vscode\extensions\redhat.java-1.54.0-win32-x64\jre\21.0.10-win32-x86_64\bin\verify.dll

JVMTI agents:
c:\Users\Bhumi\.vscode\extensions\redhat.java-1.54.0-win32-x64\lombok\lombok-1.18.39-4050.jar path:c:\Users\Bhumi\.vscode\extensions\redhat.java-1.54.0-win32-x64\jre\21.0.10-win32-x86_64\bin\instrument.dll, loaded, initialized, instrumentlib options:none

dbghelp: loaded successfully - version: 4.0.5 - missing functions: none
symbol engine: initialized successfully - sym options: 0x614 - pdb path: .;c:\Users\Bhumi\.vscode\extensions\redhat.java-1.54.0-win32-x64\jre\21.0.10-win32-x86_64\bin;C:\WINDOWS\SYSTEM32;C:\WINDOWS\WinSxS\amd64_microsoft.windows.common-controls_6595b64144ccf1df_6.0.26100.8457_none_3e0b2faee331e92d;c:\Users\Bhumi\.vscode\extensions\redhat.java-1.54.0-win32-x64\jre\21.0.10-win32-x86_64\bin\server

VM Arguments:
jvm_args: --add-modules=ALL-SYSTEM --add-opens=java.base/java.util=ALL-UNNAMED --add-opens=java.base/java.lang=ALL-UNNAMED --add-opens=java.base/sun.nio.fs=ALL-UNNAMED -Declipse.application=org.eclipse.jdt.ls.core.id1 -Dosgi.bundles.defaultStartLevel=4 -Declipse.product=org.eclipse.jdt.ls.core.product -Djava.import.generatesMetadataFilesAtProjectRoot=false -DDetectVMInstallationsJob.disabled=true -Dfile.encoding=utf8 -XX:+UseParallelGC -XX:GCTimeRatio=4 -XX:AdaptiveSizePolicyWeight=90 -Dsun.zip.disableMemoryMapping=true -Xmx2G -Xms100m -Xlog:disable -javaagent:c:\Users\Bhumi\.vscode\extensions\redhat.java-1.54.0-win32-x64\lombok\lombok-1.18.39-4050.jar 
java_command: c:\Users\Bhumi\.vscode\extensions\redhat.java-1.54.0-win32-x64\server\plugins\org.eclipse.equinox.launcher_1.7.100.v20251111-0406.jar -configuration c:\Users\Bhumi\AppData\Roaming\Code\User\globalStorage\redhat.java\1.54.0\config_ss_win -data c:\Users\Bhumi\AppData\Roaming\Code\User\workspaceStorage\99dc9a965f1c481dea11390a2d6cf309\redhat.java\ss_ws --pipe=\\.\pipe\lsp-ea07ed396eba0d82f0525cf04932d795-sock
java_class_path (initial): c:\Users\Bhumi\.vscode\extensions\redhat.java-1.54.0-win32-x64\server\plugins\org.eclipse.equinox.launcher_1.7.100.v20251111-0406.jar
Launcher Type: SUN_STANDARD

[Global flags]
    uintx AdaptiveSizePolicyWeight                 = 90                                        {product} {command line}
     intx CICompilerCount                          = 3                                         {product} {ergonomic}
    uintx GCTimeRatio                              = 4                                         {product} {command line}
   size_t InitialHeapSize                          = 104857600                                 {product} {command line}
   size_t MaxHeapSize                              = 2147483648                                {product} {command line}
   size_t MaxNewSize                               = 715653120                                 {product} {ergonomic}
   size_t MinHeapDeltaBytes                        = 524288                                    {product} {ergonomic}
   size_t MinHeapSize                              = 104857600                                 {product} {command line}
   size_t NewSize                                  = 34603008                                  {product} {ergonomic}
    uintx NonNMethodCodeHeapSize                   = 5832780                                {pd product} {ergonomic}
    uintx NonProfiledCodeHeapSize                  = 122912730                              {pd product} {ergonomic}
   size_t OldSize                                  = 70254592                                  {product} {ergonomic}
    uintx ProfiledCodeHeapSize                     = 122912730                              {pd product} {ergonomic}
    uintx ReservedCodeCacheSize                    = 251658240                              {pd product} {ergonomic}
     bool SegmentedCodeCache                       = true                                      {product} {ergonomic}
   size_t SoftMaxHeapSize                          = 2147483648                             {manageable} {ergonomic}
     bool UseCompressedOops                        = true                           {product lp64_product} {ergonomic}
     bool UseLargePagesIndividualAllocation        = false                                  {pd product} {ergonomic}
     bool UseParallelGC                            = true                                      {product} {command line}

Logging:
Log output configuration:
 #0: stdout all=off uptime,level,tags foldmultilines=false
 #1: stderr all=off uptime,level,tags foldmultilines=false

Release file:
JAVA_VERSION="21.0.10" 
MODULES="java.base java.compiler java.datatransfer java.xml java.prefs java.desktop java.instrument java.logging java.management java.security.sasl java.naming java.rmi java.management.rmi java.net.http java.scripting java.security.jgss java.transaction.xa java.sql java.sql.rowset java.xml.crypto java.se java.smartcardio jdk.accessibility jdk.internal.jvmstat jdk.attach jdk.charsets jdk.internal.opt jdk.zipfs jdk.compiler jdk.crypto.ec jdk.crypto.cryptoki jdk.crypto.mscapi jdk.dynalink jdk.internal.ed jdk.editpad jdk.hotspot.agent jdk.httpserver jdk.internal.le jdk.internal.vm.ci jdk.internal.vm.compiler jdk.internal.vm.compiler.management jdk.jartool jdk.javadoc jdk.jcmd jdk.management jdk.management.agent jdk.jconsole jdk.jdeps jdk.jdwp.agent jdk.jdi jdk.jfr jdk.jshell jdk.jsobject jdk.jstatd jdk.localedata jdk.management.jfr jdk.naming.dns jdk.naming.rmi jdk.net jdk.nio.mapmode jdk.random jdk.sctp jdk.security.auth jdk.security.jgss jdk.unsupported jdk.unsupported.desktop jdk.xml.dom" 

Environment Variables:
PATH=C:\Users\Bhumi\AppData\Local\Programs\Microsoft VS Code;C:\Program Files\Common Files\Oracle\Java\javapath;C:\Program Files (x86)\Common Files\Oracle\Java\java8path;C:\Program Files (x86)\Common Files\Oracle\Java\javapath;C:\windows\system32;C:\windows;C:\windows\System32\Wbem;C:\windows\System32\WindowsPowerShell\v1.0\;C:\windows\System32\OpenSSH\;C:\Users\Bhumi\AppData\Local\Microsoft\WindowsApps;C:\Program Files\Bandizip\;C:\adb;C:\Program Files (x86)\GTK2-Runtime\lib;C:\Program Files\Microsoft SQL Server\Client SDK\ODBC\170\Tools\Binn\;C:\Program Files (x86)\Microsoft SQL Server\150\Tools\Binn\;C:\Program Files\Microsoft SQL Server\150\Tools\Binn\;C:\Program Files\Microsoft SQL Server\150\DTS\Binn\;C:\WINDOWS\system32;C:\WINDOWS;C:\WINDOWS\System32\Wbem;C:\WINDOWS\System32\WindowsPowerShell\v1.0\;C:\WINDOWS\System32\OpenSSH\;C:\Program Files\dotnet\;%JAVA_HOME%\bin;C:\MinGW\bin;C:\Program Files\nodejs\;C:\Program Files\Git\cmd;C:\Program Files\Dart\dart-sdk\bin;C:\flutter\bin;C:\Users\Bhumi\AppData\Local\Programs\Python\Launcher\;C:\Program Files\MySQL\MySQL Shell 8.0\bin\;C:\MinGW\bin;C:\Users\Bhumi\AppData\Local\Programs\Microsoft VS Code\bin;C:\Users\Bhumi\AppData\Local\Microsoft\WindowsApps;C:\Users\Bhumi\AppData\Roaming\npm;C:\Users\Bhumi\AppData\Local\Programs\mongosh\;C:\Users\Bhumi\AppData\Local\Python\bin;C:\flutter\bin;C:\ProgramData\Bhumi\GitHubDesktop\bin;C:\Users\Bhumi\AppData\Local\GitHubDesktop\bin
USERNAME=Bhumi
OS=Windows_NT
PROCESSOR_IDENTIFIER=Intel64 Family 6 Model 142 Stepping 12, GenuineIntel
TMP=C:\Users\Bhumi\AppData\Local\Temp
TEMP=C:\Users\Bhumi\AppData\Local\Temp




Periodic native trim disabled

---------------  S Y S T E M  ---------------

OS:
 Windows 11 , 64 bit Build 26100 (10.0.26100.8328)
OS uptime: 0 days 0:41 hours
Hyper-V role detected

CPU: total 4 (initial active 4) (2 cores per cpu, 2 threads per core) family 6 model 142 stepping 12 microcode 0xea, cx8, cmov, fxsr, ht, mmx, 3dnowpref, sse, sse2, sse3, ssse3, sse4.1, sse4.2, popcnt, lzcnt, tsc, tscinvbit, avx, avx2, aes, erms, clmul, bmi1, bmi2, adx, fma, vzeroupper, clflush, clflushopt, hv, rdtscp, f16c
Processor Information for the first 4 processors :
  Max Mhz: 2592, Current Mhz: 2093, Mhz Limit: 2073

Memory: 4k page, system-wide physical 7996M (524M free)
TotalPageFile size 16739M (AvailPageFile size 120M)
current process WorkingSet (physical memory assigned to process): 86M, peak: 88M
current process commit charge ("private bytes"): 223M, peak: 225M

vm_info: OpenJDK 64-Bit Server VM (21.0.10+7-LTS) for windows-amd64 JRE (21.0.10+7-LTS), built on 2026-01-20T00:00:00Z by "admin" with MS VC++ 17.12 (VS2022)

END.
