#
# There is insufficient memory for the Java Runtime Environment to continue.
# Native memory allocation (malloc) failed to allocate 729456 bytes. Error detail: Chunk::new
# Possible reasons:
#   The system is out of physical RAM or swap space
#   This process is running with CompressedOops enabled, and the Java Heap may be blocking the growth of the native heap
# Possible solutions:
#   Reduce memory load on the system
#   Increase physical memory or swap space
#   Check if swap backing store is full
#   Decrease Java heap size (-Xmx/-Xms)
#   Decrease number of Java threads
#   Decrease Java thread stack sizes (-Xss)
#   Set larger code cache with -XX:ReservedCodeCacheSize=
#   JVM is running with Zero Based Compressed Oops mode in which the Java heap is
#     placed in the first 32GB address space. The Java Heap base address is the
#     maximum limit for the native heap growth. Please use -XX:HeapBaseMinAddress
#     to set the Java Heap base and to place the Java Heap above 32GB virtual address.
# This output file may be truncated or incomplete.
#
#  Out of Memory Error (arena.cpp:149), pid=9472, tid=4220
#
# JRE version: Java(TM) SE Runtime Environment (23.0.1+11) (build 23.0.1+11-39)
# Java VM: Java HotSpot(TM) 64-Bit Server VM (23.0.1+11-39, mixed mode, sharing, tiered, compressed oops, compressed class ptrs, g1 gc, windows-amd64)
# No core dump will be written. Minidumps are not enabled by default on client versions of Windows
#

---------------  S U M M A R Y ------------

Command Line: --add-opens=java.base/java.lang=ALL-UNNAMED --add-opens=java.base/java.lang.invoke=ALL-UNNAMED --add-opens=java.base/java.util=ALL-UNNAMED --add-opens=java.prefs/java.util.prefs=ALL-UNNAMED --add-exports=jdk.compiler/com.sun.tools.javac.api=ALL-UNNAMED --add-exports=jdk.compiler/com.sun.tools.javac.util=ALL-UNNAMED --add-opens=java.base/java.util=ALL-UNNAMED --add-opens=java.prefs/java.util.prefs=ALL-UNNAMED --add-opens=java.base/java.nio.charset=ALL-UNNAMED --add-opens=java.base/java.net=ALL-UNNAMED --add-opens=java.base/java.util.concurrent.atomic=ALL-UNNAMED --add-opens=java.xml/javax.xml.namespace=ALL-UNNAMED -XX:MaxMetaspaceSize=4G -XX:ReservedCodeCacheSize=512m -XX:+HeapDumpOnOutOfMemoryError -Xmx8G -Dfile.encoding=UTF-8 -Duser.country=IN -Duser.language=en -Duser.variant -javaagent:C:\Users\Bhumi\.gradle\wrapper\dists\gradle-8.14-all\c2qonpi39x1mddn7hk5gh9iqj\gradle-8.14\lib\agents\gradle-instrumentation-agent-8.14.jar org.gradle.launcher.daemon.bootstrap.GradleDaemon 8.14

Host: Intel(R) Core(TM) i3-10110U CPU @ 2.10GHz, 4 cores, 7G,  Windows 11 , 64 bit Build 26100 (10.0.26100.8328)
Time: Tue May 19 09:07:26 2026 India Standard Time elapsed time: 107.011303 seconds (0d 0h 1m 47s)

---------------  T H R E A D  ---------------

Current thread (0x000001cb7aba7b50):  JavaThread "C2 CompilerThread0" daemon [_thread_in_native, id=4220, stack(0x000000b4ab900000,0x000000b4aba00000) (1024K)]


Current CompileTask:
C2:107011 9340       4       com.google.common.collect.Interners$InternerImpl::intern (54 bytes)

Stack: [0x000000b4ab900000,0x000000b4aba00000]
Native frames: (J=compiled Java code, j=interpreted, Vv=VM code, C=native code)
V  [jvm.dll+0x6e08b9]  (no source info available)
V  [jvm.dll+0x87dc83]  (no source info available)
V  [jvm.dll+0x88010e]  (no source info available)
V  [jvm.dll+0x8807e3]  (no source info available)
V  [jvm.dll+0x27aee6]  (no source info available)
V  [jvm.dll+0xbc06f]  (no source info available)
V  [jvm.dll+0xbc2cb]  (no source info available)
V  [jvm.dll+0x3b3a62]  (no source info available)
V  [jvm.dll+0x38a42b]  (no source info available)
V  [jvm.dll+0x38989a]  (no source info available)
V  [jvm.dll+0x244aa1]  (no source info available)
V  [jvm.dll+0x243dff]  (no source info available)
V  [jvm.dll+0x1c33a0]  (no source info available)
V  [jvm.dll+0x253cf1]  (no source info available)
V  [jvm.dll+0x251faa]  (no source info available)
V  [jvm.dll+0x3ee036]  (no source info available)
V  [jvm.dll+0x824f8b]  (no source info available)
V  [jvm.dll+0x6df065]  (no source info available)
C  [ucrtbase.dll+0x37b0]  (no source info available)
C  [KERNEL32.DLL+0x2e957]  (no source info available)
C  [ntdll.dll+0x427c]  (no source info available)

Lock stack of current Java thread (top to bottom):


---------------  P R O C E S S  ---------------

Threads class SMR info:
_java_thread_list=0x000001cb7d72c9e0, length=51, elements={
0x000001cb661e3230, 0x000001cb7ab91660, 0x000001cb7ab92de0, 0x000001cb7ab99c40,
0x000001cb7ab9a6a0, 0x000001cb7ab9c6f0, 0x000001cb7ab9e610, 0x000001cb7aba7b50,
0x000001cb7abaf5c0, 0x000001cb7ab67ec0, 0x000001cb65282040, 0x000001cb7ea4cb60,
0x000001cb7dcf4ad0, 0x000001cb7e8476d0, 0x000001cb7d9cf430, 0x000001cb7d9cfaa0,
0x000001cb651819d0, 0x000001cb7e7e3940, 0x000001cb7e7e3fd0, 0x000001cb7e7e2c20,
0x000001cb7e7e1f00, 0x000001cb7e7e5380, 0x000001cb7e7e2590, 0x000001cb7e7e32b0,
0x000001cb7e7e4cf0, 0x000001cb7f55ff80, 0x000001cb7f5626e0, 0x000001cb7f560610,
0x000001cb7f561330, 0x000001cb7f562d70, 0x000001cb7f5647b0, 0x000001cb7f564e40,
0x000001cb7f566880, 0x000001cb7f5675a0, 0x000001cb8221c660, 0x000001cb7e7bc580,
0x000001cb7e7bbef0, 0x000001cb7e7bd2a0, 0x000001cb7e7ba4b0, 0x000001cb7e7bcc10,
0x000001cb7e7bab40, 0x000001cb7e7b9e20, 0x000001cb7e7bd930, 0x000001cb7e7bdfc0,
0x000001cb7e7bb860, 0x000001cb7e7c0db0, 0x000001cb7e049b20, 0x000001cb7e0466a0,
0x000001cb7e04a1b0, 0x000001cb7e04a840, 0x000001cb7e0473c0
}

Java Threads: ( => current thread )
  0x000001cb661e3230 JavaThread "main"                              [_thread_blocked, id=16820, stack(0x000000b4aab00000,0x000000b4aac00000) (1024K)]
  0x000001cb7ab91660 JavaThread "Reference Handler"          daemon [_thread_blocked, id=16464, stack(0x000000b4ab300000,0x000000b4ab400000) (1024K)]
  0x000001cb7ab92de0 JavaThread "Finalizer"                  daemon [_thread_blocked, id=1680, stack(0x000000b4ab400000,0x000000b4ab500000) (1024K)]
  0x000001cb7ab99c40 JavaThread "Signal Dispatcher"          daemon [_thread_blocked, id=17824, stack(0x000000b4ab500000,0x000000b4ab600000) (1024K)]
  0x000001cb7ab9a6a0 JavaThread "Attach Listener"            daemon [_thread_blocked, id=12032, stack(0x000000b4ab600000,0x000000b4ab700000) (1024K)]
  0x000001cb7ab9c6f0 JavaThread "Service Thread"             daemon [_thread_blocked, id=7652, stack(0x000000b4ab700000,0x000000b4ab800000) (1024K)]
  0x000001cb7ab9e610 JavaThread "Monitor Deflation Thread"   daemon [_thread_blocked, id=8216, stack(0x000000b4ab800000,0x000000b4ab900000) (1024K)]
=>0x000001cb7aba7b50 JavaThread "C2 CompilerThread0"         daemon [_thread_in_native, id=4220, stack(0x000000b4ab900000,0x000000b4aba00000) (1024K)]
  0x000001cb7abaf5c0 JavaThread "C1 CompilerThread0"         daemon [_thread_blocked, id=16852, stack(0x000000b4aba00000,0x000000b4abb00000) (1024K)]
  0x000001cb7ab67ec0 JavaThread "Common-Cleaner"             daemon [_thread_blocked, id=4452, stack(0x000000b4abb00000,0x000000b4abc00000) (1024K)]
  0x000001cb65282040 JavaThread "Notification Thread"        daemon [_thread_blocked, id=1820, stack(0x000000b4abc00000,0x000000b4abd00000) (1024K)]
  0x000001cb7ea4cb60 JavaThread "Daemon health stats"               [_thread_blocked, id=8680, stack(0x000000b4ac000000,0x000000b4ac100000) (1024K)]
  0x000001cb7dcf4ad0 JavaThread "Incoming local TCP Connector on port 52071"        [_thread_in_native, id=16256, stack(0x000000b4ac100000,0x000000b4ac200000) (1024K)]
  0x000001cb7e8476d0 JavaThread "Daemon periodic checks"            [_thread_blocked, id=15280, stack(0x000000b4ac200000,0x000000b4ac300000) (1024K)]
  0x000001cb7d9cf430 JavaThread "Daemon"                            [_thread_blocked, id=16336, stack(0x000000b4ac300000,0x000000b4ac400000) (1024K)]
  0x000001cb7d9cfaa0 JavaThread "Handler for socket connection from /127.0.0.1:52071 to /127.0.0.1:52072"        [_thread_in_native, id=12520, stack(0x000000b4ac400000,0x000000b4ac500000) (1024K)]
  0x000001cb651819d0 JavaThread "Cancel handler"                    [_thread_blocked, id=16424, stack(0x000000b4ac500000,0x000000b4ac600000) (1024K)]
  0x000001cb7e7e3940 JavaThread "Daemon worker"                     [_thread_blocked, id=17360, stack(0x000000b4ac600000,0x000000b4ac700000) (1024K)]
  0x000001cb7e7e3fd0 JavaThread "Asynchronous log dispatcher for DefaultDaemonConnection: socket connection from /127.0.0.1:52071 to /127.0.0.1:52072"        [_thread_blocked, id=2592, stack(0x000000b4ac700000,0x000000b4ac800000) (1024K)]
  0x000001cb7e7e2c20 JavaThread "Stdin handler"                     [_thread_blocked, id=18404, stack(0x000000b4ac800000,0x000000b4ac900000) (1024K)]
  0x000001cb7e7e1f00 JavaThread "Daemon client event forwarder"        [_thread_blocked, id=15348, stack(0x000000b4ac900000,0x000000b4aca00000) (1024K)]
  0x000001cb7e7e5380 JavaThread "Cache worker for journal cache (C:\Users\Bhumi\.gradle\caches\journal-1)"        [_thread_blocked, id=8068, stack(0x000000b4aca00000,0x000000b4acb00000) (1024K)]
  0x000001cb7e7e2590 JavaThread "File lock request listener"        [_thread_in_native, id=16600, stack(0x000000b4acb00000,0x000000b4acc00000) (1024K)]
  0x000001cb7e7e32b0 JavaThread "Cache worker for file hash cache (C:\Users\Bhumi\.gradle\caches\8.14\fileHashes)"        [_thread_blocked, id=12044, stack(0x000000b4acd00000,0x000000b4ace00000) (1024K)]
  0x000001cb7e7e4cf0 JavaThread "Cache worker for file hash cache (C:\Users\Bhumi\FLutterProjects\flutter_application_1\android\.gradle\8.14\fileHashes)"        [_thread_blocked, id=17740, stack(0x000000b4ace00000,0x000000b4acf00000) (1024K)]
  0x000001cb7f55ff80 JavaThread "Cache worker for Build Output Cleanup Cache (C:\Users\Bhumi\FLutterProjects\flutter_application_1\android\.gradle\buildOutputCleanup)"        [_thread_blocked, id=15080, stack(0x000000b4acf00000,0x000000b4ad000000) (1024K)]
  0x000001cb7f5626e0 JavaThread "File watcher server"        daemon [_thread_in_native, id=13064, stack(0x000000b4ad000000,0x000000b4ad100000) (1024K)]
  0x000001cb7f560610 JavaThread "File watcher consumer"      daemon [_thread_blocked, id=16720, stack(0x000000b4ad100000,0x000000b4ad200000) (1024K)]
  0x000001cb7f561330 JavaThread "jar transforms"                    [_thread_blocked, id=2432, stack(0x000000b4acc00000,0x000000b4acd00000) (1024K)]
  0x000001cb7f562d70 JavaThread "jar transforms Thread 2"           [_thread_blocked, id=8448, stack(0x000000b4ad200000,0x000000b4ad300000) (1024K)]
  0x000001cb7f5647b0 JavaThread "Cache worker for checksums cache (C:\Users\Bhumi\FLutterProjects\flutter_application_1\android\.gradle\8.14\checksums)"        [_thread_blocked, id=5820, stack(0x000000b4ad400000,0x000000b4ad500000) (1024K)]
  0x000001cb7f564e40 JavaThread "Cache worker for file content cache (C:\Users\Bhumi\.gradle\caches\8.14\fileContent)"        [_thread_blocked, id=2760, stack(0x000000b4ad500000,0x000000b4ad600000) (1024K)]
  0x000001cb7f566880 JavaThread "Cache worker for cache directory md-supplier (C:\Users\Bhumi\.gradle\caches\8.14\md-supplier)"        [_thread_blocked, id=13180, stack(0x000000b4ad600000,0x000000b4ad700000) (1024K)]
  0x000001cb7f5675a0 JavaThread "Cache worker for cache directory md-rule (C:\Users\Bhumi\.gradle\caches\8.14\md-rule)"        [_thread_blocked, id=16160, stack(0x000000b4ad700000,0x000000b4ad800000) (1024K)]
  0x000001cb8221c660 JavaThread "Cache worker for Build Output Cleanup Cache (C:\flutter\packages\flutter_tools\gradle\.gradle\buildOutputCleanup)"        [_thread_blocked, id=12588, stack(0x000000b4ad800000,0x000000b4ad900000) (1024K)]
  0x000001cb7e7bc580 JavaThread "Unconstrained build operations"        [_thread_blocked, id=17716, stack(0x000000b4ad300000,0x000000b4ad400000) (1024K)]
  0x000001cb7e7bbef0 JavaThread "Unconstrained build operations Thread 2"        [_thread_blocked, id=14324, stack(0x000000b4ad900000,0x000000b4ada00000) (1024K)]
  0x000001cb7e7bd2a0 JavaThread "Unconstrained build operations Thread 3"        [_thread_blocked, id=10176, stack(0x000000b4ada00000,0x000000b4adb00000) (1024K)]
  0x000001cb7e7ba4b0 JavaThread "Unconstrained build operations Thread 4"        [_thread_blocked, id=5864, stack(0x000000b4adb00000,0x000000b4adc00000) (1024K)]
  0x000001cb7e7bcc10 JavaThread "Unconstrained build operations Thread 5"        [_thread_blocked, id=15972, stack(0x000000b4adc00000,0x000000b4add00000) (1024K)]
  0x000001cb7e7bab40 JavaThread "Unconstrained build operations Thread 6"        [_thread_blocked, id=8940, stack(0x000000b4add00000,0x000000b4ade00000) (1024K)]
  0x000001cb7e7b9e20 JavaThread "Unconstrained build operations Thread 7"        [_thread_blocked, id=6228, stack(0x000000b4ade00000,0x000000b4adf00000) (1024K)]
  0x000001cb7e7bd930 JavaThread "Unconstrained build operations Thread 8"        [_thread_blocked, id=16324, stack(0x000000b4adf00000,0x000000b4ae000000) (1024K)]
  0x000001cb7e7bdfc0 JavaThread "Unconstrained build operations Thread 9"        [_thread_blocked, id=10804, stack(0x000000b4ae000000,0x000000b4ae100000) (1024K)]
  0x000001cb7e7bb860 JavaThread "Memory manager"                    [_thread_blocked, id=8596, stack(0x000000b4aa900000,0x000000b4aaa00000) (1024K)]
  0x000001cb7e7c0db0 JavaThread "build event listener"              [_thread_blocked, id=17060, stack(0x000000b4aaa00000,0x000000b4aab00000) (1024K)]
  0x000001cb7e049b20 JavaThread "included builds"                   [_thread_blocked, id=18280, stack(0x000000b4ae200000,0x000000b4ae300000) (1024K)]
  0x000001cb7e0466a0 JavaThread "Execution worker"                  [_thread_blocked, id=17540, stack(0x000000b4ae300000,0x000000b4ae400000) (1024K)]
  0x000001cb7e04a1b0 JavaThread "Execution worker Thread 2"         [_thread_blocked, id=14972, stack(0x000000b4ae400000,0x000000b4ae500000) (1024K)]
  0x000001cb7e04a840 JavaThread "Execution worker Thread 3"         [_thread_in_native, id=17520, stack(0x000000b4ae500000,0x000000b4ae600000) (1024K)]
  0x000001cb7e0473c0 JavaThread "Cache worker for execution history cache (C:\flutter\packages\flutter_tools\gradle\.gradle\8.14\executionHistory)"        [_thread_blocked, id=9756, stack(0x000000b4ae600000,0x000000b4ae700000) (1024K)]
Total: 51

Other Threads:
  0x000001cb7ab77300 VMThread "VM Thread"                           [id=9028, stack(0x000000b4ab200000,0x000000b4ab300000) (1024K)]
  0x000001cb7ab66940 WatcherThread "VM Periodic Task Thread"        [id=6812, stack(0x000000b4ab100000,0x000000b4ab200000) (1024K)]
  0x000001cb66289b00 WorkerThread "GC Thread#0"                     [id=12392, stack(0x000000b4aac00000,0x000000b4aad00000) (1024K)]
  0x000001cb6532cf00 WorkerThread "GC Thread#1"                     [id=3348, stack(0x000000b4abd00000,0x000000b4abe00000) (1024K)]
  0x000001cb6532d2b0 WorkerThread "GC Thread#2"                     [id=8484, stack(0x000000b4abe00000,0x000000b4abf00000) (1024K)]
  0x000001cb6533ab00 WorkerThread "GC Thread#3"                     [id=15584, stack(0x000000b4abf00000,0x000000b4ac000000) (1024K)]
  0x000001cb7a9f4090 ConcurrentGCThread "G1 Main Marker"            [id=6760, stack(0x000000b4aad00000,0x000000b4aae00000) (1024K)]
  0x000001cb7a9f5250 WorkerThread "G1 Conc#0"                       [id=18060, stack(0x000000b4aae00000,0x000000b4aaf00000) (1024K)]
  0x000001cb7aa38540 ConcurrentGCThread "G1 Refine#0"               [id=16616, stack(0x000000b4aaf00000,0x000000b4ab000000) (1024K)]
  0x000001cb7aa38fd0 ConcurrentGCThread "G1 Service"                [id=17484, stack(0x000000b4ab000000,0x000000b4ab100000) (1024K)]
Total: 10

Threads with active compile tasks:
C2 CompilerThread0  107156 9340       4       com.google.common.collect.Interners$InternerImpl::intern (54 bytes)
Total: 1

VM state: not at safepoint (normal execution)

VM Mutex/Monitor currently owned by a thread: None

Heap address: 0x0000000600000000, size: 8192 MB, Compressed Oops mode: Zero based, Oop shift amount: 3

CDS archive(s) mapped at: [0x000001cb20000000-0x000001cb20d70000-0x000001cb20d70000), size 14090240, SharedBaseAddress: 0x000001cb20000000, ArchiveRelocationMode: 1.
Compressed class space mapped at: 0x000001cb21000000-0x000001cb61000000, reserved size: 1073741824
Narrow klass base: 0x000001cb20000000, Narrow klass shift: 0, Narrow klass range: 0x41000000

GC Precious Log:
 CardTable entry size: 512
 Card Set container configuration: InlinePtr #cards 4 size 8 Array Of Cards #cards 32 size 80 Howl #buckets 8 coarsen threshold 7372 Howl Bitmap #cards 1024 size 144 coarsen threshold 921 Card regions per heap region 1 cards per card region 8192
 CPUs: 4 total, 4 available
 Memory: 7996M
 Large Page Support: Disabled
 NUMA Support: Disabled
 Compressed Oops: Enabled (Zero based)
 Heap Region Size: 4M
 Heap Min Capacity: 8M
 Heap Initial Capacity: 128M
 Heap Max Capacity: 8G
 Pre-touch: Disabled
 Parallel Workers: 4
 Concurrent Workers: 1
 Concurrent Refinement Workers: 4
 Periodic GC: Disabled

Heap:
 garbage-first heap   total reserved 8388608K, committed 118784K, used 72787K [0x0000000600000000, 0x0000000800000000)
  region size 4096K, 4 young (16384K), 2 survivors (8192K)
 Metaspace       used 73355K, committed 75584K, reserved 1114112K
  class space    used 10846K, committed 11904K, reserved 1048576K

Heap Regions: E=young(eden), S=young(survivor), O=old, HS=humongous(starts), HC=humongous(continues), CS=collection set, F=free, TAMS=top-at-mark-start, PB=parsable bottom
|   0|0x0000000600000000, 0x0000000600400000, 0x0000000600400000|100%|HS|  |TAMS 0x0000000600000000| PB 0x0000000600000000| Complete |  0
|   1|0x0000000600400000, 0x0000000600800000, 0x0000000600800000|100%| O|  |TAMS 0x0000000600400000| PB 0x0000000600400000| Untracked |  0
|   2|0x0000000600800000, 0x0000000600c00000, 0x0000000600c00000|100%| O|  |TAMS 0x0000000600800000| PB 0x0000000600800000| Untracked |  0
|   3|0x0000000600c00000, 0x0000000601000000, 0x0000000601000000|100%| O|  |TAMS 0x0000000600c00000| PB 0x0000000600c00000| Untracked |  0
|   4|0x0000000601000000, 0x0000000601400000, 0x0000000601400000|100%| O|  |TAMS 0x0000000601000000| PB 0x0000000601000000| Untracked |  0
|   5|0x0000000601400000, 0x0000000601800000, 0x0000000601800000|100%| O|  |TAMS 0x0000000601400000| PB 0x0000000601400000| Untracked |  0
|   6|0x0000000601800000, 0x0000000601c00000, 0x0000000601c00000|100%| O|  |TAMS 0x0000000601800000| PB 0x0000000601800000| Untracked |  0
|   7|0x0000000601c00000, 0x0000000602000000, 0x0000000602000000|100%| O|  |TAMS 0x0000000601c00000| PB 0x0000000601c00000| Untracked |  0
|   8|0x0000000602000000, 0x0000000602400000, 0x0000000602400000|100%| O|  |TAMS 0x0000000602000000| PB 0x0000000602000000| Untracked |  0
|   9|0x0000000602400000, 0x0000000602800000, 0x0000000602800000|100%| O|  |TAMS 0x0000000602400000| PB 0x0000000602400000| Untracked |  0
|  10|0x0000000602800000, 0x0000000602c00000, 0x0000000602c00000|100%|HS|  |TAMS 0x0000000602800000| PB 0x0000000602800000| Complete |  0
|  11|0x0000000602c00000, 0x0000000603000000, 0x0000000603000000|100%| O|  |TAMS 0x0000000602c00000| PB 0x0000000602c00000| Untracked |  0
|  12|0x0000000603000000, 0x0000000603400000, 0x0000000603400000|100%| O|  |TAMS 0x0000000603000000| PB 0x0000000603000000| Untracked |  0
|  13|0x0000000603400000, 0x0000000603400000, 0x0000000603800000|  0%| F|  |TAMS 0x0000000603400000| PB 0x0000000603400000| Untracked |  0
|  14|0x0000000603800000, 0x0000000603c00000, 0x0000000603c00000|100%|HS|  |TAMS 0x0000000603800000| PB 0x0000000603800000| Complete |  0
|  15|0x0000000603c00000, 0x0000000604000000, 0x0000000604000000|100%| O|  |TAMS 0x0000000603c00000| PB 0x0000000603c00000| Untracked |  0
|  16|0x0000000604000000, 0x0000000604296508, 0x0000000604400000| 64%| O|  |TAMS 0x0000000604000000| PB 0x0000000604000000| Untracked |  0
|  17|0x0000000604400000, 0x0000000604400000, 0x0000000604800000|  0%| F|  |TAMS 0x0000000604400000| PB 0x0000000604400000| Untracked |  0
|  18|0x0000000604800000, 0x000000060487e7d0, 0x0000000604c00000| 12%| S|CS|TAMS 0x0000000604800000| PB 0x0000000604800000| Complete |  0
|  19|0x0000000604c00000, 0x0000000604c00000, 0x0000000605000000|  0%| F|  |TAMS 0x0000000604c00000| PB 0x0000000604c00000| Untracked |  0
|  20|0x0000000605000000, 0x0000000605000000, 0x0000000605400000|  0%| F|  |TAMS 0x0000000605000000| PB 0x0000000605000000| Untracked |  0
|  21|0x0000000605400000, 0x0000000605800000, 0x0000000605800000|100%| S|CS|TAMS 0x0000000605400000| PB 0x0000000605400000| Complete |  0
|  22|0x0000000605800000, 0x0000000605800000, 0x0000000605c00000|  0%| F|  |TAMS 0x0000000605800000| PB 0x0000000605800000| Untracked |  0
|  23|0x0000000605c00000, 0x0000000605c00000, 0x0000000606000000|  0%| F|  |TAMS 0x0000000605c00000| PB 0x0000000605c00000| Untracked |  0
|  24|0x0000000606000000, 0x0000000606000000, 0x0000000606400000|  0%| F|  |TAMS 0x0000000606000000| PB 0x0000000606000000| Untracked |  0
|  25|0x0000000606400000, 0x0000000606400000, 0x0000000606800000|  0%| F|  |TAMS 0x0000000606400000| PB 0x0000000606400000| Untracked |  0
|  26|0x0000000606800000, 0x0000000606800000, 0x0000000606c00000|  0%| F|  |TAMS 0x0000000606800000| PB 0x0000000606800000| Untracked |  0
|  27|0x0000000606c00000, 0x0000000606d4d948, 0x0000000607000000| 32%| E|  |TAMS 0x0000000606c00000| PB 0x0000000606c00000| Complete |  0
|  30|0x0000000607800000, 0x0000000607c00000, 0x0000000607c00000|100%| E|CS|TAMS 0x0000000607800000| PB 0x0000000607800000| Complete |  0

Card table byte_map: [0x000001cb719a0000,0x000001cb729a0000] _byte_map_base: 0x000001cb6e9a0000

Marking Bits: (CMBitMap*) 0x000001cb6628a120
 Bits: [0x000001cb729a0000, 0x000001cb7a9a0000)

Polling page: 0x000001cb6ffd0000

Metaspace:

Usage:
  Non-class:     61.04 MB used.
      Class:     10.59 MB used.
       Both:     71.64 MB used.

Virtual space:
  Non-class space:       64.00 MB reserved,      62.19 MB ( 97%) committed,  1 nodes.
      Class space:        1.00 GB reserved,      11.62 MB (  1%) committed,  1 nodes.
             Both:        1.06 GB reserved,      73.81 MB (  7%) committed. 

Chunk freelists:
   Non-Class:  1.67 MB
       Class:  4.42 MB
        Both:  6.09 MB

MaxMetaspaceSize: 4.00 GB
CompressedClassSpaceSize: 1.00 GB
Initial GC threshold: 21.00 MB
Current GC threshold: 114.81 MB
CDS: on
 - commit_granule_bytes: 65536.
 - commit_granule_words: 8192.
 - virtual_space_node_default_size: 8388608.
 - enlarge_chunks_in_place: 1.
 - use_allocation_guard: 0.


Internal statistics:

num_allocs_failed_limit: 12.
num_arena_births: 3796.
num_arena_deaths: 0.
num_vsnodes_births: 2.
num_vsnodes_deaths: 0.
num_space_committed: 1181.
num_space_uncommitted: 0.
num_chunks_returned_to_freelist: 12.
num_chunks_taken_from_freelist: 7120.
num_chunk_merges: 12.
num_chunk_splits: 4619.
num_chunks_enlarged: 2866.
num_inconsistent_stats: 0.

CodeHeap 'non-profiled nmethods': size=259328Kb used=3770Kb max_used=3770Kb free=255557Kb
 bounds [0x000001cb102c0000, 0x000001cb10670000, 0x000001cb20000000]
CodeHeap 'profiled nmethods': size=259264Kb used=11889Kb max_used=12127Kb free=247374Kb
 bounds [0x000001cb00000000, 0x000001cb00be0000, 0x000001cb0fd30000]
CodeHeap 'non-nmethods': size=5696Kb used=2813Kb max_used=2882Kb free=2882Kb
 bounds [0x000001cb0fd30000, 0x000001cb10020000, 0x000001cb102c0000]
CodeCache: size=524288Kb, used=18472Kb, max_used=18779Kb, free=505813Kb
 total_blobs=9113, nmethods=8156, adapters=859, full_count=0
Compilation: enabled, stopped_count=0, restarted_count=0

Compilation events (20 events):
Event: 106.989 Thread 0x000001cb7abaf5c0 9347       3       org.gradle.util.internal.DeferredUtil::unpackNestableDeferred (37 bytes)
Event: 106.990 Thread 0x000001cb7abaf5c0 nmethod 9347 0x000001cb0095ea08 code [0x000001cb0095ebc0, 0x000001cb0095f6b8]
Event: 106.992 Thread 0x000001cb7abaf5c0 9348       3       java.lang.invoke.DirectMethodHandle$Holder::invokeStatic (14 bytes)
Event: 106.992 Thread 0x000001cb7abaf5c0 nmethod 9348 0x000001cb005fdc08 code [0x000001cb005fdd40, 0x000001cb005fe170]
Event: 106.993 Thread 0x000001cb7abaf5c0 9349       3       org.gradle.api.internal.provider.Providers$FixedValueProvider::calculateOwnValue (8 bytes)
Event: 106.994 Thread 0x000001cb7abaf5c0 nmethod 9349 0x000001cb0095e408 code [0x000001cb0095e560, 0x000001cb0095e998]
Event: 106.998 Thread 0x000001cb7abaf5c0 9350       3       org.gradle.internal.fingerprint.impl.AbstractFileCollectionFingerprinter::fingerprint (10 bytes)
Event: 106.998 Thread 0x000001cb7abaf5c0 nmethod 9350 0x000001cb0072ef88 code [0x000001cb0072f0a0, 0x000001cb0072f1e8]
Event: 106.999 Thread 0x000001cb7abaf5c0 9351       3       org.gradle.internal.action.DefaultConfigurableRule::hashCode (22 bytes)
Event: 107.000 Thread 0x000001cb7abaf5c0 nmethod 9351 0x000001cb0095dc88 code [0x000001cb0095dde0, 0x000001cb0095e390]
Event: 107.000 Thread 0x000001cb7abaf5c0 9352       3       org.gradle.internal.snapshot.impl.IsolatedArray::hashCode (5 bytes)
Event: 107.000 Thread 0x000001cb7abaf5c0 nmethod 9352 0x000001cb00039088 code [0x000001cb000391c0, 0x000001cb000393f0]
Event: 107.000 Thread 0x000001cb7abaf5c0 9353       3       org.gradle.internal.snapshot.impl.AbstractArraySnapshot::hashCode (8 bytes)
Event: 107.000 Thread 0x000001cb7abaf5c0 nmethod 9353 0x000001cb005a1e08 code [0x000001cb005a1f20, 0x000001cb005a20f0]
Event: 107.000 Thread 0x000001cb7abaf5c0 9354       3       org.gradle.api.internal.DefaultDomainObjectCollection::iterator (18 bytes)
Event: 107.001 Thread 0x000001cb7abaf5c0 nmethod 9354 0x000001cb00417a08 code [0x000001cb00417b40, 0x000001cb00417f10]
Event: 107.006 Thread 0x000001cb7abaf5c0 9356       3       org.gradle.api.internal.artifacts.ivyservice.resolveengine.graph.builder.ModuleResolveState::isVirtualPlatform (28 bytes)
Event: 107.007 Thread 0x000001cb7abaf5c0 nmethod 9356 0x000001cb00417608 code [0x000001cb00417740, 0x000001cb004179b8]
Event: 107.007 Thread 0x000001cb7abaf5c0 9355       1       org.gradle.internal.component.local.model.DefaultLocalVariantGraphResolveMetadata::getAttributes (5 bytes)
Event: 107.007 Thread 0x000001cb7abaf5c0 nmethod 9355 0x000001cb1066a088 code [0x000001cb1066a1a0, 0x000001cb1066a270]

GC Heap History (20 events):
Event: 17.710 GC heap before
{Heap before GC invocations=13 (full 0):
 garbage-first heap   total reserved 8388608K, committed 98304K, used 76591K [0x0000000600000000, 0x0000000800000000)
  region size 4096K, 11 young (45056K), 1 survivors (4096K)
 Metaspace       used 42045K, committed 43648K, reserved 1114112K
  class space    used 6078K, committed 6848K, reserved 1048576K
}
Event: 17.729 GC heap after
{Heap after GC invocations=14 (full 0):
 garbage-first heap   total reserved 8388608K, committed 98304K, used 37519K [0x0000000600000000, 0x0000000800000000)
  region size 4096K, 2 young (8192K), 2 survivors (8192K)
 Metaspace       used 42045K, committed 43648K, reserved 1114112K
  class space    used 6078K, committed 6848K, reserved 1048576K
}
Event: 19.271 GC heap before
{Heap before GC invocations=14 (full 0):
 garbage-first heap   total reserved 8388608K, committed 98304K, used 78479K [0x0000000600000000, 0x0000000800000000)
  region size 4096K, 12 young (49152K), 2 survivors (8192K)
 Metaspace       used 44423K, committed 46080K, reserved 1114112K
  class space    used 6465K, committed 7232K, reserved 1048576K
}
Event: 19.290 GC heap after
{Heap after GC invocations=15 (full 0):
 garbage-first heap   total reserved 8388608K, committed 118784K, used 38861K [0x0000000600000000, 0x0000000800000000)
  region size 4096K, 2 young (8192K), 2 survivors (8192K)
 Metaspace       used 44423K, committed 46080K, reserved 1114112K
  class space    used 6465K, committed 7232K, reserved 1048576K
}
Event: 47.978 GC heap before
{Heap before GC invocations=15 (full 0):
 garbage-first heap   total reserved 8388608K, committed 118784K, used 96205K [0x0000000600000000, 0x0000000800000000)
  region size 4096K, 16 young (65536K), 2 survivors (8192K)
 Metaspace       used 49967K, committed 51776K, reserved 1114112K
  class space    used 7407K, committed 8256K, reserved 1048576K
}
Event: 47.996 GC heap after
{Heap after GC invocations=16 (full 0):
 garbage-first heap   total reserved 8388608K, committed 118784K, used 41898K [0x0000000600000000, 0x0000000800000000)
  region size 4096K, 2 young (8192K), 2 survivors (8192K)
 Metaspace       used 49967K, committed 51776K, reserved 1114112K
  class space    used 7407K, committed 8256K, reserved 1048576K
}
Event: 67.295 GC heap before
{Heap before GC invocations=16 (full 0):
 garbage-first heap   total reserved 8388608K, committed 118784K, used 99242K [0x0000000600000000, 0x0000000800000000)
  region size 4096K, 16 young (65536K), 2 survivors (8192K)
 Metaspace       used 54672K, committed 56576K, reserved 1114112K
  class space    used 8071K, committed 8960K, reserved 1048576K
}
Event: 67.320 GC heap after
{Heap after GC invocations=17 (full 0):
 garbage-first heap   total reserved 8388608K, committed 118784K, used 45757K [0x0000000600000000, 0x0000000800000000)
  region size 4096K, 2 young (8192K), 2 survivors (8192K)
 Metaspace       used 54672K, committed 56576K, reserved 1114112K
  class space    used 8071K, committed 8960K, reserved 1048576K
}
Event: 73.586 GC heap before
{Heap before GC invocations=17 (full 0):
 garbage-first heap   total reserved 8388608K, committed 118784K, used 90813K [0x0000000600000000, 0x0000000800000000)
  region size 4096K, 14 young (57344K), 2 survivors (8192K)
 Metaspace       used 58859K, committed 60800K, reserved 1114112K
  class space    used 8688K, committed 9600K, reserved 1048576K
}
Event: 73.608 GC heap after
{Heap after GC invocations=18 (full 0):
 garbage-first heap   total reserved 8388608K, committed 118784K, used 54522K [0x0000000600000000, 0x0000000800000000)
  region size 4096K, 2 young (8192K), 2 survivors (8192K)
 Metaspace       used 58859K, committed 60800K, reserved 1114112K
  class space    used 8688K, committed 9600K, reserved 1048576K
}
Event: 82.889 GC heap before
{Heap before GC invocations=19 (full 0):
 garbage-first heap   total reserved 8388608K, committed 118784K, used 99578K [0x0000000600000000, 0x0000000800000000)
  region size 4096K, 13 young (53248K), 2 survivors (8192K)
 Metaspace       used 63383K, committed 65408K, reserved 1114112K
  class space    used 9289K, committed 10240K, reserved 1048576K
}
Event: 82.906 GC heap after
{Heap after GC invocations=20 (full 0):
 garbage-first heap   total reserved 8388608K, committed 118784K, used 58561K [0x0000000600000000, 0x0000000800000000)
  region size 4096K, 1 young (4096K), 1 survivors (4096K)
 Metaspace       used 63383K, committed 65408K, reserved 1114112K
  class space    used 9289K, committed 10240K, reserved 1048576K
}
Event: 88.698 GC heap before
{Heap before GC invocations=20 (full 0):
 garbage-first heap   total reserved 8388608K, committed 118784K, used 107713K [0x0000000600000000, 0x0000000800000000)
  region size 4096K, 12 young (49152K), 1 survivors (4096K)
 Metaspace       used 66202K, committed 68224K, reserved 1114112K
  class space    used 9697K, committed 10624K, reserved 1048576K
}
Event: 88.719 GC heap after
{Heap after GC invocations=21 (full 0):
 garbage-first heap   total reserved 8388608K, committed 118784K, used 63620K [0x0000000600000000, 0x0000000800000000)
  region size 4096K, 1 young (4096K), 1 survivors (4096K)
 Metaspace       used 66202K, committed 68224K, reserved 1114112K
  class space    used 9697K, committed 10624K, reserved 1048576K
}
Event: 94.513 GC heap before
{Heap before GC invocations=21 (full 0):
 garbage-first heap   total reserved 8388608K, committed 118784K, used 100484K [0x0000000600000000, 0x0000000800000000)
  region size 4096K, 11 young (45056K), 1 survivors (4096K)
 Metaspace       used 68493K, committed 70528K, reserved 1114112K
  class space    used 10036K, committed 11008K, reserved 1048576K
}
Event: 94.528 GC heap after
{Heap after GC invocations=22 (full 0):
 garbage-first heap   total reserved 8388608K, committed 118784K, used 65655K [0x0000000600000000, 0x0000000800000000)
  region size 4096K, 2 young (8192K), 2 survivors (8192K)
 Metaspace       used 68493K, committed 70528K, reserved 1114112K
  class space    used 10036K, committed 11008K, reserved 1048576K
}
Event: 99.577 GC heap before
{Heap before GC invocations=23 (full 0):
 garbage-first heap   total reserved 8388608K, committed 118784K, used 98423K [0x0000000600000000, 0x0000000800000000)
  region size 4096K, 10 young (40960K), 2 survivors (8192K)
 Metaspace       used 70663K, committed 72832K, reserved 1114112K
  class space    used 10339K, committed 11392K, reserved 1048576K
}
Event: 99.601 GC heap after
{Heap after GC invocations=24 (full 0):
 garbage-first heap   total reserved 8388608K, committed 118784K, used 68277K [0x0000000600000000, 0x0000000800000000)
  region size 4096K, 2 young (8192K), 2 survivors (8192K)
 Metaspace       used 70663K, committed 72832K, reserved 1114112K
  class space    used 10339K, committed 11392K, reserved 1048576K
}
Event: 106.882 GC heap before
{Heap before GC invocations=24 (full 0):
 garbage-first heap   total reserved 8388608K, committed 118784K, used 96949K [0x0000000600000000, 0x0000000800000000)
  region size 4096K, 9 young (36864K), 2 survivors (8192K)
 Metaspace       used 73213K, committed 75392K, reserved 1114112K
  class space    used 10822K, committed 11840K, reserved 1048576K
}
Event: 106.900 GC heap after
{Heap after GC invocations=25 (full 0):
 garbage-first heap   total reserved 8388608K, committed 118784K, used 68691K [0x0000000600000000, 0x0000000800000000)
  region size 4096K, 2 young (8192K), 2 survivors (8192K)
 Metaspace       used 73213K, committed 75392K, reserved 1114112K
  class space    used 10822K, committed 11840K, reserved 1048576K
}

Dll operation events (15 events):
Event: 0.030 Loaded shared library C:\Program Files\Java\jdk-23\bin\java.dll
Event: 0.115 Loaded shared library C:\Program Files\Java\jdk-23\bin\jsvml.dll
Event: 0.237 Loaded shared library C:\Program Files\Java\jdk-23\bin\zip.dll
Event: 0.247 Loaded shared library C:\Program Files\Java\jdk-23\bin\instrument.dll
Event: 0.255 Loaded shared library C:\Program Files\Java\jdk-23\bin\net.dll
Event: 0.261 Loaded shared library C:\Program Files\Java\jdk-23\bin\nio.dll
Event: 0.267 Loaded shared library C:\Program Files\Java\jdk-23\bin\zip.dll
Event: 1.388 Loaded shared library C:\Program Files\Java\jdk-23\bin\jimage.dll
Event: 1.902 Loaded shared library C:\Program Files\Java\jdk-23\bin\verify.dll
Event: 2.210 Loaded shared library C:\Users\Bhumi\.gradle\native\1def1411415f61bf3af743bc5b6707747c0891f09f0c88961ee8f79bc544acac\windows-amd64\native-platform.dll
Event: 2.235 Loaded shared library C:\Users\Bhumi\.gradle\native\0.2.7\x86_64-windows-gnu\gradle-fileevents.dll
Event: 5.308 Loaded shared library C:\Program Files\Java\jdk-23\bin\management.dll
Event: 5.314 Loaded shared library C:\Program Files\Java\jdk-23\bin\management_ext.dll
Event: 5.662 Loaded shared library C:\Program Files\Java\jdk-23\bin\extnet.dll
Event: 6.164 Loaded shared library C:\Program Files\Java\jdk-23\bin\sunmscapi.dll

Deoptimization events (20 events):
Event: 106.587 Thread 0x000001cb7e7c0db0 Uncommon trap: trap_request=0xffffffde fr.pc=0x000001cb10663a34 relative=0x00000000000007d4
Event: 106.587 Thread 0x000001cb7e7c0db0 Uncommon trap: reason=class_check action=maybe_recompile pc=0x000001cb10663a34 method=java.io.ObjectOutputStream$BlockDataOutputStream.write([BIIZ)V @ 23 c2
Event: 106.587 Thread 0x000001cb7e7c0db0 DEOPT PACKING pc=0x000001cb10663a34 sp=0x000000b4aaafd570
Event: 106.587 Thread 0x000001cb7e7c0db0 DEOPT UNPACKING pc=0x000001cb0fd84402 sp=0x000000b4aaafd528 mode 2
Event: 106.587 Thread 0x000001cb7e7c0db0 Uncommon trap: trap_request=0xffffffde fr.pc=0x000001cb10663a34 relative=0x00000000000007d4
Event: 106.587 Thread 0x000001cb7e7c0db0 Uncommon trap: reason=class_check action=maybe_recompile pc=0x000001cb10663a34 method=java.io.ObjectOutputStream$BlockDataOutputStream.write([BIIZ)V @ 23 c2
Event: 106.587 Thread 0x000001cb7e7c0db0 DEOPT PACKING pc=0x000001cb10663a34 sp=0x000000b4aaafd570
Event: 106.587 Thread 0x000001cb7e7c0db0 DEOPT UNPACKING pc=0x000001cb0fd84402 sp=0x000000b4aaafd528 mode 2
Event: 106.588 Thread 0x000001cb7e7c0db0 Uncommon trap: trap_request=0xffffff45 fr.pc=0x000001cb1064bff8 relative=0x0000000000006598
Event: 106.588 Thread 0x000001cb7e7c0db0 Uncommon trap: reason=unstable_if action=reinterpret pc=0x000001cb1064bff8 method=java.io.ObjectStreamClass.writeNonProxy(Ljava/io/ObjectOutputStream;)V @ 77 c2
Event: 106.588 Thread 0x000001cb7e7c0db0 DEOPT PACKING pc=0x000001cb1064bff8 sp=0x000000b4aaafd3c0
Event: 106.588 Thread 0x000001cb7e7c0db0 DEOPT UNPACKING pc=0x000001cb0fd84402 sp=0x000000b4aaafd288 mode 2
Event: 106.880 Thread 0x000001cb7e04a840 Uncommon trap: trap_request=0xffffff45 fr.pc=0x000001cb105aee20 relative=0x00000000000003c0
Event: 106.880 Thread 0x000001cb7e04a840 Uncommon trap: reason=unstable_if action=reinterpret pc=0x000001cb105aee20 method=org.gradle.internal.file.FileHierarchySet$Node.isChildOfOrThis(Ljava/lang/String;I)Z @ 89 c2
Event: 106.880 Thread 0x000001cb7e04a840 DEOPT PACKING pc=0x000001cb105aee20 sp=0x000000b4ae5fa1f0
Event: 106.880 Thread 0x000001cb7e04a840 DEOPT UNPACKING pc=0x000001cb0fd84402 sp=0x000000b4ae5fa168 mode 2
Event: 106.945 Thread 0x000001cb7e04a840 Uncommon trap: trap_request=0xffffff45 fr.pc=0x000001cb1033bffc relative=0x000000000000041c
Event: 106.945 Thread 0x000001cb7e04a840 Uncommon trap: reason=unstable_if action=reinterpret pc=0x000001cb1033bffc method=java.lang.StringLatin1.compareToCI([B[B)I @ 68 c2
Event: 106.945 Thread 0x000001cb7e04a840 DEOPT PACKING pc=0x000001cb1033bffc sp=0x000000b4ae5fb5f0
Event: 106.945 Thread 0x000001cb7e04a840 DEOPT UNPACKING pc=0x000001cb0fd84402 sp=0x000000b4ae5fb4e0 mode 2

Classes loaded (20 events):
Event: 103.277 Loading class java/util/ArrayList$SubList$2
Event: 103.279 Loading class java/util/ArrayList$SubList$2 done
Event: 106.387 Loading class java/util/TreeMap$KeySpliterator
Event: 106.403 Loading class java/util/TreeMap$TreeMapSpliterator
Event: 106.404 Loading class java/util/TreeMap$TreeMapSpliterator done
Event: 106.404 Loading class java/util/TreeMap$KeySpliterator done
Event: 106.587 Loading class java/io/ObjectStreamClass$ExceptionInfo
Event: 106.588 Loading class java/io/ObjectStreamClass$ExceptionInfo done
Event: 106.597 Loading class java/util/HashMap$UnsafeHolder
Event: 106.597 Loading class java/util/HashMap$UnsafeHolder done
Event: 106.680 Loading class java/util/stream/ReferencePipeline$4
Event: 106.681 Loading class java/util/stream/IntPipeline$StatelessOp
Event: 106.681 Loading class java/util/stream/IntPipeline$StatelessOp done
Event: 106.681 Loading class java/util/stream/ReferencePipeline$4 done
Event: 106.682 Loading class java/util/stream/ReduceOps$6
Event: 106.682 Loading class java/util/stream/ReduceOps$6 done
Event: 106.682 Loading class java/util/stream/ReduceOps$5ReducingSink
Event: 106.683 Loading class java/util/stream/ReduceOps$5ReducingSink done
Event: 106.683 Loading class java/util/stream/ReferencePipeline$4$1
Event: 106.683 Loading class java/util/stream/ReferencePipeline$4$1 done

Classes unloaded (0 events):
No events

Classes redefined (0 events):
No events

Internal exceptions (20 events):
Event: 99.638 Thread 0x000001cb7e7e3940 Exception <a 'java/lang/NoSuchMethodError'{0x0000000607832a18}: 'java.lang.Object java.lang.invoke.DirectMethodHandle$Holder.invokeStatic(java.lang.Object, java.lang.Object, java.lang.Object, java.lang.Object, int)'> (0x0000000607832a18) 
thrown [s\open\src\hotspot\share\interpreter\linkResolver.cpp, line 796]
Event: 101.177 Thread 0x000001cb7e7e3940 Implicit null exception at 0x000001cb10489d60 to 0x000001cb10489e20
Event: 101.286 Thread 0x000001cb7e7e3940 Exception <a 'java/lang/NoSuchMethodError'{0x00000006069f85a0}: 'void java.lang.invoke.DirectMethodHandle$Holder.invokeStaticInit(java.lang.Object)'> (0x00000006069f85a0) 
thrown [s\open\src\hotspot\share\interpreter\linkResolver.cpp, line 796]
Event: 102.799 Thread 0x000001cb7e7e3940 Implicit null exception at 0x000001cb104ab5cc to 0x000001cb104ab5fc
Event: 102.963 Thread 0x000001cb7e7e3940 Exception <a 'java/lang/NoSuchMethodError'{0x00000006065a6cf8}: 'java.lang.Object java.lang.invoke.DirectMethodHandle$Holder.newInvokeSpecial(java.lang.Object, java.lang.Object, java.lang.Object, java.lang.Object, java.lang.Object, java.lang.Object, int)'> (0x00000006065a6cf8) 
thrown [s\open\src\hotspot\share\interpreter\linkResolver.cpp, line 796]
Event: 102.983 Thread 0x000001cb7e7e3940 Exception <a 'java/lang/NoSuchMethodError'{0x00000006065ac4e0}: 'java.lang.Object java.lang.invoke.DirectMethodHandle$Holder.invokeSpecial(java.lang.Object, java.lang.Object, java.lang.Object, java.lang.Object, java.lang.Object, java.lang.Object, java.lang.Object, int)'> (0x00000006065ac4e0) 
thrown [s\open\src\hotspot\share\interpreter\linkResolver.cpp, line 796]
Event: 102.984 Thread 0x000001cb7e7e3940 Exception <a 'java/lang/NoSuchMethodError'{0x00000006065b1670}: 'java.lang.Object java.lang.invoke.Invokers$Holder.linkToTargetMethod(java.lang.Object, java.lang.Object, java.lang.Object, java.lang.Object, java.lang.Object, int, java.lang.Object)'> (0x00000006065b1670) 
thrown [s\open\src\hotspot\share\interpreter\linkResolver.cpp, line 796]
Event: 104.588 Thread 0x000001cb7e7e3940 Exception <a 'java/lang/NoSuchMethodError'{0x000000060618ce28}: 'int java.lang.invoke.DirectMethodHandle$Holder.invokeSpecial(java.lang.Object, java.lang.Object, int, java.lang.Object)'> (0x000000060618ce28) 
thrown [s\open\src\hotspot\share\interpreter\linkResolver.cpp, line 796]
Event: 105.402 Thread 0x000001cb7e049b20 Exception <a 'java/lang/NoSuchMethodError'{0x00000006063ed8b0}: 'java.lang.Object java.lang.invoke.DirectMethodHandle$Holder.newInvokeSpecial(java.lang.Object, java.lang.Object, int, java.lang.Object, java.lang.Object)'> (0x00000006063ed8b0) 
thrown [s\open\src\hotspot\share\interpreter\linkResolver.cpp, line 796]
Event: 106.320 Thread 0x000001cb7e04a840 Exception <a 'java/lang/NoSuchMethodError'{0x0000000605e89788}: 'java.lang.Object java.lang.invoke.DirectMethodHandle$Holder.invokeVirtual(java.lang.Object, java.lang.Object, java.lang.Object, java.lang.Object, java.lang.Object, java.lang.Object, java.lang.Object, java.lang.Object, java.lang.Object, java.lang.Object, java.lang.Object, java.lang.Object, java.lang.Object, java.lang.Object, java.lang.Object, java.lang.Object, java.lang.Object, java.lang.Object, java.lang.Object)'> (0x0000000605e89788) 
thrown
Event: 106.417 Thread 0x000001cb7e7e1f00 Exception <a 'java/lang/NoSuchMethodError'{0x0000000605f67bb0}: static Lorg/gradle/internal/build/event/types/DefaultTaskStartedProgressEvent;.<clinit>()V> (0x0000000605f67bb0) 
thrown [s\open\src\hotspot\share\prims\jni.cpp, line 1111]
Event: 106.418 Thread 0x000001cb7e7e1f00 Exception <a 'java/lang/NoSuchMethodError'{0x0000000605f6e858}: static Lorg/gradle/internal/build/event/types/DefaultTaskDescriptor;.<clinit>()V> (0x0000000605f6e858) 
thrown [s\open\src\hotspot\share\prims\jni.cpp, line 1111]
Event: 106.466 Thread 0x000001cb7e7e1f00 Exception <a 'java/lang/NoSuchMethodError'{0x0000000605fadb28}: static Lorg/gradle/internal/build/event/types/DefaultTaskFinishedProgressEvent;.<clinit>()V> (0x0000000605fadb28) 
thrown [s\open\src\hotspot\share\prims\jni.cpp, line 1111]
Event: 106.467 Thread 0x000001cb7e7e1f00 Exception <a 'java/lang/NoSuchMethodError'{0x0000000605fd1b90}: static Lorg/gradle/internal/build/event/types/DefaultTaskSkippedResult;.<clinit>()V> (0x0000000605fd1b90) 
thrown [s\open\src\hotspot\share\prims\jni.cpp, line 1111]
Event: 106.467 Thread 0x000001cb7e7e1f00 Exception <a 'java/lang/NoSuchMethodError'{0x0000000605fd2ed8}: static Lorg/gradle/internal/build/event/types/AbstractTaskResult;.<clinit>()V> (0x0000000605fd2ed8) 
thrown [s\open\src\hotspot\share\prims\jni.cpp, line 1111]
Event: 106.478 Thread 0x000001cb7e04a840 Exception <a 'java/lang/NoSuchMethodError'{0x0000000605fe4c58}: 'void java.lang.invoke.DirectMethodHandle$Holder.invokeSpecial(java.lang.Object, java.lang.Object, java.lang.Object, java.lang.Object, int, java.lang.Object, java.lang.Object)'> (0x0000000605fe4c58) 
thrown [s\open\src\hotspot\share\interpreter\linkResolver.cpp, line 796]
Event: 106.554 Thread 0x000001cb7e7c0db0 Exception <a 'java/lang/NoSuchMethodError'{0x000000060591a5e0}: static Ljava/lang/Object;.<clinit>()V> (0x000000060591a5e0) 
thrown [s\open\src\hotspot\share\prims\jni.cpp, line 1111]
Event: 106.586 Thread 0x000001cb7e7c0db0 Exception <a 'java/lang/NoSuchMethodError'{0x000000060598f848}: static Lorg/jetbrains/kotlin/gradle/plugin/statistics/MetricContainer;.<clinit>()V> (0x000000060598f848) 
thrown [s\open\src\hotspot\share\prims\jni.cpp, line 1111]
Event: 106.827 Thread 0x000001cb7e04a840 Exception <a 'java/lang/NoSuchMethodError'{0x0000000605b73720}: 'int java.lang.invoke.DirectMethodHandle$Holder.invokeSpecial(java.lang.Object, java.lang.Object, java.lang.Object, java.lang.Object, java.lang.Object)'> (0x0000000605b73720) 
thrown [s\open\src\hotspot\share\interpreter\linkResolver.cpp, line 796]
Event: 106.988 Thread 0x000001cb7e04a840 Exception <a 'java/lang/IncompatibleClassChangeError'{0x0000000607ab94c0}: Found class java.lang.Object, but interface was expected> (0x0000000607ab94c0) 
thrown [s\open\src\hotspot\share\interpreter\linkResolver.cpp, line 863]

VM Operations (20 events):
Event: 96.838 Executing VM operation: HandshakeAllThreads (Deoptimize)
Event: 96.838 Executing VM operation: HandshakeAllThreads (Deoptimize) done
Event: 97.004 Executing VM operation: HandshakeAllThreads (Deoptimize)
Event: 97.005 Executing VM operation: HandshakeAllThreads (Deoptimize) done
Event: 99.577 Executing VM operation: G1CollectForAllocation (G1 Evacuation Pause)
Event: 99.601 Executing VM operation: G1CollectForAllocation (G1 Evacuation Pause) done
Event: 106.415 Executing VM operation: HandshakeAllThreads (Deoptimize)
Event: 106.415 Executing VM operation: HandshakeAllThreads (Deoptimize) done
Event: 106.464 Executing VM operation: HandshakeAllThreads (Deoptimize)
Event: 106.464 Executing VM operation: HandshakeAllThreads (Deoptimize) done
Event: 106.498 Executing VM operation: HandshakeAllThreads (Deoptimize)
Event: 106.498 Executing VM operation: HandshakeAllThreads (Deoptimize) done
Event: 106.702 Executing VM operation: HandshakeAllThreads (Deoptimize)
Event: 106.702 Executing VM operation: HandshakeAllThreads (Deoptimize) done
Event: 106.706 Executing VM operation: HandshakeAllThreads (Deoptimize)
Event: 106.707 Executing VM operation: HandshakeAllThreads (Deoptimize) done
Event: 106.831 Executing VM operation: HandshakeAllThreads (Deoptimize)
Event: 106.831 Executing VM operation: HandshakeAllThreads (Deoptimize) done
Event: 106.882 Executing VM operation: G1CollectForAllocation (G1 Evacuation Pause)
Event: 106.901 Executing VM operation: G1CollectForAllocation (G1 Evacuation Pause) done

Memory protections (0 events):
No events

Nmethod flushes (20 events):
Event: 94.815 Thread 0x000001cb7ab77300 flushing  nmethod 0x000001cb0072fa08
Event: 94.815 Thread 0x000001cb7ab77300 flushing  nmethod 0x000001cb00730288
Event: 94.815 Thread 0x000001cb7ab77300 flushing  nmethod 0x000001cb00730988
Event: 94.815 Thread 0x000001cb7ab77300 flushing  nmethod 0x000001cb0074ee88
Event: 94.815 Thread 0x000001cb7ab77300 flushing  nmethod 0x000001cb00753488
Event: 94.815 Thread 0x000001cb7ab77300 flushing  nmethod 0x000001cb007a1208
Event: 94.815 Thread 0x000001cb7ab77300 flushing  nmethod 0x000001cb007ec488
Event: 94.815 Thread 0x000001cb7ab77300 flushing  nmethod 0x000001cb00825888
Event: 94.815 Thread 0x000001cb7ab77300 flushing  nmethod 0x000001cb00836f08
Event: 94.815 Thread 0x000001cb7ab77300 flushing  nmethod 0x000001cb00837888
Event: 94.815 Thread 0x000001cb7ab77300 flushing  nmethod 0x000001cb00838208
Event: 94.815 Thread 0x000001cb7ab77300 flushing  nmethod 0x000001cb00839288
Event: 94.815 Thread 0x000001cb7ab77300 flushing  nmethod 0x000001cb00850308
Event: 94.815 Thread 0x000001cb7ab77300 flushing  nmethod 0x000001cb00850f88
Event: 94.816 Thread 0x000001cb7ab77300 flushing  nmethod 0x000001cb0086c408
Event: 94.816 Thread 0x000001cb7ab77300 flushing  nmethod 0x000001cb008d0088
Event: 94.816 Thread 0x000001cb7ab77300 flushing  nmethod 0x000001cb00905088
Event: 94.816 Thread 0x000001cb7ab77300 flushing  nmethod 0x000001cb0092fc08
Event: 94.816 Thread 0x000001cb7ab77300 flushing  nmethod 0x000001cb009f6108
Event: 94.816 Thread 0x000001cb7ab77300 flushing  nmethod 0x000001cb00aa1d88

Events (20 events):
Event: 55.752 Thread 0x000001cb7e7e3940 Thread added: 0x000001cb7e7bdfc0
Event: 58.171 Thread 0x000001cb7abaf5c0 Thread added: 0x000001cb7f40a830
Event: 58.287 Thread 0x000001cb7f40a830 Thread exited: 0x000001cb7f40a830
Event: 66.568 Thread 0x000001cb7e7e3940 Thread added: 0x000001cb7e7bb860
Event: 78.199 Thread 0x000001cb7abaf5c0 Thread added: 0x000001cb6503c060
Event: 78.529 Thread 0x000001cb6503c060 Thread exited: 0x000001cb6503c060
Event: 79.687 Thread 0x000001cb7e7e3940 Thread added: 0x000001cb7e7c0db0
Event: 87.967 Thread 0x000001cb7abaf5c0 Thread added: 0x000001cb825f94c0
Event: 88.132 Thread 0x000001cb825f94c0 Thread exited: 0x000001cb825f94c0
Event: 94.715 Thread 0x000001cb7abaf5c0 Thread added: 0x000001cb800da020
Event: 94.877 Thread 0x000001cb800da020 Thread exited: 0x000001cb800da020
Event: 97.873 Thread 0x000001cb7abaf5c0 Thread added: 0x000001cb7d8888f0
Event: 97.994 Thread 0x000001cb7d8888f0 Thread exited: 0x000001cb7d8888f0
Event: 100.281 Thread 0x000001cb7abaf5c0 Thread added: 0x000001cb80f55ff0
Event: 100.866 Thread 0x000001cb80f55ff0 Thread exited: 0x000001cb80f55ff0
Event: 105.318 Thread 0x000001cb7e7e3940 Thread added: 0x000001cb7e049b20
Event: 105.414 Thread 0x000001cb7e049b20 Thread added: 0x000001cb7e0466a0
Event: 105.414 Thread 0x000001cb7e049b20 Thread added: 0x000001cb7e04a1b0
Event: 105.415 Thread 0x000001cb7e049b20 Thread added: 0x000001cb7e04a840
Event: 105.837 Thread 0x000001cb7e04a840 Thread added: 0x000001cb7e0473c0


Dynamic libraries:
0x00007ff777590000 - 0x00007ff7775a0000 	C:\Program Files\Java\jdk-23\bin\java.exe
0x00007fff203c0000 - 0x00007fff20627000 	C:\WINDOWS\SYSTEM32\ntdll.dll
0x00007fff1f290000 - 0x00007fff1f359000 	C:\WINDOWS\System32\KERNEL32.DLL
0x00007fff1d2a0000 - 0x00007fff1d697000 	C:\WINDOWS\System32\KERNELBASE.dll
0x00007fff1d000000 - 0x00007fff1d14b000 	C:\WINDOWS\System32\ucrtbase.dll
0x00007fff19ea0000 - 0x00007fff19eb7000 	C:\Program Files\Java\jdk-23\bin\jli.dll
0x00007ffefa830000 - 0x00007ffefa84b000 	C:\Program Files\Java\jdk-23\bin\VCRUNTIME140.dll
0x00007fff1e290000 - 0x00007fff1e456000 	C:\WINDOWS\System32\USER32.dll
0x00007fff1cdf0000 - 0x00007fff1ce17000 	C:\WINDOWS\System32\win32u.dll
0x00007ffefd630000 - 0x00007ffefd8c2000 	C:\WINDOWS\WinSxS\amd64_microsoft.windows.common-controls_6595b64144ccf1df_6.0.26100.8457_none_3e0b2faee331e92d\COMCTL32.dll
0x00007fff1eae0000 - 0x00007fff1eb0b000 	C:\WINDOWS\System32\GDI32.dll
0x00007fff1eca0000 - 0x00007fff1ed49000 	C:\WINDOWS\System32\msvcrt.dll
0x00007fff1ce20000 - 0x00007fff1cf4c000 	C:\WINDOWS\System32\gdi32full.dll
0x00007fff1d6a0000 - 0x00007fff1d743000 	C:\WINDOWS\System32\msvcp_win.dll
0x00007fff20040000 - 0x00007fff20072000 	C:\WINDOWS\System32\IMM32.DLL
0x00007fff19e90000 - 0x00007fff19e9c000 	C:\Program Files\Java\jdk-23\bin\vcruntime140_1.dll
0x00007ffea9ac0000 - 0x00007ffea9b4e000 	C:\Program Files\Java\jdk-23\bin\msvcp140.dll
0x00007ffea3650000 - 0x00007ffea439f000 	C:\Program Files\Java\jdk-23\bin\server\jvm.dll
0x00007fff200e0000 - 0x00007fff20196000 	C:\WINDOWS\System32\ADVAPI32.dll
0x00007fff1f1e0000 - 0x00007fff1f287000 	C:\WINDOWS\System32\sechost.dll
0x00007fff1f380000 - 0x00007fff1f498000 	C:\WINDOWS\System32\RPCRT4.dll
0x00007fff1eb10000 - 0x00007fff1eb90000 	C:\WINDOWS\System32\WS2_32.dll
0x00007fff1cc50000 - 0x00007fff1ccae000 	C:\WINDOWS\SYSTEM32\POWRPROF.dll
0x00007fff02f70000 - 0x00007fff02fa6000 	C:\WINDOWS\SYSTEM32\WINMM.dll
0x00007fff0eb20000 - 0x00007fff0eb2b000 	C:\WINDOWS\SYSTEM32\VERSION.dll
0x00007fff1cc30000 - 0x00007fff1cc44000 	C:\WINDOWS\SYSTEM32\UMPDC.dll
0x00007fff1bb60000 - 0x00007fff1bb7b000 	C:\WINDOWS\SYSTEM32\kernel.appcore.dll
0x00007ffefa6d0000 - 0x00007ffefa6da000 	C:\Program Files\Java\jdk-23\bin\jimage.dll
0x00007fff1ad20000 - 0x00007fff1af62000 	C:\WINDOWS\SYSTEM32\DBGHELP.DLL
0x00007fff1e5d0000 - 0x00007fff1e953000 	C:\WINDOWS\System32\combase.dll
0x00007fff1f740000 - 0x00007fff1f819000 	C:\WINDOWS\System32\OLEAUT32.dll
0x00007ffef9ff0000 - 0x00007ffefa02b000 	C:\WINDOWS\SYSTEM32\dbgcore.DLL
0x00007fff1cf50000 - 0x00007fff1cff8000 	C:\WINDOWS\System32\bcryptPrimitives.dll
0x00007ffefd380000 - 0x00007ffefd38f000 	C:\Program Files\Java\jdk-23\bin\instrument.dll
0x00007ffef0f00000 - 0x00007ffef0f1e000 	C:\Program Files\Java\jdk-23\bin\java.dll
0x00007fff1f4a0000 - 0x00007fff1f637000 	C:\WINDOWS\System32\ole32.dll
0x00007fff1f8b0000 - 0x00007fff2001e000 	C:\WINDOWS\System32\SHELL32.dll
0x00007fff1d8d0000 - 0x00007fff1e13c000 	C:\WINDOWS\System32\windows.storage.dll
0x00007fff1eba0000 - 0x00007fff1ec96000 	C:\WINDOWS\System32\SHCORE.dll
0x00007fff1ea70000 - 0x00007fff1ead6000 	C:\WINDOWS\System32\shlwapi.dll
0x00007fff1cd10000 - 0x00007fff1cd39000 	C:\WINDOWS\SYSTEM32\profapi.dll
0x00007ffea4d80000 - 0x00007ffea4e57000 	C:\Program Files\Java\jdk-23\bin\jsvml.dll
0x00007ffee91d0000 - 0x00007ffee91e7000 	C:\Program Files\Java\jdk-23\bin\zip.dll
0x00007ffee4e60000 - 0x00007ffee4e70000 	C:\Program Files\Java\jdk-23\bin\net.dll
0x00007fff1c0f0000 - 0x00007fff1c15c000 	C:\WINDOWS\system32\mswsock.dll
0x00007ffee4e40000 - 0x00007ffee4e56000 	C:\Program Files\Java\jdk-23\bin\nio.dll
0x00007ffee4e30000 - 0x00007ffee4e40000 	C:\Program Files\Java\jdk-23\bin\verify.dll
0x00007ffed7170000 - 0x00007ffed7197000 	C:\Users\Bhumi\.gradle\native\1def1411415f61bf3af743bc5b6707747c0891f09f0c88961ee8f79bc544acac\windows-amd64\native-platform.dll
0x00007ffea4d00000 - 0x00007ffea4d78000 	C:\Users\Bhumi\.gradle\native\0.2.7\x86_64-windows-gnu\gradle-fileevents.dll
0x00007fff0f4e0000 - 0x00007fff0f4ea000 	C:\Program Files\Java\jdk-23\bin\management.dll
0x00007ffee4cd0000 - 0x00007ffee4cdb000 	C:\Program Files\Java\jdk-23\bin\management_ext.dll
0x00007fff1ea60000 - 0x00007fff1ea68000 	C:\WINDOWS\System32\PSAPI.DLL
0x00007fff1b590000 - 0x00007fff1b5c2000 	C:\WINDOWS\SYSTEM32\IPHLPAPI.DLL
0x00007fff20030000 - 0x00007fff2003a000 	C:\WINDOWS\System32\NSI.dll
0x00007ffee4ca0000 - 0x00007ffee4ca9000 	C:\Program Files\Java\jdk-23\bin\extnet.dll
0x00007fff1c3d0000 - 0x00007fff1c3eb000 	C:\WINDOWS\SYSTEM32\CRYPTSP.dll
0x00007fff1bac0000 - 0x00007fff1baf9000 	C:\WINDOWS\system32\rsaenh.dll
0x00007fff1c1a0000 - 0x00007fff1c1d3000 	C:\WINDOWS\SYSTEM32\USERENV.dll
0x00007fff1cce0000 - 0x00007fff1cd0a000 	C:\WINDOWS\SYSTEM32\bcrypt.dll
0x00007fff1c3f0000 - 0x00007fff1c3fc000 	C:\WINDOWS\SYSTEM32\CRYPTBASE.dll
0x00007ffefcfb0000 - 0x00007ffefcfbe000 	C:\Program Files\Java\jdk-23\bin\sunmscapi.dll
0x00007fff1d750000 - 0x00007fff1d8c8000 	C:\WINDOWS\System32\CRYPT32.dll
0x00007fff1c5f0000 - 0x00007fff1c620000 	C:\WINDOWS\SYSTEM32\ncrypt.dll
0x00007fff1c5a0000 - 0x00007fff1c5df000 	C:\WINDOWS\SYSTEM32\NTASN1.dll
0x00007ffedb270000 - 0x00007ffedb278000 	C:\WINDOWS\system32\wshunix.dll
0x00007ffef5600000 - 0x00007ffef5618000 	C:\WINDOWS\system32\napinsp.dll
0x00007fff1b630000 - 0x00007fff1b762000 	C:\WINDOWS\SYSTEM32\DNSAPI.dll
0x00007ffef54d0000 - 0x00007ffef54e3000 	C:\WINDOWS\System32\winrnr.dll
0x00007ffef54a0000 - 0x00007ffef54c2000 	C:\WINDOWS\system32\nlansp_c.dll
0x00007fff0e0c0000 - 0x00007fff0e0d6000 	C:\WINDOWS\system32\wshbth.dll
0x00007fff15300000 - 0x00007fff1530b000 	C:\Windows\System32\rasadhlp.dll
0x00007fff0a440000 - 0x00007fff0a4c6000 	C:\WINDOWS\System32\fwpuclnt.dll

dbghelp: loaded successfully - version: 4.0.5 - missing functions: none
symbol engine: initialized successfully - sym options: 0x614 - pdb path: .;C:\Program Files\Java\jdk-23\bin;C:\WINDOWS\SYSTEM32;C:\WINDOWS\WinSxS\amd64_microsoft.windows.common-controls_6595b64144ccf1df_6.0.26100.8457_none_3e0b2faee331e92d;C:\Program Files\Java\jdk-23\bin\server;C:\Users\Bhumi\.gradle\native\1def1411415f61bf3af743bc5b6707747c0891f09f0c88961ee8f79bc544acac\windows-amd64;C:\Users\Bhumi\.gradle\native\0.2.7\x86_64-windows-gnu

VM Arguments:
jvm_args: --add-opens=java.base/java.lang=ALL-UNNAMED --add-opens=java.base/java.lang.invoke=ALL-UNNAMED --add-opens=java.base/java.util=ALL-UNNAMED --add-opens=java.prefs/java.util.prefs=ALL-UNNAMED --add-exports=jdk.compiler/com.sun.tools.javac.api=ALL-UNNAMED --add-exports=jdk.compiler/com.sun.tools.javac.util=ALL-UNNAMED --add-opens=java.base/java.util=ALL-UNNAMED --add-opens=java.prefs/java.util.prefs=ALL-UNNAMED --add-opens=java.base/java.nio.charset=ALL-UNNAMED --add-opens=java.base/java.net=ALL-UNNAMED --add-opens=java.base/java.util.concurrent.atomic=ALL-UNNAMED --add-opens=java.xml/javax.xml.namespace=ALL-UNNAMED -XX:MaxMetaspaceSize=4G -XX:ReservedCodeCacheSize=512m -XX:+HeapDumpOnOutOfMemoryError -Xmx8G -Dfile.encoding=UTF-8 -Duser.country=IN -Duser.language=en -Duser.variant -javaagent:C:\Users\Bhumi\.gradle\wrapper\dists\gradle-8.14-all\c2qonpi39x1mddn7hk5gh9iqj\gradle-8.14\lib\agents\gradle-instrumentation-agent-8.14.jar 
java_command: org.gradle.launcher.daemon.bootstrap.GradleDaemon 8.14
java_class_path (initial): C:\Users\Bhumi\.gradle\wrapper\dists\gradle-8.14-all\c2qonpi39x1mddn7hk5gh9iqj\gradle-8.14\lib\gradle-daemon-main-8.14.jar
Launcher Type: SUN_STANDARD

[Global flags]
     intx CICompilerCount                          = 3                                         {product} {ergonomic}
     uint ConcGCThreads                            = 1                                         {product} {ergonomic}
     uint G1ConcRefinementThreads                  = 4                                         {product} {ergonomic}
   size_t G1HeapRegionSize                         = 4194304                                   {product} {ergonomic}
     bool HeapDumpOnOutOfMemoryError               = true                                   {manageable} {command line}
   size_t InitialHeapSize                          = 134217728                                 {product} {ergonomic}
   size_t MarkStackSize                            = 4194304                                   {product} {ergonomic}
   size_t MarkStackSizeMax                         = 536870912                                 {product} {ergonomic}
   size_t MaxHeapSize                              = 8589934592                                {product} {command line}
   size_t MaxMetaspaceSize                         = 4294967296                                {product} {command line}
   size_t MaxNewSize                               = 5150605312                                {product} {ergonomic}
   size_t MinHeapDeltaBytes                        = 4194304                                   {product} {ergonomic}
   size_t MinHeapSize                              = 8388608                                   {product} {ergonomic}
    uintx NonNMethodCodeHeapSize                   = 5832704                                {pd product} {ergonomic}
    uintx NonProfiledCodeHeapSize                  = 265551872                              {pd product} {ergonomic}
    uintx ProfiledCodeHeapSize                     = 265486336                              {pd product} {ergonomic}
    uintx ReservedCodeCacheSize                    = 536870912                              {pd product} {command line, ergonomic}
     bool SegmentedCodeCache                       = true                                      {product} {ergonomic}
   size_t SoftMaxHeapSize                          = 8589934592                             {manageable} {ergonomic}
     bool UseCompressedOops                        = true                           {product lp64_product} {ergonomic}
     bool UseG1GC                                  = true                                      {product} {ergonomic}
     bool UseLargePagesIndividualAllocation        = false                                  {pd product} {ergonomic}

Logging:
Log output configuration:
 #0: stdout all=warning uptime,level,tags foldmultilines=false
 #1: stderr all=off uptime,level,tags foldmultilines=false

Environment Variables:
PATH=C:\Users\Bhumi\AppData\Local\Programs\Microsoft VS Code;C:\Program Files\Common Files\Oracle\Java\javapath;C:\Program Files (x86)\Common Files\Oracle\Java\java8path;C:\Program Files (x86)\Common Files\Oracle\Java\javapath;C:\windows\system32;C:\windows;C:\windows\System32\Wbem;C:\windows\System32\WindowsPowerShell\v1.0\;C:\windows\System32\OpenSSH\;C:\Users\Bhumi\AppData\Local\Microsoft\WindowsApps;C:\Program Files\Bandizip\;C:\adb;C:\Program Files (x86)\GTK2-Runtime\lib;C:\Program Files\Microsoft SQL Server\Client SDK\ODBC\170\Tools\Binn\;C:\Program Files (x86)\Microsoft SQL Server\150\Tools\Binn\;C:\Program Files\Microsoft SQL Server\150\Tools\Binn\;C:\Program Files\Microsoft SQL Server\150\DTS\Binn\;C:\WINDOWS\system32;C:\WINDOWS;C:\WINDOWS\System32\Wbem;C:\WINDOWS\System32\WindowsPowerShell\v1.0\;C:\WINDOWS\System32\OpenSSH\;C:\Program Files\dotnet\;%JAVA_HOME%\bin;C:\MinGW\bin;C:\Program Files\nodejs\;C:\Program Files\Git\cmd;C:\Program Files\Dart\dart-sdk\bin;C:\flutter\bin;C:\Users\Bhumi\AppData\Local\Programs\Python\Launcher\;C:\Program Files\MySQL\MySQL Shell 8.0\bin\;C:\MinGW\bin;C:\Users\Bhumi\AppData\Local\Programs\Microsoft VS Code\bin;C:\Users\Bhumi\AppData\Local\Microsoft\WindowsApps;C:\Users\Bhumi\AppData\Roaming\npm;C:\Users\Bhumi\AppData\Local\Programs\mongosh\;C:\Users\Bhumi\AppData\Local\Python\bin;C:\flutter\bin;C:\ProgramData\Bhumi\GitHubDesktop\bin;C:\Users\Bhumi\AppData\Local\GitHubDesktop\bin
USERNAME=Bhumi
OS=Windows_NT
PROCESSOR_IDENTIFIER=Intel64 Family 6 Model 142 Stepping 12, GenuineIntel
TMP=C:\Users\Bhumi\AppData\Local\Temp
TEMP=C:\Users\Bhumi\AppData\Local\Temp




Periodic native trim disabled

---------------  S Y S T E M  ---------------

OS:
 Windows 11 , 64 bit Build 26100 (10.0.26100.8328)
OS uptime: 0 days 0:32 hours
Hyper-V role detected

CPU: total 4 (initial active 4) (2 cores per cpu, 2 threads per core) family 6 model 142 stepping 12 microcode 0xea, cx8, cmov, fxsr, ht, mmx, 3dnowpref, sse, sse2, sse3, ssse3, sse4.1, sse4.2, popcnt, lzcnt, tsc, tscinvbit, avx, avx2, aes, erms, clmul, bmi1, bmi2, adx, fma, vzeroupper, clflush, clflushopt, hv, rdtscp, f16c
Processor Information for the first 4 processors :
  Max Mhz: 2592, Current Mhz: 2093, Mhz Limit: 2073

Memory: 4k page, system-wide physical 7996M (448M free)
TotalPageFile size 16571M (AvailPageFile size 4M)
current process WorkingSet (physical memory assigned to process): 327M, peak: 341M
current process commit charge ("private bytes"): 356M, peak: 368M

vm_info: Java HotSpot(TM) 64-Bit Server VM (23.0.1+11-39) for windows-amd64 JRE (23.0.1+11-39), built on 2024-09-30T07:20:43Z with MS VC++ 17.6 (VS2022)

END.
