#
# There is insufficient memory for the Java Runtime Environment to continue.
# Native memory allocation (malloc) failed to allocate 1048576 bytes. Error detail: AllocateHeap
# Possible reasons:
#   The system is out of physical RAM or swap space
#   This process is running with CompressedOops enabled, and the Java Heap may be blocking the growth of the native heap
# Possible solutions:
#   Reduce memory load on the system
#   Increase physical memory or swap space
#   Check if swap backing store is full
#   Decrease Java heap size (-Xmx/-Xms)
#   Decrease number of Java threads
#   Decrease Java thread stack sizes (-Xss)
#   Set larger code cache with -XX:ReservedCodeCacheSize=
#   JVM is running with Unscaled Compressed Oops mode in which the Java heap is
#     placed in the first 4GB address space. The Java Heap base address is the
#     maximum limit for the native heap growth. Please use -XX:HeapBaseMinAddress
#     to set the Java Heap base and to place the Java Heap above 4GB virtual address.
# This output file may be truncated or incomplete.
#
#  Out of Memory Error (allocation.cpp:44), pid=856, tid=12800
#
# JRE version: OpenJDK Runtime Environment Temurin-21.0.10+7 (21.0.10+7) (build 21.0.10+7-LTS)
# Java VM: OpenJDK 64-Bit Server VM Temurin-21.0.10+7 (21.0.10+7-LTS, mixed mode, sharing, tiered, compressed oops, compressed class ptrs, parallel gc, windows-amd64)
# No core dump will be written. Minidumps are not enabled by default on client versions of Windows
#

---------------  S U M M A R Y ------------

Command Line: --add-modules=ALL-SYSTEM --add-opens=java.base/java.util=ALL-UNNAMED --add-opens=java.base/java.lang=ALL-UNNAMED --add-opens=java.base/sun.nio.fs=ALL-UNNAMED -Declipse.application=org.eclipse.jdt.ls.core.id1 -Dosgi.bundles.defaultStartLevel=4 -Declipse.product=org.eclipse.jdt.ls.core.product -Djava.import.generatesMetadataFilesAtProjectRoot=false -DDetectVMInstallationsJob.disabled=true -Dfile.encoding=utf8 -XX:+UseParallelGC -XX:GCTimeRatio=4 -XX:AdaptiveSizePolicyWeight=90 -Dsun.zip.disableMemoryMapping=true -Xmx2G -Xms100m -Xlog:disable -javaagent:c:\Users\Bhumi\.vscode\extensions\redhat.java-1.54.0-win32-x64\lombok\lombok-1.18.39-4050.jar -XX:+HeapDumpOnOutOfMemoryError -XX:HeapDumpPath=c:\Users\Bhumi\AppData\Roaming\Code\User\workspaceStorage\99dc9a965f1c481dea11390a2d6cf309\redhat.java -Daether.dependencyCollector.impl=bf c:\Users\Bhumi\.vscode\extensions\redhat.java-1.54.0-win32-x64\server\plugins\org.eclipse.equinox.launcher_1.7.100.v20251111-0406.jar -configuration c:\Users\Bhumi\AppData\Roaming\Code\User\globalStorage\redhat.java\1.54.0\config_win -data c:\Users\Bhumi\AppData\Roaming\Code\User\workspaceStorage\99dc9a965f1c481dea11390a2d6cf309\redhat.java\jdt_ws --pipe=\\.\pipe\lsp-387a4534a7052f5322e7545c77d1bb34-sock

Host: Intel(R) Core(TM) i3-10110U CPU @ 2.10GHz, 4 cores, 7G,  Windows 11 , 64 bit Build 26100 (10.0.26100.8328)
Time: Tue May 19 09:02:54 2026 India Standard Time elapsed time: 1552.502400 seconds (0d 0h 25m 52s)

---------------  T H R E A D  ---------------

Current thread (0x0000028c8f5485f0):  JavaThread "Attach Listener" daemon [_thread_in_vm, id=12800, stack(0x000000d0b7400000,0x000000d0b7500000) (1024K)]

Stack: [0x000000d0b7400000,0x000000d0b7500000]
Native frames: (J=compiled Java code, j=interpreted, Vv=VM code, C=native code)
V  [jvm.dll+0x6d7a39]
V  [jvm.dll+0x8b4b26]
V  [jvm.dll+0x8b70de]
V  [jvm.dll+0x8b77c3]
V  [jvm.dll+0x284346]
V  [jvm.dll+0xc1277]
V  [jvm.dll+0x6d82e9]
V  [jvm.dll+0x1334a6]
V  [jvm.dll+0x3f857e]
V  [jvm.dll+0x85f59d]
V  [jvm.dll+0x6d626d]
C  [ucrtbase.dll+0x37b0]
C  [KERNEL32.DLL+0x2e957]
C  [ntdll.dll+0x427c]


---------------  P R O C E S S  ---------------

Threads class SMR info:
_java_thread_list=0x0000028cd97c0770, length=42, elements={
0x0000028cf8acd9b0, 0x0000028cf8b8da40, 0x0000028cf8b8e960, 0x0000028c8f545a80,
0x0000028c8f5485f0, 0x0000028c8f549050, 0x0000028c8f549ab0, 0x0000028c8f54c900,
0x0000028c8f5c3210, 0x0000028cd14ecde0, 0x0000028cd15c3210, 0x0000028cd1f36cc0,
0x0000028cd1c1b870, 0x0000028cd1728750, 0x0000028cd1725d00, 0x0000028cd63ab320,
0x0000028cd62e75f0, 0x0000028cd6878270, 0x0000028cd675fa80, 0x0000028cd675cc90,
0x0000028cd675e040, 0x0000028cd675d320, 0x0000028cd81f9550, 0x0000028cd81f9be0,
0x0000028cd81f8ec0, 0x0000028cd81fa900, 0x0000028cd81fa270, 0x0000028cd81faf90,
0x0000028cd81fb620, 0x0000028cd81f81a0, 0x0000028cd81f8830, 0x0000028cd81fc9d0,
0x0000028cd81fbcb0, 0x0000028cd81fdd80, 0x0000028cd81feaa0, 0x0000028cd81fe410,
0x0000028cd81ff130, 0x0000028cd81fc340, 0x0000028cda51f420, 0x0000028cda520e60,
0x0000028cda521b80, 0x0000028cda5214f0
}

Java Threads: ( => current thread )
  0x0000028cf8acd9b0 JavaThread "main"                              [_thread_blocked, id=12032, stack(0x000000d0b6d00000,0x000000d0b6e00000) (1024K)]
  0x0000028cf8b8da40 JavaThread "Reference Handler"          daemon [_thread_blocked, id=2852, stack(0x000000d0b7100000,0x000000d0b7200000) (1024K)]
  0x0000028cf8b8e960 JavaThread "Finalizer"                  daemon [_thread_blocked, id=10276, stack(0x000000d0b7200000,0x000000d0b7300000) (1024K)]
  0x0000028c8f545a80 JavaThread "Signal Dispatcher"          daemon [_thread_blocked, id=10308, stack(0x000000d0b7300000,0x000000d0b7400000) (1024K)]
=>0x0000028c8f5485f0 JavaThread "Attach Listener"            daemon [_thread_in_vm, id=12800, stack(0x000000d0b7400000,0x000000d0b7500000) (1024K)]
  0x0000028c8f549050 JavaThread "Service Thread"             daemon [_thread_blocked, id=8144, stack(0x000000d0b7500000,0x000000d0b7600000) (1024K)]
  0x0000028c8f549ab0 JavaThread "Monitor Deflation Thread"   daemon [_thread_blocked, id=5456, stack(0x000000d0b7600000,0x000000d0b7700000) (1024K)]
  0x0000028c8f54c900 JavaThread "C2 CompilerThread0"         daemon [_thread_blocked, id=13376, stack(0x000000d0b7700000,0x000000d0b7800000) (1024K)]
  0x0000028c8f5c3210 JavaThread "C1 CompilerThread0"         daemon [_thread_blocked, id=12464, stack(0x000000d0b7800000,0x000000d0b7900000) (1024K)]
  0x0000028cd14ecde0 JavaThread "Common-Cleaner"             daemon [_thread_blocked, id=11472, stack(0x000000d0b7900000,0x000000d0b7a00000) (1024K)]
  0x0000028cd15c3210 JavaThread "Notification Thread"        daemon [_thread_blocked, id=8288, stack(0x000000d0b7a00000,0x000000d0b7b00000) (1024K)]
  0x0000028cd1f36cc0 JavaThread "Active Thread: Equinox Container: 92347c19-929f-4761-b7b3-43248e829a84"        [_thread_blocked, id=13472, stack(0x000000d0b7e00000,0x000000d0b7f00000) (1024K)]
  0x0000028cd1c1b870 JavaThread "Refresh Thread: Equinox Container: 92347c19-929f-4761-b7b3-43248e829a84" daemon [_thread_blocked, id=11672, stack(0x000000d0b7f00000,0x000000d0b8000000) (1024K)]
  0x0000028cd1728750 JavaThread "Framework Event Dispatcher: Equinox Container: 92347c19-929f-4761-b7b3-43248e829a84" daemon [_thread_blocked, id=4460, stack(0x000000d0b8000000,0x000000d0b8100000) (1024K)]
  0x0000028cd1725d00 JavaThread "Start Level: Equinox Container: 92347c19-929f-4761-b7b3-43248e829a84" daemon [_thread_blocked, id=2248, stack(0x000000d0b8100000,0x000000d0b8200000) (1024K)]
  0x0000028cd63ab320 JavaThread "Bundle File Closer"         daemon [_thread_blocked, id=11944, stack(0x000000d0b8300000,0x000000d0b8400000) (1024K)]
  0x0000028cd62e75f0 JavaThread "SCR Component Actor"        daemon [_thread_blocked, id=9048, stack(0x000000d0b6b00000,0x000000d0b6c00000) (1024K)]
  0x0000028cd6878270 JavaThread "Worker-JM"                         [_thread_blocked, id=9180, stack(0x000000d0b8400000,0x000000d0b8500000) (1024K)]
  0x0000028cd675fa80 JavaThread "JNA Cleaner"                daemon [_thread_blocked, id=4928, stack(0x000000d0b8500000,0x000000d0b8600000) (1024K)]
  0x0000028cd675cc90 JavaThread "Worker-3"                          [_thread_blocked, id=9472, stack(0x000000d0b8a00000,0x000000d0b8b00000) (1024K)]
  0x0000028cd675e040 JavaThread "Java indexing"              daemon [_thread_blocked, id=2760, stack(0x000000d0b8b00000,0x000000d0b8c00000) (1024K)]
  0x0000028cd675d320 JavaThread "Worker-4"                          [_thread_blocked, id=8856, stack(0x000000d0b8e00000,0x000000d0b8f00000) (1024K)]
  0x0000028cd81f9550 JavaThread "Thread-1"                   daemon [_thread_in_native, id=10464, stack(0x000000d0b9000000,0x000000d0b9100000) (1024K)]
  0x0000028cd81f9be0 JavaThread "Thread-2"                   daemon [_thread_in_native, id=9296, stack(0x000000d0b9100000,0x000000d0b9200000) (1024K)]
  0x0000028cd81f8ec0 JavaThread "Thread-3"                   daemon [_thread_in_native, id=2716, stack(0x000000d0b9200000,0x000000d0b9300000) (1024K)]
  0x0000028cd81fa900 JavaThread "Thread-4"                   daemon [_thread_in_native, id=13096, stack(0x000000d0b9300000,0x000000d0b9400000) (1024K)]
  0x0000028cd81fa270 JavaThread "Thread-5"                   daemon [_thread_in_native, id=2560, stack(0x000000d0b9400000,0x000000d0b9500000) (1024K)]
  0x0000028cd81faf90 JavaThread "pool-2-thread-1"                   [_thread_blocked, id=11804, stack(0x000000d0b9500000,0x000000d0b9600000) (1024K)]
  0x0000028cd81fb620 JavaThread "Timer-0"                           [_thread_blocked, id=9372, stack(0x000000d0b9600000,0x000000d0b9700000) (1024K)]
  0x0000028cd81f81a0 JavaThread "Timer-1"                           [_thread_blocked, id=9432, stack(0x000000d0b9700000,0x000000d0b9800000) (1024K)]
  0x0000028cd81f8830 JavaThread "WorkspaceEventsHandler"            [_thread_blocked, id=8324, stack(0x000000d0b9800000,0x000000d0b9900000) (1024K)]
  0x0000028cd81fc9d0 JavaThread "pool-1-thread-1"                   [_thread_blocked, id=9540, stack(0x000000d0b9900000,0x000000d0b9a00000) (1024K)]
  0x0000028cd81fbcb0 JavaThread "Timer-2"                           [_thread_blocked, id=4144, stack(0x000000d0b8800000,0x000000d0b8900000) (1024K)]
  0x0000028cd81fdd80 JavaThread "Timer-3"                           [_thread_blocked, id=5760, stack(0x000000d0b8200000,0x000000d0b8300000) (1024K)]
  0x0000028cd81feaa0 JavaThread "Timer-4"                           [_thread_blocked, id=8756, stack(0x000000d0b9a00000,0x000000d0b9b00000) (1024K)]
  0x0000028cd81fe410 JavaThread "Timer-5"                           [_thread_blocked, id=6132, stack(0x000000d0b9c00000,0x000000d0b9d00000) (1024K)]
  0x0000028cd81ff130 JavaThread "Timer-6"                           [_thread_blocked, id=5888, stack(0x000000d0b9d00000,0x000000d0b9e00000) (1024K)]
  0x0000028cd81fc340 JavaThread "Timer-7"                           [_thread_blocked, id=14892, stack(0x000000d0b9e00000,0x000000d0b9f00000) (1024K)]
  0x0000028cda51f420 JavaThread "Timer-8"                           [_thread_blocked, id=1120, stack(0x000000d0b8600000,0x000000d0b8700000) (1024K)]
  0x0000028cda520e60 JavaThread "Timer-9"                           [_thread_blocked, id=8380, stack(0x000000d0b8700000,0x000000d0b8800000) (1024K)]
  0x0000028cda521b80 JavaThread "Timer-10"                          [_thread_blocked, id=3772, stack(0x000000d0b8d00000,0x000000d0b8e00000) (1024K)]
  0x0000028cda5214f0 JavaThread "Timer-11"                          [_thread_blocked, id=4452, stack(0x000000d0b9b00000,0x000000d0b9c00000) (1024K)]
Total: 42

Other Threads:
  0x0000028cf8b726d0 VMThread "VM Thread"                           [id=13716, stack(0x000000d0b7000000,0x000000d0b7100000) (1024K)]
  0x0000028c8f4dca10 WatcherThread "VM Periodic Task Thread"        [id=1644, stack(0x000000d0b6f00000,0x000000d0b7000000) (1024K)]
  0x0000028cf8aecd00 WorkerThread "GC Thread#0"                     [id=6940, stack(0x000000d0b6e00000,0x000000d0b6f00000) (1024K)]
  0x0000028cd1a001c0 WorkerThread "GC Thread#1"                     [id=12852, stack(0x000000d0b7b00000,0x000000d0b7c00000) (1024K)]
  0x0000028cd1a00570 WorkerThread "GC Thread#2"                     [id=3800, stack(0x000000d0b7c00000,0x000000d0b7d00000) (1024K)]
  0x0000028cd1a00920 WorkerThread "GC Thread#3"                     [id=6504, stack(0x000000d0b7d00000,0x000000d0b7e00000) (1024K)]
Total: 6

Threads with active compile tasks:
Total: 0

VM state: not at safepoint (normal execution)

VM Mutex/Monitor currently owned by a thread: None

Heap address: 0x0000000080000000, size: 2048 MB, Compressed Oops mode: 32-bit

CDS archive(s) mapped at: [0x0000028c90000000-0x0000028c90ba0000-0x0000028c90ba0000), size 12189696, SharedBaseAddress: 0x0000028c90000000, ArchiveRelocationMode: 1.
Compressed class space mapped at: 0x0000028c91000000-0x0000028cd1000000, reserved size: 1073741824
Narrow klass base: 0x0000028c90000000, Narrow klass shift: 0, Narrow klass range: 0x100000000

GC Precious Log:
 CardTable entry size: 512
 CPUs: 4 total, 4 available
 Memory: 7996M
 Large Page Support: Disabled
 NUMA Support: Disabled
 Compressed Oops: Enabled (32-bit)
 Alignments: Space 512K, Generation 512K, Heap 2M
 Heap Min Capacity: 100M
 Heap Initial Capacity: 100M
 Heap Max Capacity: 2G
 Pre-touch: Disabled
 Parallel Workers: 4

Heap:
 PSYoungGen      total 22528K, used 21257K [0x00000000d5580000, 0x00000000d7100000, 0x0000000100000000)
  eden space 22016K, 95% used [0x00000000d5580000,0x00000000d6a00ce0,0x00000000d6b00000)
  from space 512K, 51% used [0x00000000d7000000,0x00000000d7041a00,0x00000000d7080000)
  to   space 512K, 0% used [0x00000000d7080000,0x00000000d7080000,0x00000000d7100000)
 ParOldGen       total 68608K, used 46395K [0x0000000080000000, 0x0000000084300000, 0x00000000d5580000)
  object space 68608K, 67% used [0x0000000080000000,0x0000000082d4edf8,0x0000000084300000)
 Metaspace       used 66775K, committed 68352K, reserved 1114112K
  class space    used 8436K, committed 9152K, reserved 1048576K

Card table byte_map: [0x0000028cf8470000,0x0000028cf8880000] _byte_map_base: 0x0000028cf8070000

Marking Bits: (ParMarkBitMap*) 0x00007ffe66863450
 Begin Bits: [0x0000028cfbf80000, 0x0000028cfdf80000)
 End Bits:   [0x0000028cfdf80000, 0x0000028cfff80000)

Polling page: 0x0000028cf6900000

Metaspace:

Usage:
  Non-class:     56.97 MB used.
      Class:      8.24 MB used.
       Both:     65.21 MB used.

Virtual space:
  Non-class space:       64.00 MB reserved,      57.81 MB ( 90%) committed,  1 nodes.
      Class space:        1.00 GB reserved,       8.94 MB ( <1%) committed,  1 nodes.
             Both:        1.06 GB reserved,      66.75 MB (  6%) committed. 

Chunk freelists:
   Non-Class:  5.39 MB
       Class:  6.92 MB
        Both:  12.31 MB

MaxMetaspaceSize: unlimited
CompressedClassSpaceSize: 1.00 GB
Initial GC threshold: 21.00 MB
Current GC threshold: 98.12 MB
CDS: on
 - commit_granule_bytes: 65536.
 - commit_granule_words: 8192.
 - virtual_space_node_default_size: 8388608.
 - enlarge_chunks_in_place: 1.
 - use_allocation_guard: 0.


Internal statistics:

num_allocs_failed_limit: 13.
num_arena_births: 1394.
num_arena_deaths: 20.
num_vsnodes_births: 2.
num_vsnodes_deaths: 0.
num_space_committed: 1068.
num_space_uncommitted: 0.
num_chunks_returned_to_freelist: 36.
num_chunks_taken_from_freelist: 4438.
num_chunk_merges: 19.
num_chunk_splits: 2792.
num_chunks_enlarged: 1682.
num_inconsistent_stats: 0.

CodeHeap 'non-profiled nmethods': size=120000Kb used=6505Kb max_used=6505Kb free=113495Kb
 bounds [0x0000028c87ad0000, 0x0000028c88130000, 0x0000028c8f000000]
CodeHeap 'profiled nmethods': size=120000Kb used=16445Kb max_used=16445Kb free=103554Kb
 bounds [0x0000028c80000000, 0x0000028c81010000, 0x0000028c87530000]
CodeHeap 'non-nmethods': size=5760Kb used=1395Kb max_used=1480Kb free=4364Kb
 bounds [0x0000028c87530000, 0x0000028c877a0000, 0x0000028c87ad0000]
CodeCache: size=245760Kb, used=24345Kb, max_used=24430Kb, free=221413Kb
 total_blobs=8762, nmethods=8062, adapters=606, full_count=0
Compilation: enabled, stopped_count=0, restarted_count=0

Compilation events (20 events):
Event: 842.539 Thread 0x0000028c8f5c3210 8788       3       java.util.concurrent.atomic.AtomicLong::weakCompareAndSetVolatile (13 bytes)
Event: 842.542 Thread 0x0000028c8f5c3210 nmethod 8788 0x0000028c8100b110 code [0x0000028c8100b2c0, 0x0000028c8100b420]
Event: 902.538 Thread 0x0000028c8f5c3210 8789       3       java.util.concurrent.atomic.AtomicLong::updateAndGet (59 bytes)
Event: 902.542 Thread 0x0000028c8f5c3210 nmethod 8789 0x0000028c8100b510 code [0x0000028c8100b700, 0x0000028c8100bc08]
Event: 1089.132 Thread 0x0000028c8f5c3210 8791       3       java.util.concurrent.ScheduledThreadPoolExecutor::triggerTime (22 bytes)
Event: 1089.136 Thread 0x0000028c8f5c3210 nmethod 8791 0x0000028c8100be90 code [0x0000028c8100c040, 0x0000028c8100c220]
Event: 1263.144 Thread 0x0000028c8f5c3210 8792       1       org.eclipse.core.internal.jobs.InternalJob::setNext (6 bytes)
Event: 1263.149 Thread 0x0000028c8f5c3210 nmethod 8792 0x0000028c88129510 code [0x0000028c881296a0, 0x0000028c88129780]
Event: 1263.150 Thread 0x0000028c8f5c3210 8793       1       org.eclipse.core.internal.jobs.InternalJob::setPrevious (6 bytes)
Event: 1263.151 Thread 0x0000028c8f5c3210 nmethod 8793 0x0000028c88129810 code [0x0000028c881299a0, 0x0000028c88129a80]
Event: 1263.152 Thread 0x0000028c8f5c3210 8794       1       org.eclipse.core.internal.jobs.JobChangeEvent::getJob (5 bytes)
Event: 1263.163 Thread 0x0000028c8f5c3210 nmethod 8794 0x0000028c88129b10 code [0x0000028c88129ca0, 0x0000028c88129d68]
Event: 1347.474 Thread 0x0000028c8f5c3210 8795       1       org.eclipse.jdt.ls.core.internal.LanguageServerApplication::getParentProcessId (5 bytes)
Event: 1347.475 Thread 0x0000028c8f5c3210 nmethod 8795 0x0000028c88129e10 code [0x0000028c88129fa0, 0x0000028c8812a068]
Event: 1415.423 Thread 0x0000028c8f5c3210 8796 % !   3       java.util.TimerThread::mainLoop @ 0 (232 bytes)
Event: 1415.471 Thread 0x0000028c8f5c3210 nmethod 8796% 0x0000028c8100c310 code [0x0000028c8100c5e0, 0x0000028c8100d490]
Event: 1436.898 Thread 0x0000028c8f5c3210 8797   !   3       java.util.TimerThread::mainLoop (232 bytes)
Event: 1436.900 Thread 0x0000028c8f5c3210 nmethod 8797 0x0000028c8100dd10 code [0x0000028c8100dfe0, 0x0000028c8100edd8]
Event: 1547.561 Thread 0x0000028c8f54c900 8798       4       java.util.concurrent.Executors$RunnableAdapter::call (14 bytes)
Event: 1547.571 Thread 0x0000028c8f54c900 nmethod 8798 0x0000028c8812a110 code [0x0000028c8812a2a0, 0x0000028c8812a360]

GC Heap History (20 events):
Event: 255.552 GC heap before
{Heap before GC invocations=49 (full 3):
 PSYoungGen      total 22528K, used 22058K [0x00000000d5580000, 0x00000000d7200000, 0x0000000100000000)
  eden space 22016K, 99% used [0x00000000d5580000,0x00000000d6af2a60,0x00000000d6b00000)
  from space 512K, 18% used [0x00000000d7100000,0x00000000d7118000,0x00000000d7180000)
  to   space 512K, 0% used [0x00000000d7180000,0x00000000d7180000,0x00000000d7200000)
 ParOldGen       total 68608K, used 42299K [0x0000000080000000, 0x0000000084300000, 0x00000000d5580000)
  object space 68608K, 61% used [0x0000000080000000,0x000000008294ee28,0x0000000084300000)
 Metaspace       used 65313K, committed 66816K, reserved 1114112K
  class space    used 8283K, committed 8960K, reserved 1048576K
}
Event: 255.555 GC heap after
{Heap after GC invocations=49 (full 3):
 PSYoungGen      total 22528K, used 492K [0x00000000d5580000, 0x00000000d7200000, 0x0000000100000000)
  eden space 22016K, 0% used [0x00000000d5580000,0x00000000d5580000,0x00000000d6b00000)
  from space 512K, 96% used [0x00000000d7180000,0x00000000d71fb010,0x00000000d7200000)
  to   space 3584K, 0% used [0x00000000d6b00000,0x00000000d6b00000,0x00000000d6e80000)
 ParOldGen       total 68608K, used 44880K [0x0000000080000000, 0x0000000084300000, 0x00000000d5580000)
  object space 68608K, 65% used [0x0000000080000000,0x0000000082bd4220,0x0000000084300000)
 Metaspace       used 65313K, committed 66816K, reserved 1114112K
  class space    used 8283K, committed 8960K, reserved 1048576K
}
Event: 258.935 GC heap before
{Heap before GC invocations=50 (full 3):
 PSYoungGen      total 22528K, used 22508K [0x00000000d5580000, 0x00000000d7200000, 0x0000000100000000)
  eden space 22016K, 100% used [0x00000000d5580000,0x00000000d6b00000,0x00000000d6b00000)
  from space 512K, 96% used [0x00000000d7180000,0x00000000d71fb010,0x00000000d7200000)
  to   space 3584K, 0% used [0x00000000d6b00000,0x00000000d6b00000,0x00000000d6e80000)
 ParOldGen       total 68608K, used 44880K [0x0000000080000000, 0x0000000084300000, 0x00000000d5580000)
  object space 68608K, 65% used [0x0000000080000000,0x0000000082bd4220,0x0000000084300000)
 Metaspace       used 65410K, committed 66944K, reserved 1114112K
  class space    used 8291K, committed 9024K, reserved 1048576K
}
Event: 258.938 GC heap after
{Heap after GC invocations=50 (full 3):
 PSYoungGen      total 25600K, used 160K [0x00000000d5580000, 0x00000000d7200000, 0x0000000100000000)
  eden space 22016K, 0% used [0x00000000d5580000,0x00000000d5580000,0x00000000d6b00000)
  from space 3584K, 4% used [0x00000000d6b00000,0x00000000d6b28000,0x00000000d6e80000)
  to   space 1536K, 0% used [0x00000000d7080000,0x00000000d7080000,0x00000000d7200000)
 ParOldGen       total 68608K, used 45378K [0x0000000080000000, 0x0000000084300000, 0x00000000d5580000)
  object space 68608K, 66% used [0x0000000080000000,0x0000000082c50958,0x0000000084300000)
 Metaspace       used 65410K, committed 66944K, reserved 1114112K
  class space    used 8291K, committed 9024K, reserved 1048576K
}
Event: 260.053 GC heap before
{Heap before GC invocations=51 (full 3):
 PSYoungGen      total 25600K, used 22176K [0x00000000d5580000, 0x00000000d7200000, 0x0000000100000000)
  eden space 22016K, 100% used [0x00000000d5580000,0x00000000d6b00000,0x00000000d6b00000)
  from space 3584K, 4% used [0x00000000d6b00000,0x00000000d6b28000,0x00000000d6e80000)
  to   space 1536K, 0% used [0x00000000d7080000,0x00000000d7080000,0x00000000d7200000)
 ParOldGen       total 68608K, used 45378K [0x0000000080000000, 0x0000000084300000, 0x00000000d5580000)
  object space 68608K, 66% used [0x0000000080000000,0x0000000082c50958,0x0000000084300000)
 Metaspace       used 65427K, committed 67008K, reserved 1114112K
  class space    used 8291K, committed 9024K, reserved 1048576K
}
Event: 260.054 GC heap after
{Heap after GC invocations=51 (full 3):
 PSYoungGen      total 22528K, used 128K [0x00000000d5580000, 0x00000000d7100000, 0x0000000100000000)
  eden space 22016K, 0% used [0x00000000d5580000,0x00000000d5580000,0x00000000d6b00000)
  from space 512K, 25% used [0x00000000d7080000,0x00000000d70a0000,0x00000000d7100000)
  to   space 512K, 0% used [0x00000000d7000000,0x00000000d7000000,0x00000000d7080000)
 ParOldGen       total 68608K, used 45526K [0x0000000080000000, 0x0000000084300000, 0x00000000d5580000)
  object space 68608K, 66% used [0x0000000080000000,0x0000000082c75988,0x0000000084300000)
 Metaspace       used 65427K, committed 67008K, reserved 1114112K
  class space    used 8291K, committed 9024K, reserved 1048576K
}
Event: 260.776 GC heap before
{Heap before GC invocations=52 (full 3):
 PSYoungGen      total 22528K, used 22144K [0x00000000d5580000, 0x00000000d7100000, 0x0000000100000000)
  eden space 22016K, 100% used [0x00000000d5580000,0x00000000d6b00000,0x00000000d6b00000)
  from space 512K, 25% used [0x00000000d7080000,0x00000000d70a0000,0x00000000d7100000)
  to   space 512K, 0% used [0x00000000d7000000,0x00000000d7000000,0x00000000d7080000)
 ParOldGen       total 68608K, used 45526K [0x0000000080000000, 0x0000000084300000, 0x00000000d5580000)
  object space 68608K, 66% used [0x0000000080000000,0x0000000082c75988,0x0000000084300000)
 Metaspace       used 65433K, committed 67008K, reserved 1114112K
  class space    used 8291K, committed 9024K, reserved 1048576K
}
Event: 260.777 GC heap after
{Heap after GC invocations=52 (full 3):
 PSYoungGen      total 22528K, used 128K [0x00000000d5580000, 0x00000000d7100000, 0x0000000100000000)
  eden space 22016K, 0% used [0x00000000d5580000,0x00000000d5580000,0x00000000d6b00000)
  from space 512K, 25% used [0x00000000d7000000,0x00000000d7020000,0x00000000d7080000)
  to   space 512K, 0% used [0x00000000d7080000,0x00000000d7080000,0x00000000d7100000)
 ParOldGen       total 68608K, used 45550K [0x0000000080000000, 0x0000000084300000, 0x00000000d5580000)
  object space 68608K, 66% used [0x0000000080000000,0x0000000082c7b988,0x0000000084300000)
 Metaspace       used 65433K, committed 67008K, reserved 1114112K
  class space    used 8291K, committed 9024K, reserved 1048576K
}
Event: 262.090 GC heap before
{Heap before GC invocations=53 (full 3):
 PSYoungGen      total 22528K, used 22144K [0x00000000d5580000, 0x00000000d7100000, 0x0000000100000000)
  eden space 22016K, 100% used [0x00000000d5580000,0x00000000d6b00000,0x00000000d6b00000)
  from space 512K, 25% used [0x00000000d7000000,0x00000000d7020000,0x00000000d7080000)
  to   space 512K, 0% used [0x00000000d7080000,0x00000000d7080000,0x00000000d7100000)
 ParOldGen       total 68608K, used 45550K [0x0000000080000000, 0x0000000084300000, 0x00000000d5580000)
  object space 68608K, 66% used [0x0000000080000000,0x0000000082c7b988,0x0000000084300000)
 Metaspace       used 65444K, committed 67008K, reserved 1114112K
  class space    used 8291K, committed 9024K, reserved 1048576K
}
Event: 262.092 GC heap after
{Heap after GC invocations=53 (full 3):
 PSYoungGen      total 22528K, used 505K [0x00000000d5580000, 0x00000000d7100000, 0x0000000100000000)
  eden space 22016K, 0% used [0x00000000d5580000,0x00000000d5580000,0x00000000d6b00000)
  from space 512K, 98% used [0x00000000d7080000,0x00000000d70fe7f0,0x00000000d7100000)
  to   space 1024K, 0% used [0x00000000d6f00000,0x00000000d6f00000,0x00000000d7000000)
 ParOldGen       total 68608K, used 45618K [0x0000000080000000, 0x0000000084300000, 0x00000000d5580000)
  object space 68608K, 66% used [0x0000000080000000,0x0000000082c8c9b8,0x0000000084300000)
 Metaspace       used 65444K, committed 67008K, reserved 1114112K
  class space    used 8291K, committed 9024K, reserved 1048576K
}
Event: 263.619 GC heap before
{Heap before GC invocations=54 (full 3):
 PSYoungGen      total 22528K, used 22521K [0x00000000d5580000, 0x00000000d7100000, 0x0000000100000000)
  eden space 22016K, 100% used [0x00000000d5580000,0x00000000d6b00000,0x00000000d6b00000)
  from space 512K, 98% used [0x00000000d7080000,0x00000000d70fe7f0,0x00000000d7100000)
  to   space 1024K, 0% used [0x00000000d6f00000,0x00000000d6f00000,0x00000000d7000000)
 ParOldGen       total 68608K, used 45618K [0x0000000080000000, 0x0000000084300000, 0x00000000d5580000)
  object space 68608K, 66% used [0x0000000080000000,0x0000000082c8c9b8,0x0000000084300000)
 Metaspace       used 66120K, committed 67648K, reserved 1114112K
  class space    used 8365K, committed 9024K, reserved 1048576K
}
Event: 263.622 GC heap after
{Heap after GC invocations=54 (full 3):
 PSYoungGen      total 23040K, used 408K [0x00000000d5580000, 0x00000000d7100000, 0x0000000100000000)
  eden space 22016K, 0% used [0x00000000d5580000,0x00000000d5580000,0x00000000d6b00000)
  from space 1024K, 39% used [0x00000000d6f00000,0x00000000d6f661a8,0x00000000d7000000)
  to   space 512K, 0% used [0x00000000d7080000,0x00000000d7080000,0x00000000d7100000)
 ParOldGen       total 68608K, used 45642K [0x0000000080000000, 0x0000000084300000, 0x00000000d5580000)
  object space 68608K, 66% used [0x0000000080000000,0x0000000082c929b8,0x0000000084300000)
 Metaspace       used 66120K, committed 67648K, reserved 1114112K
  class space    used 8365K, committed 9024K, reserved 1048576K
}
Event: 265.957 GC heap before
{Heap before GC invocations=55 (full 3):
 PSYoungGen      total 23040K, used 22424K [0x00000000d5580000, 0x00000000d7100000, 0x0000000100000000)
  eden space 22016K, 100% used [0x00000000d5580000,0x00000000d6b00000,0x00000000d6b00000)
  from space 1024K, 39% used [0x00000000d6f00000,0x00000000d6f661a8,0x00000000d7000000)
  to   space 512K, 0% used [0x00000000d7080000,0x00000000d7080000,0x00000000d7100000)
 ParOldGen       total 68608K, used 45642K [0x0000000080000000, 0x0000000084300000, 0x00000000d5580000)
  object space 68608K, 66% used [0x0000000080000000,0x0000000082c929b8,0x0000000084300000)
 Metaspace       used 66260K, committed 67840K, reserved 1114112K
  class space    used 8374K, committed 9088K, reserved 1048576K
}
Event: 265.959 GC heap after
{Heap after GC invocations=55 (full 3):
 PSYoungGen      total 22528K, used 384K [0x00000000d5580000, 0x00000000d7100000, 0x0000000100000000)
  eden space 22016K, 0% used [0x00000000d5580000,0x00000000d5580000,0x00000000d6b00000)
  from space 512K, 75% used [0x00000000d7080000,0x00000000d70e0000,0x00000000d7100000)
  to   space 512K, 0% used [0x00000000d7000000,0x00000000d7000000,0x00000000d7080000)
 ParOldGen       total 68608K, used 46032K [0x0000000080000000, 0x0000000084300000, 0x00000000d5580000)
  object space 68608K, 67% used [0x0000000080000000,0x0000000082cf4330,0x0000000084300000)
 Metaspace       used 66260K, committed 67840K, reserved 1114112K
  class space    used 8374K, committed 9088K, reserved 1048576K
}
Event: 267.626 GC heap before
{Heap before GC invocations=56 (full 3):
 PSYoungGen      total 22528K, used 22400K [0x00000000d5580000, 0x00000000d7100000, 0x0000000100000000)
  eden space 22016K, 100% used [0x00000000d5580000,0x00000000d6b00000,0x00000000d6b00000)
  from space 512K, 75% used [0x00000000d7080000,0x00000000d70e0000,0x00000000d7100000)
  to   space 512K, 0% used [0x00000000d7000000,0x00000000d7000000,0x00000000d7080000)
 ParOldGen       total 68608K, used 46032K [0x0000000080000000, 0x0000000084300000, 0x00000000d5580000)
  object space 68608K, 67% used [0x0000000080000000,0x0000000082cf4330,0x0000000084300000)
 Metaspace       used 66274K, committed 67840K, reserved 1114112K
  class space    used 8375K, committed 9088K, reserved 1048576K
}
Event: 267.628 GC heap after
{Heap after GC invocations=56 (full 3):
 PSYoungGen      total 22528K, used 96K [0x00000000d5580000, 0x00000000d7100000, 0x0000000100000000)
  eden space 22016K, 0% used [0x00000000d5580000,0x00000000d5580000,0x00000000d6b00000)
  from space 512K, 18% used [0x00000000d7000000,0x00000000d7018000,0x00000000d7080000)
  to   space 512K, 0% used [0x00000000d7080000,0x00000000d7080000,0x00000000d7100000)
 ParOldGen       total 68608K, used 46347K [0x0000000080000000, 0x0000000084300000, 0x00000000d5580000)
  object space 68608K, 67% used [0x0000000080000000,0x0000000082d42df8,0x0000000084300000)
 Metaspace       used 66274K, committed 67840K, reserved 1114112K
  class space    used 8375K, committed 9088K, reserved 1048576K
}
Event: 268.210 GC heap before
{Heap before GC invocations=57 (full 3):
 PSYoungGen      total 22528K, used 22112K [0x00000000d5580000, 0x00000000d7100000, 0x0000000100000000)
  eden space 22016K, 100% used [0x00000000d5580000,0x00000000d6b00000,0x00000000d6b00000)
  from space 512K, 18% used [0x00000000d7000000,0x00000000d7018000,0x00000000d7080000)
  to   space 512K, 0% used [0x00000000d7080000,0x00000000d7080000,0x00000000d7100000)
 ParOldGen       total 68608K, used 46347K [0x0000000080000000, 0x0000000084300000, 0x00000000d5580000)
  object space 68608K, 67% used [0x0000000080000000,0x0000000082d42df8,0x0000000084300000)
 Metaspace       used 66274K, committed 67840K, reserved 1114112K
  class space    used 8375K, committed 9088K, reserved 1048576K
}
Event: 268.210 GC heap after
{Heap after GC invocations=57 (full 3):
 PSYoungGen      total 22528K, used 128K [0x00000000d5580000, 0x00000000d7100000, 0x0000000100000000)
  eden space 22016K, 0% used [0x00000000d5580000,0x00000000d5580000,0x00000000d6b00000)
  from space 512K, 25% used [0x00000000d7080000,0x00000000d70a0000,0x00000000d7100000)
  to   space 512K, 0% used [0x00000000d7000000,0x00000000d7000000,0x00000000d7080000)
 ParOldGen       total 68608K, used 46379K [0x0000000080000000, 0x0000000084300000, 0x00000000d5580000)
  object space 68608K, 67% used [0x0000000080000000,0x0000000082d4adf8,0x0000000084300000)
 Metaspace       used 66274K, committed 67840K, reserved 1114112K
  class space    used 8375K, committed 9088K, reserved 1048576K
}
Event: 268.834 GC heap before
{Heap before GC invocations=58 (full 3):
 PSYoungGen      total 22528K, used 22136K [0x00000000d5580000, 0x00000000d7100000, 0x0000000100000000)
  eden space 22016K, 99% used [0x00000000d5580000,0x00000000d6afe2a0,0x00000000d6b00000)
  from space 512K, 25% used [0x00000000d7080000,0x00000000d70a0000,0x00000000d7100000)
  to   space 512K, 0% used [0x00000000d7000000,0x00000000d7000000,0x00000000d7080000)
 ParOldGen       total 68608K, used 46379K [0x0000000080000000, 0x0000000084300000, 0x00000000d5580000)
  object space 68608K, 67% used [0x0000000080000000,0x0000000082d4adf8,0x0000000084300000)
 Metaspace       used 66276K, committed 67840K, reserved 1114112K
  class space    used 8375K, committed 9088K, reserved 1048576K
}
Event: 268.835 GC heap after
{Heap after GC invocations=58 (full 3):
 PSYoungGen      total 22528K, used 262K [0x00000000d5580000, 0x00000000d7100000, 0x0000000100000000)
  eden space 22016K, 0% used [0x00000000d5580000,0x00000000d5580000,0x00000000d6b00000)
  from space 512K, 51% used [0x00000000d7000000,0x00000000d7041a00,0x00000000d7080000)
  to   space 512K, 0% used [0x00000000d7080000,0x00000000d7080000,0x00000000d7100000)
 ParOldGen       total 68608K, used 46395K [0x0000000080000000, 0x0000000084300000, 0x00000000d5580000)
  object space 68608K, 67% used [0x0000000080000000,0x0000000082d4edf8,0x0000000084300000)
 Metaspace       used 66276K, committed 67840K, reserved 1114112K
  class space    used 8375K, committed 9088K, reserved 1048576K
}

Dll operation events (15 events):
Event: 0.042 Loaded shared library c:\Users\Bhumi\.vscode\extensions\redhat.java-1.54.0-win32-x64\jre\21.0.10-win32-x86_64\bin\java.dll
Event: 0.421 Loaded shared library c:\Users\Bhumi\.vscode\extensions\redhat.java-1.54.0-win32-x64\jre\21.0.10-win32-x86_64\bin\zip.dll
Event: 0.500 Loaded shared library C:\Users\Bhumi\.vscode\extensions\redhat.java-1.54.0-win32-x64\jre\21.0.10-win32-x86_64\bin\instrument.dll
Event: 0.562 Loaded shared library C:\Users\Bhumi\.vscode\extensions\redhat.java-1.54.0-win32-x64\jre\21.0.10-win32-x86_64\bin\net.dll
Event: 0.565 Loaded shared library C:\Users\Bhumi\.vscode\extensions\redhat.java-1.54.0-win32-x64\jre\21.0.10-win32-x86_64\bin\nio.dll
Event: 0.589 Loaded shared library C:\Users\Bhumi\.vscode\extensions\redhat.java-1.54.0-win32-x64\jre\21.0.10-win32-x86_64\bin\zip.dll
Event: 0.700 Loaded shared library C:\Users\Bhumi\.vscode\extensions\redhat.java-1.54.0-win32-x64\jre\21.0.10-win32-x86_64\bin\jimage.dll
Event: 1.306 Loaded shared library c:\Users\Bhumi\.vscode\extensions\redhat.java-1.54.0-win32-x64\jre\21.0.10-win32-x86_64\bin\verify.dll
Event: 40.993 Loaded shared library C:\Users\Bhumi\AppData\Roaming\Code\User\globalStorage\redhat.java\1.54.0\config_win\org.eclipse.equinox.launcher\org.eclipse.equinox.launcher.win32.win32.x86_64_1.3.0.v20260203-2149\eclipse_11919.dll
Event: 62.785 Loaded shared library C:\Users\Bhumi\AppData\Local\Temp\jna-64166571\jna10901457830865887427.dll
Event: 98.237 Loaded shared library C:\Users\Bhumi\.gradle\native\1def1411415f61bf3af743bc5b6707747c0891f09f0c88961ee8f79bc544acac\windows-amd64\native-platform.dll
Event: 120.397 Loaded shared library C:\Users\Bhumi\.vscode\extensions\redhat.java-1.54.0-win32-x64\jre\21.0.10-win32-x86_64\bin\management.dll
Event: 120.460 Loaded shared library C:\Users\Bhumi\.vscode\extensions\redhat.java-1.54.0-win32-x64\jre\21.0.10-win32-x86_64\bin\management_ext.dll
Event: 124.646 Loaded shared library C:\Users\Bhumi\.vscode\extensions\redhat.java-1.54.0-win32-x64\jre\21.0.10-win32-x86_64\bin\extnet.dll
Event: 136.933 Loaded shared library C:\Users\Bhumi\.vscode\extensions\redhat.java-1.54.0-win32-x64\jre\21.0.10-win32-x86_64\bin\sunmscapi.dll

Deoptimization events (20 events):
Event: 422.409 Thread 0x0000028cd675cc90 DEOPT PACKING pc=0x0000028c880fdb98 sp=0x000000d0b8afebd0
Event: 422.409 Thread 0x0000028cd675cc90 DEOPT UNPACKING pc=0x0000028c87583aa2 sp=0x000000d0b8afeb10 mode 2
Event: 422.409 Thread 0x0000028cd675cc90 Uncommon trap: trap_request=0xffffff45 fr.pc=0x0000028c87d32b6c relative=0x00000000000003ac
Event: 422.409 Thread 0x0000028cd675cc90 Uncommon trap: reason=unstable_if action=reinterpret pc=0x0000028c87d32b6c method=java.io.BufferedOutputStream.implWrite([BII)V @ 5 c2
Event: 422.409 Thread 0x0000028cd675cc90 DEOPT PACKING pc=0x0000028c87d32b6c sp=0x000000d0b8afea50
Event: 422.409 Thread 0x0000028cd675cc90 DEOPT UNPACKING pc=0x0000028c87583aa2 sp=0x000000d0b8afe9a0 mode 2
Event: 422.412 Thread 0x0000028cd675cc90 DEOPT PACKING pc=0x0000028c81005578 sp=0x000000d0b8afeb50
Event: 422.412 Thread 0x0000028cd675cc90 DEOPT UNPACKING pc=0x0000028c87584242 sp=0x000000d0b8afe0a8 mode 0
Event: 422.412 Thread 0x0000028cd675cc90 Uncommon trap: trap_request=0xffffffc6 fr.pc=0x0000028c880fdb98 relative=0x0000000000001158
Event: 422.412 Thread 0x0000028cd675cc90 Uncommon trap: reason=bimorphic_or_optimized_type_check action=maybe_recompile pc=0x0000028c880fdb98 method=java.io.DataOutputStream.write([BII)V @ 7 c2
Event: 422.412 Thread 0x0000028cd675cc90 DEOPT PACKING pc=0x0000028c880fdb98 sp=0x000000d0b8afebd0
Event: 422.412 Thread 0x0000028cd675cc90 DEOPT UNPACKING pc=0x0000028c87583aa2 sp=0x000000d0b8afeb10 mode 2
Event: 422.412 Thread 0x0000028cd675cc90 Uncommon trap: trap_request=0xffffff45 fr.pc=0x0000028c87d337a4 relative=0x00000000000001e4
Event: 422.412 Thread 0x0000028cd675cc90 Uncommon trap: reason=unstable_if action=reinterpret pc=0x0000028c87d337a4 method=java.io.BufferedOutputStream.implWrite([BII)V @ 5 c2
Event: 422.412 Thread 0x0000028cd675cc90 DEOPT PACKING pc=0x0000028c87d337a4 sp=0x000000d0b8afe9e0
Event: 422.413 Thread 0x0000028cd675cc90 DEOPT UNPACKING pc=0x0000028c87583aa2 sp=0x000000d0b8afe9a8 mode 2
Event: 422.525 Thread 0x0000028cd675cc90 Uncommon trap: trap_request=0xffffffc6 fr.pc=0x0000028c87f91714 relative=0x0000000000000254
Event: 422.525 Thread 0x0000028cd675cc90 Uncommon trap: reason=bimorphic_or_optimized_type_check action=maybe_recompile pc=0x0000028c87f91714 method=org.eclipse.core.runtime.SubMonitor$RootInfo.isCanceled()Z @ 4 c2
Event: 422.525 Thread 0x0000028cd675cc90 DEOPT PACKING pc=0x0000028c87f91714 sp=0x000000d0b8aff4e0
Event: 422.525 Thread 0x0000028cd675cc90 DEOPT UNPACKING pc=0x0000028c87583aa2 sp=0x000000d0b8aff420 mode 2

Classes loaded (20 events):
Event: 263.473 Loading class java/util/concurrent/CompletableFuture$UniAccept
Event: 263.473 Loading class java/util/concurrent/CompletableFuture$UniAccept done
Event: 263.473 Loading class java/util/concurrent/CompletableFuture$UniExceptionally
Event: 263.474 Loading class java/util/concurrent/CompletableFuture$UniExceptionally done
Event: 263.535 Loading class java/util/concurrent/CompletableFuture$Signaller
Event: 263.536 Loading class java/util/concurrent/CompletableFuture$Signaller done
Event: 263.827 Loading class sun/net/util/SocketExceptions
Event: 263.830 Loading class sun/net/util/SocketExceptions done
Event: 422.332 Loading class java/util/concurrent/ForkJoinTask$AdaptedCallable
Event: 422.332 Loading class java/util/concurrent/ForkJoinTask$AdaptedCallable done
Event: 422.351 Loading class java/util/stream/Nodes$CollectorTask$OfRef
Event: 422.351 Loading class java/util/stream/Nodes$CollectorTask
Event: 422.352 Loading class java/util/stream/Nodes$CollectorTask done
Event: 422.353 Loading class java/util/stream/Nodes$CollectorTask$OfRef done
Event: 422.353 Loading class java/util/function/LongFunction
Event: 422.353 Loading class java/util/function/LongFunction done
Event: 422.354 Loading class java/util/stream/Nodes$ConcNode
Event: 422.354 Loading class java/util/stream/Nodes$AbstractConcNode
Event: 422.354 Loading class java/util/stream/Nodes$AbstractConcNode done
Event: 422.354 Loading class java/util/stream/Nodes$ConcNode done

Classes unloaded (10 events):
Event: 63.908 Thread 0x0000028cf8b726d0 Unloading class 0x0000028c911a4800 'java/lang/invoke/LambdaForm$MH+0x0000028c911a4800'
Event: 63.908 Thread 0x0000028cf8b726d0 Unloading class 0x0000028c911a4400 'java/lang/invoke/LambdaForm$MH+0x0000028c911a4400'
Event: 63.908 Thread 0x0000028cf8b726d0 Unloading class 0x0000028c911a4000 'java/lang/invoke/LambdaForm$MH+0x0000028c911a4000'
Event: 63.908 Thread 0x0000028cf8b726d0 Unloading class 0x0000028c911a3c00 'java/lang/invoke/LambdaForm$MH+0x0000028c911a3c00'
Event: 63.908 Thread 0x0000028cf8b726d0 Unloading class 0x0000028c911a3800 'java/lang/invoke/LambdaForm$BMH+0x0000028c911a3800'
Event: 63.908 Thread 0x0000028cf8b726d0 Unloading class 0x0000028c911a3400 'java/lang/invoke/LambdaForm$DMH+0x0000028c911a3400'
Event: 63.908 Thread 0x0000028cf8b726d0 Unloading class 0x0000028c911a2000 'java/lang/invoke/LambdaForm$DMH+0x0000028c911a2000'
Event: 66.676 Thread 0x0000028cf8b726d0 Unloading class 0x0000028c9130d400 'java/lang/invoke/LambdaForm$MH+0x0000028c9130d400'
Event: 66.676 Thread 0x0000028cf8b726d0 Unloading class 0x0000028c9130c800 'java/lang/invoke/LambdaForm$MH+0x0000028c9130c800'
Event: 66.676 Thread 0x0000028cf8b726d0 Unloading class 0x0000028c9130c400 'java/lang/invoke/LambdaForm$DMH+0x0000028c9130c400'

Classes redefined (0 events):
No events

Internal exceptions (20 events):
Event: 263.428 Thread 0x0000028cd81fc9d0 Exception <a 'sun/nio/fs/WindowsException'{0x00000000d65989d8}> (0x00000000d65989d8) 
thrown [s\src\hotspot\share\prims\jni.cpp, line 520]
Event: 263.429 Thread 0x0000028cd81fc9d0 Exception <a 'sun/nio/fs/WindowsException'{0x00000000d659c3c0}> (0x00000000d659c3c0) 
thrown [s\src\hotspot\share\prims\jni.cpp, line 520]
Event: 263.429 Thread 0x0000028cd81fc9d0 Exception <a 'sun/nio/fs/WindowsException'{0x00000000d65a58a8}> (0x00000000d65a58a8) 
thrown [s\src\hotspot\share\prims\jni.cpp, line 520]
Event: 263.444 Thread 0x0000028cd81fc9d0 Exception <a 'sun/nio/fs/WindowsException'{0x00000000d66534a8}> (0x00000000d66534a8) 
thrown [s\src\hotspot\share\prims\jni.cpp, line 520]
Event: 263.444 Thread 0x0000028cd81fc9d0 Exception <a 'sun/nio/fs/WindowsException'{0x00000000d665a8f8}> (0x00000000d665a8f8) 
thrown [s\src\hotspot\share\prims\jni.cpp, line 520]
Event: 263.445 Thread 0x0000028cd81fc9d0 Exception <a 'sun/nio/fs/WindowsException'{0x00000000d665d300}> (0x00000000d665d300) 
thrown [s\src\hotspot\share\prims\jni.cpp, line 520]
Event: 263.445 Thread 0x0000028cd81fc9d0 Exception <a 'sun/nio/fs/WindowsException'{0x00000000d6664e80}> (0x00000000d6664e80) 
thrown [s\src\hotspot\share\prims\jni.cpp, line 520]
Event: 263.460 Thread 0x0000028cd81fc9d0 Exception <a 'java/lang/IncompatibleClassChangeError'{0x00000000d66de6a8}: Found class java.lang.Object, but interface was expected> (0x00000000d66de6a8) 
thrown [s\src\hotspot\share\interpreter\linkResolver.cpp, line 840]
Event: 263.492 Thread 0x0000028cda522210 Implicit null exception at 0x0000028c87f2316e to 0x0000028c87f23820
Event: 263.827 Thread 0x0000028cda5242e0 Exception <a 'java/net/ConnectException'{0x00000000d577f4a8}: Connection refused: getsockopt> (0x00000000d577f4a8) 
thrown [s\src\hotspot\share\prims\jni.cpp, line 539]
Event: 269.416 Thread 0x0000028cda523c50 Implicit null exception at 0x0000028c880974d5 to 0x0000028c8809795c
Event: 269.417 Thread 0x0000028cda523c50 Implicit null exception at 0x0000028c88091b57 to 0x0000028c88091f48
Event: 362.392 Thread 0x0000028cda5242e0 Exception <a 'java/lang/NoSuchMethodError'{0x00000000d638d130}: static Lcom/android/builder/errors/EvalIssueException;.<clinit>()V> (0x00000000d638d130) 
thrown [s\src\hotspot\share\prims\jni.cpp, line 1111]
Event: 362.468 Thread 0x0000028cda5242e0 Exception <a 'java/lang/NoSuchMethodError'{0x00000000d654c960}: static Lorg/gradle/api/GradleException;.<clinit>()V> (0x00000000d654c960) 
thrown [s\src\hotspot\share\prims\jni.cpp, line 1111]
Event: 362.468 Thread 0x0000028cda5242e0 Implicit null exception at 0x0000028c87b8ef78 to 0x0000028c87b8f8f4
Event: 362.474 Thread 0x0000028cda5242e0 Exception <a 'java/lang/NoSuchMethodError'{0x00000000d654e870}: static Lorg/gradle/internal/exceptions/DefaultMultiCauseException;.<clinit>()V> (0x00000000d654e870) 
thrown [s\src\hotspot\share\prims\jni.cpp, line 1111]
Event: 362.474 Thread 0x0000028cda5242e0 Exception <a 'java/lang/NoSuchMethodError'{0x00000000d6552ba0}: static Lorg/gradle/api/ProjectConfigurationException;.<clinit>()V> (0x00000000d6552ba0) 
thrown [s\src\hotspot\share\prims\jni.cpp, line 1111]
Event: 362.522 Thread 0x0000028cda5242e0 Exception <a 'java/lang/NoSuchMethodError'{0x00000000d6621118}: static Lorg/gradle/internal/exceptions/ContextAwareException;.<clinit>()V> (0x00000000d6621118) 
thrown [s\src\hotspot\share\prims\jni.cpp, line 1111]
Event: 362.522 Thread 0x0000028cda5242e0 Exception <a 'java/lang/NoSuchMethodError'{0x00000000d66234e8}: static Lorg/gradle/internal/exceptions/LocationAwareException;.<clinit>()V> (0x00000000d66234e8) 
thrown [s\src\hotspot\share\prims\jni.cpp, line 1111]
Event: 422.396 Thread 0x0000028cd675cc90 Exception <a 'java/lang/NoSuchMethodError'{0x00000000d69a7a50}: 'java.lang.Object java.lang.invoke.DirectMethodHandle$Holder.newInvokeSpecial(java.lang.Object, java.lang.Object, java.lang.Object, java.lang.Object, java.lang.Object, java.lang.Object, java.lang.Object, java.lang.Object)'> (0x00000000d69a7a50) 
thrown [s\src\hotspot\share\interpreter\linkResolver.cpp, line 773]

ZGC Phase Switch (0 events):
No events

VM Operations (20 events):
Event: 480.966 Executing non-safepoint VM operation: HandshakeAllThreads (HandshakeForDeflation)
Event: 480.967 Executing non-safepoint VM operation: HandshakeAllThreads (HandshakeForDeflation) done
Event: 480.967 Executing non-safepoint VM operation: RendezvousGCThreads
Event: 480.967 Executing non-safepoint VM operation: RendezvousGCThreads done
Event: 1322.734 Executing non-safepoint VM operation: HandshakeAllThreads (HandshakeForDeflation)
Event: 1322.746 Executing non-safepoint VM operation: HandshakeAllThreads (HandshakeForDeflation) done
Event: 1322.746 Executing non-safepoint VM operation: RendezvousGCThreads
Event: 1322.746 Executing non-safepoint VM operation: RendezvousGCThreads done
Event: 1382.897 Executing non-safepoint VM operation: HandshakeAllThreads (HandshakeForDeflation)
Event: 1382.897 Executing non-safepoint VM operation: HandshakeAllThreads (HandshakeForDeflation) done
Event: 1382.897 Executing non-safepoint VM operation: RendezvousGCThreads
Event: 1382.897 Executing non-safepoint VM operation: RendezvousGCThreads done
Event: 1442.910 Executing non-safepoint VM operation: HandshakeAllThreads (HandshakeForDeflation)
Event: 1442.910 Executing non-safepoint VM operation: HandshakeAllThreads (HandshakeForDeflation) done
Event: 1442.911 Executing non-safepoint VM operation: RendezvousGCThreads
Event: 1442.911 Executing non-safepoint VM operation: RendezvousGCThreads done
Event: 1502.945 Executing non-safepoint VM operation: HandshakeAllThreads (HandshakeForDeflation)
Event: 1502.945 Executing non-safepoint VM operation: HandshakeAllThreads (HandshakeForDeflation) done
Event: 1502.945 Executing non-safepoint VM operation: RendezvousGCThreads
Event: 1502.945 Executing non-safepoint VM operation: RendezvousGCThreads done

Memory protections (0 events):
No events

Nmethod flushes (20 events):
Event: 122.208 Thread 0x0000028cf8b726d0 flushing  nmethod 0x0000028c808e3390
Event: 122.208 Thread 0x0000028cf8b726d0 flushing  nmethod 0x0000028c808e3790
Event: 122.208 Thread 0x0000028cf8b726d0 flushing  nmethod 0x0000028c808e3c10
Event: 122.208 Thread 0x0000028cf8b726d0 flushing  nmethod 0x0000028c808ea110
Event: 122.208 Thread 0x0000028cf8b726d0 flushing  nmethod 0x0000028c808ea690
Event: 122.208 Thread 0x0000028cf8b726d0 flushing  nmethod 0x0000028c808ebb10
Event: 122.208 Thread 0x0000028cf8b726d0 flushing  nmethod 0x0000028c808ec110
Event: 122.208 Thread 0x0000028cf8b726d0 flushing  nmethod 0x0000028c808ec510
Event: 122.208 Thread 0x0000028cf8b726d0 flushing  nmethod 0x0000028c808f3790
Event: 122.208 Thread 0x0000028cf8b726d0 flushing  nmethod 0x0000028c808f3b90
Event: 122.208 Thread 0x0000028cf8b726d0 flushing  nmethod 0x0000028c808f4010
Event: 122.208 Thread 0x0000028cf8b726d0 flushing  nmethod 0x0000028c808f4610
Event: 122.208 Thread 0x0000028cf8b726d0 flushing  nmethod 0x0000028c8090df10
Event: 122.208 Thread 0x0000028cf8b726d0 flushing  nmethod 0x0000028c80948c10
Event: 122.208 Thread 0x0000028cf8b726d0 flushing  nmethod 0x0000028c80953410
Event: 122.208 Thread 0x0000028cf8b726d0 flushing  nmethod 0x0000028c80954f10
Event: 122.208 Thread 0x0000028cf8b726d0 flushing  nmethod 0x0000028c80957210
Event: 122.208 Thread 0x0000028cf8b726d0 flushing  nmethod 0x0000028c80957c10
Event: 122.208 Thread 0x0000028cf8b726d0 flushing  nmethod 0x0000028c8095be10
Event: 122.208 Thread 0x0000028cf8b726d0 flushing  nmethod 0x0000028c80968190

Events (20 events):
Event: 264.890 Thread 0x0000028cda525690 Thread exited: 0x0000028cda525690
Event: 269.456 Thread 0x0000028cda524970 Thread exited: 0x0000028cda524970
Event: 269.489 Thread 0x0000028cda523c50 Thread exited: 0x0000028cda523c50
Event: 269.490 Thread 0x0000028cda520140 Thread exited: 0x0000028cda520140
Event: 269.524 Thread 0x0000028c8f5c3210 Thread added: 0x0000028cd68cb120
Event: 269.703 Thread 0x0000028cd68cb120 Thread exited: 0x0000028cd68cb120
Event: 271.522 Thread 0x0000028cda525000 Thread exited: 0x0000028cda525000
Event: 271.522 Thread 0x0000028cda522f30 Thread exited: 0x0000028cda522f30
Event: 323.961 Thread 0x0000028cda51fab0 Thread exited: 0x0000028cda51fab0
Event: 329.707 Thread 0x0000028cd675f3f0 Thread exited: 0x0000028cd675f3f0
Event: 362.568 Thread 0x0000028cda5242e0 Thread exited: 0x0000028cda5242e0
Event: 362.582 Thread 0x0000028c8f54c900 Thread added: 0x0000028cd68ce0d0
Event: 362.990 Thread 0x0000028cd68ce0d0 Thread exited: 0x0000028cd68ce0d0
Event: 383.962 Thread 0x0000028cda5235c0 Thread exited: 0x0000028cda5235c0
Event: 422.315 Thread 0x0000028cd6760110 Thread exited: 0x0000028cd6760110
Event: 422.333 Thread 0x0000028cd675cc90 Thread added: 0x0000028cda520140
Event: 422.360 Thread 0x0000028cda520140 Thread exited: 0x0000028cda520140
Event: 422.381 Thread 0x0000028cd675cc90 Thread added: 0x0000028cda522f30
Event: 422.385 Thread 0x0000028cda522f30 Thread exited: 0x0000028cda522f30
Event: 443.963 Thread 0x0000028cda522210 Thread exited: 0x0000028cda522210


Dynamic libraries:
0x00007ff6f1720000 - 0x00007ff6f172e000 	c:\Users\Bhumi\.vscode\extensions\redhat.java-1.54.0-win32-x64\jre\21.0.10-win32-x86_64\bin\java.exe
0x00007fff203c0000 - 0x00007fff20627000 	C:\WINDOWS\SYSTEM32\ntdll.dll
0x00007fff1f290000 - 0x00007fff1f359000 	C:\WINDOWS\System32\KERNEL32.DLL
0x00007fff1d2a0000 - 0x00007fff1d697000 	C:\WINDOWS\System32\KERNELBASE.dll
0x00007fff1d000000 - 0x00007fff1d14b000 	C:\WINDOWS\System32\ucrtbase.dll
0x00007ffefa850000 - 0x00007ffefa868000 	c:\Users\Bhumi\.vscode\extensions\redhat.java-1.54.0-win32-x64\jre\21.0.10-win32-x86_64\bin\jli.dll
0x00007fff1e290000 - 0x00007fff1e456000 	C:\WINDOWS\System32\USER32.dll
0x00007fff1cdf0000 - 0x00007fff1ce17000 	C:\WINDOWS\System32\win32u.dll
0x00007fff1eae0000 - 0x00007fff1eb0b000 	C:\WINDOWS\System32\GDI32.dll
0x00007fff1ce20000 - 0x00007fff1cf4c000 	C:\WINDOWS\System32\gdi32full.dll
0x00007fff1d6a0000 - 0x00007fff1d743000 	C:\WINDOWS\System32\msvcp_win.dll
0x00007ffefa810000 - 0x00007ffefa82e000 	c:\Users\Bhumi\.vscode\extensions\redhat.java-1.54.0-win32-x64\jre\21.0.10-win32-x86_64\bin\VCRUNTIME140.dll
0x00007ffefd630000 - 0x00007ffefd8c2000 	C:\WINDOWS\WinSxS\amd64_microsoft.windows.common-controls_6595b64144ccf1df_6.0.26100.8457_none_3e0b2faee331e92d\COMCTL32.dll
0x00007fff1eca0000 - 0x00007fff1ed49000 	C:\WINDOWS\System32\msvcrt.dll
0x00007fff20040000 - 0x00007fff20072000 	C:\WINDOWS\System32\IMM32.DLL
0x00007fff19ec0000 - 0x00007fff19ecc000 	c:\Users\Bhumi\.vscode\extensions\redhat.java-1.54.0-win32-x64\jre\21.0.10-win32-x86_64\bin\vcruntime140_1.dll
0x00007ffeb0410000 - 0x00007ffeb049d000 	c:\Users\Bhumi\.vscode\extensions\redhat.java-1.54.0-win32-x64\jre\21.0.10-win32-x86_64\bin\msvcp140.dll
0x00007ffe65ba0000 - 0x00007ffe66941000 	c:\Users\Bhumi\.vscode\extensions\redhat.java-1.54.0-win32-x64\jre\21.0.10-win32-x86_64\bin\server\jvm.dll
0x00007fff200e0000 - 0x00007fff20196000 	C:\WINDOWS\System32\ADVAPI32.dll
0x00007fff1f1e0000 - 0x00007fff1f287000 	C:\WINDOWS\System32\sechost.dll
0x00007fff1f380000 - 0x00007fff1f498000 	C:\WINDOWS\System32\RPCRT4.dll
0x00007fff1eb10000 - 0x00007fff1eb90000 	C:\WINDOWS\System32\WS2_32.dll
0x00007fff1cc50000 - 0x00007fff1ccae000 	C:\WINDOWS\SYSTEM32\POWRPROF.dll
0x00007fff02f70000 - 0x00007fff02fa6000 	C:\WINDOWS\SYSTEM32\WINMM.dll
0x00007fff0eb20000 - 0x00007fff0eb2b000 	C:\WINDOWS\SYSTEM32\VERSION.dll
0x00007fff1cc30000 - 0x00007fff1cc44000 	C:\WINDOWS\SYSTEM32\UMPDC.dll
0x00007fff1bb60000 - 0x00007fff1bb7b000 	C:\WINDOWS\SYSTEM32\kernel.appcore.dll
0x00007ffefa800000 - 0x00007ffefa80a000 	c:\Users\Bhumi\.vscode\extensions\redhat.java-1.54.0-win32-x64\jre\21.0.10-win32-x86_64\bin\jimage.dll
0x00007fff1ad20000 - 0x00007fff1af62000 	C:\WINDOWS\SYSTEM32\DBGHELP.DLL
0x00007fff1e5d0000 - 0x00007fff1e953000 	C:\WINDOWS\System32\combase.dll
0x00007fff1f740000 - 0x00007fff1f819000 	C:\WINDOWS\System32\OLEAUT32.dll
0x00007ffef9ff0000 - 0x00007ffefa02b000 	C:\WINDOWS\SYSTEM32\dbgcore.DLL
0x00007fff1cf50000 - 0x00007fff1cff8000 	C:\WINDOWS\System32\bcryptPrimitives.dll
0x00007fff17d90000 - 0x00007fff17d9f000 	c:\Users\Bhumi\.vscode\extensions\redhat.java-1.54.0-win32-x64\jre\21.0.10-win32-x86_64\bin\instrument.dll
0x00007ffeb0520000 - 0x00007ffeb0540000 	c:\Users\Bhumi\.vscode\extensions\redhat.java-1.54.0-win32-x64\jre\21.0.10-win32-x86_64\bin\java.dll
0x00007fff1f8b0000 - 0x00007fff2001e000 	C:\WINDOWS\System32\SHELL32.dll
0x00007fff1d8d0000 - 0x00007fff1e13c000 	C:\WINDOWS\System32\windows.storage.dll
0x00007fff1eba0000 - 0x00007fff1ec96000 	C:\WINDOWS\System32\SHCORE.dll
0x00007fff1ea70000 - 0x00007fff1ead6000 	C:\WINDOWS\System32\shlwapi.dll
0x00007fff1cd10000 - 0x00007fff1cd39000 	C:\WINDOWS\SYSTEM32\profapi.dll
0x00007ffefaaa0000 - 0x00007ffefaab8000 	c:\Users\Bhumi\.vscode\extensions\redhat.java-1.54.0-win32-x64\jre\21.0.10-win32-x86_64\bin\zip.dll
0x00007ffefaa90000 - 0x00007ffefaaa0000 	C:\Users\Bhumi\.vscode\extensions\redhat.java-1.54.0-win32-x64\jre\21.0.10-win32-x86_64\bin\net.dll
0x00007fff0e790000 - 0x00007fff0e8b9000 	C:\WINDOWS\SYSTEM32\WINHTTP.dll
0x00007fff1c0f0000 - 0x00007fff1c15c000 	C:\WINDOWS\system32\mswsock.dll
0x00007ffefaa70000 - 0x00007ffefaa86000 	C:\Users\Bhumi\.vscode\extensions\redhat.java-1.54.0-win32-x64\jre\21.0.10-win32-x86_64\bin\nio.dll
0x00007fff17db0000 - 0x00007fff17dc0000 	c:\Users\Bhumi\.vscode\extensions\redhat.java-1.54.0-win32-x64\jre\21.0.10-win32-x86_64\bin\verify.dll
0x00007ffef1840000 - 0x00007ffef1885000 	C:\Users\Bhumi\AppData\Roaming\Code\User\globalStorage\redhat.java\1.54.0\config_win\org.eclipse.equinox.launcher\org.eclipse.equinox.launcher.win32.win32.x86_64_1.3.0.v20260203-2149\eclipse_11919.dll
0x00007fff1f4a0000 - 0x00007fff1f637000 	C:\WINDOWS\System32\ole32.dll
0x00007fff1c3d0000 - 0x00007fff1c3eb000 	C:\WINDOWS\SYSTEM32\CRYPTSP.dll
0x00007fff1bac0000 - 0x00007fff1baf9000 	C:\WINDOWS\system32\rsaenh.dll
0x00007fff1c1a0000 - 0x00007fff1c1d3000 	C:\WINDOWS\SYSTEM32\USERENV.dll
0x00007fff1cce0000 - 0x00007fff1cd0a000 	C:\WINDOWS\SYSTEM32\bcrypt.dll
0x00007fff1c3f0000 - 0x00007fff1c3fc000 	C:\WINDOWS\SYSTEM32\CRYPTBASE.dll
0x00007fff1b590000 - 0x00007fff1b5c2000 	C:\WINDOWS\SYSTEM32\IPHLPAPI.DLL
0x00007fff20030000 - 0x00007fff2003a000 	C:\WINDOWS\System32\NSI.dll
0x00007ffea4be0000 - 0x00007ffea4c29000 	C:\Users\Bhumi\AppData\Local\Temp\jna-64166571\jna10901457830865887427.dll
0x00007fff1ea60000 - 0x00007fff1ea68000 	C:\WINDOWS\System32\PSAPI.DLL
0x00007fff0e110000 - 0x00007fff0e12d000 	C:\WINDOWS\SYSTEM32\dhcpcsvc6.DLL
0x00007fff0e0e0000 - 0x00007fff0e105000 	C:\WINDOWS\SYSTEM32\dhcpcsvc.DLL
0x00007ffed7170000 - 0x00007ffed7197000 	C:\Users\Bhumi\.gradle\native\1def1411415f61bf3af743bc5b6707747c0891f09f0c88961ee8f79bc544acac\windows-amd64\native-platform.dll
0x00007ffefabf0000 - 0x00007ffefabfa000 	C:\Users\Bhumi\.vscode\extensions\redhat.java-1.54.0-win32-x64\jre\21.0.10-win32-x86_64\bin\management.dll
0x00007ffefa900000 - 0x00007ffefa90c000 	C:\Users\Bhumi\.vscode\extensions\redhat.java-1.54.0-win32-x64\jre\21.0.10-win32-x86_64\bin\management_ext.dll
0x00007fff19ed0000 - 0x00007fff19ed9000 	C:\Users\Bhumi\.vscode\extensions\redhat.java-1.54.0-win32-x64\jre\21.0.10-win32-x86_64\bin\extnet.dll
0x00007fff19ee0000 - 0x00007fff19eee000 	C:\Users\Bhumi\.vscode\extensions\redhat.java-1.54.0-win32-x64\jre\21.0.10-win32-x86_64\bin\sunmscapi.dll
0x00007fff1d750000 - 0x00007fff1d8c8000 	C:\WINDOWS\System32\CRYPT32.dll
0x00007fff1c5f0000 - 0x00007fff1c620000 	C:\WINDOWS\SYSTEM32\ncrypt.dll
0x00007fff1c5a0000 - 0x00007fff1c5df000 	C:\WINDOWS\SYSTEM32\NTASN1.dll
0x00007ffedb270000 - 0x00007ffedb278000 	C:\WINDOWS\system32\wshunix.dll

JVMTI agents:
c:\Users\Bhumi\.vscode\extensions\redhat.java-1.54.0-win32-x64\lombok\lombok-1.18.39-4050.jar path:c:\Users\Bhumi\.vscode\extensions\redhat.java-1.54.0-win32-x64\jre\21.0.10-win32-x86_64\bin\instrument.dll, loaded, initialized, instrumentlib options:none

dbghelp: loaded successfully - version: 4.0.5 - missing functions: none
symbol engine: initialized successfully - sym options: 0x614 - pdb path: .;c:\Users\Bhumi\.vscode\extensions\redhat.java-1.54.0-win32-x64\jre\21.0.10-win32-x86_64\bin;C:\WINDOWS\SYSTEM32;C:\WINDOWS\WinSxS\amd64_microsoft.windows.common-controls_6595b64144ccf1df_6.0.26100.8457_none_3e0b2faee331e92d;c:\Users\Bhumi\.vscode\extensions\redhat.java-1.54.0-win32-x64\jre\21.0.10-win32-x86_64\bin\server;C:\Users\Bhumi\AppData\Roaming\Code\User\globalStorage\redhat.java\1.54.0\config_win\org.eclipse.equinox.launcher\org.eclipse.equinox.launcher.win32.win32.x86_64_1.3.0.v20260203-2149;C:\Users\Bhumi\AppData\Local\Temp\jna-64166571;C:\Users\Bhumi\.gradle\native\1def1411415f61bf3af743bc5b6707747c0891f09f0c88961ee8f79bc544acac\windows-amd64

VM Arguments:
jvm_args: --add-modules=ALL-SYSTEM --add-opens=java.base/java.util=ALL-UNNAMED --add-opens=java.base/java.lang=ALL-UNNAMED --add-opens=java.base/sun.nio.fs=ALL-UNNAMED -Declipse.application=org.eclipse.jdt.ls.core.id1 -Dosgi.bundles.defaultStartLevel=4 -Declipse.product=org.eclipse.jdt.ls.core.product -Djava.import.generatesMetadataFilesAtProjectRoot=false -DDetectVMInstallationsJob.disabled=true -Dfile.encoding=utf8 -XX:+UseParallelGC -XX:GCTimeRatio=4 -XX:AdaptiveSizePolicyWeight=90 -Dsun.zip.disableMemoryMapping=true -Xmx2G -Xms100m -Xlog:disable -javaagent:c:\Users\Bhumi\.vscode\extensions\redhat.java-1.54.0-win32-x64\lombok\lombok-1.18.39-4050.jar -XX:+HeapDumpOnOutOfMemoryError -XX:HeapDumpPath=c:\Users\Bhumi\AppData\Roaming\Code\User\workspaceStorage\99dc9a965f1c481dea11390a2d6cf309\redhat.java -Daether.dependencyCollector.impl=bf 
java_command: c:\Users\Bhumi\.vscode\extensions\redhat.java-1.54.0-win32-x64\server\plugins\org.eclipse.equinox.launcher_1.7.100.v20251111-0406.jar -configuration c:\Users\Bhumi\AppData\Roaming\Code\User\globalStorage\redhat.java\1.54.0\config_win -data c:\Users\Bhumi\AppData\Roaming\Code\User\workspaceStorage\99dc9a965f1c481dea11390a2d6cf309\redhat.java\jdt_ws --pipe=\\.\pipe\lsp-387a4534a7052f5322e7545c77d1bb34-sock
java_class_path (initial): c:\Users\Bhumi\.vscode\extensions\redhat.java-1.54.0-win32-x64\server\plugins\org.eclipse.equinox.launcher_1.7.100.v20251111-0406.jar
Launcher Type: SUN_STANDARD

[Global flags]
    uintx AdaptiveSizePolicyWeight                 = 90                                        {product} {command line}
     intx CICompilerCount                          = 3                                         {product} {ergonomic}
    uintx GCTimeRatio                              = 4                                         {product} {command line}
     bool HeapDumpOnOutOfMemoryError               = true                                   {manageable} {command line}
    ccstr HeapDumpPath                             = c:\Users\Bhumi\AppData\Roaming\Code\User\workspaceStorage\99dc9a965f1c481dea11390a2d6cf309\redhat.java         {manageable} {command line}
   size_t InitialHeapSize                          = 104857600                                 {product} {command line}
   size_t MaxHeapSize                              = 2147483648                                {product} {command line}
   size_t MaxNewSize                               = 715653120                                 {product} {ergonomic}
   size_t MinHeapDeltaBytes                        = 524288                                    {product} {ergonomic}
   size_t MinHeapSize                              = 104857600                                 {product} {command line}
   size_t NewSize                                  = 34603008                                  {product} {ergonomic}
    uintx NonNMethodCodeHeapSize                   = 5832780                                {pd product} {ergonomic}
    uintx NonProfiledCodeHeapSize                  = 122912730                              {pd product} {ergonomic}
   size_t OldSize                                  = 70254592                                  {product} {ergonomic}
    uintx ProfiledCodeHeapSize                     = 122912730                              {pd product} {ergonomic}
    uintx ReservedCodeCacheSize                    = 251658240                              {pd product} {ergonomic}
     bool SegmentedCodeCache                       = true                                      {product} {ergonomic}
   size_t SoftMaxHeapSize                          = 2147483648                             {manageable} {ergonomic}
     bool UseCompressedOops                        = true                           {product lp64_product} {ergonomic}
     bool UseLargePagesIndividualAllocation        = false                                  {pd product} {ergonomic}
     bool UseParallelGC                            = true                                      {product} {command line}

Logging:
Log output configuration:
 #0: stdout all=off uptime,level,tags foldmultilines=false
 #1: stderr all=off uptime,level,tags foldmultilines=false

Release file:
JAVA_VERSION="21.0.10" 
MODULES="java.base java.compiler java.datatransfer java.xml java.prefs java.desktop java.instrument java.logging java.management java.security.sasl java.naming java.rmi java.management.rmi java.net.http java.scripting java.security.jgss java.transaction.xa java.sql java.sql.rowset java.xml.crypto java.se java.smartcardio jdk.accessibility jdk.internal.jvmstat jdk.attach jdk.charsets jdk.internal.opt jdk.zipfs jdk.compiler jdk.crypto.ec jdk.crypto.cryptoki jdk.crypto.mscapi jdk.dynalink jdk.internal.ed jdk.editpad jdk.hotspot.agent jdk.httpserver jdk.internal.le jdk.internal.vm.ci jdk.internal.vm.compiler jdk.internal.vm.compiler.management jdk.jartool jdk.javadoc jdk.jcmd jdk.management jdk.management.agent jdk.jconsole jdk.jdeps jdk.jdwp.agent jdk.jdi jdk.jfr jdk.jshell jdk.jsobject jdk.jstatd jdk.localedata jdk.management.jfr jdk.naming.dns jdk.naming.rmi jdk.net jdk.nio.mapmode jdk.random jdk.sctp jdk.security.auth jdk.security.jgss jdk.unsupported jdk.unsupported.desktop jdk.xml.dom" 

Environment Variables:
PATH=C:\Users\Bhumi\AppData\Local\Programs\Microsoft VS Code;C:\Program Files\Common Files\Oracle\Java\javapath;C:\Program Files (x86)\Common Files\Oracle\Java\java8path;C:\Program Files (x86)\Common Files\Oracle\Java\javapath;C:\windows\system32;C:\windows;C:\windows\System32\Wbem;C:\windows\System32\WindowsPowerShell\v1.0\;C:\windows\System32\OpenSSH\;C:\Users\Bhumi\AppData\Local\Microsoft\WindowsApps;C:\Program Files\Bandizip\;C:\adb;C:\Program Files (x86)\GTK2-Runtime\lib;C:\Program Files\Microsoft SQL Server\Client SDK\ODBC\170\Tools\Binn\;C:\Program Files (x86)\Microsoft SQL Server\150\Tools\Binn\;C:\Program Files\Microsoft SQL Server\150\Tools\Binn\;C:\Program Files\Microsoft SQL Server\150\DTS\Binn\;C:\WINDOWS\system32;C:\WINDOWS;C:\WINDOWS\System32\Wbem;C:\WINDOWS\System32\WindowsPowerShell\v1.0\;C:\WINDOWS\System32\OpenSSH\;C:\Program Files\dotnet\;%JAVA_HOME%\bin;C:\MinGW\bin;C:\Program Files\nodejs\;C:\Program Files\Git\cmd;C:\Program Files\Dart\dart-sdk\bin;C:\flutter\bin;C:\Users\Bhumi\AppData\Local\Programs\Python\Launcher\;C:\Program Files\MySQL\MySQL Shell 8.0\bin\;C:\MinGW\bin;C:\Users\Bhumi\AppData\Local\Programs\Microsoft VS Code\bin;C:\Users\Bhumi\AppData\Local\Microsoft\WindowsApps;C:\Users\Bhumi\AppData\Roaming\npm;C:\Users\Bhumi\AppData\Local\Programs\mongosh\;C:\Users\Bhumi\AppData\Local\Python\bin;C:\flutter\bin;C:\ProgramData\Bhumi\GitHubDesktop\bin;C:\Users\Bhumi\AppData\Local\GitHubDesktop\bin
USERNAME=Bhumi
OS=Windows_NT
PROCESSOR_IDENTIFIER=Intel64 Family 6 Model 142 Stepping 12, GenuineIntel
TMP=C:\Users\Bhumi\AppData\Local\Temp
TEMP=C:\Users\Bhumi\AppData\Local\Temp




Periodic native trim disabled

---------------  S Y S T E M  ---------------

OS:
 Windows 11 , 64 bit Build 26100 (10.0.26100.8328)
OS uptime: 0 days 0:28 hours
Hyper-V role detected

CPU: total 4 (initial active 4) (2 cores per cpu, 2 threads per core) family 6 model 142 stepping 12 microcode 0xea, cx8, cmov, fxsr, ht, mmx, 3dnowpref, sse, sse2, sse3, ssse3, sse4.1, sse4.2, popcnt, lzcnt, tsc, tscinvbit, avx, avx2, aes, erms, clmul, bmi1, bmi2, adx, fma, vzeroupper, clflush, clflushopt, hv, rdtscp, f16c
Processor Information for the first 4 processors :
  Max Mhz: 2592, Current Mhz: 2093, Mhz Limit: 2073

Memory: 4k page, system-wide physical 7996M (850M free)
TotalPageFile size 16561M (AvailPageFile size 0M)
current process WorkingSet (physical memory assigned to process): 18M, peak: 267M
current process commit charge ("private bytes"): 354M, peak: 389M

vm_info: OpenJDK 64-Bit Server VM (21.0.10+7-LTS) for windows-amd64 JRE (21.0.10+7-LTS), built on 2026-01-20T00:00:00Z by "admin" with MS VC++ 17.12 (VS2022)

END.
