#
# There is insufficient memory for the Java Runtime Environment to continue.
# Native memory allocation (malloc) failed to allocate 104016 bytes. Error detail: Chunk::new
# Possible reasons:
#   The system is out of physical RAM or swap space
#   This process is running with CompressedOops enabled, and the Java Heap may be blocking the growth of the native heap
# Possible solutions:
#   Reduce memory load on the system
#   Increase physical memory or swap space
#   Check if swap backing store is full
#   Decrease Java heap size (-Xmx/-Xms)
#   Decrease number of Java threads
#   Decrease Java thread stack sizes (-Xss)
#   Set larger code cache with -XX:ReservedCodeCacheSize=
#   JVM is running with Unscaled Compressed Oops mode in which the Java heap is
#     placed in the first 4GB address space. The Java Heap base address is the
#     maximum limit for the native heap growth. Please use -XX:HeapBaseMinAddress
#     to set the Java Heap base and to place the Java Heap above 4GB virtual address.
# This output file may be truncated or incomplete.
#
#  Out of Memory Error (arena.cpp:168), pid=7472, tid=10500
#
# JRE version: OpenJDK Runtime Environment Temurin-21.0.10+7 (21.0.10+7) (build 21.0.10+7-LTS)
# Java VM: OpenJDK 64-Bit Server VM Temurin-21.0.10+7 (21.0.10+7-LTS, mixed mode, sharing, tiered, compressed oops, compressed class ptrs, parallel gc, windows-amd64)
# No core dump will be written. Minidumps are not enabled by default on client versions of Windows
#

---------------  S U M M A R Y ------------

Command Line: --add-modules=ALL-SYSTEM --add-opens=java.base/java.util=ALL-UNNAMED --add-opens=java.base/java.lang=ALL-UNNAMED --add-opens=java.base/sun.nio.fs=ALL-UNNAMED -Declipse.application=org.eclipse.jdt.ls.core.id1 -Dosgi.bundles.defaultStartLevel=4 -Declipse.product=org.eclipse.jdt.ls.core.product -Djava.import.generatesMetadataFilesAtProjectRoot=false -DDetectVMInstallationsJob.disabled=true -Dfile.encoding=utf8 -XX:+UseParallelGC -XX:GCTimeRatio=4 -XX:AdaptiveSizePolicyWeight=90 -Dsun.zip.disableMemoryMapping=true -Xmx2G -Xms100m -Xlog:disable -javaagent:c:\Users\Bhumi\.vscode\extensions\redhat.java-1.54.0-win32-x64\lombok\lombok-1.18.39-4050.jar -XX:+HeapDumpOnOutOfMemoryError -XX:HeapDumpPath=c:\Users\Bhumi\AppData\Roaming\Code\User\workspaceStorage\99dc9a965f1c481dea11390a2d6cf309\redhat.java -Daether.dependencyCollector.impl=bf c:\Users\Bhumi\.vscode\extensions\redhat.java-1.54.0-win32-x64\server\plugins\org.eclipse.equinox.launcher_1.7.100.v20251111-0406.jar -configuration c:\Users\Bhumi\AppData\Roaming\Code\User\globalStorage\redhat.java\1.54.0\config_win -data c:\Users\Bhumi\AppData\Roaming\Code\User\workspaceStorage\99dc9a965f1c481dea11390a2d6cf309\redhat.java\jdt_ws --pipe=\\.\pipe\lsp-073c0e848ec94582d8907a598218c338-sock

Host: Intel(R) Core(TM) i3-10110U CPU @ 2.10GHz, 4 cores, 7G,  Windows 11 , 64 bit Build 26100 (10.0.26100.8328)
Time: Mon May 18 16:16:48 2026 India Standard Time elapsed time: 138.636607 seconds (0d 0h 2m 18s)

---------------  T H R E A D  ---------------

Current thread (0x000001862c179710):  JavaThread "C2 CompilerThread0" daemon [_thread_in_native, id=10500, stack(0x000000499c900000,0x000000499ca00000) (1024K)]


Current CompileTask:
C2:138636 8133       4       java.util.regex.Pattern::escape (1306 bytes)

Stack: [0x000000499c900000,0x000000499ca00000]
Native frames: (J=compiled Java code, j=interpreted, Vv=VM code, C=native code)
V  [jvm.dll+0x6d7a39]
V  [jvm.dll+0x8b4b26]
V  [jvm.dll+0x8b70de]
V  [jvm.dll+0x8b77c3]
V  [jvm.dll+0x284346]
V  [jvm.dll+0xc66ed]
V  [jvm.dll+0xc6c31]
V  [jvm.dll+0x3bec01]
V  [jvm.dll+0x1e3d62]
V  [jvm.dll+0x24c6b3]
V  [jvm.dll+0x24bb40]
V  [jvm.dll+0x1cb34e]
V  [jvm.dll+0x25b85d]
V  [jvm.dll+0x259dea]
V  [jvm.dll+0x3f857e]
V  [jvm.dll+0x85f59d]
V  [jvm.dll+0x6d626d]
C  [ucrtbase.dll+0x37b0]
C  [KERNEL32.DLL+0x2e957]
C  [ntdll.dll+0x427c]


---------------  P R O C E S S  ---------------

Threads class SMR info:
_java_thread_list=0x000001868c723090, length=46, elements={
0x000001862c27e430, 0x000001862c33b4c0, 0x000001862c33e950, 0x000001862c172490,
0x000001862c175000, 0x000001862c175a60, 0x000001862c1764c0, 0x000001862c179710,
0x000001862c1f1750, 0x00000186849eb9c0, 0x0000018684b150b0, 0x00000186896cdf50,
0x00000186891914c0, 0x00000186890168e0, 0x0000018689564a40, 0x0000018689920f20,
0x0000018689a9fa10, 0x0000018689d3bc40, 0x0000018689af1fd0, 0x0000018689af2660,
0x0000018689af2cf0, 0x0000018689af3a10, 0x0000018689af4730, 0x0000018689d0ecc0,
0x0000018689d0d910, 0x0000018689d0e630, 0x0000018689d0f350, 0x0000018689d0f9e0,
0x0000018689d10070, 0x0000018689d0dfa0, 0x0000018689d10700, 0x0000018689d0d280,
0x0000018689d10d90, 0x0000018689d12140, 0x0000018689d14210, 0x0000018689d12e60,
0x0000018689d134f0, 0x0000018689d13b80, 0x0000018689d11420, 0x0000018689d11ab0,
0x0000018689d127d0, 0x000001868ba11af0, 0x000001868ba12180, 0x000001868ba11460,
0x000001868ba12810, 0x000001868ba13530
}

Java Threads: ( => current thread )
  0x000001862c27e430 JavaThread "main"                              [_thread_blocked, id=11092, stack(0x000000499be00000,0x000000499bf00000) (1024K)]
  0x000001862c33b4c0 JavaThread "Reference Handler"          daemon [_thread_blocked, id=15844, stack(0x000000499c300000,0x000000499c400000) (1024K)]
  0x000001862c33e950 JavaThread "Finalizer"                  daemon [_thread_blocked, id=8748, stack(0x000000499c400000,0x000000499c500000) (1024K)]
  0x000001862c172490 JavaThread "Signal Dispatcher"          daemon [_thread_blocked, id=6868, stack(0x000000499c500000,0x000000499c600000) (1024K)]
  0x000001862c175000 JavaThread "Attach Listener"            daemon [_thread_blocked, id=6832, stack(0x000000499c600000,0x000000499c700000) (1024K)]
  0x000001862c175a60 JavaThread "Service Thread"             daemon [_thread_blocked, id=2036, stack(0x000000499c700000,0x000000499c800000) (1024K)]
  0x000001862c1764c0 JavaThread "Monitor Deflation Thread"   daemon [_thread_blocked, id=10204, stack(0x000000499c800000,0x000000499c900000) (1024K)]
=>0x000001862c179710 JavaThread "C2 CompilerThread0"         daemon [_thread_in_native, id=10500, stack(0x000000499c900000,0x000000499ca00000) (1024K)]
  0x000001862c1f1750 JavaThread "C1 CompilerThread0"         daemon [_thread_blocked, id=16668, stack(0x000000499ca00000,0x000000499cb00000) (1024K)]
  0x00000186849eb9c0 JavaThread "Common-Cleaner"             daemon [_thread_blocked, id=3280, stack(0x000000499cb00000,0x000000499cc00000) (1024K)]
  0x0000018684b150b0 JavaThread "Notification Thread"        daemon [_thread_blocked, id=13296, stack(0x000000499cc00000,0x000000499cd00000) (1024K)]
  0x00000186896cdf50 JavaThread "Active Thread: Equinox Container: 889c98ed-3efc-48f4-9a30-0f4140a29703"        [_thread_blocked, id=10980, stack(0x000000499d000000,0x000000499d100000) (1024K)]
  0x00000186891914c0 JavaThread "Refresh Thread: Equinox Container: 889c98ed-3efc-48f4-9a30-0f4140a29703" daemon [_thread_blocked, id=4232, stack(0x000000499d100000,0x000000499d200000) (1024K)]
  0x00000186890168e0 JavaThread "Framework Event Dispatcher: Equinox Container: 889c98ed-3efc-48f4-9a30-0f4140a29703" daemon [_thread_blocked, id=17412, stack(0x000000499d200000,0x000000499d300000) (1024K)]
  0x0000018689564a40 JavaThread "Start Level: Equinox Container: 889c98ed-3efc-48f4-9a30-0f4140a29703" daemon [_thread_blocked, id=12592, stack(0x000000499d300000,0x000000499d400000) (1024K)]
  0x0000018689920f20 JavaThread "Bundle File Closer"         daemon [_thread_blocked, id=996, stack(0x000000499d500000,0x000000499d600000) (1024K)]
  0x0000018689a9fa10 JavaThread "SCR Component Actor"        daemon [_thread_blocked, id=5688, stack(0x000000499d400000,0x000000499d500000) (1024K)]
  0x0000018689d3bc40 JavaThread "Worker-JM"                         [_thread_blocked, id=5664, stack(0x000000499d600000,0x000000499d700000) (1024K)]
  0x0000018689af1fd0 JavaThread "JNA Cleaner"                daemon [_thread_blocked, id=18108, stack(0x000000499d700000,0x000000499d800000) (1024K)]
  0x0000018689af2660 JavaThread "Worker-0"                          [_thread_blocked, id=4028, stack(0x000000499d800000,0x000000499d900000) (1024K)]
  0x0000018689af2cf0 JavaThread "Worker-2"                          [_thread_blocked, id=10496, stack(0x000000499d900000,0x000000499da00000) (1024K)]
  0x0000018689af3a10 JavaThread "Java indexing"              daemon [_thread_blocked, id=2796, stack(0x000000499dd00000,0x000000499de00000) (1024K)]
  0x0000018689af4730 JavaThread "Worker-4: Synchronize Gradle projects with workspace"        [_thread_blocked, id=7016, stack(0x000000499df00000,0x000000499e000000) (1024K)]
  0x0000018689d0ecc0 JavaThread "Worker-5: Initialize Workspace"        [_thread_in_native, id=18180, stack(0x000000499e100000,0x000000499e200000) (1024K)]
  0x0000018689d0d910 JavaThread "Thread-1"                   daemon [_thread_in_native, id=16860, stack(0x000000499e200000,0x000000499e300000) (1024K)]
  0x0000018689d0e630 JavaThread "Thread-2"                   daemon [_thread_in_native, id=16348, stack(0x000000499e300000,0x000000499e400000) (1024K)]
  0x0000018689d0f350 JavaThread "Thread-3"                   daemon [_thread_in_native, id=9040, stack(0x000000499e400000,0x000000499e500000) (1024K)]
  0x0000018689d0f9e0 JavaThread "Thread-4"                   daemon [_thread_in_native, id=5968, stack(0x000000499e500000,0x000000499e600000) (1024K)]
  0x0000018689d10070 JavaThread "Thread-5"                   daemon [_thread_in_native, id=18060, stack(0x000000499e600000,0x000000499e700000) (1024K)]
  0x0000018689d0dfa0 JavaThread "pool-2-thread-1"                   [_thread_blocked, id=15080, stack(0x000000499e700000,0x000000499e800000) (1024K)]
  0x0000018689d10700 JavaThread "Timer-0"                           [_thread_blocked, id=2844, stack(0x000000499e800000,0x000000499e900000) (1024K)]
  0x0000018689d0d280 JavaThread "Timer-1"                           [_thread_blocked, id=13120, stack(0x000000499e900000,0x000000499ea00000) (1024K)]
  0x0000018689d10d90 JavaThread "WorkspaceEventsHandler"            [_thread_blocked, id=13904, stack(0x000000499ea00000,0x000000499eb00000) (1024K)]
  0x0000018689d12140 JavaThread "pool-1-thread-1"                   [_thread_blocked, id=11896, stack(0x000000499eb00000,0x000000499ec00000) (1024K)]
  0x0000018689d14210 JavaThread "ProjectImportProgressReporter" daemon [_thread_blocked, id=15556, stack(0x000000499ec00000,0x000000499ed00000) (1024K)]
  0x0000018689d12e60 JavaThread "Timer-2"                           [_thread_blocked, id=8924, stack(0x000000499ed00000,0x000000499ee00000) (1024K)]
  0x0000018689d134f0 JavaThread "Timer-3"                           [_thread_blocked, id=9404, stack(0x000000499e000000,0x000000499e100000) (1024K)]
  0x0000018689d13b80 JavaThread "Timer-4"                           [_thread_blocked, id=16360, stack(0x000000499ef00000,0x000000499f000000) (1024K)]
  0x0000018689d11420 JavaThread "Timer-5"                           [_thread_blocked, id=9684, stack(0x000000499f100000,0x000000499f200000) (1024K)]
  0x0000018689d11ab0 JavaThread "Timer-6"                           [_thread_blocked, id=16108, stack(0x000000499f000000,0x000000499f100000) (1024K)]
  0x0000018689d127d0 JavaThread "Timer-7"                           [_thread_blocked, id=13744, stack(0x000000499ee00000,0x000000499ef00000) (1024K)]
  0x000001868ba11af0 JavaThread "Exec process"                      [_thread_blocked, id=3376, stack(0x000000499f400000,0x000000499f500000) (1024K)]
  0x000001868ba12180 JavaThread "Exec process Thread 2"             [_thread_blocked, id=11424, stack(0x000000499f500000,0x000000499f600000) (1024K)]
  0x000001868ba11460 JavaThread "Exec process Thread 3"             [_thread_blocked, id=8892, stack(0x000000499f600000,0x000000499f700000) (1024K)]
  0x000001868ba12810 JavaThread "Timer-8"                           [_thread_blocked, id=16792, stack(0x000000499bd00000,0x000000499be00000) (1024K)]
  0x000001868ba13530 JavaThread "Timer-9"                           [_thread_blocked, id=5548, stack(0x000000499bf00000,0x000000499c000000) (1024K)]
Total: 46

Other Threads:
  0x000001862c16e0e0 VMThread "VM Thread"                           [id=11516, stack(0x000000499c200000,0x000000499c300000) (1024K)]
  0x000001862c10ca00 WatcherThread "VM Periodic Task Thread"        [id=17172, stack(0x000000499c100000,0x000000499c200000) (1024K)]
  0x000001862c29c8d0 WorkerThread "GC Thread#0"                     [id=14852, stack(0x000000499c000000,0x000000499c100000) (1024K)]
  0x0000018684c2a5e0 WorkerThread "GC Thread#1"                     [id=16548, stack(0x000000499cd00000,0x000000499ce00000) (1024K)]
  0x0000018684bb03c0 WorkerThread "GC Thread#2"                     [id=17748, stack(0x000000499ce00000,0x000000499cf00000) (1024K)]
  0x0000018684bb0770 WorkerThread "GC Thread#3"                     [id=15184, stack(0x000000499cf00000,0x000000499d000000) (1024K)]
Total: 6

Threads with active compile tasks:
C2 CompilerThread0  138687 8133       4       java.util.regex.Pattern::escape (1306 bytes)
Total: 1

VM state: not at safepoint (normal execution)

VM Mutex/Monitor currently owned by a thread: None

Heap address: 0x0000000080000000, size: 2048 MB, Compressed Oops mode: 32-bit

CDS archive(s) mapped at: [0x0000018643000000-0x0000018643ba0000-0x0000018643ba0000), size 12189696, SharedBaseAddress: 0x0000018643000000, ArchiveRelocationMode: 1.
Compressed class space mapped at: 0x0000018644000000-0x0000018684000000, reserved size: 1073741824
Narrow klass base: 0x0000018643000000, Narrow klass shift: 0, Narrow klass range: 0x100000000

GC Precious Log:
 CardTable entry size: 512
 CPUs: 4 total, 4 available
 Memory: 7996M
 Large Page Support: Disabled
 NUMA Support: Disabled
 Compressed Oops: Enabled (32-bit)
 Alignments: Space 512K, Generation 512K, Heap 2M
 Heap Min Capacity: 100M
 Heap Initial Capacity: 100M
 Heap Max Capacity: 2G
 Pre-touch: Disabled
 Parallel Workers: 4

Heap:
 PSYoungGen      total 13824K, used 7767K [0x00000000d5580000, 0x00000000d6700000, 0x0000000100000000)
  eden space 13312K, 57% used [0x00000000d5580000,0x00000000d5d05d58,0x00000000d6280000)
  from space 512K, 12% used [0x00000000d6600000,0x00000000d6610000,0x00000000d6680000)
  to   space 512K, 0% used [0x00000000d6680000,0x00000000d6680000,0x00000000d6700000)
 ParOldGen       total 68608K, used 44561K [0x0000000080000000, 0x0000000084300000, 0x00000000d5580000)
  object space 68608K, 64% used [0x0000000080000000,0x0000000082b84698,0x0000000084300000)
 Metaspace       used 64848K, committed 66368K, reserved 1114112K
  class space    used 8221K, committed 8896K, reserved 1048576K

Card table byte_map: [0x000001862bc20000,0x000001862c030000] _byte_map_base: 0x000001862b820000

Marking Bits: (ParMarkBitMap*) 0x00007ff9cb2a3450
 Begin Bits: [0x000001863e730000, 0x0000018640730000)
 End Bits:   [0x0000018640730000, 0x0000018642730000)

Polling page: 0x000001862a090000

Metaspace:

Usage:
  Non-class:     55.30 MB used.
      Class:      8.03 MB used.
       Both:     63.33 MB used.

Virtual space:
  Non-class space:       64.00 MB reserved,      56.12 MB ( 88%) committed,  1 nodes.
      Class space:        1.00 GB reserved,       8.69 MB ( <1%) committed,  1 nodes.
             Both:        1.06 GB reserved,      64.81 MB (  6%) committed. 

Chunk freelists:
   Non-Class:  7.77 MB
       Class:  7.34 MB
        Both:  15.11 MB

MaxMetaspaceSize: unlimited
CompressedClassSpaceSize: 1.00 GB
Initial GC threshold: 21.00 MB
Current GC threshold: 97.31 MB
CDS: on
 - commit_granule_bytes: 65536.
 - commit_granule_words: 8192.
 - virtual_space_node_default_size: 8388608.
 - enlarge_chunks_in_place: 1.
 - use_allocation_guard: 0.


Internal statistics:

num_allocs_failed_limit: 9.
num_arena_births: 1288.
num_arena_deaths: 24.
num_vsnodes_births: 2.
num_vsnodes_deaths: 0.
num_space_committed: 1037.
num_space_uncommitted: 0.
num_chunks_returned_to_freelist: 36.
num_chunks_taken_from_freelist: 4210.
num_chunk_merges: 15.
num_chunk_splits: 2656.
num_chunks_enlarged: 1588.
num_inconsistent_stats: 0.

CodeHeap 'non-profiled nmethods': size=120000Kb used=5594Kb max_used=5594Kb free=114405Kb
 bounds [0x0000018636f50000, 0x00000186374d0000, 0x000001863e480000]
CodeHeap 'profiled nmethods': size=120000Kb used=14958Kb max_used=14958Kb free=105041Kb
 bounds [0x000001862f480000, 0x0000018630320000, 0x00000186369b0000]
CodeHeap 'non-nmethods': size=5760Kb used=1394Kb max_used=1479Kb free=4365Kb
 bounds [0x00000186369b0000, 0x0000018636c20000, 0x0000018636f50000]
CodeCache: size=245760Kb, used=21946Kb, max_used=22031Kb, free=223811Kb
 total_blobs=8068, nmethods=7370, adapters=604, full_count=0
Compilation: enabled, stopped_count=0, restarted_count=0

Compilation events (20 events):
Event: 138.065 Thread 0x000001862c1f1750 nmethod 8124 0x0000018630316990 code [0x0000018630316c00, 0x0000018630317528]
Event: 138.065 Thread 0x000001862c1f1750 8123       3       sun.nio.fs.Globs::next (18 bytes)
Event: 138.065 Thread 0x000001862c1f1750 nmethod 8123 0x0000018630317890 code [0x0000018630317aa0, 0x0000018630318158]
Event: 138.151 Thread 0x000001862c1f1750 8125       3       jdk.internal.misc.VM::isDirectMemoryPageAligned (4 bytes)
Event: 138.151 Thread 0x000001862c1f1750 nmethod 8125 0x0000018630318490 code [0x0000018630318620, 0x0000018630318720]
Event: 138.151 Thread 0x000001862c1f1750 8126       3       java.nio.Bits::pageSize (20 bytes)
Event: 138.152 Thread 0x000001862c1f1750 nmethod 8126 0x0000018630318790 code [0x0000018630318940, 0x0000018630318af0]
Event: 138.152 Thread 0x000001862c1f1750 8127   !   3       java.nio.Bits::reserveMemory (232 bytes)
Event: 138.154 Thread 0x000001862c1f1750 nmethod 8127 0x0000018630318b90 code [0x0000018630318f80, 0x000001863031a6f8]
Event: 138.158 Thread 0x000001862c179710 8128       4       java.util.regex.Pattern$CharPropertyGreedy::match (160 bytes)
Event: 138.186 Thread 0x000001862c179710 nmethod 8128 0x00000186374bdc10 code [0x00000186374bde20, 0x00000186374be790]
Event: 138.305 Thread 0x000001862c179710 8129       4       sun.nio.fs.Globs::toRegexPattern (745 bytes)
Event: 138.442 Thread 0x000001862c179710 nmethod 8129 0x00000186374bef10 code [0x00000186374bf4e0, 0x00000186374c2070]
Event: 138.469 Thread 0x000001862c179710 8130       4       java.util.regex.Pattern$Begin::match (62 bytes)
Event: 138.512 Thread 0x000001862c179710 nmethod 8130 0x00000186374c4090 code [0x00000186374c4320, 0x00000186374c5358]
Event: 138.538 Thread 0x000001862c179710 8131       4       java.lang.String::getBytes (44 bytes)
Event: 138.541 Thread 0x000001862c179710 nmethod 8131 0x00000186374c6090 code [0x00000186374c6220, 0x00000186374c6478]
Event: 138.541 Thread 0x000001862c179710 8132       4       sun.nio.fs.WindowsPath$WindowsPathWithAttributes::getFileSystem (5 bytes)
Event: 138.541 Thread 0x000001862c179710 nmethod 8132 0x00000186374c6590 code [0x00000186374c6720, 0x00000186374c67b0]
Event: 138.608 Thread 0x000001862c179710 8133       4       java.util.regex.Pattern::escape (1306 bytes)

GC Heap History (20 events):
Event: 46.553 GC heap before
{Heap before GC invocations=51 (full 3):
 PSYoungGen      total 13824K, used 13811K [0x00000000d5580000, 0x00000000d6700000, 0x0000000100000000)
  eden space 13312K, 100% used [0x00000000d5580000,0x00000000d6280000,0x00000000d6280000)
  from space 512K, 97% used [0x00000000d6600000,0x00000000d667cc78,0x00000000d6680000)
  to   space 512K, 0% used [0x00000000d6680000,0x00000000d6680000,0x00000000d6700000)
 ParOldGen       total 68608K, used 42132K [0x0000000080000000, 0x0000000084300000, 0x00000000d5580000)
  object space 68608K, 61% used [0x0000000080000000,0x00000000829251d0,0x0000000084300000)
 Metaspace       used 60351K, committed 61696K, reserved 1114112K
  class space    used 7611K, committed 8192K, reserved 1048576K
}
Event: 46.554 GC heap after
{Heap after GC invocations=51 (full 3):
 PSYoungGen      total 13824K, used 160K [0x00000000d5580000, 0x00000000d6700000, 0x0000000100000000)
  eden space 13312K, 0% used [0x00000000d5580000,0x00000000d5580000,0x00000000d6280000)
  from space 512K, 31% used [0x00000000d6680000,0x00000000d66a8000,0x00000000d6700000)
  to   space 512K, 0% used [0x00000000d6600000,0x00000000d6600000,0x00000000d6680000)
 ParOldGen       total 68608K, used 42188K [0x0000000080000000, 0x0000000084300000, 0x00000000d5580000)
  object space 68608K, 61% used [0x0000000080000000,0x00000000829331d0,0x0000000084300000)
 Metaspace       used 60351K, committed 61696K, reserved 1114112K
  class space    used 7611K, committed 8192K, reserved 1048576K
}
Event: 46.856 GC heap before
{Heap before GC invocations=52 (full 3):
 PSYoungGen      total 13824K, used 13472K [0x00000000d5580000, 0x00000000d6700000, 0x0000000100000000)
  eden space 13312K, 100% used [0x00000000d5580000,0x00000000d6280000,0x00000000d6280000)
  from space 512K, 31% used [0x00000000d6680000,0x00000000d66a8000,0x00000000d6700000)
  to   space 512K, 0% used [0x00000000d6600000,0x00000000d6600000,0x00000000d6680000)
 ParOldGen       total 68608K, used 42188K [0x0000000080000000, 0x0000000084300000, 0x00000000d5580000)
  object space 68608K, 61% used [0x0000000080000000,0x00000000829331d0,0x0000000084300000)
 Metaspace       used 60351K, committed 61696K, reserved 1114112K
  class space    used 7611K, committed 8192K, reserved 1048576K
}
Event: 46.857 GC heap after
{Heap after GC invocations=52 (full 3):
 PSYoungGen      total 13824K, used 505K [0x00000000d5580000, 0x00000000d6700000, 0x0000000100000000)
  eden space 13312K, 0% used [0x00000000d5580000,0x00000000d5580000,0x00000000d6280000)
  from space 512K, 98% used [0x00000000d6600000,0x00000000d667e428,0x00000000d6680000)
  to   space 512K, 0% used [0x00000000d6680000,0x00000000d6680000,0x00000000d6700000)
 ParOldGen       total 68608K, used 42794K [0x0000000080000000, 0x0000000084300000, 0x00000000d5580000)
  object space 68608K, 62% used [0x0000000080000000,0x00000000829ca9f0,0x0000000084300000)
 Metaspace       used 60351K, committed 61696K, reserved 1114112K
  class space    used 7611K, committed 8192K, reserved 1048576K
}
Event: 47.809 GC heap before
{Heap before GC invocations=53 (full 3):
 PSYoungGen      total 13824K, used 13817K [0x00000000d5580000, 0x00000000d6700000, 0x0000000100000000)
  eden space 13312K, 100% used [0x00000000d5580000,0x00000000d6280000,0x00000000d6280000)
  from space 512K, 98% used [0x00000000d6600000,0x00000000d667e428,0x00000000d6680000)
  to   space 512K, 0% used [0x00000000d6680000,0x00000000d6680000,0x00000000d6700000)
 ParOldGen       total 68608K, used 42794K [0x0000000080000000, 0x0000000084300000, 0x00000000d5580000)
  object space 68608K, 62% used [0x0000000080000000,0x00000000829ca9f0,0x0000000084300000)
 Metaspace       used 60813K, committed 62208K, reserved 1114112K
  class space    used 7674K, committed 8256K, reserved 1048576K
}
Event: 47.810 GC heap after
{Heap after GC invocations=53 (full 3):
 PSYoungGen      total 13824K, used 320K [0x00000000d5580000, 0x00000000d6700000, 0x0000000100000000)
  eden space 13312K, 0% used [0x00000000d5580000,0x00000000d5580000,0x00000000d6280000)
  from space 512K, 62% used [0x00000000d6680000,0x00000000d66d0000,0x00000000d6700000)
  to   space 1024K, 0% used [0x00000000d6500000,0x00000000d6500000,0x00000000d6600000)
 ParOldGen       total 68608K, used 42834K [0x0000000080000000, 0x0000000084300000, 0x00000000d5580000)
  object space 68608K, 62% used [0x0000000080000000,0x00000000829d49f0,0x0000000084300000)
 Metaspace       used 60813K, committed 62208K, reserved 1114112K
  class space    used 7674K, committed 8256K, reserved 1048576K
}
Event: 48.455 GC heap before
{Heap before GC invocations=54 (full 3):
 PSYoungGen      total 13824K, used 13632K [0x00000000d5580000, 0x00000000d6700000, 0x0000000100000000)
  eden space 13312K, 100% used [0x00000000d5580000,0x00000000d6280000,0x00000000d6280000)
  from space 512K, 62% used [0x00000000d6680000,0x00000000d66d0000,0x00000000d6700000)
  to   space 1024K, 0% used [0x00000000d6500000,0x00000000d6500000,0x00000000d6600000)
 ParOldGen       total 68608K, used 42834K [0x0000000080000000, 0x0000000084300000, 0x00000000d5580000)
  object space 68608K, 62% used [0x0000000080000000,0x00000000829d49f0,0x0000000084300000)
 Metaspace       used 62246K, committed 63680K, reserved 1114112K
  class space    used 7914K, committed 8576K, reserved 1048576K
}
Event: 48.457 GC heap after
{Heap after GC invocations=54 (full 3):
 PSYoungGen      total 14336K, used 448K [0x00000000d5580000, 0x00000000d6700000, 0x0000000100000000)
  eden space 13312K, 0% used [0x00000000d5580000,0x00000000d5580000,0x00000000d6280000)
  from space 1024K, 43% used [0x00000000d6500000,0x00000000d6570000,0x00000000d6600000)
  to   space 512K, 0% used [0x00000000d6680000,0x00000000d6680000,0x00000000d6700000)
 ParOldGen       total 68608K, used 43090K [0x0000000080000000, 0x0000000084300000, 0x00000000d5580000)
  object space 68608K, 62% used [0x0000000080000000,0x0000000082a14a20,0x0000000084300000)
 Metaspace       used 62246K, committed 63680K, reserved 1114112K
  class space    used 7914K, committed 8576K, reserved 1048576K
}
Event: 54.638 GC heap before
{Heap before GC invocations=55 (full 3):
 PSYoungGen      total 14336K, used 13760K [0x00000000d5580000, 0x00000000d6700000, 0x0000000100000000)
  eden space 13312K, 100% used [0x00000000d5580000,0x00000000d6280000,0x00000000d6280000)
  from space 1024K, 43% used [0x00000000d6500000,0x00000000d6570000,0x00000000d6600000)
  to   space 512K, 0% used [0x00000000d6680000,0x00000000d6680000,0x00000000d6700000)
 ParOldGen       total 68608K, used 43090K [0x0000000080000000, 0x0000000084300000, 0x00000000d5580000)
  object space 68608K, 62% used [0x0000000080000000,0x0000000082a14a20,0x0000000084300000)
 Metaspace       used 63612K, committed 65088K, reserved 1114112K
  class space    used 8088K, committed 8704K, reserved 1048576K
}
Event: 54.642 GC heap after
{Heap after GC invocations=55 (full 3):
 PSYoungGen      total 13824K, used 320K [0x00000000d5580000, 0x00000000d6700000, 0x0000000100000000)
  eden space 13312K, 0% used [0x00000000d5580000,0x00000000d5580000,0x00000000d6280000)
  from space 512K, 62% used [0x00000000d6680000,0x00000000d66d0010,0x00000000d6700000)
  to   space 512K, 0% used [0x00000000d6600000,0x00000000d6600000,0x00000000d6680000)
 ParOldGen       total 68608K, used 43474K [0x0000000080000000, 0x0000000084300000, 0x00000000d5580000)
  object space 68608K, 63% used [0x0000000080000000,0x0000000082a74a20,0x0000000084300000)
 Metaspace       used 63612K, committed 65088K, reserved 1114112K
  class space    used 8088K, committed 8704K, reserved 1048576K
}
Event: 71.934 GC heap before
{Heap before GC invocations=56 (full 3):
 PSYoungGen      total 13824K, used 13632K [0x00000000d5580000, 0x00000000d6700000, 0x0000000100000000)
  eden space 13312K, 100% used [0x00000000d5580000,0x00000000d6280000,0x00000000d6280000)
  from space 512K, 62% used [0x00000000d6680000,0x00000000d66d0010,0x00000000d6700000)
  to   space 512K, 0% used [0x00000000d6600000,0x00000000d6600000,0x00000000d6680000)
 ParOldGen       total 68608K, used 43474K [0x0000000080000000, 0x0000000084300000, 0x00000000d5580000)
  object space 68608K, 63% used [0x0000000080000000,0x0000000082a74a20,0x0000000084300000)
 Metaspace       used 64448K, committed 65920K, reserved 1114112K
  class space    used 8168K, committed 8832K, reserved 1048576K
}
Event: 71.938 GC heap after
{Heap after GC invocations=56 (full 3):
 PSYoungGen      total 13824K, used 512K [0x00000000d5580000, 0x00000000d6700000, 0x0000000100000000)
  eden space 13312K, 0% used [0x00000000d5580000,0x00000000d5580000,0x00000000d6280000)
  from space 512K, 100% used [0x00000000d6600000,0x00000000d6680000,0x00000000d6680000)
  to   space 512K, 0% used [0x00000000d6680000,0x00000000d6680000,0x00000000d6700000)
 ParOldGen       total 68608K, used 43757K [0x0000000080000000, 0x0000000084300000, 0x00000000d5580000)
  object space 68608K, 63% used [0x0000000080000000,0x0000000082abb5a0,0x0000000084300000)
 Metaspace       used 64448K, committed 65920K, reserved 1114112K
  class space    used 8168K, committed 8832K, reserved 1048576K
}
Event: 81.500 GC heap before
{Heap before GC invocations=57 (full 3):
 PSYoungGen      total 13824K, used 13824K [0x00000000d5580000, 0x00000000d6700000, 0x0000000100000000)
  eden space 13312K, 100% used [0x00000000d5580000,0x00000000d6280000,0x00000000d6280000)
  from space 512K, 100% used [0x00000000d6600000,0x00000000d6680000,0x00000000d6680000)
  to   space 512K, 0% used [0x00000000d6680000,0x00000000d6680000,0x00000000d6700000)
 ParOldGen       total 68608K, used 43757K [0x0000000080000000, 0x0000000084300000, 0x00000000d5580000)
  object space 68608K, 63% used [0x0000000080000000,0x0000000082abb5a0,0x0000000084300000)
 Metaspace       used 64499K, committed 65920K, reserved 1114112K
  class space    used 8174K, committed 8832K, reserved 1048576K
}
Event: 81.504 GC heap after
{Heap after GC invocations=57 (full 3):
 PSYoungGen      total 13824K, used 128K [0x00000000d5580000, 0x00000000d6700000, 0x0000000100000000)
  eden space 13312K, 0% used [0x00000000d5580000,0x00000000d5580000,0x00000000d6280000)
  from space 512K, 25% used [0x00000000d6680000,0x00000000d66a0000,0x00000000d6700000)
  to   space 512K, 0% used [0x00000000d6600000,0x00000000d6600000,0x00000000d6680000)
 ParOldGen       total 68608K, used 44233K [0x0000000080000000, 0x0000000084300000, 0x00000000d5580000)
  object space 68608K, 64% used [0x0000000080000000,0x0000000082b325d0,0x0000000084300000)
 Metaspace       used 64499K, committed 65920K, reserved 1114112K
  class space    used 8174K, committed 8832K, reserved 1048576K
}
Event: 92.888 GC heap before
{Heap before GC invocations=58 (full 3):
 PSYoungGen      total 13824K, used 13440K [0x00000000d5580000, 0x00000000d6700000, 0x0000000100000000)
  eden space 13312K, 100% used [0x00000000d5580000,0x00000000d6280000,0x00000000d6280000)
  from space 512K, 25% used [0x00000000d6680000,0x00000000d66a0000,0x00000000d6700000)
  to   space 512K, 0% used [0x00000000d6600000,0x00000000d6600000,0x00000000d6680000)
 ParOldGen       total 68608K, used 44233K [0x0000000080000000, 0x0000000084300000, 0x00000000d5580000)
  object space 68608K, 64% used [0x0000000080000000,0x0000000082b325d0,0x0000000084300000)
 Metaspace       used 64779K, committed 66304K, reserved 1114112K
  class space    used 8220K, committed 8896K, reserved 1048576K
}
Event: 92.889 GC heap after
{Heap after GC invocations=58 (full 3):
 PSYoungGen      total 13824K, used 288K [0x00000000d5580000, 0x00000000d6700000, 0x0000000100000000)
  eden space 13312K, 0% used [0x00000000d5580000,0x00000000d5580000,0x00000000d6280000)
  from space 512K, 56% used [0x00000000d6600000,0x00000000d6648000,0x00000000d6680000)
  to   space 512K, 0% used [0x00000000d6680000,0x00000000d6680000,0x00000000d6700000)
 ParOldGen       total 68608K, used 44289K [0x0000000080000000, 0x0000000084300000, 0x00000000d5580000)
  object space 68608K, 64% used [0x0000000080000000,0x0000000082b405d0,0x0000000084300000)
 Metaspace       used 64779K, committed 66304K, reserved 1114112K
  class space    used 8220K, committed 8896K, reserved 1048576K
}
Event: 112.987 GC heap before
{Heap before GC invocations=59 (full 3):
 PSYoungGen      total 13824K, used 13600K [0x00000000d5580000, 0x00000000d6700000, 0x0000000100000000)
  eden space 13312K, 100% used [0x00000000d5580000,0x00000000d6280000,0x00000000d6280000)
  from space 512K, 56% used [0x00000000d6600000,0x00000000d6648000,0x00000000d6680000)
  to   space 512K, 0% used [0x00000000d6680000,0x00000000d6680000,0x00000000d6700000)
 ParOldGen       total 68608K, used 44289K [0x0000000080000000, 0x0000000084300000, 0x00000000d5580000)
  object space 68608K, 64% used [0x0000000080000000,0x0000000082b405d0,0x0000000084300000)
 Metaspace       used 64803K, committed 66304K, reserved 1114112K
  class space    used 8220K, committed 8896K, reserved 1048576K
}
Event: 112.989 GC heap after
{Heap after GC invocations=59 (full 3):
 PSYoungGen      total 13824K, used 80K [0x00000000d5580000, 0x00000000d6700000, 0x0000000100000000)
  eden space 13312K, 0% used [0x00000000d5580000,0x00000000d5580000,0x00000000d6280000)
  from space 512K, 15% used [0x00000000d6680000,0x00000000d6694010,0x00000000d6700000)
  to   space 512K, 0% used [0x00000000d6600000,0x00000000d6600000,0x00000000d6680000)
 ParOldGen       total 68608K, used 44497K [0x0000000080000000, 0x0000000084300000, 0x00000000d5580000)
  object space 68608K, 64% used [0x0000000080000000,0x0000000082b74658,0x0000000084300000)
 Metaspace       used 64803K, committed 66304K, reserved 1114112K
  class space    used 8220K, committed 8896K, reserved 1048576K
}
Event: 122.903 GC heap before
{Heap before GC invocations=60 (full 3):
 PSYoungGen      total 13824K, used 13392K [0x00000000d5580000, 0x00000000d6700000, 0x0000000100000000)
  eden space 13312K, 100% used [0x00000000d5580000,0x00000000d6280000,0x00000000d6280000)
  from space 512K, 15% used [0x00000000d6680000,0x00000000d6694010,0x00000000d6700000)
  to   space 512K, 0% used [0x00000000d6600000,0x00000000d6600000,0x00000000d6680000)
 ParOldGen       total 68608K, used 44497K [0x0000000080000000, 0x0000000084300000, 0x00000000d5580000)
  object space 68608K, 64% used [0x0000000080000000,0x0000000082b74658,0x0000000084300000)
 Metaspace       used 64822K, committed 66304K, reserved 1114112K
  class space    used 8220K, committed 8896K, reserved 1048576K
}
Event: 122.904 GC heap after
{Heap after GC invocations=60 (full 3):
 PSYoungGen      total 13824K, used 64K [0x00000000d5580000, 0x00000000d6700000, 0x0000000100000000)
  eden space 13312K, 0% used [0x00000000d5580000,0x00000000d5580000,0x00000000d6280000)
  from space 512K, 12% used [0x00000000d6600000,0x00000000d6610000,0x00000000d6680000)
  to   space 512K, 0% used [0x00000000d6680000,0x00000000d6680000,0x00000000d6700000)
 ParOldGen       total 68608K, used 44561K [0x0000000080000000, 0x0000000084300000, 0x00000000d5580000)
  object space 68608K, 64% used [0x0000000080000000,0x0000000082b84698,0x0000000084300000)
 Metaspace       used 64822K, committed 66304K, reserved 1114112K
  class space    used 8220K, committed 8896K, reserved 1048576K
}

Dll operation events (15 events):
Event: 0.029 Loaded shared library c:\Users\Bhumi\.vscode\extensions\redhat.java-1.54.0-win32-x64\jre\21.0.10-win32-x86_64\bin\java.dll
Event: 0.431 Loaded shared library c:\Users\Bhumi\.vscode\extensions\redhat.java-1.54.0-win32-x64\jre\21.0.10-win32-x86_64\bin\zip.dll
Event: 0.500 Loaded shared library C:\Users\Bhumi\.vscode\extensions\redhat.java-1.54.0-win32-x64\jre\21.0.10-win32-x86_64\bin\instrument.dll
Event: 0.516 Loaded shared library C:\Users\Bhumi\.vscode\extensions\redhat.java-1.54.0-win32-x64\jre\21.0.10-win32-x86_64\bin\net.dll
Event: 0.520 Loaded shared library C:\Users\Bhumi\.vscode\extensions\redhat.java-1.54.0-win32-x64\jre\21.0.10-win32-x86_64\bin\nio.dll
Event: 0.527 Loaded shared library C:\Users\Bhumi\.vscode\extensions\redhat.java-1.54.0-win32-x64\jre\21.0.10-win32-x86_64\bin\zip.dll
Event: 0.747 Loaded shared library C:\Users\Bhumi\.vscode\extensions\redhat.java-1.54.0-win32-x64\jre\21.0.10-win32-x86_64\bin\jimage.dll
Event: 1.082 Loaded shared library c:\Users\Bhumi\.vscode\extensions\redhat.java-1.54.0-win32-x64\jre\21.0.10-win32-x86_64\bin\verify.dll
Event: 8.059 Loaded shared library C:\Users\Bhumi\AppData\Roaming\Code\User\globalStorage\redhat.java\1.54.0\config_win\org.eclipse.equinox.launcher\org.eclipse.equinox.launcher.win32.win32.x86_64_1.3.0.v20260203-2149\eclipse_11919.dll
Event: 15.860 Loaded shared library C:\Users\Bhumi\AppData\Local\Temp\jna-64166571\jna8722496950374004689.dll
Event: 29.576 Loaded shared library C:\Users\Bhumi\.gradle\native\1def1411415f61bf3af743bc5b6707747c0891f09f0c88961ee8f79bc544acac\windows-amd64\native-platform.dll
Event: 36.947 Loaded shared library C:\Users\Bhumi\.vscode\extensions\redhat.java-1.54.0-win32-x64\jre\21.0.10-win32-x86_64\bin\management.dll
Event: 36.955 Loaded shared library C:\Users\Bhumi\.vscode\extensions\redhat.java-1.54.0-win32-x64\jre\21.0.10-win32-x86_64\bin\management_ext.dll
Event: 47.822 Loaded shared library C:\Users\Bhumi\.vscode\extensions\redhat.java-1.54.0-win32-x64\jre\21.0.10-win32-x86_64\bin\extnet.dll
Event: 54.632 Loaded shared library C:\Users\Bhumi\.vscode\extensions\redhat.java-1.54.0-win32-x64\jre\21.0.10-win32-x86_64\bin\sunmscapi.dll

Deoptimization events (20 events):
Event: 138.020 Thread 0x000001868ba12ea0 DEOPT PACKING pc=0x00000186373a5294 sp=0x000000499dbfe530
Event: 138.020 Thread 0x000001868ba12ea0 DEOPT UNPACKING pc=0x0000018636a03aa2 sp=0x000000499dbfe458 mode 2
Event: 138.037 Thread 0x0000018689d0ecc0 Uncommon trap: trap_request=0xffffffde fr.pc=0x00000186373364fc relative=0x000000000000051c
Event: 138.037 Thread 0x0000018689d0ecc0 Uncommon trap: reason=class_check action=maybe_recompile pc=0x00000186373364fc method=java.util.AbstractMap.hashCode()I @ 3 c2
Event: 138.037 Thread 0x0000018689d0ecc0 DEOPT PACKING pc=0x00000186373364fc sp=0x000000499e1fe870
Event: 138.037 Thread 0x0000018689d0ecc0 DEOPT UNPACKING pc=0x0000018636a03aa2 sp=0x000000499e1fe818 mode 2
Event: 138.040 Thread 0x0000018689d0ecc0 Uncommon trap: trap_request=0xffffff45 fr.pc=0x00000186372bbb8c relative=0x00000000000002ec
Event: 138.040 Thread 0x0000018689d0ecc0 Uncommon trap: reason=unstable_if action=reinterpret pc=0x00000186372bbb8c method=sun.nio.fs.Globs.toRegexPattern(Ljava/lang/String;Z)Ljava/lang/String; @ 37 c2
Event: 138.040 Thread 0x0000018689d0ecc0 DEOPT PACKING pc=0x00000186372bbb8c sp=0x000000499e1fed60
Event: 138.040 Thread 0x0000018689d0ecc0 DEOPT UNPACKING pc=0x0000018636a03aa2 sp=0x000000499e1fed38 mode 2
Event: 138.049 Thread 0x0000018689d0ecc0 DEOPT PACKING pc=0x00000186302bff65 sp=0x000000499e1fedd0
Event: 138.049 Thread 0x0000018689d0ecc0 DEOPT UNPACKING pc=0x0000018636a04242 sp=0x000000499e1fe280 mode 0
Event: 138.066 Thread 0x0000018689d0ecc0 DEOPT PACKING pc=0x00000186302bff65 sp=0x000000499e1fedd0
Event: 138.066 Thread 0x0000018689d0ecc0 DEOPT UNPACKING pc=0x0000018636a04242 sp=0x000000499e1fe280 mode 0
Event: 138.079 Thread 0x0000018689d0ecc0 DEOPT PACKING pc=0x00000186302bfefd sp=0x000000499e1fedd0
Event: 138.079 Thread 0x0000018689d0ecc0 DEOPT UNPACKING pc=0x0000018636a04242 sp=0x000000499e1fe280 mode 0
Event: 138.102 Thread 0x0000018689d0ecc0 DEOPT PACKING pc=0x00000186302bfefd sp=0x000000499e1fedd0
Event: 138.102 Thread 0x0000018689d0ecc0 DEOPT UNPACKING pc=0x0000018636a04242 sp=0x000000499e1fe280 mode 0
Event: 138.169 Thread 0x0000018689d0ecc0 DEOPT PACKING pc=0x00000186302bff65 sp=0x000000499e1fedd0
Event: 138.169 Thread 0x0000018689d0ecc0 DEOPT UNPACKING pc=0x0000018636a04242 sp=0x000000499e1fe280 mode 0

Classes loaded (20 events):
Event: 54.744 Loading class java/io/ObjectStreamClass$5
Event: 54.744 Loading class java/io/ObjectStreamClass$5 done
Event: 54.765 Loading class java/nio/channels/spi/AbstractSelector$1
Event: 54.765 Loading class java/nio/channels/spi/AbstractSelector$1 done
Event: 54.889 Loading class java/util/concurrent/Executors$AutoShutdownDelegatedExecutorService
Event: 54.890 Loading class java/util/concurrent/Executors$AutoShutdownDelegatedExecutorService done
Event: 57.038 Loading class java/lang/UnsupportedClassVersionError
Event: 57.038 Loading class java/lang/UnsupportedClassVersionError done
Event: 80.870 Loading class java/time/Ser
Event: 80.871 Loading class java/time/Ser done
Event: 91.635 Loading class sun/net/ConnectionResetException
Event: 91.635 Loading class sun/net/ConnectionResetException done
Event: 91.683 Loading class java/util/concurrent/ConcurrentLinkedQueue$Itr
Event: 91.683 Loading class java/util/concurrent/ConcurrentLinkedQueue$Itr done
Event: 91.708 Loading class sun/misc/SharedSecrets
Event: 91.708 Loading class sun/misc/SharedSecrets done
Event: 91.708 Loading class java/lang/Throwable$WrappedPrintWriter
Event: 91.709 Loading class java/lang/Throwable$PrintStreamOrWriter
Event: 91.709 Loading class java/lang/Throwable$PrintStreamOrWriter done
Event: 91.709 Loading class java/lang/Throwable$WrappedPrintWriter done

Classes unloaded (12 events):
Event: 18.203 Thread 0x000001862c16e0e0 Unloading class 0x00000186441a3800 'java/lang/invoke/LambdaForm$MH+0x00000186441a3800'
Event: 18.203 Thread 0x000001862c16e0e0 Unloading class 0x00000186441a3400 'java/lang/invoke/LambdaForm$MH+0x00000186441a3400'
Event: 18.203 Thread 0x000001862c16e0e0 Unloading class 0x00000186441a3000 'java/lang/invoke/LambdaForm$MH+0x00000186441a3000'
Event: 18.203 Thread 0x000001862c16e0e0 Unloading class 0x00000186441a2c00 'java/lang/invoke/LambdaForm$MH+0x00000186441a2c00'
Event: 18.203 Thread 0x000001862c16e0e0 Unloading class 0x00000186441a2800 'java/lang/invoke/LambdaForm$BMH+0x00000186441a2800'
Event: 18.203 Thread 0x000001862c16e0e0 Unloading class 0x00000186441a2400 'java/lang/invoke/LambdaForm$DMH+0x00000186441a2400'
Event: 18.203 Thread 0x000001862c16e0e0 Unloading class 0x00000186441a1000 'java/lang/invoke/LambdaForm$DMH+0x00000186441a1000'
Event: 23.107 Thread 0x000001862c16e0e0 Unloading class 0x00000186442db800 'java/lang/invoke/LambdaForm$MH+0x00000186442db800'
Event: 23.107 Thread 0x000001862c16e0e0 Unloading class 0x00000186442db000 'java/lang/invoke/LambdaForm$MH+0x00000186442db000'
Event: 23.107 Thread 0x000001862c16e0e0 Unloading class 0x00000186442da400 'java/lang/invoke/LambdaForm$MH+0x00000186442da400'
Event: 23.107 Thread 0x000001862c16e0e0 Unloading class 0x00000186442da000 'java/lang/invoke/LambdaForm$DMH+0x00000186442da000'
Event: 23.107 Thread 0x000001862c16e0e0 Unloading class 0x00000186442d9800 'java/lang/invoke/LambdaForm$MH+0x00000186442d9800'

Classes redefined (0 events):
No events

Internal exceptions (20 events):
Event: 138.603 Thread 0x0000018689d0ecc0 Exception <a 'sun/nio/fs/WindowsException'{0x00000000d5c4ec30}> (0x00000000d5c4ec30) 
thrown [s\src\hotspot\share\prims\jni.cpp, line 520]
Event: 138.604 Thread 0x0000018689d0ecc0 Exception <a 'sun/nio/fs/WindowsException'{0x00000000d5c52d10}> (0x00000000d5c52d10) 
thrown [s\src\hotspot\share\prims\jni.cpp, line 520]
Event: 138.605 Thread 0x0000018689d0ecc0 Exception <a 'sun/nio/fs/WindowsException'{0x00000000d5c56ef8}> (0x00000000d5c56ef8) 
thrown [s\src\hotspot\share\prims\jni.cpp, line 520]
Event: 138.606 Thread 0x0000018689d0ecc0 Exception <a 'sun/nio/fs/WindowsException'{0x00000000d5c5c500}> (0x00000000d5c5c500) 
thrown [s\src\hotspot\share\prims\jni.cpp, line 520]
Event: 138.607 Thread 0x0000018689d0ecc0 Exception <a 'sun/nio/fs/WindowsException'{0x00000000d5c60500}> (0x00000000d5c60500) 
thrown [s\src\hotspot\share\prims\jni.cpp, line 520]
Event: 138.615 Thread 0x0000018689d0ecc0 Exception <a 'sun/nio/fs/WindowsException'{0x00000000d5c657c0}> (0x00000000d5c657c0) 
thrown [s\src\hotspot\share\prims\jni.cpp, line 520]
Event: 138.616 Thread 0x0000018689d0ecc0 Exception <a 'sun/nio/fs/WindowsException'{0x00000000d5c697c8}> (0x00000000d5c697c8) 
thrown [s\src\hotspot\share\prims\jni.cpp, line 520]
Event: 138.617 Thread 0x0000018689d0ecc0 Exception <a 'sun/nio/fs/WindowsException'{0x00000000d5c6dac0}> (0x00000000d5c6dac0) 
thrown [s\src\hotspot\share\prims\jni.cpp, line 520]
Event: 138.618 Thread 0x0000018689d0ecc0 Exception <a 'sun/nio/fs/WindowsException'{0x00000000d5c71a88}> (0x00000000d5c71a88) 
thrown [s\src\hotspot\share\prims\jni.cpp, line 520]
Event: 138.619 Thread 0x0000018689d0ecc0 Exception <a 'sun/nio/fs/WindowsException'{0x00000000d5c75c70}> (0x00000000d5c75c70) 
thrown [s\src\hotspot\share\prims\jni.cpp, line 520]
Event: 138.620 Thread 0x0000018689d0ecc0 Exception <a 'sun/nio/fs/WindowsException'{0x00000000d5c79938}> (0x00000000d5c79938) 
thrown [s\src\hotspot\share\prims\jni.cpp, line 520]
Event: 138.621 Thread 0x0000018689d0ecc0 Exception <a 'sun/nio/fs/WindowsException'{0x00000000d5c7db90}> (0x00000000d5c7db90) 
thrown [s\src\hotspot\share\prims\jni.cpp, line 520]
Event: 138.622 Thread 0x0000018689d0ecc0 Exception <a 'sun/nio/fs/WindowsException'{0x00000000d5c81770}> (0x00000000d5c81770) 
thrown [s\src\hotspot\share\prims\jni.cpp, line 520]
Event: 138.623 Thread 0x0000018689d0ecc0 Exception <a 'sun/nio/fs/WindowsException'{0x00000000d5c86268}> (0x00000000d5c86268) 
thrown [s\src\hotspot\share\prims\jni.cpp, line 520]
Event: 138.623 Thread 0x0000018689d0ecc0 Exception <a 'sun/nio/fs/WindowsException'{0x00000000d5c89ad0}> (0x00000000d5c89ad0) 
thrown [s\src\hotspot\share\prims\jni.cpp, line 520]
Event: 138.624 Thread 0x0000018689d0ecc0 Exception <a 'sun/nio/fs/WindowsException'{0x00000000d5c8d7f8}> (0x00000000d5c8d7f8) 
thrown [s\src\hotspot\share\prims\jni.cpp, line 520]
Event: 138.624 Thread 0x0000018689d0ecc0 Exception <a 'sun/nio/fs/WindowsException'{0x00000000d5c920e0}> (0x00000000d5c920e0) 
thrown [s\src\hotspot\share\prims\jni.cpp, line 520]
Event: 138.628 Thread 0x0000018689d0ecc0 Exception <a 'sun/nio/fs/WindowsException'{0x00000000d5c95ef8}> (0x00000000d5c95ef8) 
thrown [s\src\hotspot\share\prims\jni.cpp, line 520]
Event: 138.631 Thread 0x0000018689d0ecc0 Exception <a 'sun/nio/fs/WindowsException'{0x00000000d5c9a598}> (0x00000000d5c9a598) 
thrown [s\src\hotspot\share\prims\jni.cpp, line 520]
Event: 138.632 Thread 0x0000018689d0ecc0 Exception <a 'sun/nio/fs/WindowsException'{0x00000000d5c9ef38}> (0x00000000d5c9ef38) 
thrown [s\src\hotspot\share\prims\jni.cpp, line 520]

ZGC Phase Switch (0 events):
No events

VM Operations (20 events):
Event: 112.902 Executing safepoint VM operation: Cleanup
Event: 112.902 Executing safepoint VM operation: Cleanup done
Event: 112.987 Executing safepoint VM operation: ParallelGCFailedAllocation (Allocation Failure)
Event: 112.989 Executing safepoint VM operation: ParallelGCFailedAllocation (Allocation Failure) done
Event: 113.989 Executing safepoint VM operation: Cleanup
Event: 113.989 Executing safepoint VM operation: Cleanup done
Event: 120.351 Executing non-safepoint VM operation: HandshakeAllThreads (HandshakeForDeflation)
Event: 120.352 Executing non-safepoint VM operation: HandshakeAllThreads (HandshakeForDeflation) done
Event: 120.352 Executing safepoint VM operation: Cleanup
Event: 120.352 Executing safepoint VM operation: Cleanup done
Event: 120.352 Executing non-safepoint VM operation: RendezvousGCThreads
Event: 120.352 Executing non-safepoint VM operation: RendezvousGCThreads done
Event: 122.352 Executing safepoint VM operation: Cleanup
Event: 122.352 Executing safepoint VM operation: Cleanup done
Event: 122.903 Executing safepoint VM operation: ParallelGCFailedAllocation (Allocation Failure)
Event: 122.904 Executing safepoint VM operation: ParallelGCFailedAllocation (Allocation Failure) done
Event: 123.905 Executing safepoint VM operation: Cleanup
Event: 123.905 Executing safepoint VM operation: Cleanup done
Event: 124.905 Executing safepoint VM operation: Cleanup
Event: 124.905 Executing safepoint VM operation: Cleanup done

Memory protections (0 events):
No events

Nmethod flushes (20 events):
Event: 41.303 Thread 0x000001862c16e0e0 flushing  nmethod 0x000001862fce7090
Event: 41.303 Thread 0x000001862c16e0e0 flushing  nmethod 0x000001862fce8b10
Event: 41.303 Thread 0x000001862c16e0e0 flushing  nmethod 0x000001862fcf4110
Event: 41.303 Thread 0x000001862c16e0e0 flushing  nmethod 0x000001862fd0aa90
Event: 41.303 Thread 0x000001862c16e0e0 flushing  nmethod 0x000001862fd8b210
Event: 41.303 Thread 0x000001862c16e0e0 flushing  nmethod 0x000001862fd8f510
Event: 41.303 Thread 0x000001862c16e0e0 flushing  nmethod 0x000001862fd9ad90
Event: 41.303 Thread 0x000001862c16e0e0 flushing  nmethod 0x000001862fd9bb90
Event: 41.303 Thread 0x000001862c16e0e0 flushing  nmethod 0x000001862fda4310
Event: 41.303 Thread 0x000001862c16e0e0 flushing  nmethod 0x000001862fdaac90
Event: 41.303 Thread 0x000001862c16e0e0 flushing  nmethod 0x000001862fdc6a90
Event: 41.303 Thread 0x000001862c16e0e0 flushing  nmethod 0x000001862fdcbd90
Event: 41.303 Thread 0x000001862c16e0e0 flushing  nmethod 0x000001862fde6810
Event: 41.303 Thread 0x000001862c16e0e0 flushing  nmethod 0x000001862fdf8110
Event: 41.303 Thread 0x000001862c16e0e0 flushing  nmethod 0x000001862fe0fb10
Event: 41.303 Thread 0x000001862c16e0e0 flushing  nmethod 0x000001862fe13010
Event: 41.303 Thread 0x000001862c16e0e0 flushing  nmethod 0x000001862fe41390
Event: 41.304 Thread 0x000001862c16e0e0 flushing  nmethod 0x000001862fe44390
Event: 41.304 Thread 0x000001862c16e0e0 flushing  nmethod 0x000001862fe44a90
Event: 41.304 Thread 0x000001862c16e0e0 flushing  nmethod 0x000001862fe45090

Events (20 events):
Event: 91.719 Thread 0x000001862c1f1750 Thread added: 0x000001868cc19870
Event: 91.900 Thread 0x000001868cc19870 Thread exited: 0x000001868cc19870
Event: 91.956 Thread 0x0000018689d0ecc0 Thread added: 0x000001868ba12810
Event: 91.959 Thread 0x0000018689d0ecc0 Thread added: 0x000001868ba13530
Event: 92.073 Thread 0x000001868ba13530 Thread exited: 0x000001868ba13530
Event: 92.147 Thread 0x0000018689d0ecc0 Thread added: 0x000001868ba13530
Event: 92.150 Thread 0x0000018689d0ecc0 Thread added: 0x000001868ba10dd0
Event: 92.216 Thread 0x0000018689d0ecc0 Thread added: 0x000001868ba12ea0
Event: 92.260 Thread 0x000001868ba12ea0 Thread added: 0x000001868ba13bc0
Event: 92.483 Thread 0x000001862c179710 Thread added: 0x000001868cc19870
Event: 92.985 Thread 0x000001868ba12ea0 Thread added: 0x000001868ba10740
Event: 92.997 Thread 0x000001868ba10740 Thread added: 0x000001868ba15c90
Event: 92.997 Thread 0x000001868ba10740 Thread added: 0x000001868ba16320
Event: 92.999 Thread 0x000001868ba15c90 Thread exited: 0x000001868ba15c90
Event: 95.681 Thread 0x000001868cc19870 Thread exited: 0x000001868cc19870
Event: 99.053 Thread 0x000001868ba10740 Thread exited: 0x000001868ba10740
Event: 99.053 Thread 0x000001868ba16320 Thread exited: 0x000001868ba16320
Event: 138.021 Thread 0x000001868ba13bc0 Thread exited: 0x000001868ba13bc0
Event: 138.023 Thread 0x000001868ba12ea0 Thread exited: 0x000001868ba12ea0
Event: 138.023 Thread 0x000001868ba10dd0 Thread exited: 0x000001868ba10dd0


Dynamic libraries:
0x00007ff739da0000 - 0x00007ff739dae000 	c:\Users\Bhumi\.vscode\extensions\redhat.java-1.54.0-win32-x64\jre\21.0.10-win32-x86_64\bin\java.exe
0x00007ffa2b180000 - 0x00007ffa2b3e7000 	C:\WINDOWS\SYSTEM32\ntdll.dll
0x00007ffa292b0000 - 0x00007ffa29379000 	C:\WINDOWS\System32\KERNEL32.DLL
0x00007ffa27d00000 - 0x00007ffa280f7000 	C:\WINDOWS\System32\KERNELBASE.dll
0x00007ffa27bb0000 - 0x00007ffa27cfb000 	C:\WINDOWS\System32\ucrtbase.dll
0x00007ffa0bb10000 - 0x00007ffa0bb28000 	c:\Users\Bhumi\.vscode\extensions\redhat.java-1.54.0-win32-x64\jre\21.0.10-win32-x86_64\bin\jli.dll
0x00007ffa2a150000 - 0x00007ffa2a316000 	C:\WINDOWS\System32\USER32.dll
0x00007ffa28510000 - 0x00007ffa28537000 	C:\WINDOWS\System32\win32u.dll
0x00007ffa29a20000 - 0x00007ffa29a4b000 	C:\WINDOWS\System32\GDI32.dll
0x00007ffa28100000 - 0x00007ffa2822c000 	C:\WINDOWS\System32\gdi32full.dll
0x00007ffa28460000 - 0x00007ffa28503000 	C:\WINDOWS\System32\msvcp_win.dll
0x00007ff9eea20000 - 0x00007ff9eea3e000 	c:\Users\Bhumi\.vscode\extensions\redhat.java-1.54.0-win32-x64\jre\21.0.10-win32-x86_64\bin\VCRUNTIME140.dll
0x00007ffa0ccd0000 - 0x00007ffa0cf62000 	C:\WINDOWS\WinSxS\amd64_microsoft.windows.common-controls_6595b64144ccf1df_6.0.26100.8457_none_3e0b2faee331e92d\COMCTL32.dll
0x00007ffa29200000 - 0x00007ffa292a9000 	C:\WINDOWS\System32\msvcrt.dll
0x00007ffa29710000 - 0x00007ffa29742000 	C:\WINDOWS\System32\IMM32.DLL
0x00007ffa0bfb0000 - 0x00007ffa0bfbc000 	c:\Users\Bhumi\.vscode\extensions\redhat.java-1.54.0-win32-x64\jre\21.0.10-win32-x86_64\bin\vcruntime140_1.dll
0x00007ff9df210000 - 0x00007ff9df29d000 	c:\Users\Bhumi\.vscode\extensions\redhat.java-1.54.0-win32-x64\jre\21.0.10-win32-x86_64\bin\msvcp140.dll
0x00007ff9ca5e0000 - 0x00007ff9cb381000 	c:\Users\Bhumi\.vscode\extensions\redhat.java-1.54.0-win32-x64\jre\21.0.10-win32-x86_64\bin\server\jvm.dll
0x00007ffa28f10000 - 0x00007ffa28fc6000 	C:\WINDOWS\System32\ADVAPI32.dll
0x00007ffa2b090000 - 0x00007ffa2b137000 	C:\WINDOWS\System32\sechost.dll
0x00007ffa29b50000 - 0x00007ffa29c68000 	C:\WINDOWS\System32\RPCRT4.dll
0x00007ffa29990000 - 0x00007ffa29a10000 	C:\WINDOWS\System32\WS2_32.dll
0x00007ffa27a10000 - 0x00007ffa27a6e000 	C:\WINDOWS\SYSTEM32\POWRPROF.dll
0x00007ffa0a270000 - 0x00007ffa0a2a6000 	C:\WINDOWS\SYSTEM32\WINMM.dll
0x00007ffa15300000 - 0x00007ffa1530b000 	C:\WINDOWS\SYSTEM32\VERSION.dll
0x00007ffa279f0000 - 0x00007ffa27a04000 	C:\WINDOWS\SYSTEM32\UMPDC.dll
0x00007ffa26920000 - 0x00007ffa2693b000 	C:\WINDOWS\SYSTEM32\kernel.appcore.dll
0x00007ffa0b7b0000 - 0x00007ffa0b7ba000 	c:\Users\Bhumi\.vscode\extensions\redhat.java-1.54.0-win32-x64\jre\21.0.10-win32-x86_64\bin\jimage.dll
0x00007ffa25b20000 - 0x00007ffa25d62000 	C:\WINDOWS\SYSTEM32\DBGHELP.DLL
0x00007ffa29380000 - 0x00007ffa29703000 	C:\WINDOWS\System32\combase.dll
0x00007ffa298a0000 - 0x00007ffa29979000 	C:\WINDOWS\System32\OLEAUT32.dll
0x00007ffa00bf0000 - 0x00007ffa00c2b000 	C:\WINDOWS\SYSTEM32\dbgcore.DLL
0x00007ffa283b0000 - 0x00007ffa28458000 	C:\WINDOWS\System32\bcryptPrimitives.dll
0x00007ffa03720000 - 0x00007ffa0372f000 	c:\Users\Bhumi\.vscode\extensions\redhat.java-1.54.0-win32-x64\jre\21.0.10-win32-x86_64\bin\instrument.dll
0x00007ffa0bfc0000 - 0x00007ffa0bfe0000 	c:\Users\Bhumi\.vscode\extensions\redhat.java-1.54.0-win32-x64\jre\21.0.10-win32-x86_64\bin\java.dll
0x00007ffa2a7b0000 - 0x00007ffa2af1e000 	C:\WINDOWS\System32\SHELL32.dll
0x00007ffa28540000 - 0x00007ffa28dac000 	C:\WINDOWS\System32\windows.storage.dll
0x00007ffa290b0000 - 0x00007ffa291a6000 	C:\WINDOWS\System32\SHCORE.dll
0x00007ffa29e50000 - 0x00007ffa29eb6000 	C:\WINDOWS\System32\shlwapi.dll
0x00007ffa27ad0000 - 0x00007ffa27af9000 	C:\WINDOWS\SYSTEM32\profapi.dll
0x00007ff9e9ea0000 - 0x00007ff9e9eb8000 	c:\Users\Bhumi\.vscode\extensions\redhat.java-1.54.0-win32-x64\jre\21.0.10-win32-x86_64\bin\zip.dll
0x00007ffa0b630000 - 0x00007ffa0b640000 	C:\Users\Bhumi\.vscode\extensions\redhat.java-1.54.0-win32-x64\jre\21.0.10-win32-x86_64\bin\net.dll
0x00007ffa19d40000 - 0x00007ffa19e69000 	C:\WINDOWS\SYSTEM32\WINHTTP.dll
0x00007ffa26eb0000 - 0x00007ffa26f1c000 	C:\WINDOWS\system32\mswsock.dll
0x00007ff9e0c00000 - 0x00007ff9e0c16000 	C:\Users\Bhumi\.vscode\extensions\redhat.java-1.54.0-win32-x64\jre\21.0.10-win32-x86_64\bin\nio.dll
0x00007ff9e0ad0000 - 0x00007ff9e0ae0000 	c:\Users\Bhumi\.vscode\extensions\redhat.java-1.54.0-win32-x64\jre\21.0.10-win32-x86_64\bin\verify.dll
0x00007ff9ef320000 - 0x00007ff9ef365000 	C:\Users\Bhumi\AppData\Roaming\Code\User\globalStorage\redhat.java\1.54.0\config_win\org.eclipse.equinox.launcher\org.eclipse.equinox.launcher.win32.win32.x86_64_1.3.0.v20260203-2149\eclipse_11919.dll
0x00007ffa29ec0000 - 0x00007ffa2a057000 	C:\WINDOWS\System32\ole32.dll
0x00007ffa27190000 - 0x00007ffa271ab000 	C:\WINDOWS\SYSTEM32\CRYPTSP.dll
0x00007ffa26870000 - 0x00007ffa268a9000 	C:\WINDOWS\system32\rsaenh.dll
0x00007ffa26f60000 - 0x00007ffa26f93000 	C:\WINDOWS\SYSTEM32\USERENV.dll
0x00007ffa27aa0000 - 0x00007ffa27aca000 	C:\WINDOWS\SYSTEM32\bcrypt.dll
0x00007ffa271b0000 - 0x00007ffa271bc000 	C:\WINDOWS\SYSTEM32\CRYPTBASE.dll
0x00007ffa26350000 - 0x00007ffa26382000 	C:\WINDOWS\SYSTEM32\IPHLPAPI.DLL
0x00007ffa28f00000 - 0x00007ffa28f0a000 	C:\WINDOWS\System32\NSI.dll
0x00007ff9ef280000 - 0x00007ff9ef2c9000 	C:\Users\Bhumi\AppData\Local\Temp\jna-64166571\jna8722496950374004689.dll
0x00007ffa29980000 - 0x00007ffa29988000 	C:\WINDOWS\System32\PSAPI.DLL
0x00007ffa19940000 - 0x00007ffa1995d000 	C:\WINDOWS\SYSTEM32\dhcpcsvc6.DLL
0x00007ffa19910000 - 0x00007ffa19935000 	C:\WINDOWS\SYSTEM32\dhcpcsvc.DLL
0x00007ff9e0b10000 - 0x00007ff9e0b37000 	C:\Users\Bhumi\.gradle\native\1def1411415f61bf3af743bc5b6707747c0891f09f0c88961ee8f79bc544acac\windows-amd64\native-platform.dll
0x00007ffa0c1d0000 - 0x00007ffa0c1da000 	C:\Users\Bhumi\.vscode\extensions\redhat.java-1.54.0-win32-x64\jre\21.0.10-win32-x86_64\bin\management.dll
0x00007ffa0c1c0000 - 0x00007ffa0c1cc000 	C:\Users\Bhumi\.vscode\extensions\redhat.java-1.54.0-win32-x64\jre\21.0.10-win32-x86_64\bin\management_ext.dll
0x00007ffa11050000 - 0x00007ffa11059000 	C:\Users\Bhumi\.vscode\extensions\redhat.java-1.54.0-win32-x64\jre\21.0.10-win32-x86_64\bin\extnet.dll
0x00007ff9deb70000 - 0x00007ff9deb7e000 	C:\Users\Bhumi\.vscode\extensions\redhat.java-1.54.0-win32-x64\jre\21.0.10-win32-x86_64\bin\sunmscapi.dll
0x00007ffa28230000 - 0x00007ffa283a8000 	C:\WINDOWS\System32\CRYPT32.dll
0x00007ffa273b0000 - 0x00007ffa273e0000 	C:\WINDOWS\SYSTEM32\ncrypt.dll
0x00007ffa27360000 - 0x00007ffa2739f000 	C:\WINDOWS\SYSTEM32\NTASN1.dll
0x00007ff9e09d0000 - 0x00007ff9e09d8000 	C:\WINDOWS\system32\wshunix.dll

JVMTI agents:
c:\Users\Bhumi\.vscode\extensions\redhat.java-1.54.0-win32-x64\lombok\lombok-1.18.39-4050.jar path:c:\Users\Bhumi\.vscode\extensions\redhat.java-1.54.0-win32-x64\jre\21.0.10-win32-x86_64\bin\instrument.dll, loaded, initialized, instrumentlib options:none

dbghelp: loaded successfully - version: 4.0.5 - missing functions: none
symbol engine: initialized successfully - sym options: 0x614 - pdb path: .;c:\Users\Bhumi\.vscode\extensions\redhat.java-1.54.0-win32-x64\jre\21.0.10-win32-x86_64\bin;C:\WINDOWS\SYSTEM32;C:\WINDOWS\WinSxS\amd64_microsoft.windows.common-controls_6595b64144ccf1df_6.0.26100.8457_none_3e0b2faee331e92d;c:\Users\Bhumi\.vscode\extensions\redhat.java-1.54.0-win32-x64\jre\21.0.10-win32-x86_64\bin\server;C:\Users\Bhumi\AppData\Roaming\Code\User\globalStorage\redhat.java\1.54.0\config_win\org.eclipse.equinox.launcher\org.eclipse.equinox.launcher.win32.win32.x86_64_1.3.0.v20260203-2149;C:\Users\Bhumi\AppData\Local\Temp\jna-64166571;C:\Users\Bhumi\.gradle\native\1def1411415f61bf3af743bc5b6707747c0891f09f0c88961ee8f79bc544acac\windows-amd64

VM Arguments:
jvm_args: --add-modules=ALL-SYSTEM --add-opens=java.base/java.util=ALL-UNNAMED --add-opens=java.base/java.lang=ALL-UNNAMED --add-opens=java.base/sun.nio.fs=ALL-UNNAMED -Declipse.application=org.eclipse.jdt.ls.core.id1 -Dosgi.bundles.defaultStartLevel=4 -Declipse.product=org.eclipse.jdt.ls.core.product -Djava.import.generatesMetadataFilesAtProjectRoot=false -DDetectVMInstallationsJob.disabled=true -Dfile.encoding=utf8 -XX:+UseParallelGC -XX:GCTimeRatio=4 -XX:AdaptiveSizePolicyWeight=90 -Dsun.zip.disableMemoryMapping=true -Xmx2G -Xms100m -Xlog:disable -javaagent:c:\Users\Bhumi\.vscode\extensions\redhat.java-1.54.0-win32-x64\lombok\lombok-1.18.39-4050.jar -XX:+HeapDumpOnOutOfMemoryError -XX:HeapDumpPath=c:\Users\Bhumi\AppData\Roaming\Code\User\workspaceStorage\99dc9a965f1c481dea11390a2d6cf309\redhat.java -Daether.dependencyCollector.impl=bf 
java_command: c:\Users\Bhumi\.vscode\extensions\redhat.java-1.54.0-win32-x64\server\plugins\org.eclipse.equinox.launcher_1.7.100.v20251111-0406.jar -configuration c:\Users\Bhumi\AppData\Roaming\Code\User\globalStorage\redhat.java\1.54.0\config_win -data c:\Users\Bhumi\AppData\Roaming\Code\User\workspaceStorage\99dc9a965f1c481dea11390a2d6cf309\redhat.java\jdt_ws --pipe=\\.\pipe\lsp-073c0e848ec94582d8907a598218c338-sock
java_class_path (initial): c:\Users\Bhumi\.vscode\extensions\redhat.java-1.54.0-win32-x64\server\plugins\org.eclipse.equinox.launcher_1.7.100.v20251111-0406.jar
Launcher Type: SUN_STANDARD

[Global flags]
    uintx AdaptiveSizePolicyWeight                 = 90                                        {product} {command line}
     intx CICompilerCount                          = 3                                         {product} {ergonomic}
    uintx GCTimeRatio                              = 4                                         {product} {command line}
     bool HeapDumpOnOutOfMemoryError               = true                                   {manageable} {command line}
    ccstr HeapDumpPath                             = c:\Users\Bhumi\AppData\Roaming\Code\User\workspaceStorage\99dc9a965f1c481dea11390a2d6cf309\redhat.java         {manageable} {command line}
   size_t InitialHeapSize                          = 104857600                                 {product} {command line}
   size_t MaxHeapSize                              = 2147483648                                {product} {command line}
   size_t MaxNewSize                               = 715653120                                 {product} {ergonomic}
   size_t MinHeapDeltaBytes                        = 524288                                    {product} {ergonomic}
   size_t MinHeapSize                              = 104857600                                 {product} {command line}
   size_t NewSize                                  = 34603008                                  {product} {ergonomic}
    uintx NonNMethodCodeHeapSize                   = 5832780                                {pd product} {ergonomic}
    uintx NonProfiledCodeHeapSize                  = 122912730                              {pd product} {ergonomic}
   size_t OldSize                                  = 70254592                                  {product} {ergonomic}
    uintx ProfiledCodeHeapSize                     = 122912730                              {pd product} {ergonomic}
    uintx ReservedCodeCacheSize                    = 251658240                              {pd product} {ergonomic}
     bool SegmentedCodeCache                       = true                                      {product} {ergonomic}
   size_t SoftMaxHeapSize                          = 2147483648                             {manageable} {ergonomic}
     bool UseCompressedOops                        = true                           {product lp64_product} {ergonomic}
     bool UseLargePagesIndividualAllocation        = false                                  {pd product} {ergonomic}
     bool UseParallelGC                            = true                                      {product} {command line}

Logging:
Log output configuration:
 #0: stdout all=off uptime,level,tags foldmultilines=false
 #1: stderr all=off uptime,level,tags foldmultilines=false

Release file:
JAVA_VERSION="21.0.10" 
MODULES="java.base java.compiler java.datatransfer java.xml java.prefs java.desktop java.instrument java.logging java.management java.security.sasl java.naming java.rmi java.management.rmi java.net.http java.scripting java.security.jgss java.transaction.xa java.sql java.sql.rowset java.xml.crypto java.se java.smartcardio jdk.accessibility jdk.internal.jvmstat jdk.attach jdk.charsets jdk.internal.opt jdk.zipfs jdk.compiler jdk.crypto.ec jdk.crypto.cryptoki jdk.crypto.mscapi jdk.dynalink jdk.internal.ed jdk.editpad jdk.hotspot.agent jdk.httpserver jdk.internal.le jdk.internal.vm.ci jdk.internal.vm.compiler jdk.internal.vm.compiler.management jdk.jartool jdk.javadoc jdk.jcmd jdk.management jdk.management.agent jdk.jconsole jdk.jdeps jdk.jdwp.agent jdk.jdi jdk.jfr jdk.jshell jdk.jsobject jdk.jstatd jdk.localedata jdk.management.jfr jdk.naming.dns jdk.naming.rmi jdk.net jdk.nio.mapmode jdk.random jdk.sctp jdk.security.auth jdk.security.jgss jdk.unsupported jdk.unsupported.desktop jdk.xml.dom" 

Environment Variables:
PATH=C:\Users\Bhumi\AppData\Local\Programs\Microsoft VS Code;C:\Program Files\Common Files\Oracle\Java\javapath;C:\Program Files (x86)\Common Files\Oracle\Java\java8path;C:\Program Files (x86)\Common Files\Oracle\Java\javapath;C:\windows\system32;C:\windows;C:\windows\System32\Wbem;C:\windows\System32\WindowsPowerShell\v1.0\;C:\windows\System32\OpenSSH\;C:\Users\Bhumi\AppData\Local\Microsoft\WindowsApps;C:\Program Files\Bandizip\;C:\adb;C:\Program Files (x86)\GTK2-Runtime\lib;C:\Program Files\Microsoft SQL Server\Client SDK\ODBC\170\Tools\Binn\;C:\Program Files (x86)\Microsoft SQL Server\150\Tools\Binn\;C:\Program Files\Microsoft SQL Server\150\Tools\Binn\;C:\Program Files\Microsoft SQL Server\150\DTS\Binn\;C:\WINDOWS\system32;C:\WINDOWS;C:\WINDOWS\System32\Wbem;C:\WINDOWS\System32\WindowsPowerShell\v1.0\;C:\WINDOWS\System32\OpenSSH\;C:\Program Files\dotnet\;%JAVA_HOME%\bin;C:\MinGW\bin;C:\Program Files\nodejs\;C:\Program Files\Git\cmd;C:\Program Files\Dart\dart-sdk\bin;C:\flutter\bin;C:\Users\Bhumi\AppData\Local\Programs\Python\Launcher\;C:\Program Files\MySQL\MySQL Shell 8.0\bin\;C:\Users\Bhumi\AppData\Local\Programs\Microsoft VS Code\bin;C:\Users\Bhumi\AppData\Roaming\npm;C:\Users\Bhumi\AppData\Local\Programs\mongosh\;C:\Users\Bhumi\AppData\Local\Python\bin;C:\ProgramData\Bhumi\GitHubDesktop\bin;C:\Users\Bhumi\AppData\Local\GitHubDesktop\bin
USERNAME=Bhumi
OS=Windows_NT
PROCESSOR_IDENTIFIER=Intel64 Family 6 Model 142 Stepping 12, GenuineIntel
TMP=C:\Users\Bhumi\AppData\Local\Temp
TEMP=C:\Users\Bhumi\AppData\Local\Temp




Periodic native trim disabled

---------------  S Y S T E M  ---------------

OS:
 Windows 11 , 64 bit Build 26100 (10.0.26100.8328)
OS uptime: 0 days 2:24 hours
Hyper-V role detected

CPU: total 4 (initial active 4) (2 cores per cpu, 2 threads per core) family 6 model 142 stepping 12 microcode 0xea, cx8, cmov, fxsr, ht, mmx, 3dnowpref, sse, sse2, sse3, ssse3, sse4.1, sse4.2, popcnt, lzcnt, tsc, tscinvbit, avx, avx2, aes, erms, clmul, bmi1, bmi2, adx, fma, vzeroupper, clflush, clflushopt, hv, rdtscp, f16c
Processor Information for the first 4 processors :
  Max Mhz: 2592, Current Mhz: 2093, Mhz Limit: 2073

Memory: 4k page, system-wide physical 7996M (692M free)
TotalPageFile size 18985M (AvailPageFile size 1M)
current process WorkingSet (physical memory assigned to process): 253M, peak: 267M
current process commit charge ("private bytes"): 339M, peak: 366M

vm_info: OpenJDK 64-Bit Server VM (21.0.10+7-LTS) for windows-amd64 JRE (21.0.10+7-LTS), built on 2026-01-20T00:00:00Z by "admin" with MS VC++ 17.12 (VS2022)

END.
