#
# There is insufficient memory for the Java Runtime Environment to continue.
# Native memory allocation (malloc) failed to allocate 421216 bytes. Error detail: Chunk::new
# Possible reasons:
#   The system is out of physical RAM or swap space
#   This process is running with CompressedOops enabled, and the Java Heap may be blocking the growth of the native heap
# Possible solutions:
#   Reduce memory load on the system
#   Increase physical memory or swap space
#   Check if swap backing store is full
#   Decrease Java heap size (-Xmx/-Xms)
#   Decrease number of Java threads
#   Decrease Java thread stack sizes (-Xss)
#   Set larger code cache with -XX:ReservedCodeCacheSize=
#   JVM is running with Unscaled Compressed Oops mode in which the Java heap is
#     placed in the first 4GB address space. The Java Heap base address is the
#     maximum limit for the native heap growth. Please use -XX:HeapBaseMinAddress
#     to set the Java Heap base and to place the Java Heap above 4GB virtual address.
# This output file may be truncated or incomplete.
#
#  Out of Memory Error (arena.cpp:168), pid=16408, tid=14788
#
# JRE version: OpenJDK Runtime Environment Temurin-21.0.10+7 (21.0.10+7) (build 21.0.10+7-LTS)
# Java VM: OpenJDK 64-Bit Server VM Temurin-21.0.10+7 (21.0.10+7-LTS, mixed mode, sharing, tiered, compressed oops, compressed class ptrs, parallel gc, windows-amd64)
# No core dump will be written. Minidumps are not enabled by default on client versions of Windows
#

---------------  S U M M A R Y ------------

Command Line: --add-modules=ALL-SYSTEM --add-opens=java.base/java.util=ALL-UNNAMED --add-opens=java.base/java.lang=ALL-UNNAMED --add-opens=java.base/sun.nio.fs=ALL-UNNAMED -Declipse.application=org.eclipse.jdt.ls.core.id1 -Dosgi.bundles.defaultStartLevel=4 -Declipse.product=org.eclipse.jdt.ls.core.product -Djava.import.generatesMetadataFilesAtProjectRoot=false -DDetectVMInstallationsJob.disabled=true -Dfile.encoding=utf8 -XX:+UseParallelGC -XX:GCTimeRatio=4 -XX:AdaptiveSizePolicyWeight=90 -Dsun.zip.disableMemoryMapping=true -Xmx2G -Xms100m -Xlog:disable -javaagent:c:\Users\Bhumi\.vscode\extensions\redhat.java-1.54.0-win32-x64\lombok\lombok-1.18.39-4050.jar -XX:+HeapDumpOnOutOfMemoryError -XX:HeapDumpPath=c:\Users\Bhumi\AppData\Roaming\Code\User\workspaceStorage\99dc9a965f1c481dea11390a2d6cf309\redhat.java -Daether.dependencyCollector.impl=bf c:\Users\Bhumi\.vscode\extensions\redhat.java-1.54.0-win32-x64\server\plugins\org.eclipse.equinox.launcher_1.7.100.v20251111-0406.jar -configuration c:\Users\Bhumi\AppData\Roaming\Code\User\globalStorage\redhat.java\1.54.0\config_win -data c:\Users\Bhumi\AppData\Roaming\Code\User\workspaceStorage\99dc9a965f1c481dea11390a2d6cf309\redhat.java\jdt_ws --pipe=\\.\pipe\lsp-9c95c968151e7cf4bd3a5166efd7556b-sock

Host: Intel(R) Core(TM) i3-10110U CPU @ 2.10GHz, 4 cores, 7G,  Windows 11 , 64 bit Build 26100 (10.0.26100.8328)
Time: Wed May 20 11:36:23 2026 India Standard Time elapsed time: 30.127868 seconds (0d 0h 0m 30s)

---------------  T H R E A D  ---------------

Current thread (0x00000202203da730):  JavaThread "C2 CompilerThread0" daemon [_thread_in_native, id=14788, stack(0x0000002d01000000,0x0000002d01100000) (1024K)]


Current CompileTask:
C2:30127 6228   !   4       org.eclipse.osgi.internal.loader.classpath.ClasspathManager::findLocalClass (210 bytes)

Stack: [0x0000002d01000000,0x0000002d01100000]
Native frames: (J=compiled Java code, j=interpreted, Vv=VM code, C=native code)
V  [jvm.dll+0x6d7a39]
V  [jvm.dll+0x8b4b26]
V  [jvm.dll+0x8b70de]
V  [jvm.dll+0x8b77c3]
V  [jvm.dll+0x284346]
V  [jvm.dll+0xc66ed]
V  [jvm.dll+0xc6c31]
V  [jvm.dll+0x2fb29e]
V  [jvm.dll+0x5fe884]
V  [jvm.dll+0x255b17]
V  [jvm.dll+0x24df54]
V  [jvm.dll+0x24ba42]
V  [jvm.dll+0x1cb34e]
V  [jvm.dll+0x25b85d]
V  [jvm.dll+0x259dea]
V  [jvm.dll+0x3f857e]
V  [jvm.dll+0x85f59d]
V  [jvm.dll+0x6d626d]
C  [ucrtbase.dll+0x37b0]
C  [KERNEL32.DLL+0x2e957]
C  [ntdll.dll+0x427c]


---------------  P R O C E S S  ---------------

Threads class SMR info:
_java_thread_list=0x000002027db13ad0, length=37, elements={
0x00000202204de490, 0x000002022059c4b0, 0x00000202203d0d80, 0x00000202203d3100,
0x00000202203d6020, 0x00000202203d6a80, 0x00000202203d74e0, 0x00000202203da730,
0x0000020220453640, 0x0000020278c35560, 0x0000020278d5ecc0, 0x000002027d319550,
0x000002027d649010, 0x000002027d56d960, 0x000002027d5f4920, 0x000002027dc39ef0,
0x000002027d13a020, 0x000002027d88fef0, 0x000002027dee8b10, 0x000002027dee70d0,
0x000002027dee8480, 0x000002027dee91a0, 0x000002027dee9ec0, 0x000002027dee9830,
0x000002027deea550, 0x00000202004c5090, 0x00000202004c5720, 0x00000202004c2fc0,
0x00000202004c3650, 0x00000202004c22a0, 0x00000202004c3ce0, 0x00000202004c5db0,
0x00000202004c2930, 0x00000202004c4a00, 0x00000202004c6440, 0x00000202004c4370,
0x000002020182b630
}

Java Threads: ( => current thread )
  0x00000202204de490 JavaThread "main"                              [_thread_blocked, id=4464, stack(0x0000002d00600000,0x0000002d00700000) (1024K)]
  0x000002022059c4b0 JavaThread "Reference Handler"          daemon [_thread_blocked, id=17144, stack(0x0000002d00a00000,0x0000002d00b00000) (1024K)]
  0x00000202203d0d80 JavaThread "Finalizer"                  daemon [_thread_blocked, id=8700, stack(0x0000002d00b00000,0x0000002d00c00000) (1024K)]
  0x00000202203d3100 JavaThread "Signal Dispatcher"          daemon [_thread_blocked, id=4044, stack(0x0000002d00c00000,0x0000002d00d00000) (1024K)]
  0x00000202203d6020 JavaThread "Attach Listener"            daemon [_thread_blocked, id=2664, stack(0x0000002d00d00000,0x0000002d00e00000) (1024K)]
  0x00000202203d6a80 JavaThread "Service Thread"             daemon [_thread_blocked, id=3772, stack(0x0000002d00e00000,0x0000002d00f00000) (1024K)]
  0x00000202203d74e0 JavaThread "Monitor Deflation Thread"   daemon [_thread_blocked, id=16676, stack(0x0000002d00f00000,0x0000002d01000000) (1024K)]
=>0x00000202203da730 JavaThread "C2 CompilerThread0"         daemon [_thread_in_native, id=14788, stack(0x0000002d01000000,0x0000002d01100000) (1024K)]
  0x0000020220453640 JavaThread "C1 CompilerThread0"         daemon [_thread_blocked, id=7188, stack(0x0000002d01100000,0x0000002d01200000) (1024K)]
  0x0000020278c35560 JavaThread "Common-Cleaner"             daemon [_thread_blocked, id=2452, stack(0x0000002d01200000,0x0000002d01300000) (1024K)]
  0x0000020278d5ecc0 JavaThread "Notification Thread"        daemon [_thread_blocked, id=5892, stack(0x0000002d01300000,0x0000002d01400000) (1024K)]
  0x000002027d319550 JavaThread "Active Thread: Equinox Container: 2f7cb64a-8f59-42ea-ab8b-0b6fd4543148"        [_thread_blocked, id=6684, stack(0x0000002d01400000,0x0000002d01500000) (1024K)]
  0x000002027d649010 JavaThread "Refresh Thread: Equinox Container: 2f7cb64a-8f59-42ea-ab8b-0b6fd4543148" daemon [_thread_blocked, id=5328, stack(0x0000002d01900000,0x0000002d01a00000) (1024K)]
  0x000002027d56d960 JavaThread "Framework Event Dispatcher: Equinox Container: 2f7cb64a-8f59-42ea-ab8b-0b6fd4543148" daemon [_thread_blocked, id=3468, stack(0x0000002d01800000,0x0000002d01900000) (1024K)]
  0x000002027d5f4920 JavaThread "Start Level: Equinox Container: 2f7cb64a-8f59-42ea-ab8b-0b6fd4543148" daemon [_thread_blocked, id=10488, stack(0x0000002d01a00000,0x0000002d01b00000) (1024K)]
  0x000002027dc39ef0 JavaThread "Bundle File Closer"         daemon [_thread_blocked, id=16636, stack(0x0000002d01c00000,0x0000002d01d00000) (1024K)]
  0x000002027d13a020 JavaThread "SCR Component Actor"        daemon [_thread_blocked, id=4056, stack(0x0000002d01b00000,0x0000002d01c00000) (1024K)]
  0x000002027d88fef0 JavaThread "Worker-JM"                         [_thread_blocked, id=16716, stack(0x0000002d01d00000,0x0000002d01e00000) (1024K)]
  0x000002027dee8b10 JavaThread "JNA Cleaner"                daemon [_thread_blocked, id=16924, stack(0x0000002d01e00000,0x0000002d01f00000) (1024K)]
  0x000002027dee70d0 JavaThread "Worker-0"                          [_thread_blocked, id=15068, stack(0x0000002d01f00000,0x0000002d02000000) (1024K)]
  0x000002027dee8480 JavaThread "Worker-1"                          [_thread_blocked, id=15808, stack(0x0000002d02000000,0x0000002d02100000) (1024K)]
  0x000002027dee91a0 JavaThread "Worker-2"                          [_thread_blocked, id=17092, stack(0x0000002d02100000,0x0000002d02200000) (1024K)]
  0x000002027dee9ec0 JavaThread "Worker-3"                          [_thread_blocked, id=17868, stack(0x0000002d02300000,0x0000002d02400000) (1024K)]
  0x000002027dee9830 JavaThread "Java indexing"              daemon [_thread_blocked, id=8416, stack(0x0000002d02400000,0x0000002d02500000) (1024K)]
  0x000002027deea550 JavaThread "Worker-4: Synchronize Gradle projects with workspace"        [_thread_blocked, id=15848, stack(0x0000002d02700000,0x0000002d02800000) (1024K)]
  0x00000202004c5090 JavaThread "Timer-0"                           [_thread_blocked, id=5064, stack(0x0000002d02900000,0x0000002d02a00000) (1024K)]
  0x00000202004c5720 JavaThread "Timer-1"                           [_thread_blocked, id=3608, stack(0x0000002d02a00000,0x0000002d02b00000) (1024K)]
  0x00000202004c2fc0 JavaThread "Thread-3"                   daemon [_thread_in_native, id=14808, stack(0x0000002d02b00000,0x0000002d02c00000) (1024K)]
  0x00000202004c3650 JavaThread "Thread-4"                   daemon [_thread_in_native, id=6136, stack(0x0000002d02c00000,0x0000002d02d00000) (1024K)]
  0x00000202004c22a0 JavaThread "Thread-5"                   daemon [_thread_in_native, id=11896, stack(0x0000002d02d00000,0x0000002d02e00000) (1024K)]
  0x00000202004c3ce0 JavaThread "Thread-6"                   daemon [_thread_in_native, id=16976, stack(0x0000002d02e00000,0x0000002d02f00000) (1024K)]
  0x00000202004c5db0 JavaThread "Thread-7"                   daemon [_thread_in_native, id=4668, stack(0x0000002d02f00000,0x0000002d03000000) (1024K)]
  0x00000202004c2930 JavaThread "pool-2-thread-1"                   [_thread_blocked, id=14908, stack(0x0000002d03000000,0x0000002d03100000) (1024K)]
  0x00000202004c4a00 JavaThread "Connection worker"                 [_thread_in_native, id=1504, stack(0x0000002d03100000,0x0000002d03200000) (1024K)]
  0x00000202004c6440 JavaThread "WorkspaceEventsHandler"            [_thread_blocked, id=11940, stack(0x0000002d03200000,0x0000002d03300000) (1024K)]
  0x00000202004c4370 JavaThread "pool-1-thread-1"                   [_thread_blocked, id=12748, stack(0x0000002d03300000,0x0000002d03400000) (1024K)]
  0x000002020182b630 JavaThread "C2 CompilerThread1"         daemon [_thread_in_native, id=11308, stack(0x0000002d02200000,0x0000002d02300000) (1024K)]
Total: 37

Other Threads:
  0x0000020220580580 VMThread "VM Thread"                           [id=16308, stack(0x0000002d00900000,0x0000002d00a00000) (1024K)]
  0x000002022036ca00 WatcherThread "VM Periodic Task Thread"        [id=4148, stack(0x0000002d00800000,0x0000002d00900000) (1024K)]
  0x00000202204fd940 WorkerThread "GC Thread#0"                     [id=17528, stack(0x0000002d00700000,0x0000002d00800000) (1024K)]
  0x000002027d6a0ae0 WorkerThread "GC Thread#1"                     [id=2852, stack(0x0000002d01500000,0x0000002d01600000) (1024K)]
  0x000002027d7de020 WorkerThread "GC Thread#2"                     [id=8360, stack(0x0000002d01600000,0x0000002d01700000) (1024K)]
  0x000002027d7de3d0 WorkerThread "GC Thread#3"                     [id=12948, stack(0x0000002d01700000,0x0000002d01800000) (1024K)]
Total: 6

Threads with active compile tasks:
C2 CompilerThread0  30176 6228   !   4       org.eclipse.osgi.internal.loader.classpath.ClasspathManager::findLocalClass (210 bytes)
Total: 1

VM state: not at safepoint (normal execution)

VM Mutex/Monitor currently owned by a thread: None

OutOfMemory and StackOverflow Exception counts:
StackOverflowErrors=1
LinkageErrors=99

Heap address: 0x0000000080000000, size: 2048 MB, Compressed Oops mode: 32-bit

CDS archive(s) mapped at: [0x0000020237000000-0x0000020237ba0000-0x0000020237ba0000), size 12189696, SharedBaseAddress: 0x0000020237000000, ArchiveRelocationMode: 1.
Compressed class space mapped at: 0x0000020238000000-0x0000020278000000, reserved size: 1073741824
Narrow klass base: 0x0000020237000000, Narrow klass shift: 0, Narrow klass range: 0x100000000

GC Precious Log:
 CardTable entry size: 512
 CPUs: 4 total, 4 available
 Memory: 7996M
 Large Page Support: Disabled
 NUMA Support: Disabled
 Compressed Oops: Enabled (32-bit)
 Alignments: Space 512K, Generation 512K, Heap 2M
 Heap Min Capacity: 100M
 Heap Initial Capacity: 100M
 Heap Max Capacity: 2G
 Pre-touch: Disabled
 Parallel Workers: 4

Heap:
 PSYoungGen      total 23040K, used 1749K [0x00000000d5580000, 0x00000000d7600000, 0x0000000100000000)
  eden space 22016K, 4% used [0x00000000d5580000,0x00000000d565d4e0,0x00000000d6b00000)
  from space 1024K, 84% used [0x00000000d7480000,0x00000000d7558000,0x00000000d7580000)
  to   space 512K, 0% used [0x00000000d7580000,0x00000000d7580000,0x00000000d7600000)
 ParOldGen       total 68608K, used 33401K [0x0000000080000000, 0x0000000084300000, 0x00000000d5580000)
  object space 68608K, 48% used [0x0000000080000000,0x000000008209e4c0,0x0000000084300000)
 Metaspace       used 49134K, committed 50432K, reserved 1114112K
  class space    used 5635K, committed 6208K, reserved 1048576K

Card table byte_map: [0x000002021fe80000,0x0000020220290000] _byte_map_base: 0x000002021fa80000

Marking Bits: (ParMarkBitMap*) 0x00007ffb67eb3450
 Begin Bits: [0x0000020232990000, 0x0000020234990000)
 End Bits:   [0x0000020234990000, 0x0000020236990000)

Polling page: 0x000002021e340000

Metaspace:

Usage:
  Non-class:     42.48 MB used.
      Class:      5.50 MB used.
       Both:     47.98 MB used.

Virtual space:
  Non-class space:       64.00 MB reserved,      43.19 MB ( 67%) committed,  1 nodes.
      Class space:        1.00 GB reserved,       6.06 MB ( <1%) committed,  1 nodes.
             Both:        1.06 GB reserved,      49.25 MB (  5%) committed. 

Chunk freelists:
   Non-Class:  4.31 MB
       Class:  9.87 MB
        Both:  14.18 MB

MaxMetaspaceSize: unlimited
CompressedClassSpaceSize: 1.00 GB
Initial GC threshold: 21.00 MB
Current GC threshold: 58.38 MB
CDS: on
 - commit_granule_bytes: 65536.
 - commit_granule_words: 8192.
 - virtual_space_node_default_size: 8388608.
 - enlarge_chunks_in_place: 1.
 - use_allocation_guard: 0.


Internal statistics:

num_allocs_failed_limit: 8.
num_arena_births: 838.
num_arena_deaths: 14.
num_vsnodes_births: 2.
num_vsnodes_deaths: 0.
num_space_committed: 788.
num_space_uncommitted: 0.
num_chunks_returned_to_freelist: 22.
num_chunks_taken_from_freelist: 3075.
num_chunk_merges: 13.
num_chunk_splits: 1893.
num_chunks_enlarged: 1099.
num_inconsistent_stats: 0.

CodeHeap 'non-profiled nmethods': size=120000Kb used=3263Kb max_used=3263Kb free=116736Kb
 bounds [0x000002022b1b0000, 0x000002022b4e0000, 0x00000202326e0000]
CodeHeap 'profiled nmethods': size=120000Kb used=12201Kb max_used=12201Kb free=107798Kb
 bounds [0x00000202236e0000, 0x00000202242d0000, 0x000002022ac10000]
CodeHeap 'non-nmethods': size=5760Kb used=1369Kb max_used=1452Kb free=4390Kb
 bounds [0x000002022ac10000, 0x000002022ae80000, 0x000002022b1b0000]
CodeCache: size=245760Kb, used=16833Kb, max_used=16916Kb, free=228924Kb
 total_blobs=6373, nmethods=5704, adapters=575, full_count=0
Compilation: enabled, stopped_count=0, restarted_count=0

Compilation events (20 events):
Event: 30.106 Thread 0x0000020220453640 6242       3       com.google.gson.internal.reflect.ReflectionHelper::isAnonymousOrNonStaticLocal (27 bytes)
Event: 30.106 Thread 0x0000020220453640 nmethod 6242 0x00000202242c0090 code [0x00000202242c0300, 0x00000202242c0b90]
Event: 30.106 Thread 0x0000020220453640 6243       3       com.google.gson.internal.reflect.ReflectionHelper::isStatic (8 bytes)
Event: 30.107 Thread 0x0000020220453640 nmethod 6243 0x00000202242c0e10 code [0x00000202242c0fc0, 0x00000202242c1190]
Event: 30.110 Thread 0x0000020220453640 6244       1       com.google.gson.internal.GsonTypes$ParameterizedTypeImpl::getRawType (5 bytes)
Event: 30.110 Thread 0x0000020220453640 nmethod 6244 0x000002022b4dd810 code [0x000002022b4dd9a0, 0x000002022b4dda68]
Event: 30.114 Thread 0x0000020220453640 6245       3       com.google.gson.internal.bind.TypeAdapterRuntimeTypeWrapper::<init> (20 bytes)
Event: 30.114 Thread 0x0000020220453640 nmethod 6245 0x00000202242c1290 code [0x00000202242c1440, 0x00000202242c1648]
Event: 30.114 Thread 0x0000020220453640 6246       3       java.lang.Class::getGenericSuperclass (28 bytes)
Event: 30.115 Thread 0x0000020220453640 nmethod 6246 0x00000202242c1710 code [0x00000202242c1960, 0x00000202242c2278]
Event: 30.115 Thread 0x0000020220453640 6247   !   3       com.google.gson.internal.reflect.ReflectionHelper::makeAccessible (56 bytes)
Event: 30.116 Thread 0x0000020220453640 nmethod 6247 0x00000202242c2610 code [0x00000202242c28a0, 0x00000202242c3148]
Event: 30.116 Thread 0x0000020220453640 6248       3       com.google.gson.internal.bind.ReflectiveTypeAdapterFactory$2::<init> (48 bytes)
Event: 30.116 Thread 0x0000020220453640 nmethod 6248 0x00000202242c3510 code [0x00000202242c36c0, 0x00000202242c3960]
Event: 30.116 Thread 0x0000020220453640 6249       3       com.google.gson.internal.bind.ReflectiveTypeAdapterFactory$BoundField::<init> (23 bytes)
Event: 30.117 Thread 0x0000020220453640 nmethod 6249 0x00000202242c3a90 code [0x00000202242c3c40, 0x00000202242c3e10]
Event: 30.120 Thread 0x0000020220453640 6250       3       com.google.gson.internal.ReflectionAccessFilterHelper::getFilterResult (53 bytes)
Event: 30.120 Thread 0x0000020220453640 nmethod 6250 0x00000202242c3f10 code [0x00000202242c4120, 0x00000202242c46d0]
Event: 30.120 Thread 0x0000020220453640 6251       3       com.google.gson.internal.bind.TypeAdapters$32::create (28 bytes)
Event: 30.121 Thread 0x0000020220453640 nmethod 6251 0x00000202242c4890 code [0x00000202242c4a60, 0x00000202242c4de8]

GC Heap History (20 events):
Event: 22.229 GC heap before
{Heap before GC invocations=13 (full 1):
 PSYoungGen      total 26112K, used 23670K [0x00000000d5580000, 0x00000000d7280000, 0x0000000100000000)
  eden space 22528K, 100% used [0x00000000d5580000,0x00000000d6b80000,0x00000000d6b80000)
  from space 3584K, 31% used [0x00000000d6c80000,0x00000000d6d9d980,0x00000000d7000000)
  to   space 2048K, 0% used [0x00000000d7080000,0x00000000d7080000,0x00000000d7280000)
 ParOldGen       total 68608K, used 16385K [0x0000000080000000, 0x0000000084300000, 0x00000000d5580000)
  object space 68608K, 23% used [0x0000000080000000,0x0000000081000648,0x0000000084300000)
 Metaspace       used 33110K, committed 34112K, reserved 1114112K
  class space    used 3417K, committed 3840K, reserved 1048576K
}
Event: 22.233 GC heap after
{Heap after GC invocations=13 (full 1):
 PSYoungGen      total 23552K, used 1279K [0x00000000d5580000, 0x00000000d7200000, 0x0000000100000000)
  eden space 22016K, 0% used [0x00000000d5580000,0x00000000d5580000,0x00000000d6b00000)
  from space 1536K, 83% used [0x00000000d7080000,0x00000000d71bfcc0,0x00000000d7200000)
  to   space 1536K, 0% used [0x00000000d6f00000,0x00000000d6f00000,0x00000000d7080000)
 ParOldGen       total 68608K, used 17327K [0x0000000080000000, 0x0000000084300000, 0x00000000d5580000)
  object space 68608K, 25% used [0x0000000080000000,0x00000000810ebee0,0x0000000084300000)
 Metaspace       used 33110K, committed 34112K, reserved 1114112K
  class space    used 3417K, committed 3840K, reserved 1048576K
}
Event: 22.756 GC heap before
{Heap before GC invocations=14 (full 1):
 PSYoungGen      total 23552K, used 20434K [0x00000000d5580000, 0x00000000d7200000, 0x0000000100000000)
  eden space 22016K, 87% used [0x00000000d5580000,0x00000000d6834c70,0x00000000d6b00000)
  from space 1536K, 83% used [0x00000000d7080000,0x00000000d71bfcc0,0x00000000d7200000)
  to   space 1536K, 0% used [0x00000000d6f00000,0x00000000d6f00000,0x00000000d7080000)
 ParOldGen       total 68608K, used 17327K [0x0000000080000000, 0x0000000084300000, 0x00000000d5580000)
  object space 68608K, 25% used [0x0000000080000000,0x00000000810ebee0,0x0000000084300000)
 Metaspace       used 34750K, committed 35840K, reserved 1114112K
  class space    used 3635K, committed 4096K, reserved 1048576K
}
Event: 22.759 GC heap after
{Heap after GC invocations=14 (full 1):
 PSYoungGen      total 23552K, used 1389K [0x00000000d5580000, 0x00000000d7100000, 0x0000000100000000)
  eden space 22016K, 0% used [0x00000000d5580000,0x00000000d5580000,0x00000000d6b00000)
  from space 1536K, 90% used [0x00000000d6f00000,0x00000000d705b4a8,0x00000000d7080000)
  to   space 512K, 0% used [0x00000000d7080000,0x00000000d7080000,0x00000000d7100000)
 ParOldGen       total 68608K, used 18257K [0x0000000080000000, 0x0000000084300000, 0x00000000d5580000)
  object space 68608K, 26% used [0x0000000080000000,0x00000000811d4620,0x0000000084300000)
 Metaspace       used 34750K, committed 35840K, reserved 1114112K
  class space    used 3635K, committed 4096K, reserved 1048576K
}
Event: 22.759 GC heap before
{Heap before GC invocations=15 (full 2):
 PSYoungGen      total 23552K, used 1389K [0x00000000d5580000, 0x00000000d7100000, 0x0000000100000000)
  eden space 22016K, 0% used [0x00000000d5580000,0x00000000d5580000,0x00000000d6b00000)
  from space 1536K, 90% used [0x00000000d6f00000,0x00000000d705b4a8,0x00000000d7080000)
  to   space 512K, 0% used [0x00000000d7080000,0x00000000d7080000,0x00000000d7100000)
 ParOldGen       total 68608K, used 18257K [0x0000000080000000, 0x0000000084300000, 0x00000000d5580000)
  object space 68608K, 26% used [0x0000000080000000,0x00000000811d4620,0x0000000084300000)
 Metaspace       used 34750K, committed 35840K, reserved 1114112K
  class space    used 3635K, committed 4096K, reserved 1048576K
}
Event: 22.828 GC heap after
{Heap after GC invocations=15 (full 2):
 PSYoungGen      total 23552K, used 0K [0x00000000d5580000, 0x00000000d7100000, 0x0000000100000000)
  eden space 22016K, 0% used [0x00000000d5580000,0x00000000d5580000,0x00000000d6b00000)
  from space 1536K, 0% used [0x00000000d6f00000,0x00000000d6f00000,0x00000000d7080000)
  to   space 512K, 0% used [0x00000000d7080000,0x00000000d7080000,0x00000000d7100000)
 ParOldGen       total 68608K, used 18374K [0x0000000080000000, 0x0000000084300000, 0x00000000d5580000)
  object space 68608K, 26% used [0x0000000080000000,0x00000000811f1b40,0x0000000084300000)
 Metaspace       used 34750K, committed 35840K, reserved 1114112K
  class space    used 3635K, committed 4096K, reserved 1048576K
}
Event: 23.564 GC heap before
{Heap before GC invocations=16 (full 2):
 PSYoungGen      total 23552K, used 22016K [0x00000000d5580000, 0x00000000d7100000, 0x0000000100000000)
  eden space 22016K, 100% used [0x00000000d5580000,0x00000000d6b00000,0x00000000d6b00000)
  from space 1536K, 0% used [0x00000000d6f00000,0x00000000d6f00000,0x00000000d7080000)
  to   space 512K, 0% used [0x00000000d7080000,0x00000000d7080000,0x00000000d7100000)
 ParOldGen       total 68608K, used 18417K [0x0000000080000000, 0x0000000084300000, 0x00000000d5580000)
  object space 68608K, 26% used [0x0000000080000000,0x00000000811fc538,0x0000000084300000)
 Metaspace       used 37522K, committed 38656K, reserved 1114112K
  class space    used 3993K, committed 4416K, reserved 1048576K
}
Event: 23.568 GC heap after
{Heap after GC invocations=16 (full 2):
 PSYoungGen      total 22528K, used 510K [0x00000000d5580000, 0x00000000d7100000, 0x0000000100000000)
  eden space 22016K, 0% used [0x00000000d5580000,0x00000000d5580000,0x00000000d6b00000)
  from space 512K, 99% used [0x00000000d7080000,0x00000000d70ffaa8,0x00000000d7100000)
  to   space 2048K, 0% used [0x00000000d6d00000,0x00000000d6d00000,0x00000000d6f00000)
 ParOldGen       total 68608K, used 19803K [0x0000000080000000, 0x0000000084300000, 0x00000000d5580000)
  object space 68608K, 28% used [0x0000000080000000,0x0000000081356d38,0x0000000084300000)
 Metaspace       used 37522K, committed 38656K, reserved 1114112K
  class space    used 3993K, committed 4416K, reserved 1048576K
}
Event: 24.182 GC heap before
{Heap before GC invocations=17 (full 2):
 PSYoungGen      total 22528K, used 22526K [0x00000000d5580000, 0x00000000d7100000, 0x0000000100000000)
  eden space 22016K, 100% used [0x00000000d5580000,0x00000000d6b00000,0x00000000d6b00000)
  from space 512K, 99% used [0x00000000d7080000,0x00000000d70ffaa8,0x00000000d7100000)
  to   space 2048K, 0% used [0x00000000d6d00000,0x00000000d6d00000,0x00000000d6f00000)
 ParOldGen       total 68608K, used 19805K [0x0000000080000000, 0x0000000084300000, 0x00000000d5580000)
  object space 68608K, 28% used [0x0000000080000000,0x0000000081357578,0x0000000084300000)
 Metaspace       used 40013K, committed 41152K, reserved 1114112K
  class space    used 4355K, committed 4800K, reserved 1048576K
}
Event: 24.187 GC heap after
{Heap after GC invocations=17 (full 2):
 PSYoungGen      total 24064K, used 928K [0x00000000d5580000, 0x00000000d7100000, 0x0000000100000000)
  eden space 22016K, 0% used [0x00000000d5580000,0x00000000d5580000,0x00000000d6b00000)
  from space 2048K, 45% used [0x00000000d6d00000,0x00000000d6de8000,0x00000000d6f00000)
  to   space 1536K, 0% used [0x00000000d6f80000,0x00000000d6f80000,0x00000000d7100000)
 ParOldGen       total 68608K, used 20255K [0x0000000080000000, 0x0000000084300000, 0x00000000d5580000)
  object space 68608K, 29% used [0x0000000080000000,0x00000000813c7e88,0x0000000084300000)
 Metaspace       used 40013K, committed 41152K, reserved 1114112K
  class space    used 4355K, committed 4800K, reserved 1048576K
}
Event: 24.978 GC heap before
{Heap before GC invocations=18 (full 2):
 PSYoungGen      total 24064K, used 22940K [0x00000000d5580000, 0x00000000d7100000, 0x0000000100000000)
  eden space 22016K, 99% used [0x00000000d5580000,0x00000000d6aff338,0x00000000d6b00000)
  from space 2048K, 45% used [0x00000000d6d00000,0x00000000d6de8000,0x00000000d6f00000)
  to   space 1536K, 0% used [0x00000000d6f80000,0x00000000d6f80000,0x00000000d7100000)
 ParOldGen       total 68608K, used 20255K [0x0000000080000000, 0x0000000084300000, 0x00000000d5580000)
  object space 68608K, 29% used [0x0000000080000000,0x00000000813c7e88,0x0000000084300000)
 Metaspace       used 42098K, committed 43200K, reserved 1114112K
  class space    used 4642K, committed 5120K, reserved 1048576K
}
Event: 24.981 GC heap after
{Heap after GC invocations=18 (full 2):
 PSYoungGen      total 23552K, used 1251K [0x00000000d5580000, 0x00000000d7100000, 0x0000000100000000)
  eden space 22016K, 0% used [0x00000000d5580000,0x00000000d5580000,0x00000000d6b00000)
  from space 1536K, 81% used [0x00000000d6f80000,0x00000000d70b8c98,0x00000000d7100000)
  to   space 1536K, 0% used [0x00000000d6e00000,0x00000000d6e00000,0x00000000d6f80000)
 ParOldGen       total 68608K, used 20999K [0x0000000080000000, 0x0000000084300000, 0x00000000d5580000)
  object space 68608K, 30% used [0x0000000080000000,0x0000000081481e88,0x0000000084300000)
 Metaspace       used 42098K, committed 43200K, reserved 1114112K
  class space    used 4642K, committed 5120K, reserved 1048576K
}
Event: 25.792 GC heap before
{Heap before GC invocations=19 (full 2):
 PSYoungGen      total 23552K, used 23267K [0x00000000d5580000, 0x00000000d7100000, 0x0000000100000000)
  eden space 22016K, 100% used [0x00000000d5580000,0x00000000d6b00000,0x00000000d6b00000)
  from space 1536K, 81% used [0x00000000d6f80000,0x00000000d70b8c98,0x00000000d7100000)
  to   space 1536K, 0% used [0x00000000d6e00000,0x00000000d6e00000,0x00000000d6f80000)
 ParOldGen       total 68608K, used 20999K [0x0000000080000000, 0x0000000084300000, 0x00000000d5580000)
  object space 68608K, 30% used [0x0000000080000000,0x0000000081481e88,0x0000000084300000)
 Metaspace       used 43361K, committed 44608K, reserved 1114112K
  class space    used 4822K, committed 5376K, reserved 1048576K
}
Event: 25.801 GC heap after
{Heap after GC invocations=19 (full 2):
 PSYoungGen      total 23552K, used 1534K [0x00000000d5580000, 0x00000000d8200000, 0x0000000100000000)
  eden space 22016K, 0% used [0x00000000d5580000,0x00000000d5580000,0x00000000d6b00000)
  from space 1536K, 99% used [0x00000000d6e00000,0x00000000d6f7f8e8,0x00000000d6f80000)
  to   space 11776K, 0% used [0x00000000d7680000,0x00000000d7680000,0x00000000d8200000)
 ParOldGen       total 68608K, used 29336K [0x0000000080000000, 0x0000000084300000, 0x00000000d5580000)
  object space 68608K, 42% used [0x0000000080000000,0x0000000081ca63e0,0x0000000084300000)
 Metaspace       used 43361K, committed 44608K, reserved 1114112K
  class space    used 4822K, committed 5376K, reserved 1048576K
}
Event: 26.887 GC heap before
{Heap before GC invocations=20 (full 2):
 PSYoungGen      total 23552K, used 23550K [0x00000000d5580000, 0x00000000d8200000, 0x0000000100000000)
  eden space 22016K, 100% used [0x00000000d5580000,0x00000000d6b00000,0x00000000d6b00000)
  from space 1536K, 99% used [0x00000000d6e00000,0x00000000d6f7f8e8,0x00000000d6f80000)
  to   space 11776K, 0% used [0x00000000d7680000,0x00000000d7680000,0x00000000d8200000)
 ParOldGen       total 68608K, used 29336K [0x0000000080000000, 0x0000000084300000, 0x00000000d5580000)
  object space 68608K, 42% used [0x0000000080000000,0x0000000081ca63e0,0x0000000084300000)
 Metaspace       used 45301K, committed 46592K, reserved 1114112K
  class space    used 5155K, committed 5696K, reserved 1048576K
}
Event: 26.892 GC heap after
{Heap after GC invocations=20 (full 2):
 PSYoungGen      total 23552K, used 1056K [0x00000000d5580000, 0x00000000d7800000, 0x0000000100000000)
  eden space 22016K, 0% used [0x00000000d5580000,0x00000000d5580000,0x00000000d6b00000)
  from space 1536K, 68% used [0x00000000d7680000,0x00000000d7788000,0x00000000d7800000)
  to   space 4608K, 0% used [0x00000000d6f00000,0x00000000d6f00000,0x00000000d7380000)
 ParOldGen       total 68608K, used 30867K [0x0000000080000000, 0x0000000084300000, 0x00000000d5580000)
  object space 68608K, 44% used [0x0000000080000000,0x0000000081e24ee0,0x0000000084300000)
 Metaspace       used 45301K, committed 46592K, reserved 1114112K
  class space    used 5155K, committed 5696K, reserved 1048576K
}
Event: 27.949 GC heap before
{Heap before GC invocations=21 (full 2):
 PSYoungGen      total 23552K, used 23072K [0x00000000d5580000, 0x00000000d7800000, 0x0000000100000000)
  eden space 22016K, 100% used [0x00000000d5580000,0x00000000d6b00000,0x00000000d6b00000)
  from space 1536K, 68% used [0x00000000d7680000,0x00000000d7788000,0x00000000d7800000)
  to   space 4608K, 0% used [0x00000000d6f00000,0x00000000d6f00000,0x00000000d7380000)
 ParOldGen       total 68608K, used 30867K [0x0000000080000000, 0x0000000084300000, 0x00000000d5580000)
  object space 68608K, 44% used [0x0000000080000000,0x0000000081e24ee0,0x0000000084300000)
 Metaspace       used 46675K, committed 47936K, reserved 1114112K
  class space    used 5350K, committed 5888K, reserved 1048576K
}
Event: 27.952 GC heap after
{Heap after GC invocations=21 (full 2):
 PSYoungGen      total 26624K, used 832K [0x00000000d5580000, 0x00000000d7700000, 0x0000000100000000)
  eden space 22016K, 0% used [0x00000000d5580000,0x00000000d5580000,0x00000000d6b00000)
  from space 4608K, 18% used [0x00000000d6f00000,0x00000000d6fd0000,0x00000000d7380000)
  to   space 1536K, 0% used [0x00000000d7580000,0x00000000d7580000,0x00000000d7700000)
 ParOldGen       total 68608K, used 31827K [0x0000000080000000, 0x0000000084300000, 0x00000000d5580000)
  object space 68608K, 46% used [0x0000000080000000,0x0000000081f14f10,0x0000000084300000)
 Metaspace       used 46675K, committed 47936K, reserved 1114112K
  class space    used 5350K, committed 5888K, reserved 1048576K
}
Event: 29.167 GC heap before
{Heap before GC invocations=22 (full 2):
 PSYoungGen      total 26624K, used 22823K [0x00000000d5580000, 0x00000000d7700000, 0x0000000100000000)
  eden space 22016K, 99% used [0x00000000d5580000,0x00000000d6af9f58,0x00000000d6b00000)
  from space 4608K, 18% used [0x00000000d6f00000,0x00000000d6fd0000,0x00000000d7380000)
  to   space 1536K, 0% used [0x00000000d7580000,0x00000000d7580000,0x00000000d7700000)
 ParOldGen       total 68608K, used 31827K [0x0000000080000000, 0x0000000084300000, 0x00000000d5580000)
  object space 68608K, 46% used [0x0000000080000000,0x0000000081f14f10,0x0000000084300000)
 Metaspace       used 47861K, committed 49088K, reserved 1114112K
  class space    used 5499K, committed 6016K, reserved 1048576K
}
Event: 29.174 GC heap after
{Heap after GC invocations=22 (full 2):
 PSYoungGen      total 23040K, used 928K [0x00000000d5580000, 0x00000000d7680000, 0x0000000100000000)
  eden space 22016K, 0% used [0x00000000d5580000,0x00000000d5580000,0x00000000d6b00000)
  from space 1024K, 90% used [0x00000000d7580000,0x00000000d7668000,0x00000000d7680000)
  to   space 1024K, 0% used [0x00000000d7480000,0x00000000d7480000,0x00000000d7580000)
 ParOldGen       total 68608K, used 32572K [0x0000000080000000, 0x0000000084300000, 0x00000000d5580000)
  object space 68608K, 47% used [0x0000000080000000,0x0000000081fcf2b0,0x0000000084300000)
 Metaspace       used 47861K, committed 49088K, reserved 1114112K
  class space    used 5499K, committed 6016K, reserved 1048576K
}

Dll operation events (11 events):
Event: 0.027 Loaded shared library c:\Users\Bhumi\.vscode\extensions\redhat.java-1.54.0-win32-x64\jre\21.0.10-win32-x86_64\bin\java.dll
Event: 0.290 Loaded shared library c:\Users\Bhumi\.vscode\extensions\redhat.java-1.54.0-win32-x64\jre\21.0.10-win32-x86_64\bin\zip.dll
Event: 0.363 Loaded shared library C:\Users\Bhumi\.vscode\extensions\redhat.java-1.54.0-win32-x64\jre\21.0.10-win32-x86_64\bin\instrument.dll
Event: 0.411 Loaded shared library C:\Users\Bhumi\.vscode\extensions\redhat.java-1.54.0-win32-x64\jre\21.0.10-win32-x86_64\bin\net.dll
Event: 0.420 Loaded shared library C:\Users\Bhumi\.vscode\extensions\redhat.java-1.54.0-win32-x64\jre\21.0.10-win32-x86_64\bin\nio.dll
Event: 0.427 Loaded shared library C:\Users\Bhumi\.vscode\extensions\redhat.java-1.54.0-win32-x64\jre\21.0.10-win32-x86_64\bin\zip.dll
Event: 0.547 Loaded shared library C:\Users\Bhumi\.vscode\extensions\redhat.java-1.54.0-win32-x64\jre\21.0.10-win32-x86_64\bin\jimage.dll
Event: 1.009 Loaded shared library c:\Users\Bhumi\.vscode\extensions\redhat.java-1.54.0-win32-x64\jre\21.0.10-win32-x86_64\bin\verify.dll
Event: 6.482 Loaded shared library C:\Users\Bhumi\AppData\Roaming\Code\User\globalStorage\redhat.java\1.54.0\config_win\org.eclipse.equinox.launcher\org.eclipse.equinox.launcher.win32.win32.x86_64_1.3.0.v20260203-2149\eclipse_11919.dll
Event: 14.491 Loaded shared library C:\Users\Bhumi\AppData\Local\Temp\jna-64166571\jna7622180765478519522.dll
Event: 26.414 Loaded shared library C:\Users\Bhumi\.gradle\native\1def1411415f61bf3af743bc5b6707747c0891f09f0c88961ee8f79bc544acac\windows-amd64\native-platform.dll

Deoptimization events (20 events):
Event: 29.249 Thread 0x000002027dee8480 DEOPT PACKING pc=0x000002022b3cc298 sp=0x0000002d020fe0d0
Event: 29.249 Thread 0x000002027dee8480 DEOPT UNPACKING pc=0x000002022ac63aa2 sp=0x0000002d020fe070 mode 2
Event: 29.906 Thread 0x00000202004c4370 Uncommon trap: trap_request=0xffffff45 fr.pc=0x000002022b493808 relative=0x0000000000000f88
Event: 29.906 Thread 0x00000202004c4370 Uncommon trap: reason=unstable_if action=reinterpret pc=0x000002022b493808 method=java.io.WinNTFileSystem.resolve(Ljava/lang/String;Ljava/lang/String;)Ljava/lang/String; @ 156 c2
Event: 29.906 Thread 0x00000202004c4370 DEOPT PACKING pc=0x000002022b493808 sp=0x0000002d033fdf80
Event: 29.906 Thread 0x00000202004c4370 DEOPT UNPACKING pc=0x000002022ac63aa2 sp=0x0000002d033fdf30 mode 2
Event: 29.980 Thread 0x00000202004c4370 DEOPT PACKING pc=0x0000020223cfd1be sp=0x0000002d033fda60
Event: 29.981 Thread 0x00000202004c4370 DEOPT UNPACKING pc=0x000002022ac64242 sp=0x0000002d033fcfa0 mode 0
Event: 30.066 Thread 0x00000202004c4370 Uncommon trap: trap_request=0xffffffde fr.pc=0x000002022b1bbe68 relative=0x00000000000001c8
Event: 30.066 Thread 0x00000202004c4370 Uncommon trap: reason=class_check action=maybe_recompile pc=0x000002022b1bbe68 method=java.lang.String.equals(Ljava/lang/Object;)Z @ 8 c2
Event: 30.066 Thread 0x00000202004c4370 DEOPT PACKING pc=0x000002022b1bbe68 sp=0x0000002d033fe090
Event: 30.066 Thread 0x00000202004c4370 DEOPT UNPACKING pc=0x000002022ac63aa2 sp=0x0000002d033fe028 mode 2
Event: 30.073 Thread 0x000002027dee7df0 Uncommon trap: trap_request=0xffffff45 fr.pc=0x000002022b3352d8 relative=0x0000000000000138
Event: 30.073 Thread 0x000002027dee7df0 Uncommon trap: reason=unstable_if action=reinterpret pc=0x000002022b3352d8 method=java.lang.StringConcatHelper.prepend(J[BLjava/lang/String;)J @ 13 c2
Event: 30.073 Thread 0x000002027dee7df0 DEOPT PACKING pc=0x000002022b3352d8 sp=0x0000002d028fe970
Event: 30.073 Thread 0x000002027dee7df0 DEOPT UNPACKING pc=0x000002022ac63aa2 sp=0x0000002d028fe920 mode 2
Event: 30.073 Thread 0x000002027dee7df0 Uncommon trap: trap_request=0xffffff45 fr.pc=0x000002022b34f770 relative=0x00000000000000d0
Event: 30.073 Thread 0x000002027dee7df0 Uncommon trap: reason=unstable_if action=reinterpret pc=0x000002022b34f770 method=java.lang.StringConcatHelper.newString([BJ)Ljava/lang/String; @ 3 c2
Event: 30.073 Thread 0x000002027dee7df0 DEOPT PACKING pc=0x000002022b34f770 sp=0x0000002d028feae0
Event: 30.073 Thread 0x000002027dee7df0 DEOPT UNPACKING pc=0x000002022ac63aa2 sp=0x0000002d028fea68 mode 2

Classes loaded (20 events):
Event: 29.541 Loading class sun/nio/cs/ThreadLocalCoders
Event: 29.542 Loading class sun/nio/cs/ThreadLocalCoders done
Event: 29.542 Loading class sun/nio/cs/ThreadLocalCoders$1
Event: 29.542 Loading class sun/nio/cs/ThreadLocalCoders$Cache
Event: 29.542 Loading class sun/nio/cs/ThreadLocalCoders$Cache done
Event: 29.542 Loading class sun/nio/cs/ThreadLocalCoders$1 done
Event: 29.543 Loading class sun/nio/cs/ThreadLocalCoders$2
Event: 29.544 Loading class sun/nio/cs/ThreadLocalCoders$2 done
Event: 30.067 Loading class java/util/concurrent/CompletableFuture$AltResult
Event: 30.067 Loading class java/util/concurrent/CompletableFuture$AltResult done
Event: 30.067 Loading class java/util/concurrent/CompletableFuture$Completion
Event: 30.067 Loading class java/util/concurrent/CompletableFuture$AsynchronousCompletionTask
Event: 30.068 Loading class java/util/concurrent/CompletableFuture$AsynchronousCompletionTask done
Event: 30.068 Loading class java/util/concurrent/CompletableFuture$Completion done
Event: 30.069 Loading class java/lang/Throwable$WrappedPrintWriter
Event: 30.069 Loading class java/lang/Throwable$PrintStreamOrWriter
Event: 30.069 Loading class java/lang/Throwable$PrintStreamOrWriter done
Event: 30.069 Loading class java/lang/Throwable$WrappedPrintWriter done
Event: 30.075 Loading class sun/nio/ch/WindowsAsynchronousFileChannelImpl$WriteTask
Event: 30.075 Loading class sun/nio/ch/WindowsAsynchronousFileChannelImpl$WriteTask done

Classes unloaded (7 events):
Event: 16.882 Thread 0x0000020220580580 Unloading class 0x00000202381a4800 'java/lang/invoke/LambdaForm$MH+0x00000202381a4800'
Event: 16.882 Thread 0x0000020220580580 Unloading class 0x00000202381a4400 'java/lang/invoke/LambdaForm$MH+0x00000202381a4400'
Event: 16.882 Thread 0x0000020220580580 Unloading class 0x00000202381a4000 'java/lang/invoke/LambdaForm$MH+0x00000202381a4000'
Event: 16.882 Thread 0x0000020220580580 Unloading class 0x00000202381a3c00 'java/lang/invoke/LambdaForm$MH+0x00000202381a3c00'
Event: 16.882 Thread 0x0000020220580580 Unloading class 0x00000202381a3800 'java/lang/invoke/LambdaForm$BMH+0x00000202381a3800'
Event: 16.882 Thread 0x0000020220580580 Unloading class 0x00000202381a3400 'java/lang/invoke/LambdaForm$DMH+0x00000202381a3400'
Event: 16.882 Thread 0x0000020220580580 Unloading class 0x00000202381a2000 'java/lang/invoke/LambdaForm$DMH+0x00000202381a2000'

Classes redefined (0 events):
No events

Internal exceptions (20 events):
Event: 23.751 Thread 0x000002027deea550 Exception <a 'java/lang/NoSuchMethodError'{0x00000000d5ccedd0}: 'java.lang.Object java.lang.invoke.DirectMethodHandle$Holder.invokeVirtual(java.lang.Object, java.lang.Object, java.lang.Object, java.lang.Object, java.lang.Object)'> (0x00000000d5ccedd0) 
thrown [s\src\hotspot\share\interpreter\linkResolver.cpp, line 773]
Event: 24.143 Thread 0x00000202204de490 Exception <a 'java/lang/NoSuchMethodError'{0x00000000d69cfa90}: 'void java.lang.invoke.DirectMethodHandle$Holder.invokeSpecial(java.lang.Object, java.lang.Object, java.lang.Object, java.lang.Object, java.lang.Object, java.lang.Object)'> (0x00000000d69cfa90) 
thrown [s\src\hotspot\share\interpreter\linkResolver.cpp, line 773]
Event: 24.145 Thread 0x00000202204de490 Exception <a 'java/lang/IncompatibleClassChangeError'{0x00000000d69d7e18}: Found class java.lang.Object, but interface was expected> (0x00000000d69d7e18) 
thrown [s\src\hotspot\share\interpreter\linkResolver.cpp, line 840]
Event: 24.145 Thread 0x00000202204de490 Exception <a 'java/lang/IncompatibleClassChangeError'{0x00000000d69d9b30}: Found class java.lang.Object, but interface was expected> (0x00000000d69d9b30) 
thrown [s\src\hotspot\share\interpreter\linkResolver.cpp, line 840]
Event: 24.463 Thread 0x00000202004c4a00 Implicit null exception at 0x000002022b22a7a0 to 0x000002022b22a9fc
Event: 24.983 Thread 0x00000202004c4370 Implicit null exception at 0x000002022b3a5109 to 0x000002022b3a521c
Event: 25.783 Thread 0x000002027dee8480 Exception <a 'java/lang/ExceptionInInitializerError'{0x00000000d6aa3d70}> (0x00000000d6aa3d70) 
thrown [s\src\hotspot\share\oops\instanceKlass.cpp, line 1220]
Event: 25.955 Thread 0x000002027dee8480 Implicit null exception at 0x000002022b3e9f91 to 0x000002022b3ea218
Event: 25.955 Thread 0x000002027dee8480 Exception <a 'java/lang/NoSuchMethodError'{0x00000000d55e5d98}: 'long java.lang.invoke.DirectMethodHandle$Holder.invokeStatic(java.lang.Object, java.lang.Object, int)'> (0x00000000d55e5d98) 
thrown [s\src\hotspot\share\interpreter\linkResolver.cpp, line 773]
Event: 25.962 Thread 0x000002027dee8480 Implicit null exception at 0x000002022b2f7c80 to 0x000002022b2f7f04
Event: 25.963 Thread 0x000002027dee8480 Implicit null exception at 0x000002022b265d20 to 0x000002022b266ca4
Event: 25.970 Thread 0x000002027dee8480 Exception <a 'java/lang/NoSuchMethodError'{0x00000000d591cef0}: 'java.lang.Object java.lang.invoke.Invokers$Holder.invokeExact_MT(java.lang.Object, int, java.lang.Object)'> (0x00000000d591cef0) 
thrown [s\src\hotspot\share\interpreter\linkResolver.cpp, line 773]
Event: 28.018 Thread 0x000002027dee8480 Exception <a 'java/lang/NoClassDefFoundError'{0x00000000d5989930}: com/google/inject/servlet/ServletModuleTargetVisitor> (0x00000000d5989930) 
thrown [s\src\hotspot\share\classfile\systemDictionary.cpp, line 301]
Event: 29.513 Thread 0x000002027dee91a0 Exception <a 'java/io/FileNotFoundException'{0x00000000d5ba0488}> (0x00000000d5ba0488) 
thrown [s\src\hotspot\share\prims\jni.cpp, line 520]
Event: 29.514 Thread 0x000002027dee91a0 Exception <a 'java/io/FileNotFoundException'{0x00000000d5ba1a58}> (0x00000000d5ba1a58) 
thrown [s\src\hotspot\share\prims\jni.cpp, line 520]
Event: 29.516 Thread 0x000002027dee91a0 Exception <a 'java/lang/NoSuchMethodError'{0x00000000d5bb08d0}: 'java.lang.Object java.lang.invoke.DirectMethodHandle$Holder.newInvokeSpecial(java.lang.Object, java.lang.Object, java.lang.Object, int)'> (0x00000000d5bb08d0) 
thrown [s\src\hotspot\share\interpreter\linkResolver.cpp, line 773]
Event: 29.517 Thread 0x000002027dee91a0 Exception <a 'java/lang/NoSuchMethodError'{0x00000000d5bb49f8}: 'java.lang.Object java.lang.invoke.DirectMethodHandle$Holder.invokeSpecial(java.lang.Object, java.lang.Object, java.lang.Object, java.lang.Object, int)'> (0x00000000d5bb49f8) 
thrown [s\src\hotspot\share\interpreter\linkResolver.cpp, line 773]
Event: 29.519 Thread 0x000002027dee91a0 Exception <a 'java/lang/NoSuchMethodError'{0x00000000d5bb80e8}: 'java.lang.Object java.lang.invoke.Invokers$Holder.linkToTargetMethod(java.lang.Object, java.lang.Object, int, java.lang.Object)'> (0x00000000d5bb80e8) 
thrown [s\src\hotspot\share\interpreter\linkResolver.cpp, line 773]
Event: 30.067 Thread 0x000002027dee7df0 StackOverflowError at 0x0000020223aff6e0
Event: 30.067 Thread 0x000002027dee7df0 Exception <a 'java/lang/StackOverflowError'{0x00000000d6800320}> (0x00000000d6800320) 
thrown [s\src\hotspot\share\runtime\sharedRuntime.cpp, line 625]

ZGC Phase Switch (0 events):
No events

VM Operations (20 events):
Event: 24.461 Executing non-safepoint VM operation: HandshakeAllThreads (Deoptimize)
Event: 24.462 Executing non-safepoint VM operation: HandshakeAllThreads (Deoptimize) done
Event: 24.546 Executing non-safepoint VM operation: HandshakeAllThreads (Deoptimize)
Event: 24.555 Executing non-safepoint VM operation: HandshakeAllThreads (Deoptimize) done
Event: 24.928 Executing safepoint VM operation: ParallelGCFailedAllocation (Allocation Failure)
Event: 24.981 Executing safepoint VM operation: ParallelGCFailedAllocation (Allocation Failure) done
Event: 25.792 Executing safepoint VM operation: ParallelGCFailedAllocation (Allocation Failure)
Event: 25.801 Executing safepoint VM operation: ParallelGCFailedAllocation (Allocation Failure) done
Event: 26.195 Executing non-safepoint VM operation: HandshakeAllThreads (Deoptimize)
Event: 26.196 Executing non-safepoint VM operation: HandshakeAllThreads (Deoptimize) done
Event: 26.879 Executing safepoint VM operation: ParallelGCFailedAllocation (Allocation Failure)
Event: 26.892 Executing safepoint VM operation: ParallelGCFailedAllocation (Allocation Failure) done
Event: 27.893 Executing safepoint VM operation: Cleanup
Event: 27.893 Executing safepoint VM operation: Cleanup done
Event: 27.949 Executing safepoint VM operation: ParallelGCFailedAllocation (Allocation Failure)
Event: 27.953 Executing safepoint VM operation: ParallelGCFailedAllocation (Allocation Failure) done
Event: 29.167 Executing safepoint VM operation: ParallelGCFailedAllocation (Allocation Failure)
Event: 29.174 Executing safepoint VM operation: ParallelGCFailedAllocation (Allocation Failure) done
Event: 29.582 Executing non-safepoint VM operation: HandshakeAllThreads (Deoptimize)
Event: 29.583 Executing non-safepoint VM operation: HandshakeAllThreads (Deoptimize) done

Memory protections (0 events):
No events

Nmethod flushes (20 events):
Event: 22.788 Thread 0x0000020220580580 flushing  nmethod 0x0000020223d3b890
Event: 22.788 Thread 0x0000020220580580 flushing  nmethod 0x0000020223d3bc90
Event: 22.788 Thread 0x0000020220580580 flushing  nmethod 0x0000020223d3c590
Event: 22.788 Thread 0x0000020220580580 flushing  nmethod 0x0000020223d3e810
Event: 22.788 Thread 0x0000020220580580 flushing  nmethod 0x0000020223d3f490
Event: 22.788 Thread 0x0000020220580580 flushing  nmethod 0x0000020223d3fc10
Event: 22.788 Thread 0x0000020220580580 flushing  nmethod 0x0000020223d41190
Event: 22.788 Thread 0x0000020220580580 flushing  nmethod 0x0000020223d41690
Event: 22.788 Thread 0x0000020220580580 flushing  nmethod 0x0000020223d41f90
Event: 22.788 Thread 0x0000020220580580 flushing  nmethod 0x0000020223d42810
Event: 22.788 Thread 0x0000020220580580 flushing  nmethod 0x0000020223d4e690
Event: 22.788 Thread 0x0000020220580580 flushing  nmethod 0x0000020223d4ee90
Event: 22.788 Thread 0x0000020220580580 flushing  nmethod 0x0000020223d4fe10
Event: 22.788 Thread 0x0000020220580580 flushing  nmethod 0x0000020223d80f90
Event: 22.788 Thread 0x0000020220580580 flushing  nmethod 0x0000020223d87410
Event: 22.788 Thread 0x0000020220580580 flushing  nmethod 0x0000020223d8bb10
Event: 22.788 Thread 0x0000020220580580 flushing  nmethod 0x0000020223de4490
Event: 22.788 Thread 0x0000020220580580 flushing  nmethod 0x0000020223dec710
Event: 22.788 Thread 0x0000020220580580 flushing  nmethod 0x0000020223e0a090
Event: 22.788 Thread 0x0000020220580580 flushing  nmethod 0x0000020223e1e710

Events (20 events):
Event: 22.494 Thread 0x000002027dee9ec0 Thread added: 0x000002027deea550
Event: 22.704 Thread 0x000002027deea550 Thread added: 0x000002027dee7df0
Event: 23.411 Thread 0x000002027deea550 Thread added: 0x00000202004c5090
Event: 23.441 Thread 0x000002027deea550 Thread added: 0x00000202004c5720
Event: 23.453 Thread 0x00000202204de490 Thread added: 0x00000202004c2fc0
Event: 23.454 Thread 0x00000202204de490 Thread added: 0x00000202004c3650
Event: 23.454 Thread 0x00000202204de490 Thread added: 0x00000202004c22a0
Event: 23.454 Thread 0x00000202204de490 Thread added: 0x00000202004c3ce0
Event: 23.454 Thread 0x00000202204de490 Thread added: 0x00000202004c5db0
Event: 23.487 Thread 0x00000202204de490 Thread added: 0x00000202004c2930
Event: 24.202 Thread 0x000002027deea550 Thread added: 0x00000202004c4a00
Event: 24.260 Thread 0x00000202204de490 Thread added: 0x00000202004c6440
Event: 24.260 Thread 0x00000202204de490 Thread added: 0x00000202004c4370
Event: 24.879 Thread 0x0000020200fd08b0 Thread exited: 0x0000020200fd08b0
Event: 25.223 Thread 0x0000020220453640 Thread added: 0x0000020200fd08b0
Event: 27.697 Thread 0x0000020200fd08b0 Thread exited: 0x0000020200fd08b0
Event: 28.236 Thread 0x0000020220453640 Thread added: 0x000002020181ac20
Event: 28.984 Thread 0x000002020181ac20 Thread exited: 0x000002020181ac20
Event: 29.529 Thread 0x0000020220453640 Thread added: 0x000002027f0947b0
Event: 29.742 Thread 0x000002027f0947b0 Thread exited: 0x000002027f0947b0


Dynamic libraries:
0x00007ff7f6f70000 - 0x00007ff7f6f7e000 	c:\Users\Bhumi\.vscode\extensions\redhat.java-1.54.0-win32-x64\jre\21.0.10-win32-x86_64\bin\java.exe
0x00007ffc0d6a0000 - 0x00007ffc0d907000 	C:\WINDOWS\SYSTEM32\ntdll.dll
0x00007ffc0c090000 - 0x00007ffc0c159000 	C:\WINDOWS\System32\KERNEL32.DLL
0x00007ffc0a5c0000 - 0x00007ffc0a9b7000 	C:\WINDOWS\System32\KERNELBASE.dll
0x00007ffc0a3c0000 - 0x00007ffc0a50b000 	C:\WINDOWS\System32\ucrtbase.dll
0x00007ffb93b70000 - 0x00007ffb93b88000 	c:\Users\Bhumi\.vscode\extensions\redhat.java-1.54.0-win32-x64\jre\21.0.10-win32-x86_64\bin\jli.dll
0x00007ffc0d140000 - 0x00007ffc0d306000 	C:\WINDOWS\System32\USER32.dll
0x00007ffc0b3f0000 - 0x00007ffc0b417000 	C:\WINDOWS\System32\win32u.dll
0x00007ffc0b9a0000 - 0x00007ffc0b9cb000 	C:\WINDOWS\System32\GDI32.dll
0x00007ffc0a9c0000 - 0x00007ffc0aaec000 	C:\WINDOWS\System32\gdi32full.dll
0x00007ffc0a190000 - 0x00007ffc0a233000 	C:\WINDOWS\System32\msvcp_win.dll
0x00007ffb93b50000 - 0x00007ffb93b6e000 	c:\Users\Bhumi\.vscode\extensions\redhat.java-1.54.0-win32-x64\jre\21.0.10-win32-x86_64\bin\VCRUNTIME140.dll
0x00007ffbea6a0000 - 0x00007ffbea932000 	C:\WINDOWS\WinSxS\amd64_microsoft.windows.common-controls_6595b64144ccf1df_6.0.26100.8457_none_3e0b2faee331e92d\COMCTL32.dll
0x00007ffc0d5b0000 - 0x00007ffc0d659000 	C:\WINDOWS\System32\msvcrt.dll
0x00007ffc0d310000 - 0x00007ffc0d342000 	C:\WINDOWS\System32\IMM32.DLL
0x00007ffbd1470000 - 0x00007ffbd147c000 	c:\Users\Bhumi\.vscode\extensions\redhat.java-1.54.0-win32-x64\jre\21.0.10-win32-x86_64\bin\vcruntime140_1.dll
0x00007ffb93ac0000 - 0x00007ffb93b4d000 	c:\Users\Bhumi\.vscode\extensions\redhat.java-1.54.0-win32-x64\jre\21.0.10-win32-x86_64\bin\msvcp140.dll
0x00007ffb671f0000 - 0x00007ffb67f91000 	c:\Users\Bhumi\.vscode\extensions\redhat.java-1.54.0-win32-x64\jre\21.0.10-win32-x86_64\bin\server\jvm.dll
0x00007ffc0d080000 - 0x00007ffc0d136000 	C:\WINDOWS\System32\ADVAPI32.dll
0x00007ffc0b640000 - 0x00007ffc0b6e7000 	C:\WINDOWS\System32\sechost.dll
0x00007ffc0c160000 - 0x00007ffc0c278000 	C:\WINDOWS\System32\RPCRT4.dll
0x00007ffc0cb30000 - 0x00007ffc0cbb0000 	C:\WINDOWS\System32\WS2_32.dll
0x00007ffc09f30000 - 0x00007ffc09f8e000 	C:\WINDOWS\SYSTEM32\POWRPROF.dll
0x00007ffbf0510000 - 0x00007ffbf0546000 	C:\WINDOWS\SYSTEM32\WINMM.dll
0x00007ffbf6fc0000 - 0x00007ffbf6fcb000 	C:\WINDOWS\SYSTEM32\VERSION.dll
0x00007ffc09f10000 - 0x00007ffc09f24000 	C:\WINDOWS\SYSTEM32\UMPDC.dll
0x00007ffc08e40000 - 0x00007ffc08e5b000 	C:\WINDOWS\SYSTEM32\kernel.appcore.dll
0x00007ffbd06a0000 - 0x00007ffbd06aa000 	c:\Users\Bhumi\.vscode\extensions\redhat.java-1.54.0-win32-x64\jre\21.0.10-win32-x86_64\bin\jimage.dll
0x00007ffc08000000 - 0x00007ffc08242000 	C:\WINDOWS\SYSTEM32\DBGHELP.DLL
0x00007ffc0ccf0000 - 0x00007ffc0d073000 	C:\WINDOWS\System32\combase.dll
0x00007ffc0cbd0000 - 0x00007ffc0cca9000 	C:\WINDOWS\System32\OLEAUT32.dll
0x00007ffbe91b0000 - 0x00007ffbe91eb000 	C:\WINDOWS\SYSTEM32\dbgcore.DLL
0x00007ffc0a510000 - 0x00007ffc0a5b8000 	C:\WINDOWS\System32\bcryptPrimitives.dll
0x00007ffc07190000 - 0x00007ffc0719f000 	c:\Users\Bhumi\.vscode\extensions\redhat.java-1.54.0-win32-x64\jre\21.0.10-win32-x86_64\bin\instrument.dll
0x00007ffb93aa0000 - 0x00007ffb93ac0000 	c:\Users\Bhumi\.vscode\extensions\redhat.java-1.54.0-win32-x64\jre\21.0.10-win32-x86_64\bin\java.dll
0x00007ffc0c280000 - 0x00007ffc0c9ee000 	C:\WINDOWS\System32\SHELL32.dll
0x00007ffc0aaf0000 - 0x00007ffc0b35c000 	C:\WINDOWS\System32\windows.storage.dll
0x00007ffc0d4b0000 - 0x00007ffc0d5a6000 	C:\WINDOWS\System32\SHCORE.dll
0x00007ffc0cab0000 - 0x00007ffc0cb16000 	C:\WINDOWS\System32\shlwapi.dll
0x00007ffc09ff0000 - 0x00007ffc0a019000 	C:\WINDOWS\SYSTEM32\profapi.dll
0x00007ffb937f0000 - 0x00007ffb93808000 	c:\Users\Bhumi\.vscode\extensions\redhat.java-1.54.0-win32-x64\jre\21.0.10-win32-x86_64\bin\zip.dll
0x00007ffbcdb00000 - 0x00007ffbcdb10000 	C:\Users\Bhumi\.vscode\extensions\redhat.java-1.54.0-win32-x64\jre\21.0.10-win32-x86_64\bin\net.dll
0x00007ffbfbc40000 - 0x00007ffbfbd69000 	C:\WINDOWS\SYSTEM32\WINHTTP.dll
0x00007ffc093d0000 - 0x00007ffc0943c000 	C:\WINDOWS\system32\mswsock.dll
0x00007ffb937d0000 - 0x00007ffb937e6000 	C:\Users\Bhumi\.vscode\extensions\redhat.java-1.54.0-win32-x64\jre\21.0.10-win32-x86_64\bin\nio.dll
0x00007ffbfab30000 - 0x00007ffbfab40000 	c:\Users\Bhumi\.vscode\extensions\redhat.java-1.54.0-win32-x64\jre\21.0.10-win32-x86_64\bin\verify.dll
0x00007ffc05020000 - 0x00007ffc05065000 	C:\Users\Bhumi\AppData\Roaming\Code\User\globalStorage\redhat.java\1.54.0\config_win\org.eclipse.equinox.launcher\org.eclipse.equinox.launcher.win32.win32.x86_64_1.3.0.v20260203-2149\eclipse_11919.dll
0x00007ffc0b420000 - 0x00007ffc0b5b7000 	C:\WINDOWS\System32\ole32.dll
0x00007ffc096b0000 - 0x00007ffc096cb000 	C:\WINDOWS\SYSTEM32\CRYPTSP.dll
0x00007ffc08da0000 - 0x00007ffc08dd9000 	C:\WINDOWS\system32\rsaenh.dll
0x00007ffc09480000 - 0x00007ffc094b3000 	C:\WINDOWS\SYSTEM32\USERENV.dll
0x00007ffc09fc0000 - 0x00007ffc09fea000 	C:\WINDOWS\SYSTEM32\bcrypt.dll
0x00007ffc096d0000 - 0x00007ffc096dc000 	C:\WINDOWS\SYSTEM32\CRYPTBASE.dll
0x00007ffc08870000 - 0x00007ffc088a2000 	C:\WINDOWS\SYSTEM32\IPHLPAPI.DLL
0x00007ffc0cb20000 - 0x00007ffc0cb2a000 	C:\WINDOWS\System32\NSI.dll
0x00007ffbe5780000 - 0x00007ffbe57c9000 	C:\Users\Bhumi\AppData\Local\Temp\jna-64166571\jna7622180765478519522.dll
0x00007ffc0b990000 - 0x00007ffc0b998000 	C:\WINDOWS\System32\PSAPI.DLL
0x00007ffbfbea0000 - 0x00007ffbfbebd000 	C:\WINDOWS\SYSTEM32\dhcpcsvc6.DLL
0x00007ffbfbe70000 - 0x00007ffbfbe95000 	C:\WINDOWS\SYSTEM32\dhcpcsvc.DLL
0x00007ffbfcc80000 - 0x00007ffbfcca7000 	C:\Users\Bhumi\.gradle\native\1def1411415f61bf3af743bc5b6707747c0891f09f0c88961ee8f79bc544acac\windows-amd64\native-platform.dll

JVMTI agents:
c:\Users\Bhumi\.vscode\extensions\redhat.java-1.54.0-win32-x64\lombok\lombok-1.18.39-4050.jar path:c:\Users\Bhumi\.vscode\extensions\redhat.java-1.54.0-win32-x64\jre\21.0.10-win32-x86_64\bin\instrument.dll, loaded, initialized, instrumentlib options:none

dbghelp: loaded successfully - version: 4.0.5 - missing functions: none
symbol engine: initialized successfully - sym options: 0x614 - pdb path: .;c:\Users\Bhumi\.vscode\extensions\redhat.java-1.54.0-win32-x64\jre\21.0.10-win32-x86_64\bin;C:\WINDOWS\SYSTEM32;C:\WINDOWS\WinSxS\amd64_microsoft.windows.common-controls_6595b64144ccf1df_6.0.26100.8457_none_3e0b2faee331e92d;c:\Users\Bhumi\.vscode\extensions\redhat.java-1.54.0-win32-x64\jre\21.0.10-win32-x86_64\bin\server;C:\Users\Bhumi\AppData\Roaming\Code\User\globalStorage\redhat.java\1.54.0\config_win\org.eclipse.equinox.launcher\org.eclipse.equinox.launcher.win32.win32.x86_64_1.3.0.v20260203-2149;C:\Users\Bhumi\AppData\Local\Temp\jna-64166571;C:\Users\Bhumi\.gradle\native\1def1411415f61bf3af743bc5b6707747c0891f09f0c88961ee8f79bc544acac\windows-amd64

VM Arguments:
jvm_args: --add-modules=ALL-SYSTEM --add-opens=java.base/java.util=ALL-UNNAMED --add-opens=java.base/java.lang=ALL-UNNAMED --add-opens=java.base/sun.nio.fs=ALL-UNNAMED -Declipse.application=org.eclipse.jdt.ls.core.id1 -Dosgi.bundles.defaultStartLevel=4 -Declipse.product=org.eclipse.jdt.ls.core.product -Djava.import.generatesMetadataFilesAtProjectRoot=false -DDetectVMInstallationsJob.disabled=true -Dfile.encoding=utf8 -XX:+UseParallelGC -XX:GCTimeRatio=4 -XX:AdaptiveSizePolicyWeight=90 -Dsun.zip.disableMemoryMapping=true -Xmx2G -Xms100m -Xlog:disable -javaagent:c:\Users\Bhumi\.vscode\extensions\redhat.java-1.54.0-win32-x64\lombok\lombok-1.18.39-4050.jar -XX:+HeapDumpOnOutOfMemoryError -XX:HeapDumpPath=c:\Users\Bhumi\AppData\Roaming\Code\User\workspaceStorage\99dc9a965f1c481dea11390a2d6cf309\redhat.java -Daether.dependencyCollector.impl=bf 
java_command: c:\Users\Bhumi\.vscode\extensions\redhat.java-1.54.0-win32-x64\server\plugins\org.eclipse.equinox.launcher_1.7.100.v20251111-0406.jar -configuration c:\Users\Bhumi\AppData\Roaming\Code\User\globalStorage\redhat.java\1.54.0\config_win -data c:\Users\Bhumi\AppData\Roaming\Code\User\workspaceStorage\99dc9a965f1c481dea11390a2d6cf309\redhat.java\jdt_ws --pipe=\\.\pipe\lsp-9c95c968151e7cf4bd3a5166efd7556b-sock
java_class_path (initial): c:\Users\Bhumi\.vscode\extensions\redhat.java-1.54.0-win32-x64\server\plugins\org.eclipse.equinox.launcher_1.7.100.v20251111-0406.jar
Launcher Type: SUN_STANDARD

[Global flags]
    uintx AdaptiveSizePolicyWeight                 = 90                                        {product} {command line}
     intx CICompilerCount                          = 3                                         {product} {ergonomic}
    uintx GCTimeRatio                              = 4                                         {product} {command line}
     bool HeapDumpOnOutOfMemoryError               = true                                   {manageable} {command line}
    ccstr HeapDumpPath                             = c:\Users\Bhumi\AppData\Roaming\Code\User\workspaceStorage\99dc9a965f1c481dea11390a2d6cf309\redhat.java         {manageable} {command line}
   size_t InitialHeapSize                          = 104857600                                 {product} {command line}
   size_t MaxHeapSize                              = 2147483648                                {product} {command line}
   size_t MaxNewSize                               = 715653120                                 {product} {ergonomic}
   size_t MinHeapDeltaBytes                        = 524288                                    {product} {ergonomic}
   size_t MinHeapSize                              = 104857600                                 {product} {command line}
   size_t NewSize                                  = 34603008                                  {product} {ergonomic}
    uintx NonNMethodCodeHeapSize                   = 5832780                                {pd product} {ergonomic}
    uintx NonProfiledCodeHeapSize                  = 122912730                              {pd product} {ergonomic}
   size_t OldSize                                  = 70254592                                  {product} {ergonomic}
    uintx ProfiledCodeHeapSize                     = 122912730                              {pd product} {ergonomic}
    uintx ReservedCodeCacheSize                    = 251658240                              {pd product} {ergonomic}
     bool SegmentedCodeCache                       = true                                      {product} {ergonomic}
   size_t SoftMaxHeapSize                          = 2147483648                             {manageable} {ergonomic}
     bool UseCompressedOops                        = true                           {product lp64_product} {ergonomic}
     bool UseLargePagesIndividualAllocation        = false                                  {pd product} {ergonomic}
     bool UseParallelGC                            = true                                      {product} {command line}

Logging:
Log output configuration:
 #0: stdout all=off uptime,level,tags foldmultilines=false
 #1: stderr all=off uptime,level,tags foldmultilines=false

Release file:
JAVA_VERSION="21.0.10" 
MODULES="java.base java.compiler java.datatransfer java.xml java.prefs java.desktop java.instrument java.logging java.management java.security.sasl java.naming java.rmi java.management.rmi java.net.http java.scripting java.security.jgss java.transaction.xa java.sql java.sql.rowset java.xml.crypto java.se java.smartcardio jdk.accessibility jdk.internal.jvmstat jdk.attach jdk.charsets jdk.internal.opt jdk.zipfs jdk.compiler jdk.crypto.ec jdk.crypto.cryptoki jdk.crypto.mscapi jdk.dynalink jdk.internal.ed jdk.editpad jdk.hotspot.agent jdk.httpserver jdk.internal.le jdk.internal.vm.ci jdk.internal.vm.compiler jdk.internal.vm.compiler.management jdk.jartool jdk.javadoc jdk.jcmd jdk.management jdk.management.agent jdk.jconsole jdk.jdeps jdk.jdwp.agent jdk.jdi jdk.jfr jdk.jshell jdk.jsobject jdk.jstatd jdk.localedata jdk.management.jfr jdk.naming.dns jdk.naming.rmi jdk.net jdk.nio.mapmode jdk.random jdk.sctp jdk.security.auth jdk.security.jgss jdk.unsupported jdk.unsupported.desktop jdk.xml.dom" 

Environment Variables:
PATH=C:\Users\Bhumi\AppData\Local\Programs\Microsoft VS Code;C:\Program Files\Common Files\Oracle\Java\javapath;C:\Program Files (x86)\Common Files\Oracle\Java\java8path;C:\Program Files (x86)\Common Files\Oracle\Java\javapath;C:\windows\system32;C:\windows;C:\windows\System32\Wbem;C:\windows\System32\WindowsPowerShell\v1.0\;C:\windows\System32\OpenSSH\;C:\Users\Bhumi\AppData\Local\Microsoft\WindowsApps;C:\Program Files\Bandizip\;C:\adb;C:\Program Files (x86)\GTK2-Runtime\lib;C:\Program Files\Microsoft SQL Server\Client SDK\ODBC\170\Tools\Binn\;C:\Program Files (x86)\Microsoft SQL Server\150\Tools\Binn\;C:\Program Files\Microsoft SQL Server\150\Tools\Binn\;C:\Program Files\Microsoft SQL Server\150\DTS\Binn\;C:\WINDOWS\system32;C:\WINDOWS;C:\WINDOWS\System32\Wbem;C:\WINDOWS\System32\WindowsPowerShell\v1.0\;C:\WINDOWS\System32\OpenSSH\;C:\Program Files\dotnet\;%JAVA_HOME%\bin;C:\MinGW\bin;C:\Program Files\nodejs\;C:\Program Files\Git\cmd;C:\Program Files\Dart\dart-sdk\bin;C:\flutter\bin;C:\Users\Bhumi\AppData\Local\Programs\Python\Launcher\;C:\Program Files\MySQL\MySQL Shell 8.0\bin\;C:\MinGW\bin;C:\Users\Bhumi\AppData\Local\Programs\Microsoft VS Code\bin;C:\Users\Bhumi\AppData\Local\Microsoft\WindowsApps;C:\Users\Bhumi\AppData\Roaming\npm;C:\Users\Bhumi\AppData\Local\Programs\mongosh\;C:\Users\Bhumi\AppData\Local\Python\bin;C:\flutter\bin;C:\ProgramData\Bhumi\GitHubDesktop\bin;C:\Users\Bhumi\AppData\Local\GitHubDesktop\bin
USERNAME=Bhumi
OS=Windows_NT
PROCESSOR_IDENTIFIER=Intel64 Family 6 Model 142 Stepping 12, GenuineIntel
TMP=C:\Users\Bhumi\AppData\Local\Temp
TEMP=C:\Users\Bhumi\AppData\Local\Temp




Periodic native trim disabled

---------------  S Y S T E M  ---------------

OS:
 Windows 11 , 64 bit Build 26100 (10.0.26100.8328)
OS uptime: 0 days 1:31 hours
Hyper-V role detected

CPU: total 4 (initial active 4) (2 cores per cpu, 2 threads per core) family 6 model 142 stepping 12 microcode 0xea, cx8, cmov, fxsr, ht, mmx, 3dnowpref, sse, sse2, sse3, ssse3, sse4.1, sse4.2, popcnt, lzcnt, tsc, tscinvbit, avx, avx2, aes, erms, clmul, bmi1, bmi2, adx, fma, vzeroupper, clflush, clflushopt, hv, rdtscp, f16c
Processor Information for the first 4 processors :
  Max Mhz: 2592, Current Mhz: 2093, Mhz Limit: 2073

Memory: 4k page, system-wide physical 7996M (522M free)
TotalPageFile size 19138M (AvailPageFile size 0M)
current process WorkingSet (physical memory assigned to process): 236M, peak: 245M
current process commit charge ("private bytes"): 335M, peak: 351M

vm_info: OpenJDK 64-Bit Server VM (21.0.10+7-LTS) for windows-amd64 JRE (21.0.10+7-LTS), built on 2026-01-20T00:00:00Z by "admin" with MS VC++ 17.12 (VS2022)

END.
