#
# There is insufficient memory for the Java Runtime Environment to continue.
# Native memory allocation (malloc) failed to allocate 1048576 bytes. Error detail: AllocateHeap
# Possible reasons:
#   The system is out of physical RAM or swap space
#   This process is running with CompressedOops enabled, and the Java Heap may be blocking the growth of the native heap
# Possible solutions:
#   Reduce memory load on the system
#   Increase physical memory or swap space
#   Check if swap backing store is full
#   Decrease Java heap size (-Xmx/-Xms)
#   Decrease number of Java threads
#   Decrease Java thread stack sizes (-Xss)
#   Set larger code cache with -XX:ReservedCodeCacheSize=
#   JVM is running with Unscaled Compressed Oops mode in which the Java heap is
#     placed in the first 4GB address space. The Java Heap base address is the
#     maximum limit for the native heap growth. Please use -XX:HeapBaseMinAddress
#     to set the Java Heap base and to place the Java Heap above 4GB virtual address.
# This output file may be truncated or incomplete.
#
#  Out of Memory Error (allocation.cpp:44), pid=11192, tid=13424
#
# JRE version: OpenJDK Runtime Environment Temurin-21.0.10+7 (21.0.10+7) (build 21.0.10+7-LTS)
# Java VM: OpenJDK 64-Bit Server VM Temurin-21.0.10+7 (21.0.10+7-LTS, mixed mode, sharing, tiered, compressed oops, compressed class ptrs, parallel gc, windows-amd64)
# No core dump will be written. Minidumps are not enabled by default on client versions of Windows
#

---------------  S U M M A R Y ------------

Command Line: --add-modules=ALL-SYSTEM --add-opens=java.base/java.util=ALL-UNNAMED --add-opens=java.base/java.lang=ALL-UNNAMED --add-opens=java.base/sun.nio.fs=ALL-UNNAMED -Declipse.application=org.eclipse.jdt.ls.core.id1 -Dosgi.bundles.defaultStartLevel=4 -Declipse.product=org.eclipse.jdt.ls.core.product -Djava.import.generatesMetadataFilesAtProjectRoot=false -DDetectVMInstallationsJob.disabled=true -Dfile.encoding=utf8 -XX:+UseParallelGC -XX:GCTimeRatio=4 -XX:AdaptiveSizePolicyWeight=90 -Dsun.zip.disableMemoryMapping=true -Xmx2G -Xms100m -Xlog:disable -javaagent:c:\Users\Bhumi\.vscode\extensions\redhat.java-1.54.0-win32-x64\lombok\lombok-1.18.39-4050.jar -XX:+HeapDumpOnOutOfMemoryError -XX:HeapDumpPath=c:\Users\Bhumi\AppData\Roaming\Code\User\workspaceStorage\99dc9a965f1c481dea11390a2d6cf309\redhat.java -Daether.dependencyCollector.impl=bf c:\Users\Bhumi\.vscode\extensions\redhat.java-1.54.0-win32-x64\server\plugins\org.eclipse.equinox.launcher_1.7.100.v20251111-0406.jar -configuration c:\Users\Bhumi\AppData\Roaming\Code\User\globalStorage\redhat.java\1.54.0\config_win -data c:\Users\Bhumi\AppData\Roaming\Code\User\workspaceStorage\99dc9a965f1c481dea11390a2d6cf309\redhat.java\jdt_ws --pipe=\\.\pipe\lsp-0f296c3fca2bf0aab914d0d8ef591b38-sock

Host: Intel(R) Core(TM) i3-10110U CPU @ 2.10GHz, 4 cores, 7G,  Windows 11 , 64 bit Build 26100 (10.0.26100.8328)
Time: Tue May 19 11:19:19 2026 India Standard Time elapsed time: 280.789671 seconds (0d 0h 4m 40s)

---------------  T H R E A D  ---------------

Current thread (0x000002c6fc5663d0):  JavaThread "Attach Listener" daemon [_thread_in_vm, id=13424, stack(0x000000c84a900000,0x000000c84aa00000) (1024K)]

Stack: [0x000000c84a900000,0x000000c84aa00000]
Native frames: (J=compiled Java code, j=interpreted, Vv=VM code, C=native code)
V  [jvm.dll+0x6d7a39]
V  [jvm.dll+0x8b4b26]
V  [jvm.dll+0x8b70de]
V  [jvm.dll+0x8b77c3]
V  [jvm.dll+0x284346]
V  [jvm.dll+0xc1277]
V  [jvm.dll+0x6d82e9]
V  [jvm.dll+0x1334a6]
V  [jvm.dll+0x3f857e]
V  [jvm.dll+0x85f59d]
V  [jvm.dll+0x6d626d]
C  [ucrtbase.dll+0x37b0]
C  [KERNEL32.DLL+0x2e957]
C  [ntdll.dll+0x427c]


---------------  P R O C E S S  ---------------

Threads class SMR info:
_java_thread_list=0x000002c6dcb1c200, length=47, elements={
0x000002c6fc66d6e0, 0x000002c6fc72bdb0, 0x000002c6fc72e900, 0x000002c6fc562620,
0x000002c6fc5663d0, 0x000002c6fc56cd50, 0x000002c6fc56fbc0, 0x000002c6fc570a00,
0x000002c6fc5e32c0, 0x000002c6d9169190, 0x000002c6d92f8f00, 0x000002c6d9902300,
0x000002c6d9c52610, 0x000002c6d9110de0, 0x000002c6d9111bf0, 0x000002c6d912aa40,
0x000002c6fc5da0f0, 0x000002c6d9241af0, 0x000002c6da5684f0, 0x000002c6da567140,
0x000002c6da567e60, 0x000002c6da565d90, 0x000002c6da565700, 0x000002c6db3929c0,
0x000002c6db391610, 0x000002c6db390f80, 0x000002c6db391ca0, 0x000002c6db392330,
0x000002c6db38fbd0, 0x000002c6db393050, 0x000002c6db3936e0, 0x000002c6db3957b0,
0x000002c6db393d70, 0x000002c6db394a90, 0x000002c6db3964d0, 0x000002c6db3971f0,
0x000002c6dd125920, 0x000002c6dd1279f0, 0x000002c6dd125290, 0x000002c6dd128080,
0x000002c6dd126640, 0x000002c6dd127360, 0x000002c6dd129ac0, 0x000002c6dd12a150,
0x000002c6dd124c00, 0x000002c6dd12c220, 0x000002c6dd12b500
}

Java Threads: ( => current thread )
  0x000002c6fc66d6e0 JavaThread "main"                              [_thread_blocked, id=7772, stack(0x000000c84a200000,0x000000c84a300000) (1024K)]
  0x000002c6fc72bdb0 JavaThread "Reference Handler"          daemon [_thread_blocked, id=6668, stack(0x000000c84a600000,0x000000c84a700000) (1024K)]
  0x000002c6fc72e900 JavaThread "Finalizer"                  daemon [_thread_blocked, id=5684, stack(0x000000c84a700000,0x000000c84a800000) (1024K)]
  0x000002c6fc562620 JavaThread "Signal Dispatcher"          daemon [_thread_blocked, id=16372, stack(0x000000c84a800000,0x000000c84a900000) (1024K)]
=>0x000002c6fc5663d0 JavaThread "Attach Listener"            daemon [_thread_in_vm, id=13424, stack(0x000000c84a900000,0x000000c84aa00000) (1024K)]
  0x000002c6fc56cd50 JavaThread "Service Thread"             daemon [_thread_blocked, id=5500, stack(0x000000c84aa00000,0x000000c84ab00000) (1024K)]
  0x000002c6fc56fbc0 JavaThread "Monitor Deflation Thread"   daemon [_thread_blocked, id=11416, stack(0x000000c84ab00000,0x000000c84ac00000) (1024K)]
  0x000002c6fc570a00 JavaThread "C2 CompilerThread0"         daemon [_thread_blocked, id=9020, stack(0x000000c84ac00000,0x000000c84ad00000) (1024K)]
  0x000002c6fc5e32c0 JavaThread "C1 CompilerThread0"         daemon [_thread_blocked, id=9156, stack(0x000000c84ad00000,0x000000c84ae00000) (1024K)]
  0x000002c6d9169190 JavaThread "Common-Cleaner"             daemon [_thread_blocked, id=4348, stack(0x000000c84ae00000,0x000000c84af00000) (1024K)]
  0x000002c6d92f8f00 JavaThread "Notification Thread"        daemon [_thread_blocked, id=9996, stack(0x000000c84af00000,0x000000c84b000000) (1024K)]
  0x000002c6d9902300 JavaThread "Active Thread: Equinox Container: 9512f857-d1f0-4a96-bab6-4f41d7e4b5e0"        [_thread_blocked, id=12392, stack(0x000000c84b000000,0x000000c84b100000) (1024K)]
  0x000002c6d9c52610 JavaThread "Refresh Thread: Equinox Container: 9512f857-d1f0-4a96-bab6-4f41d7e4b5e0" daemon [_thread_blocked, id=16056, stack(0x000000c84b400000,0x000000c84b500000) (1024K)]
  0x000002c6d9110de0 JavaThread "Framework Event Dispatcher: Equinox Container: 9512f857-d1f0-4a96-bab6-4f41d7e4b5e0" daemon [_thread_blocked, id=14688, stack(0x000000c84b500000,0x000000c84b600000) (1024K)]
  0x000002c6d9111bf0 JavaThread "Start Level: Equinox Container: 9512f857-d1f0-4a96-bab6-4f41d7e4b5e0" daemon [_thread_blocked, id=9436, stack(0x000000c84b600000,0x000000c84b700000) (1024K)]
  0x000002c6d912aa40 JavaThread "Bundle File Closer"         daemon [_thread_blocked, id=15088, stack(0x000000c84b800000,0x000000c84b900000) (1024K)]
  0x000002c6fc5da0f0 JavaThread "SCR Component Actor"        daemon [_thread_blocked, id=15712, stack(0x000000c84b700000,0x000000c84b800000) (1024K)]
  0x000002c6d9241af0 JavaThread "Worker-JM"                         [_thread_blocked, id=6708, stack(0x000000c84ba00000,0x000000c84bb00000) (1024K)]
  0x000002c6da5684f0 JavaThread "JNA Cleaner"                daemon [_thread_blocked, id=11704, stack(0x000000c84b900000,0x000000c84ba00000) (1024K)]
  0x000002c6da567140 JavaThread "Worker-0"                          [_thread_blocked, id=3528, stack(0x000000c84bb00000,0x000000c84bc00000) (1024K)]
  0x000002c6da567e60 JavaThread "Worker-1"                          [_thread_blocked, id=2496, stack(0x000000c84bc00000,0x000000c84bd00000) (1024K)]
  0x000002c6da565d90 JavaThread "Java indexing"              daemon [_thread_blocked, id=10136, stack(0x000000c84be00000,0x000000c84bf00000) (1024K)]
  0x000002c6da565700 JavaThread "Worker-4: Synchronize Gradle projects with workspace"        [_thread_blocked, id=3364, stack(0x000000c84c300000,0x000000c84c400000) (1024K)]
  0x000002c6db3929c0 JavaThread "Thread-1"                   daemon [_thread_in_native, id=3328, stack(0x000000c84c500000,0x000000c84c600000) (1024K)]
  0x000002c6db391610 JavaThread "Thread-2"                   daemon [_thread_in_native, id=7432, stack(0x000000c84c600000,0x000000c84c700000) (1024K)]
  0x000002c6db390f80 JavaThread "Thread-3"                   daemon [_thread_in_native, id=9204, stack(0x000000c84c700000,0x000000c84c800000) (1024K)]
  0x000002c6db391ca0 JavaThread "Thread-4"                   daemon [_thread_in_native, id=8428, stack(0x000000c84c800000,0x000000c84c900000) (1024K)]
  0x000002c6db392330 JavaThread "Thread-5"                   daemon [_thread_in_native, id=10268, stack(0x000000c84c900000,0x000000c84ca00000) (1024K)]
  0x000002c6db38fbd0 JavaThread "Timer-0"                           [_thread_blocked, id=7540, stack(0x000000c84ca00000,0x000000c84cb00000) (1024K)]
  0x000002c6db393050 JavaThread "Timer-1"                           [_thread_blocked, id=14884, stack(0x000000c84cb00000,0x000000c84cc00000) (1024K)]
  0x000002c6db3936e0 JavaThread "pool-2-thread-1"                   [_thread_blocked, id=68, stack(0x000000c84cc00000,0x000000c84cd00000) (1024K)]
  0x000002c6db3957b0 JavaThread "WorkspaceEventsHandler"            [_thread_blocked, id=5836, stack(0x000000c84ce00000,0x000000c84cf00000) (1024K)]
  0x000002c6db393d70 JavaThread "pool-1-thread-1"                   [_thread_blocked, id=4072, stack(0x000000c84cf00000,0x000000c84d000000) (1024K)]
  0x000002c6db394a90 JavaThread "Timer-2"                           [_thread_blocked, id=13696, stack(0x000000c84bd00000,0x000000c84be00000) (1024K)]
  0x000002c6db3964d0 JavaThread "Timer-3"                           [_thread_blocked, id=7548, stack(0x000000c84a100000,0x000000c84a200000) (1024K)]
  0x000002c6db3971f0 JavaThread "Timer-4"                           [_thread_blocked, id=3832, stack(0x000000c84cd00000,0x000000c84ce00000) (1024K)]
  0x000002c6dd125920 JavaThread "Timer-5"                           [_thread_blocked, id=9064, stack(0x000000c84d200000,0x000000c84d300000) (1024K)]
  0x000002c6dd1279f0 JavaThread "Timer-6"                           [_thread_blocked, id=12420, stack(0x000000c84d100000,0x000000c84d200000) (1024K)]
  0x000002c6dd125290 JavaThread "Timer-7"                           [_thread_blocked, id=2764, stack(0x000000c84d300000,0x000000c84d400000) (1024K)]
  0x000002c6dd128080 JavaThread "Timer-8"                           [_thread_blocked, id=11884, stack(0x000000c84a000000,0x000000c84a100000) (1024K)]
  0x000002c6dd126640 JavaThread "Timer-9"                           [_thread_blocked, id=3064, stack(0x000000c84bf00000,0x000000c84c000000) (1024K)]
  0x000002c6dd127360 JavaThread "Timer-10"                          [_thread_blocked, id=12252, stack(0x000000c84c200000,0x000000c84c300000) (1024K)]
  0x000002c6dd129ac0 JavaThread "ForkJoinPool.commonPool-worker-1" daemon [_thread_blocked, id=10988, stack(0x000000c84d400000,0x000000c84d500000) (1024K)]
  0x000002c6dd12a150 JavaThread "ForkJoinPool.commonPool-worker-2" daemon [_thread_blocked, id=11016, stack(0x000000c84d800000,0x000000c84d900000) (1024K)]
  0x000002c6dd124c00 JavaThread "Timer-11"                          [_thread_blocked, id=8652, stack(0x000000c84d000000,0x000000c84d100000) (1024K)]
  0x000002c6dd12c220 JavaThread "Connection worker"                 [_thread_in_native, id=2972, stack(0x000000c84da00000,0x000000c84db00000) (1024K)]
  0x000002c6dd12b500 JavaThread "pool-5-thread-1"                   [_thread_blocked, id=11712, stack(0x000000c84dc00000,0x000000c84dd00000) (1024K)]
Total: 47

Other Threads:
  0x000002c6fc70fad0 VMThread "VM Thread"                           [id=14932, stack(0x000000c84a500000,0x000000c84a600000) (1024K)]
  0x000002c6fc4fca00 WatcherThread "VM Periodic Task Thread"        [id=12016, stack(0x000000c84a400000,0x000000c84a500000) (1024K)]
  0x000002c6fc68cb60 WorkerThread "GC Thread#0"                     [id=4384, stack(0x000000c84a300000,0x000000c84a400000) (1024K)]
  0x000002c6d95f9f30 WorkerThread "GC Thread#1"                     [id=5916, stack(0x000000c84b100000,0x000000c84b200000) (1024K)]
  0x000002c6d95f5130 WorkerThread "GC Thread#2"                     [id=7060, stack(0x000000c84b200000,0x000000c84b300000) (1024K)]
  0x000002c6d95fa2e0 WorkerThread "GC Thread#3"                     [id=9412, stack(0x000000c84b300000,0x000000c84b400000) (1024K)]
Total: 6

Threads with active compile tasks:
Total: 0

VM state: not at safepoint (normal execution)

VM Mutex/Monitor currently owned by a thread: None

Heap address: 0x0000000080000000, size: 2048 MB, Compressed Oops mode: 32-bit

CDS archive(s) mapped at: [0x000002c693000000-0x000002c693ba0000-0x000002c693ba0000), size 12189696, SharedBaseAddress: 0x000002c693000000, ArchiveRelocationMode: 1.
Compressed class space mapped at: 0x000002c694000000-0x000002c6d4000000, reserved size: 1073741824
Narrow klass base: 0x000002c693000000, Narrow klass shift: 0, Narrow klass range: 0x100000000

GC Precious Log:
 CardTable entry size: 512
 CPUs: 4 total, 4 available
 Memory: 7996M
 Large Page Support: Disabled
 NUMA Support: Disabled
 Compressed Oops: Enabled (32-bit)
 Alignments: Space 512K, Generation 512K, Heap 2M
 Heap Min Capacity: 100M
 Heap Initial Capacity: 100M
 Heap Max Capacity: 2G
 Pre-touch: Disabled
 Parallel Workers: 4

Heap:
 PSYoungGen      total 18944K, used 4817K [0x00000000d5580000, 0x00000000d6c00000, 0x0000000100000000)
  eden space 18432K, 25% used [0x00000000d5580000,0x00000000d5a24628,0x00000000d6780000)
  from space 512K, 12% used [0x00000000d6b80000,0x00000000d6b90000,0x00000000d6c00000)
  to   space 512K, 0% used [0x00000000d6b00000,0x00000000d6b00000,0x00000000d6b80000)
 ParOldGen       total 68608K, used 46782K [0x0000000080000000, 0x0000000084300000, 0x00000000d5580000)
  object space 68608K, 68% used [0x0000000080000000,0x0000000082dafad8,0x0000000084300000)
 Metaspace       used 66251K, committed 67776K, reserved 1114112K
  class space    used 8370K, committed 9024K, reserved 1048576K

Card table byte_map: [0x000002c6fc010000,0x000002c6fc420000] _byte_map_base: 0x000002c6fbc10000

Marking Bits: (ParMarkBitMap*) 0x00007ffdefde3450
 Begin Bits: [0x000002c68f000000, 0x000002c691000000)
 End Bits:   [0x000002c691000000, 0x000002c693000000)

Polling page: 0x000002c6fa440000

Metaspace:

Usage:
  Non-class:     56.52 MB used.
      Class:      8.17 MB used.
       Both:     64.70 MB used.

Virtual space:
  Non-class space:       64.00 MB reserved,      57.38 MB ( 90%) committed,  1 nodes.
      Class space:        1.00 GB reserved,       8.81 MB ( <1%) committed,  1 nodes.
             Both:        1.06 GB reserved,      66.19 MB (  6%) committed. 

Chunk freelists:
   Non-Class:  6.48 MB
       Class:  7.02 MB
        Both:  13.50 MB

MaxMetaspaceSize: unlimited
CompressedClassSpaceSize: 1.00 GB
Initial GC threshold: 21.00 MB
Current GC threshold: 97.31 MB
CDS: on
 - commit_granule_bytes: 65536.
 - commit_granule_words: 8192.
 - virtual_space_node_default_size: 8388608.
 - enlarge_chunks_in_place: 1.
 - use_allocation_guard: 0.


Internal statistics:

num_allocs_failed_limit: 9.
num_arena_births: 1354.
num_arena_deaths: 24.
num_vsnodes_births: 2.
num_vsnodes_deaths: 0.
num_space_committed: 1059.
num_space_uncommitted: 0.
num_chunks_returned_to_freelist: 37.
num_chunks_taken_from_freelist: 4341.
num_chunk_merges: 15.
num_chunk_splits: 2758.
num_chunks_enlarged: 1657.
num_inconsistent_stats: 0.

CodeHeap 'non-profiled nmethods': size=120000Kb used=6144Kb max_used=6144Kb free=113855Kb
 bounds [0x000002c687ad0000, 0x000002c6880e0000, 0x000002c68f000000]
CodeHeap 'profiled nmethods': size=120000Kb used=16411Kb max_used=16411Kb free=103589Kb
 bounds [0x000002c680000000, 0x000002c681010000, 0x000002c687530000]
CodeHeap 'non-nmethods': size=5760Kb used=1394Kb max_used=1470Kb free=4365Kb
 bounds [0x000002c687530000, 0x000002c6877a0000, 0x000002c687ad0000]
CodeCache: size=245760Kb, used=23949Kb, max_used=24025Kb, free=221809Kb
 total_blobs=8667, nmethods=7967, adapters=606, full_count=0
Compilation: enabled, stopped_count=0, restarted_count=0

Compilation events (20 events):
Event: 277.188 Thread 0x000002c6fc570a00 8711       4       java.io.ObjectInputStream::readClassDesc (121 bytes)
Event: 277.195 Thread 0x000002c6fc570a00 nmethod 8711 0x000002c6880c3a10 code [0x000002c6880c3be0, 0x000002c6880c3eb0]
Event: 277.200 Thread 0x000002c6fc570a00 8712  s    4       org.gradle.tooling.internal.consumer.parameters.BuildProgressListenerAdapter::addDescriptor (59 bytes)
Event: 277.238 Thread 0x000002c6fc570a00 nmethod 8712 0x000002c6880c4190 code [0x000002c6880c4400, 0x000002c6880c53c0]
Event: 277.238 Thread 0x000002c6fc570a00 8713       4       org.gradle.tooling.events.internal.DefaultStartEvent::<init> (9 bytes)
Event: 277.239 Thread 0x000002c6fc570a00 nmethod 8713 0x000002c6880c5d90 code [0x000002c6880c5f20, 0x000002c6880c5fd0]
Event: 277.283 Thread 0x000002c6fc570a00 8714       4       java.io.ObjectStreamClass::initNonProxy (628 bytes)
Event: 277.376 Thread 0x000002c6fc570a00 nmethod 8714 0x000002c6880c6090 code [0x000002c6880c63e0, 0x000002c6880c7f58]
Event: 277.440 Thread 0x000002c6fc570a00 8715       4       java.io.ObjectStreamClass$FieldReflector::setPrimFieldValues (329 bytes)
Event: 277.452 Thread 0x000002c6fc570a00 nmethod 8715 0x000002c6880c9310 code [0x000002c6880c9520, 0x000002c6880c9b40]
Event: 277.705 Thread 0x000002c6fc570a00 8716       4       org.gradle.tooling.internal.consumer.parameters.BuildProgressListenerAdapter::toGenericProgressEvent (34 bytes)
Event: 277.767 Thread 0x000002c6fc570a00 nmethod 8716 0x000002c6880ca110 code [0x000002c6880ca420, 0x000002c6880cbdb0]
Event: 278.352 Thread 0x000002c6fc570a00 8717       4       java.io.ObjectInputStream::checkResolve (86 bytes)
Event: 278.361 Thread 0x000002c6fc570a00 nmethod 8717 0x000002c6880ccd90 code [0x000002c6880ccfa0, 0x000002c6880cd480]
Event: 278.707 Thread 0x000002c6fc570a00 8718       4       java.io.ObjectInputStream$BlockDataInputStream::readUnsignedShort (76 bytes)
Event: 278.715 Thread 0x000002c6fc570a00 nmethod 8718 0x000002c6880cd910 code [0x000002c6880cdac0, 0x000002c6880cde60]
Event: 278.715 Thread 0x000002c6fc570a00 8719       4       java.io.ObjectInputStream::readString (117 bytes)
Event: 278.753 Thread 0x000002c6fc570a00 nmethod 8719 0x000002c6880ce210 code [0x000002c6880ce4a0, 0x000002c6880cf550]
Event: 278.938 Thread 0x000002c6fc5e32c0 8720       3       com.esotericsoftware.kryo.io.Input::optional (179 bytes)
Event: 278.939 Thread 0x000002c6fc5e32c0 nmethod 8720 0x000002c681006090 code [0x000002c6810062c0, 0x000002c681006a20]

GC Heap History (20 events):
Event: 182.984 GC heap before
{Heap before GC invocations=50 (full 3):
 PSYoungGen      total 18944K, used 18560K [0x00000000d5580000, 0x00000000d6a80000, 0x0000000100000000)
  eden space 18432K, 100% used [0x00000000d5580000,0x00000000d6780000,0x00000000d6780000)
  from space 512K, 25% used [0x00000000d6a00000,0x00000000d6a20000,0x00000000d6a80000)
  to   space 512K, 0% used [0x00000000d6980000,0x00000000d6980000,0x00000000d6a00000)
 ParOldGen       total 68608K, used 42819K [0x0000000080000000, 0x0000000084300000, 0x00000000d5580000)
  object space 68608K, 62% used [0x0000000080000000,0x00000000829d0d20,0x0000000084300000)
 Metaspace       used 64673K, committed 66176K, reserved 1114112K
  class space    used 8204K, committed 8896K, reserved 1048576K
}
Event: 182.986 GC heap after
{Heap after GC invocations=50 (full 3):
 PSYoungGen      total 18944K, used 96K [0x00000000d5580000, 0x00000000d6a80000, 0x0000000100000000)
  eden space 18432K, 0% used [0x00000000d5580000,0x00000000d5580000,0x00000000d6780000)
  from space 512K, 18% used [0x00000000d6980000,0x00000000d6998000,0x00000000d6a00000)
  to   space 512K, 0% used [0x00000000d6a00000,0x00000000d6a00000,0x00000000d6a80000)
 ParOldGen       total 68608K, used 42859K [0x0000000080000000, 0x0000000084300000, 0x00000000d5580000)
  object space 68608K, 62% used [0x0000000080000000,0x00000000829dad20,0x0000000084300000)
 Metaspace       used 64673K, committed 66176K, reserved 1114112K
  class space    used 8204K, committed 8896K, reserved 1048576K
}
Event: 184.507 GC heap before
{Heap before GC invocations=51 (full 3):
 PSYoungGen      total 18944K, used 18528K [0x00000000d5580000, 0x00000000d6a80000, 0x0000000100000000)
  eden space 18432K, 100% used [0x00000000d5580000,0x00000000d6780000,0x00000000d6780000)
  from space 512K, 18% used [0x00000000d6980000,0x00000000d6998000,0x00000000d6a00000)
  to   space 512K, 0% used [0x00000000d6a00000,0x00000000d6a00000,0x00000000d6a80000)
 ParOldGen       total 68608K, used 42859K [0x0000000080000000, 0x0000000084300000, 0x00000000d5580000)
  object space 68608K, 62% used [0x0000000080000000,0x00000000829dad20,0x0000000084300000)
 Metaspace       used 64673K, committed 66176K, reserved 1114112K
  class space    used 8204K, committed 8896K, reserved 1048576K
}
Event: 184.509 GC heap after
{Heap after GC invocations=51 (full 3):
 PSYoungGen      total 18944K, used 128K [0x00000000d5580000, 0x00000000d6a80000, 0x0000000100000000)
  eden space 18432K, 0% used [0x00000000d5580000,0x00000000d5580000,0x00000000d6780000)
  from space 512K, 25% used [0x00000000d6a00000,0x00000000d6a20000,0x00000000d6a80000)
  to   space 512K, 0% used [0x00000000d6980000,0x00000000d6980000,0x00000000d6a00000)
 ParOldGen       total 68608K, used 42883K [0x0000000080000000, 0x0000000084300000, 0x00000000d5580000)
  object space 68608K, 62% used [0x0000000080000000,0x00000000829e0d20,0x0000000084300000)
 Metaspace       used 64673K, committed 66176K, reserved 1114112K
  class space    used 8204K, committed 8896K, reserved 1048576K
}
Event: 204.919 GC heap before
{Heap before GC invocations=52 (full 3):
 PSYoungGen      total 18944K, used 18560K [0x00000000d5580000, 0x00000000d6a80000, 0x0000000100000000)
  eden space 18432K, 100% used [0x00000000d5580000,0x00000000d6780000,0x00000000d6780000)
  from space 512K, 25% used [0x00000000d6a00000,0x00000000d6a20000,0x00000000d6a80000)
  to   space 512K, 0% used [0x00000000d6980000,0x00000000d6980000,0x00000000d6a00000)
 ParOldGen       total 68608K, used 42883K [0x0000000080000000, 0x0000000084300000, 0x00000000d5580000)
  object space 68608K, 62% used [0x0000000080000000,0x00000000829e0d20,0x0000000084300000)
 Metaspace       used 64901K, committed 66368K, reserved 1114112K
  class space    used 8236K, committed 8896K, reserved 1048576K
}
Event: 204.922 GC heap after
{Heap after GC invocations=52 (full 3):
 PSYoungGen      total 18944K, used 240K [0x00000000d5580000, 0x00000000d6a80000, 0x0000000100000000)
  eden space 18432K, 0% used [0x00000000d5580000,0x00000000d5580000,0x00000000d6780000)
  from space 512K, 46% used [0x00000000d6980000,0x00000000d69bc010,0x00000000d6a00000)
  to   space 512K, 0% used [0x00000000d6a00000,0x00000000d6a00000,0x00000000d6a80000)
 ParOldGen       total 68608K, used 42899K [0x0000000080000000, 0x0000000084300000, 0x00000000d5580000)
  object space 68608K, 62% used [0x0000000080000000,0x00000000829e4d20,0x0000000084300000)
 Metaspace       used 64901K, committed 66368K, reserved 1114112K
  class space    used 8236K, committed 8896K, reserved 1048576K
}
Event: 215.414 GC heap before
{Heap before GC invocations=53 (full 3):
 PSYoungGen      total 18944K, used 18672K [0x00000000d5580000, 0x00000000d6a80000, 0x0000000100000000)
  eden space 18432K, 100% used [0x00000000d5580000,0x00000000d6780000,0x00000000d6780000)
  from space 512K, 46% used [0x00000000d6980000,0x00000000d69bc010,0x00000000d6a00000)
  to   space 512K, 0% used [0x00000000d6a00000,0x00000000d6a00000,0x00000000d6a80000)
 ParOldGen       total 68608K, used 42899K [0x0000000080000000, 0x0000000084300000, 0x00000000d5580000)
  object space 68608K, 62% used [0x0000000080000000,0x00000000829e4d20,0x0000000084300000)
 Metaspace       used 64936K, committed 66368K, reserved 1114112K
  class space    used 8237K, committed 8896K, reserved 1048576K
}
Event: 215.415 GC heap after
{Heap after GC invocations=53 (full 3):
 PSYoungGen      total 18944K, used 128K [0x00000000d5580000, 0x00000000d6a80000, 0x0000000100000000)
  eden space 18432K, 0% used [0x00000000d5580000,0x00000000d5580000,0x00000000d6780000)
  from space 512K, 25% used [0x00000000d6a00000,0x00000000d6a20000,0x00000000d6a80000)
  to   space 512K, 0% used [0x00000000d6980000,0x00000000d6980000,0x00000000d6a00000)
 ParOldGen       total 68608K, used 42995K [0x0000000080000000, 0x0000000084300000, 0x00000000d5580000)
  object space 68608K, 62% used [0x0000000080000000,0x00000000829fcda8,0x0000000084300000)
 Metaspace       used 64936K, committed 66368K, reserved 1114112K
  class space    used 8237K, committed 8896K, reserved 1048576K
}
Event: 216.587 GC heap before
{Heap before GC invocations=54 (full 3):
 PSYoungGen      total 18944K, used 18560K [0x00000000d5580000, 0x00000000d6a80000, 0x0000000100000000)
  eden space 18432K, 100% used [0x00000000d5580000,0x00000000d6780000,0x00000000d6780000)
  from space 512K, 25% used [0x00000000d6a00000,0x00000000d6a20000,0x00000000d6a80000)
  to   space 512K, 0% used [0x00000000d6980000,0x00000000d6980000,0x00000000d6a00000)
 ParOldGen       total 68608K, used 42995K [0x0000000080000000, 0x0000000084300000, 0x00000000d5580000)
  object space 68608K, 62% used [0x0000000080000000,0x00000000829fcda8,0x0000000084300000)
 Metaspace       used 65539K, committed 67008K, reserved 1114112K
  class space    used 8306K, committed 8960K, reserved 1048576K
}
Event: 216.589 GC heap after
{Heap after GC invocations=54 (full 3):
 PSYoungGen      total 18944K, used 440K [0x00000000d5580000, 0x00000000d6a80000, 0x0000000100000000)
  eden space 18432K, 0% used [0x00000000d5580000,0x00000000d5580000,0x00000000d6780000)
  from space 512K, 86% used [0x00000000d6980000,0x00000000d69ee1a8,0x00000000d6a00000)
  to   space 512K, 0% used [0x00000000d6a00000,0x00000000d6a00000,0x00000000d6a80000)
 ParOldGen       total 68608K, used 43027K [0x0000000080000000, 0x0000000084300000, 0x00000000d5580000)
  object space 68608K, 62% used [0x0000000080000000,0x0000000082a04da8,0x0000000084300000)
 Metaspace       used 65539K, committed 67008K, reserved 1114112K
  class space    used 8306K, committed 8960K, reserved 1048576K
}
Event: 250.250 GC heap before
{Heap before GC invocations=55 (full 3):
 PSYoungGen      total 18944K, used 18872K [0x00000000d5580000, 0x00000000d6a80000, 0x0000000100000000)
  eden space 18432K, 99% used [0x00000000d5580000,0x00000000d677fff8,0x00000000d6780000)
  from space 512K, 86% used [0x00000000d6980000,0x00000000d69ee1a8,0x00000000d6a00000)
  to   space 512K, 0% used [0x00000000d6a00000,0x00000000d6a00000,0x00000000d6a80000)
 ParOldGen       total 68608K, used 43027K [0x0000000080000000, 0x0000000084300000, 0x00000000d5580000)
  object space 68608K, 62% used [0x0000000080000000,0x0000000082a04da8,0x0000000084300000)
 Metaspace       used 65741K, committed 67200K, reserved 1114112K
  class space    used 8317K, committed 8960K, reserved 1048576K
}
Event: 250.252 GC heap after
{Heap after GC invocations=55 (full 3):
 PSYoungGen      total 18944K, used 352K [0x00000000d5580000, 0x00000000d6a80000, 0x0000000100000000)
  eden space 18432K, 0% used [0x00000000d5580000,0x00000000d5580000,0x00000000d6780000)
  from space 512K, 68% used [0x00000000d6a00000,0x00000000d6a58000,0x00000000d6a80000)
  to   space 512K, 0% used [0x00000000d6980000,0x00000000d6980000,0x00000000d6a00000)
 ParOldGen       total 68608K, used 43390K [0x0000000080000000, 0x0000000084300000, 0x00000000d5580000)
  object space 68608K, 63% used [0x0000000080000000,0x0000000082a5f8b8,0x0000000084300000)
 Metaspace       used 65741K, committed 67200K, reserved 1114112K
  class space    used 8317K, committed 8960K, reserved 1048576K
}
Event: 261.078 GC heap before
{Heap before GC invocations=56 (full 3):
 PSYoungGen      total 18944K, used 18783K [0x00000000d5580000, 0x00000000d6a80000, 0x0000000100000000)
  eden space 18432K, 99% used [0x00000000d5580000,0x00000000d677fe98,0x00000000d6780000)
  from space 512K, 68% used [0x00000000d6a00000,0x00000000d6a58000,0x00000000d6a80000)
  to   space 512K, 0% used [0x00000000d6980000,0x00000000d6980000,0x00000000d6a00000)
 ParOldGen       total 68608K, used 43390K [0x0000000080000000, 0x0000000084300000, 0x00000000d5580000)
  object space 68608K, 63% used [0x0000000080000000,0x0000000082a5f8b8,0x0000000084300000)
 Metaspace       used 66042K, committed 67584K, reserved 1114112K
  class space    used 8358K, committed 9024K, reserved 1048576K
}
Event: 261.086 GC heap after
{Heap after GC invocations=56 (full 3):
 PSYoungGen      total 18944K, used 506K [0x00000000d5580000, 0x00000000d6f80000, 0x0000000100000000)
  eden space 18432K, 0% used [0x00000000d5580000,0x00000000d5580000,0x00000000d6780000)
  from space 512K, 98% used [0x00000000d6980000,0x00000000d69feae8,0x00000000d6a00000)
  to   space 4096K, 0% used [0x00000000d6b80000,0x00000000d6b80000,0x00000000d6f80000)
 ParOldGen       total 68608K, used 46167K [0x0000000080000000, 0x0000000084300000, 0x00000000d5580000)
  object space 68608K, 67% used [0x0000000080000000,0x0000000082d15c80,0x0000000084300000)
 Metaspace       used 66042K, committed 67584K, reserved 1114112K
  class space    used 8358K, committed 9024K, reserved 1048576K
}
Event: 277.986 GC heap before
{Heap before GC invocations=57 (full 3):
 PSYoungGen      total 18944K, used 18938K [0x00000000d5580000, 0x00000000d6f80000, 0x0000000100000000)
  eden space 18432K, 100% used [0x00000000d5580000,0x00000000d6780000,0x00000000d6780000)
  from space 512K, 98% used [0x00000000d6980000,0x00000000d69feae8,0x00000000d6a00000)
  to   space 4096K, 0% used [0x00000000d6b80000,0x00000000d6b80000,0x00000000d6f80000)
 ParOldGen       total 68608K, used 46167K [0x0000000080000000, 0x0000000084300000, 0x00000000d5580000)
  object space 68608K, 67% used [0x0000000080000000,0x0000000082d15c80,0x0000000084300000)
 Metaspace       used 66251K, committed 67776K, reserved 1114112K
  class space    used 8370K, committed 9024K, reserved 1048576K
}
Event: 277.987 GC heap after
{Heap after GC invocations=57 (full 3):
 PSYoungGen      total 18944K, used 160K [0x00000000d5580000, 0x00000000d6c00000, 0x0000000100000000)
  eden space 18432K, 0% used [0x00000000d5580000,0x00000000d5580000,0x00000000d6780000)
  from space 512K, 31% used [0x00000000d6b80000,0x00000000d6ba8000,0x00000000d6c00000)
  to   space 1536K, 0% used [0x00000000d6900000,0x00000000d6900000,0x00000000d6a80000)
 ParOldGen       total 68608K, used 46682K [0x0000000080000000, 0x0000000084300000, 0x00000000d5580000)
  object space 68608K, 68% used [0x0000000080000000,0x0000000082d96ac8,0x0000000084300000)
 Metaspace       used 66251K, committed 67776K, reserved 1114112K
  class space    used 8370K, committed 9024K, reserved 1048576K
}
Event: 279.183 GC heap before
{Heap before GC invocations=58 (full 3):
 PSYoungGen      total 18944K, used 18592K [0x00000000d5580000, 0x00000000d6c00000, 0x0000000100000000)
  eden space 18432K, 100% used [0x00000000d5580000,0x00000000d6780000,0x00000000d6780000)
  from space 512K, 31% used [0x00000000d6b80000,0x00000000d6ba8000,0x00000000d6c00000)
  to   space 1536K, 0% used [0x00000000d6900000,0x00000000d6900000,0x00000000d6a80000)
 ParOldGen       total 68608K, used 46682K [0x0000000080000000, 0x0000000084300000, 0x00000000d5580000)
  object space 68608K, 68% used [0x0000000080000000,0x0000000082d96ac8,0x0000000084300000)
 Metaspace       used 66251K, committed 67776K, reserved 1114112K
  class space    used 8370K, committed 9024K, reserved 1048576K
}
Event: 279.185 GC heap after
{Heap after GC invocations=58 (full 3):
 PSYoungGen      total 19968K, used 64K [0x00000000d5580000, 0x00000000d6c00000, 0x0000000100000000)
  eden space 18432K, 0% used [0x00000000d5580000,0x00000000d5580000,0x00000000d6780000)
  from space 1536K, 4% used [0x00000000d6900000,0x00000000d6910000,0x00000000d6a80000)
  to   space 512K, 0% used [0x00000000d6b80000,0x00000000d6b80000,0x00000000d6c00000)
 ParOldGen       total 68608K, used 46782K [0x0000000080000000, 0x0000000084300000, 0x00000000d5580000)
  object space 68608K, 68% used [0x0000000080000000,0x0000000082dafad8,0x0000000084300000)
 Metaspace       used 66251K, committed 67776K, reserved 1114112K
  class space    used 8370K, committed 9024K, reserved 1048576K
}
Event: 279.972 GC heap before
{Heap before GC invocations=59 (full 3):
 PSYoungGen      total 19968K, used 18496K [0x00000000d5580000, 0x00000000d6c00000, 0x0000000100000000)
  eden space 18432K, 100% used [0x00000000d5580000,0x00000000d6780000,0x00000000d6780000)
  from space 1536K, 4% used [0x00000000d6900000,0x00000000d6910000,0x00000000d6a80000)
  to   space 512K, 0% used [0x00000000d6b80000,0x00000000d6b80000,0x00000000d6c00000)
 ParOldGen       total 68608K, used 46782K [0x0000000080000000, 0x0000000084300000, 0x00000000d5580000)
  object space 68608K, 68% used [0x0000000080000000,0x0000000082dafad8,0x0000000084300000)
 Metaspace       used 66251K, committed 67776K, reserved 1114112K
  class space    used 8370K, committed 9024K, reserved 1048576K
}
Event: 279.973 GC heap after
{Heap after GC invocations=59 (full 3):
 PSYoungGen      total 18944K, used 64K [0x00000000d5580000, 0x00000000d6c00000, 0x0000000100000000)
  eden space 18432K, 0% used [0x00000000d5580000,0x00000000d5580000,0x00000000d6780000)
  from space 512K, 12% used [0x00000000d6b80000,0x00000000d6b90000,0x00000000d6c00000)
  to   space 512K, 0% used [0x00000000d6b00000,0x00000000d6b00000,0x00000000d6b80000)
 ParOldGen       total 68608K, used 46782K [0x0000000080000000, 0x0000000084300000, 0x00000000d5580000)
  object space 68608K, 68% used [0x0000000080000000,0x0000000082dafad8,0x0000000084300000)
 Metaspace       used 66251K, committed 67776K, reserved 1114112K
  class space    used 8370K, committed 9024K, reserved 1048576K
}

Dll operation events (15 events):
Event: 0.032 Loaded shared library c:\Users\Bhumi\.vscode\extensions\redhat.java-1.54.0-win32-x64\jre\21.0.10-win32-x86_64\bin\java.dll
Event: 0.644 Loaded shared library c:\Users\Bhumi\.vscode\extensions\redhat.java-1.54.0-win32-x64\jre\21.0.10-win32-x86_64\bin\zip.dll
Event: 0.748 Loaded shared library C:\Users\Bhumi\.vscode\extensions\redhat.java-1.54.0-win32-x64\jre\21.0.10-win32-x86_64\bin\instrument.dll
Event: 0.758 Loaded shared library C:\Users\Bhumi\.vscode\extensions\redhat.java-1.54.0-win32-x64\jre\21.0.10-win32-x86_64\bin\net.dll
Event: 0.772 Loaded shared library C:\Users\Bhumi\.vscode\extensions\redhat.java-1.54.0-win32-x64\jre\21.0.10-win32-x86_64\bin\nio.dll
Event: 0.790 Loaded shared library C:\Users\Bhumi\.vscode\extensions\redhat.java-1.54.0-win32-x64\jre\21.0.10-win32-x86_64\bin\zip.dll
Event: 0.858 Loaded shared library C:\Users\Bhumi\.vscode\extensions\redhat.java-1.54.0-win32-x64\jre\21.0.10-win32-x86_64\bin\jimage.dll
Event: 1.389 Loaded shared library c:\Users\Bhumi\.vscode\extensions\redhat.java-1.54.0-win32-x64\jre\21.0.10-win32-x86_64\bin\verify.dll
Event: 27.155 Loaded shared library C:\Users\Bhumi\AppData\Roaming\Code\User\globalStorage\redhat.java\1.54.0\config_win\org.eclipse.equinox.launcher\org.eclipse.equinox.launcher.win32.win32.x86_64_1.3.0.v20260203-2149\eclipse_11919.dll
Event: 49.306 Loaded shared library C:\Users\Bhumi\AppData\Local\Temp\jna-64166571\jna705648643820981389.dll
Event: 86.837 Loaded shared library C:\Users\Bhumi\.gradle\native\1def1411415f61bf3af743bc5b6707747c0891f09f0c88961ee8f79bc544acac\windows-amd64\native-platform.dll
Event: 109.042 Loaded shared library C:\Users\Bhumi\.vscode\extensions\redhat.java-1.54.0-win32-x64\jre\21.0.10-win32-x86_64\bin\management.dll
Event: 109.103 Loaded shared library C:\Users\Bhumi\.vscode\extensions\redhat.java-1.54.0-win32-x64\jre\21.0.10-win32-x86_64\bin\management_ext.dll
Event: 113.250 Loaded shared library C:\Users\Bhumi\.vscode\extensions\redhat.java-1.54.0-win32-x64\jre\21.0.10-win32-x86_64\bin\extnet.dll
Event: 118.440 Loaded shared library C:\Users\Bhumi\.vscode\extensions\redhat.java-1.54.0-win32-x64\jre\21.0.10-win32-x86_64\bin\sunmscapi.dll

Deoptimization events (20 events):
Event: 261.068 Thread 0x000002c6dd12ae70 DEOPT PACKING pc=0x000002c687fd5a94 sp=0x000000c84dbfe340
Event: 261.069 Thread 0x000002c6dd12ae70 DEOPT UNPACKING pc=0x000002c687583aa2 sp=0x000000c84dbfe318 mode 2
Event: 261.073 Thread 0x000002c6dd12ae70 Uncommon trap: trap_request=0xffffffc6 fr.pc=0x000002c688096160 relative=0x0000000000000280
Event: 261.073 Thread 0x000002c6dd12ae70 Uncommon trap: reason=bimorphic_or_optimized_type_check action=maybe_recompile pc=0x000002c688096160 method=java.io.ObjectInputStream$PeekInputStream.read([BII)I @ 75 c2
Event: 261.073 Thread 0x000002c6dd12ae70 DEOPT PACKING pc=0x000002c688096160 sp=0x000000c84dbfd5f0
Event: 261.073 Thread 0x000002c6dd12ae70 DEOPT UNPACKING pc=0x000002c687583aa2 sp=0x000000c84dbfd4f8 mode 2
Event: 261.073 Thread 0x000002c6dd12ae70 Uncommon trap: trap_request=0xffffffde fr.pc=0x000002c687fc8e1c relative=0x000000000000039c
Event: 261.073 Thread 0x000002c6dd12ae70 Uncommon trap: reason=class_check action=maybe_recompile pc=0x000002c687fc8e1c method=java.io.ObjectInputStream$PeekInputStream.read()I @ 23 c2
Event: 261.073 Thread 0x000002c6dd12ae70 DEOPT PACKING pc=0x000002c687fc8e1c sp=0x000000c84dbfd0a0
Event: 261.073 Thread 0x000002c6dd12ae70 DEOPT UNPACKING pc=0x000002c687583aa2 sp=0x000000c84dbfd020 mode 2
Event: 261.198 Thread 0x000002c6dd12ae70 Uncommon trap: trap_request=0xffffffde fr.pc=0x000002c687fc8e1c relative=0x000000000000039c
Event: 261.198 Thread 0x000002c6dd12ae70 Uncommon trap: reason=class_check action=maybe_recompile pc=0x000002c687fc8e1c method=java.io.ObjectInputStream$PeekInputStream.read()I @ 23 c2
Event: 261.198 Thread 0x000002c6dd12ae70 DEOPT PACKING pc=0x000002c687fc8e1c sp=0x000000c84dbfd5f0
Event: 261.198 Thread 0x000002c6dd12ae70 DEOPT UNPACKING pc=0x000002c687583aa2 sp=0x000000c84dbfd570 mode 2
Event: 261.228 Thread 0x000002c6dd12ae70 DEOPT PACKING pc=0x000002c680f13c46 sp=0x000000c84dbf9780
Event: 261.228 Thread 0x000002c6dd12ae70 DEOPT UNPACKING pc=0x000002c687584242 sp=0x000000c84dbf8d00 mode 0
Event: 261.248 Thread 0x000002c6da567140 Uncommon trap: trap_request=0xffffffde fr.pc=0x000002c687bde718 relative=0x00000000000004b8
Event: 261.248 Thread 0x000002c6da567140 Uncommon trap: reason=class_check action=maybe_recompile pc=0x000002c687bde718 method=java.util.AbstractMap.hashCode()I @ 3 c2
Event: 261.248 Thread 0x000002c6da567140 DEOPT PACKING pc=0x000002c687bde718 sp=0x000000c84bbfeba0
Event: 261.248 Thread 0x000002c6da567140 DEOPT UNPACKING pc=0x000002c687583aa2 sp=0x000000c84bbfeb48 mode 2

Classes loaded (20 events):
Event: 187.108 Loading class java/lang/Throwable$WrappedPrintWriter
Event: 187.108 Loading class java/lang/Throwable$PrintStreamOrWriter
Event: 187.108 Loading class java/lang/Throwable$PrintStreamOrWriter done
Event: 187.108 Loading class java/lang/Throwable$WrappedPrintWriter done
Event: 216.485 Loading class java/util/concurrent/CompletableFuture$UniApply
Event: 216.485 Loading class java/util/concurrent/CompletableFuture$UniCompletion
Event: 216.486 Loading class java/util/concurrent/CompletableFuture$UniCompletion done
Event: 216.486 Loading class java/util/concurrent/CompletableFuture$UniApply done
Event: 216.487 Loading class java/util/concurrent/CompletableFuture$UniAccept
Event: 216.488 Loading class java/util/concurrent/CompletableFuture$UniAccept done
Event: 216.488 Loading class java/util/concurrent/CompletableFuture$UniExceptionally
Event: 216.488 Loading class java/util/concurrent/CompletableFuture$UniExceptionally done
Event: 216.514 Loading class java/util/Collections$SynchronizedRandomAccessList
Event: 216.514 Loading class java/util/Collections$SynchronizedList
Event: 216.515 Loading class java/util/Collections$SynchronizedList done
Event: 216.515 Loading class java/util/Collections$SynchronizedRandomAccessList done
Event: 216.566 Loading class java/util/concurrent/CompletableFuture$Signaller
Event: 216.566 Loading class java/util/concurrent/CompletableFuture$Signaller done
Event: 258.588 Loading class java/net/Proxy
Event: 258.588 Loading class java/net/Proxy done

Classes unloaded (12 events):
Event: 50.445 Thread 0x000002c6fc70fad0 Unloading class 0x000002c6941a9400 'java/lang/invoke/LambdaForm$MH+0x000002c6941a9400'
Event: 50.445 Thread 0x000002c6fc70fad0 Unloading class 0x000002c6941a9000 'java/lang/invoke/LambdaForm$MH+0x000002c6941a9000'
Event: 50.445 Thread 0x000002c6fc70fad0 Unloading class 0x000002c6941a8c00 'java/lang/invoke/LambdaForm$MH+0x000002c6941a8c00'
Event: 50.445 Thread 0x000002c6fc70fad0 Unloading class 0x000002c6941a8800 'java/lang/invoke/LambdaForm$MH+0x000002c6941a8800'
Event: 50.445 Thread 0x000002c6fc70fad0 Unloading class 0x000002c6941a8400 'java/lang/invoke/LambdaForm$BMH+0x000002c6941a8400'
Event: 50.445 Thread 0x000002c6fc70fad0 Unloading class 0x000002c6941a8000 'java/lang/invoke/LambdaForm$DMH+0x000002c6941a8000'
Event: 50.445 Thread 0x000002c6fc70fad0 Unloading class 0x000002c6941a6c00 'java/lang/invoke/LambdaForm$DMH+0x000002c6941a6c00'
Event: 52.921 Thread 0x000002c6fc70fad0 Unloading class 0x000002c694322c00 'java/lang/invoke/LambdaForm$MH+0x000002c694322c00'
Event: 52.921 Thread 0x000002c6fc70fad0 Unloading class 0x000002c694322000 'java/lang/invoke/LambdaForm$MH+0x000002c694322000'
Event: 52.921 Thread 0x000002c6fc70fad0 Unloading class 0x000002c69431c800 'java/lang/invoke/LambdaForm$MH+0x000002c69431c800'
Event: 52.921 Thread 0x000002c6fc70fad0 Unloading class 0x000002c69431c000 'java/lang/invoke/LambdaForm$MH+0x000002c69431c000'
Event: 52.921 Thread 0x000002c6fc70fad0 Unloading class 0x000002c694315800 'java/lang/invoke/LambdaForm$MH+0x000002c694315800'

Classes redefined (0 events):
No events

Internal exceptions (20 events):
Event: 216.470 Thread 0x000002c6db393d70 Exception <a 'sun/nio/fs/WindowsException'{0x00000000d63370d0}> (0x00000000d63370d0) 
thrown [s\src\hotspot\share\prims\jni.cpp, line 520]
Event: 216.470 Thread 0x000002c6db393d70 Exception <a 'sun/nio/fs/WindowsException'{0x00000000d6346c58}> (0x00000000d6346c58) 
thrown [s\src\hotspot\share\prims\jni.cpp, line 520]
Event: 216.470 Thread 0x000002c6db393d70 Exception <a 'sun/nio/fs/WindowsException'{0x00000000d6347538}> (0x00000000d6347538) 
thrown [s\src\hotspot\share\prims\jni.cpp, line 520]
Event: 216.478 Thread 0x000002c6db393d70 Exception <a 'sun/nio/fs/WindowsException'{0x00000000d637b160}> (0x00000000d637b160) 
thrown [s\src\hotspot\share\prims\jni.cpp, line 520]
Event: 216.478 Thread 0x000002c6db393d70 Exception <a 'sun/nio/fs/WindowsException'{0x00000000d637b790}> (0x00000000d637b790) 
thrown [s\src\hotspot\share\prims\jni.cpp, line 520]
Event: 216.479 Thread 0x000002c6db393d70 Exception <a 'sun/nio/fs/WindowsException'{0x00000000d6394e30}> (0x00000000d6394e30) 
thrown [s\src\hotspot\share\prims\jni.cpp, line 520]
Event: 216.479 Thread 0x000002c6db393d70 Exception <a 'sun/nio/fs/WindowsException'{0x00000000d6395460}> (0x00000000d6395460) 
thrown [s\src\hotspot\share\prims\jni.cpp, line 520]
Event: 216.483 Thread 0x000002c6db393d70 Exception <a 'java/lang/IncompatibleClassChangeError'{0x00000000d63da588}: Found class java.lang.Object, but interface was expected> (0x00000000d63da588) 
thrown [s\src\hotspot\share\interpreter\linkResolver.cpp, line 840]
Event: 258.585 Thread 0x000002c6dd12ae70 Exception <a 'java/lang/NoSuchMethodError'{0x00000000d5c0b700}: static Lorg/gradle/internal/classloader/ClassLoaderSpec;.<clinit>()V> (0x00000000d5c0b700) 
thrown [s\src\hotspot\share\prims\jni.cpp, line 1111]
Event: 258.587 Thread 0x000002c6dd12ae70 Exception <a 'java/lang/NoSuchMethodError'{0x00000000d5c1c950}: static Lorg/gradle/internal/classloader/VisitableURLClassLoader$Spec;.<clinit>()V> (0x00000000d5c1c950) 
thrown [s\src\hotspot\share\prims\jni.cpp, line 1111]
Event: 258.640 Thread 0x000002c6dd12ae70 Exception <a 'java/lang/NoSuchMethodError'{0x00000000d5cd5a48}: static Lorg/gradle/internal/classloader/FilteringClassLoader$Spec;.<clinit>()V> (0x00000000d5cd5a48) 
thrown [s\src\hotspot\share\prims\jni.cpp, line 1111]
Event: 258.647 Thread 0x000002c6dd12ae70 Exception <a 'java/lang/NoSuchMethodError'{0x00000000d5cf2750}: static Lorg/gradle/internal/classloader/CachingClassLoader$Spec;.<clinit>()V> (0x00000000d5cf2750) 
thrown [s\src\hotspot\share\prims\jni.cpp, line 1111]
Event: 258.678 Thread 0x000002c6dd12ae70 Exception <a 'java/lang/NoSuchMethodError'{0x00000000d5db6490}: static [B.<clinit>()V> (0x00000000d5db6490) 
thrown [s\src\hotspot\share\prims\jni.cpp, line 1111]
Event: 260.750 Thread 0x000002c6dd12ae70 Exception <a 'java/lang/NoSuchMethodError'{0x00000000d650f728}: static Lcom/android/builder/errors/EvalIssueException;.<clinit>()V> (0x00000000d650f728) 
thrown [s\src\hotspot\share\prims\jni.cpp, line 1111]
Event: 260.848 Thread 0x000002c6dd12ae70 Exception <a 'java/lang/NoSuchMethodError'{0x00000000d660fbf8}: static [Ljava/lang/StackTraceElement;.<clinit>()V> (0x00000000d660fbf8) 
thrown [s\src\hotspot\share\prims\jni.cpp, line 1111]
Event: 261.068 Thread 0x000002c6dd12ae70 Exception <a 'java/lang/NoSuchMethodError'{0x00000000d6709cf0}: static Lorg/gradle/api/GradleException;.<clinit>()V> (0x00000000d6709cf0) 
thrown [s\src\hotspot\share\prims\jni.cpp, line 1111]
Event: 261.068 Thread 0x000002c6dd12ae70 Exception <a 'java/lang/NoSuchMethodError'{0x00000000d670bc40}: static Lorg/gradle/internal/exceptions/DefaultMultiCauseException;.<clinit>()V> (0x00000000d670bc40) 
thrown [s\src\hotspot\share\prims\jni.cpp, line 1111]
Event: 261.068 Thread 0x000002c6dd12ae70 Exception <a 'java/lang/NoSuchMethodError'{0x00000000d6710250}: static Lorg/gradle/api/ProjectConfigurationException;.<clinit>()V> (0x00000000d6710250) 
thrown [s\src\hotspot\share\prims\jni.cpp, line 1111]
Event: 261.196 Thread 0x000002c6dd12ae70 Exception <a 'java/lang/NoSuchMethodError'{0x00000000d56151e0}: static Lorg/gradle/internal/exceptions/ContextAwareException;.<clinit>()V> (0x00000000d56151e0) 
thrown [s\src\hotspot\share\prims\jni.cpp, line 1111]
Event: 261.196 Thread 0x000002c6dd12ae70 Exception <a 'java/lang/NoSuchMethodError'{0x00000000d56175b0}: static Lorg/gradle/internal/exceptions/LocationAwareException;.<clinit>()V> (0x00000000d56175b0) 
thrown [s\src\hotspot\share\prims\jni.cpp, line 1111]

ZGC Phase Switch (0 events):
No events

VM Operations (20 events):
Event: 258.667 Executing non-safepoint VM operation: HandshakeAllThreads (Deoptimize)
Event: 258.667 Executing non-safepoint VM operation: HandshakeAllThreads (Deoptimize) done
Event: 258.667 Executing safepoint VM operation: Cleanup
Event: 258.667 Executing safepoint VM operation: Cleanup done
Event: 260.667 Executing safepoint VM operation: Cleanup
Event: 260.667 Executing safepoint VM operation: Cleanup done
Event: 261.078 Executing safepoint VM operation: ParallelGCFailedAllocation (Allocation Failure)
Event: 261.086 Executing safepoint VM operation: ParallelGCFailedAllocation (Allocation Failure) done
Event: 263.086 Executing safepoint VM operation: Cleanup
Event: 263.086 Executing safepoint VM operation: Cleanup done
Event: 264.086 Executing safepoint VM operation: Cleanup
Event: 264.086 Executing safepoint VM operation: Cleanup done
Event: 277.092 Executing safepoint VM operation: Cleanup
Event: 277.092 Executing safepoint VM operation: Cleanup done
Event: 277.986 Executing safepoint VM operation: ParallelGCFailedAllocation (Allocation Failure)
Event: 277.987 Executing safepoint VM operation: ParallelGCFailedAllocation (Allocation Failure) done
Event: 279.183 Executing safepoint VM operation: ParallelGCFailedAllocation (Allocation Failure)
Event: 279.185 Executing safepoint VM operation: ParallelGCFailedAllocation (Allocation Failure) done
Event: 279.972 Executing safepoint VM operation: ParallelGCFailedAllocation (Allocation Failure)
Event: 279.973 Executing safepoint VM operation: ParallelGCFailedAllocation (Allocation Failure) done

Memory protections (0 events):
No events

Nmethod flushes (20 events):
Event: 110.721 Thread 0x000002c6fc70fad0 flushing  nmethod 0x000002c680900710
Event: 110.721 Thread 0x000002c6fc70fad0 flushing  nmethod 0x000002c68098c710
Event: 110.721 Thread 0x000002c6fc70fad0 flushing  nmethod 0x000002c680991f10
Event: 110.721 Thread 0x000002c6fc70fad0 flushing  nmethod 0x000002c680992e90
Event: 110.721 Thread 0x000002c6fc70fad0 flushing  nmethod 0x000002c680994710
Event: 110.721 Thread 0x000002c6fc70fad0 flushing  nmethod 0x000002c680994a90
Event: 110.721 Thread 0x000002c6fc70fad0 flushing  nmethod 0x000002c680996d10
Event: 110.721 Thread 0x000002c6fc70fad0 flushing  nmethod 0x000002c680999890
Event: 110.721 Thread 0x000002c6fc70fad0 flushing  nmethod 0x000002c68099a190
Event: 110.721 Thread 0x000002c6fc70fad0 flushing  nmethod 0x000002c68099ba90
Event: 110.721 Thread 0x000002c6fc70fad0 flushing  nmethod 0x000002c68099c210
Event: 110.721 Thread 0x000002c6fc70fad0 flushing  nmethod 0x000002c68099c610
Event: 110.721 Thread 0x000002c6fc70fad0 flushing  nmethod 0x000002c68099cc90
Event: 110.721 Thread 0x000002c6fc70fad0 flushing  nmethod 0x000002c68099d290
Event: 110.721 Thread 0x000002c6fc70fad0 flushing  nmethod 0x000002c68099d690
Event: 110.721 Thread 0x000002c6fc70fad0 flushing  nmethod 0x000002c68099dc10
Event: 110.721 Thread 0x000002c6fc70fad0 flushing  nmethod 0x000002c68099e110
Event: 110.721 Thread 0x000002c6fc70fad0 flushing  nmethod 0x000002c6809a1610
Event: 110.721 Thread 0x000002c6fc70fad0 flushing  nmethod 0x000002c6809a8c90
Event: 110.721 Thread 0x000002c6fc70fad0 flushing  nmethod 0x000002c6809aa890

Events (20 events):
Event: 216.573 Thread 0x000002c6dd124c00 Thread exited: 0x000002c6dd124c00
Event: 216.574 Thread 0x000002c6da565700 Thread added: 0x000002c6dd124c00
Event: 216.579 Thread 0x000002c6da565700 Thread added: 0x000002c6dd12c220
Event: 216.656 Thread 0x000002c6da567140 Thread added: 0x000002c6dd12ae70
Event: 216.731 Thread 0x000002c6dd12c220 Thread added: 0x000002c6dd12b500
Event: 216.836 Thread 0x000002c6da567e60 Thread added: 0x000002c6dd12bb90
Event: 216.909 Thread 0x000002c6dc73d500 Thread exited: 0x000002c6dc73d500
Event: 217.727 Thread 0x000002c6dd12c220 Thread added: 0x000002c6da565070
Event: 217.782 Thread 0x000002c6da565070 Thread added: 0x000002c6da566ab0
Event: 217.783 Thread 0x000002c6da565070 Thread added: 0x000002c6db396b60
Event: 217.797 Thread 0x000002c6da566ab0 Thread exited: 0x000002c6da566ab0
Event: 227.518 Thread 0x000002c6da565070 Thread exited: 0x000002c6da565070
Event: 227.519 Thread 0x000002c6db396b60 Thread exited: 0x000002c6db396b60
Event: 261.236 Thread 0x000002c6dd12ae70 Thread exited: 0x000002c6dd12ae70
Event: 276.842 Thread 0x000002c6db3908f0 Thread exited: 0x000002c6db3908f0
Event: 276.843 Thread 0x000002c6dd12bb90 Thread exited: 0x000002c6dd12bb90
Event: 276.923 Thread 0x000002c6dd12a7e0 Thread exited: 0x000002c6dd12a7e0
Event: 277.475 Thread 0x000002c6dd128da0 Thread exited: 0x000002c6dd128da0
Event: 277.475 Thread 0x000002c6dd126cd0 Thread exited: 0x000002c6dd126cd0
Event: 277.537 Thread 0x000002c6dd128710 Thread exited: 0x000002c6dd128710


Dynamic libraries:
0x00007ff65aeb0000 - 0x00007ff65aebe000 	c:\Users\Bhumi\.vscode\extensions\redhat.java-1.54.0-win32-x64\jre\21.0.10-win32-x86_64\bin\java.exe
0x00007ffe64d00000 - 0x00007ffe64f67000 	C:\WINDOWS\SYSTEM32\ntdll.dll
0x00007ffe631c0000 - 0x00007ffe63289000 	C:\WINDOWS\System32\KERNEL32.DLL
0x00007ffe61be0000 - 0x00007ffe61fd7000 	C:\WINDOWS\System32\KERNELBASE.dll
0x00007ffe61fe0000 - 0x00007ffe6212b000 	C:\WINDOWS\System32\ucrtbase.dll
0x00007ffe2a8e0000 - 0x00007ffe2a8f8000 	c:\Users\Bhumi\.vscode\extensions\redhat.java-1.54.0-win32-x64\jre\21.0.10-win32-x86_64\bin\jli.dll
0x00007ffe637a0000 - 0x00007ffe63966000 	C:\WINDOWS\System32\USER32.dll
0x00007ffe629a0000 - 0x00007ffe629c7000 	C:\WINDOWS\System32\win32u.dll
0x00007ffe63e30000 - 0x00007ffe63e5b000 	C:\WINDOWS\System32\GDI32.dll
0x00007ffe61ab0000 - 0x00007ffe61bdc000 	C:\WINDOWS\System32\gdi32full.dll
0x00007ffe629d0000 - 0x00007ffe62a73000 	C:\WINDOWS\System32\msvcp_win.dll
0x00007ffe2a8c0000 - 0x00007ffe2a8de000 	c:\Users\Bhumi\.vscode\extensions\redhat.java-1.54.0-win32-x64\jre\21.0.10-win32-x86_64\bin\VCRUNTIME140.dll
0x00007ffe3eda0000 - 0x00007ffe3f032000 	C:\WINDOWS\WinSxS\amd64_microsoft.windows.common-controls_6595b64144ccf1df_6.0.26100.8457_none_3e0b2faee331e92d\COMCTL32.dll
0x00007ffe62b90000 - 0x00007ffe62c39000 	C:\WINDOWS\System32\msvcrt.dll
0x00007ffe62ce0000 - 0x00007ffe62d12000 	C:\WINDOWS\System32\IMM32.DLL
0x00007ffe4f010000 - 0x00007ffe4f01c000 	c:\Users\Bhumi\.vscode\extensions\redhat.java-1.54.0-win32-x64\jre\21.0.10-win32-x86_64\bin\vcruntime140_1.dll
0x00007ffe2a690000 - 0x00007ffe2a71d000 	c:\Users\Bhumi\.vscode\extensions\redhat.java-1.54.0-win32-x64\jre\21.0.10-win32-x86_64\bin\msvcp140.dll
0x00007ffdef120000 - 0x00007ffdefec1000 	c:\Users\Bhumi\.vscode\extensions\redhat.java-1.54.0-win32-x64\jre\21.0.10-win32-x86_64\bin\server\jvm.dll
0x00007ffe63350000 - 0x00007ffe63406000 	C:\WINDOWS\System32\ADVAPI32.dll
0x00007ffe64780000 - 0x00007ffe64827000 	C:\WINDOWS\System32\sechost.dll
0x00007ffe62e70000 - 0x00007ffe62f88000 	C:\WINDOWS\System32\RPCRT4.dll
0x00007ffe62c50000 - 0x00007ffe62cd0000 	C:\WINDOWS\System32\WS2_32.dll
0x00007ffe61590000 - 0x00007ffe615ee000 	C:\WINDOWS\SYSTEM32\POWRPROF.dll
0x00007ffe45000000 - 0x00007ffe45036000 	C:\WINDOWS\SYSTEM32\WINMM.dll
0x00007ffe4dfc0000 - 0x00007ffe4dfcb000 	C:\WINDOWS\SYSTEM32\VERSION.dll
0x00007ffe61570000 - 0x00007ffe61584000 	C:\WINDOWS\SYSTEM32\UMPDC.dll
0x00007ffe604a0000 - 0x00007ffe604bb000 	C:\WINDOWS\SYSTEM32\kernel.appcore.dll
0x00007ffe3d970000 - 0x00007ffe3d97a000 	c:\Users\Bhumi\.vscode\extensions\redhat.java-1.54.0-win32-x64\jre\21.0.10-win32-x86_64\bin\jimage.dll
0x00007ffe5f670000 - 0x00007ffe5f8b2000 	C:\WINDOWS\SYSTEM32\DBGHELP.DLL
0x00007ffe63410000 - 0x00007ffe63793000 	C:\WINDOWS\System32\combase.dll
0x00007ffe62fe0000 - 0x00007ffe630b9000 	C:\WINDOWS\System32\OLEAUT32.dll
0x00007ffe3b800000 - 0x00007ffe3b83b000 	C:\WINDOWS\SYSTEM32\dbgcore.DLL
0x00007ffe61970000 - 0x00007ffe61a18000 	C:\WINDOWS\System32\bcryptPrimitives.dll
0x00007ffe3b9f0000 - 0x00007ffe3b9ff000 	c:\Users\Bhumi\.vscode\extensions\redhat.java-1.54.0-win32-x64\jre\21.0.10-win32-x86_64\bin\instrument.dll
0x00007ffe2a8a0000 - 0x00007ffe2a8c0000 	c:\Users\Bhumi\.vscode\extensions\redhat.java-1.54.0-win32-x64\jre\21.0.10-win32-x86_64\bin\java.dll
0x00007ffe64000000 - 0x00007ffe6476e000 	C:\WINDOWS\System32\SHELL32.dll
0x00007ffe62130000 - 0x00007ffe6299c000 	C:\WINDOWS\System32\windows.storage.dll
0x00007ffe63970000 - 0x00007ffe63a66000 	C:\WINDOWS\System32\SHCORE.dll
0x00007ffe63a70000 - 0x00007ffe63ad6000 	C:\WINDOWS\System32\shlwapi.dll
0x00007ffe61650000 - 0x00007ffe61679000 	C:\WINDOWS\SYSTEM32\profapi.dll
0x00007ffe2a670000 - 0x00007ffe2a688000 	c:\Users\Bhumi\.vscode\extensions\redhat.java-1.54.0-win32-x64\jre\21.0.10-win32-x86_64\bin\zip.dll
0x00007ffe3d7a0000 - 0x00007ffe3d7b0000 	C:\Users\Bhumi\.vscode\extensions\redhat.java-1.54.0-win32-x64\jre\21.0.10-win32-x86_64\bin\net.dll
0x00007ffe52860000 - 0x00007ffe52989000 	C:\WINDOWS\SYSTEM32\WINHTTP.dll
0x00007ffe60a30000 - 0x00007ffe60a9c000 	C:\WINDOWS\system32\mswsock.dll
0x00007ffe2a650000 - 0x00007ffe2a666000 	C:\Users\Bhumi\.vscode\extensions\redhat.java-1.54.0-win32-x64\jre\21.0.10-win32-x86_64\bin\nio.dll
0x00007ffe2a890000 - 0x00007ffe2a8a0000 	c:\Users\Bhumi\.vscode\extensions\redhat.java-1.54.0-win32-x64\jre\21.0.10-win32-x86_64\bin\verify.dll
0x00007ffe32e10000 - 0x00007ffe32e55000 	C:\Users\Bhumi\AppData\Roaming\Code\User\globalStorage\redhat.java\1.54.0\config_win\org.eclipse.equinox.launcher\org.eclipse.equinox.launcher.win32.win32.x86_64_1.3.0.v20260203-2149\eclipse_11919.dll
0x00007ffe63e60000 - 0x00007ffe63ff7000 	C:\WINDOWS\System32\ole32.dll
0x00007ffe60d10000 - 0x00007ffe60d2b000 	C:\WINDOWS\SYSTEM32\CRYPTSP.dll
0x00007ffe60400000 - 0x00007ffe60439000 	C:\WINDOWS\system32\rsaenh.dll
0x00007ffe60ae0000 - 0x00007ffe60b13000 	C:\WINDOWS\SYSTEM32\USERENV.dll
0x00007ffe61620000 - 0x00007ffe6164a000 	C:\WINDOWS\SYSTEM32\bcrypt.dll
0x00007ffe60d30000 - 0x00007ffe60d3c000 	C:\WINDOWS\SYSTEM32\CRYPTBASE.dll
0x00007ffe5fed0000 - 0x00007ffe5ff02000 	C:\WINDOWS\SYSTEM32\IPHLPAPI.DLL
0x00007ffe62e60000 - 0x00007ffe62e6a000 	C:\WINDOWS\System32\NSI.dll
0x00007ffe1f680000 - 0x00007ffe1f6c9000 	C:\Users\Bhumi\AppData\Local\Temp\jna-64166571\jna705648643820981389.dll
0x00007ffe63c40000 - 0x00007ffe63c48000 	C:\WINDOWS\System32\PSAPI.DLL
0x00007ffe527d0000 - 0x00007ffe527ed000 	C:\WINDOWS\SYSTEM32\dhcpcsvc6.DLL
0x00007ffe52780000 - 0x00007ffe527a5000 	C:\WINDOWS\SYSTEM32\dhcpcsvc.DLL
0x00007ffe206a0000 - 0x00007ffe206c7000 	C:\Users\Bhumi\.gradle\native\1def1411415f61bf3af743bc5b6707747c0891f09f0c88961ee8f79bc544acac\windows-amd64\native-platform.dll
0x00007ffe29220000 - 0x00007ffe2922a000 	C:\Users\Bhumi\.vscode\extensions\redhat.java-1.54.0-win32-x64\jre\21.0.10-win32-x86_64\bin\management.dll
0x00007ffe26ba0000 - 0x00007ffe26bac000 	C:\Users\Bhumi\.vscode\extensions\redhat.java-1.54.0-win32-x64\jre\21.0.10-win32-x86_64\bin\management_ext.dll
0x00007ffe2a870000 - 0x00007ffe2a879000 	C:\Users\Bhumi\.vscode\extensions\redhat.java-1.54.0-win32-x64\jre\21.0.10-win32-x86_64\bin\extnet.dll
0x00007ffe2a880000 - 0x00007ffe2a88e000 	C:\Users\Bhumi\.vscode\extensions\redhat.java-1.54.0-win32-x64\jre\21.0.10-win32-x86_64\bin\sunmscapi.dll
0x00007ffe617f0000 - 0x00007ffe61968000 	C:\WINDOWS\System32\CRYPT32.dll
0x00007ffe60f30000 - 0x00007ffe60f60000 	C:\WINDOWS\SYSTEM32\ncrypt.dll
0x00007ffe60ee0000 - 0x00007ffe60f1f000 	C:\WINDOWS\SYSTEM32\NTASN1.dll
0x00007ffe2d1b0000 - 0x00007ffe2d1b8000 	C:\WINDOWS\system32\wshunix.dll

JVMTI agents:
c:\Users\Bhumi\.vscode\extensions\redhat.java-1.54.0-win32-x64\lombok\lombok-1.18.39-4050.jar path:c:\Users\Bhumi\.vscode\extensions\redhat.java-1.54.0-win32-x64\jre\21.0.10-win32-x86_64\bin\instrument.dll, loaded, initialized, instrumentlib options:none

dbghelp: loaded successfully - version: 4.0.5 - missing functions: none
symbol engine: initialized successfully - sym options: 0x614 - pdb path: .;c:\Users\Bhumi\.vscode\extensions\redhat.java-1.54.0-win32-x64\jre\21.0.10-win32-x86_64\bin;C:\WINDOWS\SYSTEM32;C:\WINDOWS\WinSxS\amd64_microsoft.windows.common-controls_6595b64144ccf1df_6.0.26100.8457_none_3e0b2faee331e92d;c:\Users\Bhumi\.vscode\extensions\redhat.java-1.54.0-win32-x64\jre\21.0.10-win32-x86_64\bin\server;C:\Users\Bhumi\AppData\Roaming\Code\User\globalStorage\redhat.java\1.54.0\config_win\org.eclipse.equinox.launcher\org.eclipse.equinox.launcher.win32.win32.x86_64_1.3.0.v20260203-2149;C:\Users\Bhumi\AppData\Local\Temp\jna-64166571;C:\Users\Bhumi\.gradle\native\1def1411415f61bf3af743bc5b6707747c0891f09f0c88961ee8f79bc544acac\windows-amd64

VM Arguments:
jvm_args: --add-modules=ALL-SYSTEM --add-opens=java.base/java.util=ALL-UNNAMED --add-opens=java.base/java.lang=ALL-UNNAMED --add-opens=java.base/sun.nio.fs=ALL-UNNAMED -Declipse.application=org.eclipse.jdt.ls.core.id1 -Dosgi.bundles.defaultStartLevel=4 -Declipse.product=org.eclipse.jdt.ls.core.product -Djava.import.generatesMetadataFilesAtProjectRoot=false -DDetectVMInstallationsJob.disabled=true -Dfile.encoding=utf8 -XX:+UseParallelGC -XX:GCTimeRatio=4 -XX:AdaptiveSizePolicyWeight=90 -Dsun.zip.disableMemoryMapping=true -Xmx2G -Xms100m -Xlog:disable -javaagent:c:\Users\Bhumi\.vscode\extensions\redhat.java-1.54.0-win32-x64\lombok\lombok-1.18.39-4050.jar -XX:+HeapDumpOnOutOfMemoryError -XX:HeapDumpPath=c:\Users\Bhumi\AppData\Roaming\Code\User\workspaceStorage\99dc9a965f1c481dea11390a2d6cf309\redhat.java -Daether.dependencyCollector.impl=bf 
java_command: c:\Users\Bhumi\.vscode\extensions\redhat.java-1.54.0-win32-x64\server\plugins\org.eclipse.equinox.launcher_1.7.100.v20251111-0406.jar -configuration c:\Users\Bhumi\AppData\Roaming\Code\User\globalStorage\redhat.java\1.54.0\config_win -data c:\Users\Bhumi\AppData\Roaming\Code\User\workspaceStorage\99dc9a965f1c481dea11390a2d6cf309\redhat.java\jdt_ws --pipe=\\.\pipe\lsp-0f296c3fca2bf0aab914d0d8ef591b38-sock
java_class_path (initial): c:\Users\Bhumi\.vscode\extensions\redhat.java-1.54.0-win32-x64\server\plugins\org.eclipse.equinox.launcher_1.7.100.v20251111-0406.jar
Launcher Type: SUN_STANDARD

[Global flags]
    uintx AdaptiveSizePolicyWeight                 = 90                                        {product} {command line}
     intx CICompilerCount                          = 3                                         {product} {ergonomic}
    uintx GCTimeRatio                              = 4                                         {product} {command line}
     bool HeapDumpOnOutOfMemoryError               = true                                   {manageable} {command line}
    ccstr HeapDumpPath                             = c:\Users\Bhumi\AppData\Roaming\Code\User\workspaceStorage\99dc9a965f1c481dea11390a2d6cf309\redhat.java         {manageable} {command line}
   size_t InitialHeapSize                          = 104857600                                 {product} {command line}
   size_t MaxHeapSize                              = 2147483648                                {product} {command line}
   size_t MaxNewSize                               = 715653120                                 {product} {ergonomic}
   size_t MinHeapDeltaBytes                        = 524288                                    {product} {ergonomic}
   size_t MinHeapSize                              = 104857600                                 {product} {command line}
   size_t NewSize                                  = 34603008                                  {product} {ergonomic}
    uintx NonNMethodCodeHeapSize                   = 5832780                                {pd product} {ergonomic}
    uintx NonProfiledCodeHeapSize                  = 122912730                              {pd product} {ergonomic}
   size_t OldSize                                  = 70254592                                  {product} {ergonomic}
    uintx ProfiledCodeHeapSize                     = 122912730                              {pd product} {ergonomic}
    uintx ReservedCodeCacheSize                    = 251658240                              {pd product} {ergonomic}
     bool SegmentedCodeCache                       = true                                      {product} {ergonomic}
   size_t SoftMaxHeapSize                          = 2147483648                             {manageable} {ergonomic}
     bool UseCompressedOops                        = true                           {product lp64_product} {ergonomic}
     bool UseLargePagesIndividualAllocation        = false                                  {pd product} {ergonomic}
     bool UseParallelGC                            = true                                      {product} {command line}

Logging:
Log output configuration:
 #0: stdout all=off uptime,level,tags foldmultilines=false
 #1: stderr all=off uptime,level,tags foldmultilines=false

Release file:
JAVA_VERSION="21.0.10" 
MODULES="java.base java.compiler java.datatransfer java.xml java.prefs java.desktop java.instrument java.logging java.management java.security.sasl java.naming java.rmi java.management.rmi java.net.http java.scripting java.security.jgss java.transaction.xa java.sql java.sql.rowset java.xml.crypto java.se java.smartcardio jdk.accessibility jdk.internal.jvmstat jdk.attach jdk.charsets jdk.internal.opt jdk.zipfs jdk.compiler jdk.crypto.ec jdk.crypto.cryptoki jdk.crypto.mscapi jdk.dynalink jdk.internal.ed jdk.editpad jdk.hotspot.agent jdk.httpserver jdk.internal.le jdk.internal.vm.ci jdk.internal.vm.compiler jdk.internal.vm.compiler.management jdk.jartool jdk.javadoc jdk.jcmd jdk.management jdk.management.agent jdk.jconsole jdk.jdeps jdk.jdwp.agent jdk.jdi jdk.jfr jdk.jshell jdk.jsobject jdk.jstatd jdk.localedata jdk.management.jfr jdk.naming.dns jdk.naming.rmi jdk.net jdk.nio.mapmode jdk.random jdk.sctp jdk.security.auth jdk.security.jgss jdk.unsupported jdk.unsupported.desktop jdk.xml.dom" 

Environment Variables:
PATH=C:\Users\Bhumi\AppData\Local\Programs\Microsoft VS Code;C:\Program Files\Common Files\Oracle\Java\javapath;C:\Program Files (x86)\Common Files\Oracle\Java\java8path;C:\Program Files (x86)\Common Files\Oracle\Java\javapath;C:\windows\system32;C:\windows;C:\windows\System32\Wbem;C:\windows\System32\WindowsPowerShell\v1.0\;C:\windows\System32\OpenSSH\;C:\Users\Bhumi\AppData\Local\Microsoft\WindowsApps;C:\Program Files\Bandizip\;C:\adb;C:\Program Files (x86)\GTK2-Runtime\lib;C:\Program Files\Microsoft SQL Server\Client SDK\ODBC\170\Tools\Binn\;C:\Program Files (x86)\Microsoft SQL Server\150\Tools\Binn\;C:\Program Files\Microsoft SQL Server\150\Tools\Binn\;C:\Program Files\Microsoft SQL Server\150\DTS\Binn\;C:\WINDOWS\system32;C:\WINDOWS;C:\WINDOWS\System32\Wbem;C:\WINDOWS\System32\WindowsPowerShell\v1.0\;C:\WINDOWS\System32\OpenSSH\;C:\Program Files\dotnet\;%JAVA_HOME%\bin;C:\MinGW\bin;C:\Program Files\nodejs\;C:\Program Files\Git\cmd;C:\Program Files\Dart\dart-sdk\bin;C:\flutter\bin;C:\Users\Bhumi\AppData\Local\Programs\Python\Launcher\;C:\Program Files\MySQL\MySQL Shell 8.0\bin\;C:\MinGW\bin;C:\Users\Bhumi\AppData\Local\Programs\Microsoft VS Code\bin;C:\Users\Bhumi\AppData\Local\Microsoft\WindowsApps;C:\Users\Bhumi\AppData\Roaming\npm;C:\Users\Bhumi\AppData\Local\Programs\mongosh\;C:\Users\Bhumi\AppData\Local\Python\bin;C:\flutter\bin;C:\ProgramData\Bhumi\GitHubDesktop\bin;C:\Users\Bhumi\AppData\Local\GitHubDesktop\bin
USERNAME=Bhumi
OS=Windows_NT
PROCESSOR_IDENTIFIER=Intel64 Family 6 Model 142 Stepping 12, GenuineIntel
TMP=C:\Users\Bhumi\AppData\Local\Temp
TEMP=C:\Users\Bhumi\AppData\Local\Temp




Periodic native trim disabled

---------------  S Y S T E M  ---------------

OS:
 Windows 11 , 64 bit Build 26100 (10.0.26100.8328)
OS uptime: 0 days 0:35 hours
Hyper-V role detected

CPU: total 4 (initial active 4) (2 cores per cpu, 2 threads per core) family 6 model 142 stepping 12 microcode 0xea, cx8, cmov, fxsr, ht, mmx, 3dnowpref, sse, sse2, sse3, ssse3, sse4.1, sse4.2, popcnt, lzcnt, tsc, tscinvbit, avx, avx2, aes, erms, clmul, bmi1, bmi2, adx, fma, vzeroupper, clflush, clflushopt, hv, rdtscp, f16c
Processor Information for the first 4 processors :
  Max Mhz: 2592, Current Mhz: 2093, Mhz Limit: 2073

Memory: 4k page, system-wide physical 7996M (809M free)
TotalPageFile size 16312M (AvailPageFile size 77M)
current process WorkingSet (physical memory assigned to process): 262M, peak: 276M
current process commit charge ("private bytes"): 351M, peak: 371M

vm_info: OpenJDK 64-Bit Server VM (21.0.10+7-LTS) for windows-amd64 JRE (21.0.10+7-LTS), built on 2026-01-20T00:00:00Z by "admin" with MS VC++ 17.12 (VS2022)

END.
