#
# There is insufficient memory for the Java Runtime Environment to continue.
# Native memory allocation (malloc) failed to allocate 32744 bytes. Error detail: Chunk::new
# Possible reasons:
#   The system is out of physical RAM or swap space
#   This process is running with CompressedOops enabled, and the Java Heap may be blocking the growth of the native heap
# Possible solutions:
#   Reduce memory load on the system
#   Increase physical memory or swap space
#   Check if swap backing store is full
#   Decrease Java heap size (-Xmx/-Xms)
#   Decrease number of Java threads
#   Decrease Java thread stack sizes (-Xss)
#   Set larger code cache with -XX:ReservedCodeCacheSize=
#   JVM is running with Zero Based Compressed Oops mode in which the Java heap is
#     placed in the first 32GB address space. The Java Heap base address is the
#     maximum limit for the native heap growth. Please use -XX:HeapBaseMinAddress
#     to set the Java Heap base and to place the Java Heap above 32GB virtual address.
# This output file may be truncated or incomplete.
#
#  Out of Memory Error (arena.cpp:149), pid=14976, tid=11812
#
# JRE version: Java(TM) SE Runtime Environment (23.0.1+11) (build 23.0.1+11-39)
# Java VM: Java HotSpot(TM) 64-Bit Server VM (23.0.1+11-39, mixed mode, sharing, tiered, compressed oops, compressed class ptrs, g1 gc, windows-amd64)
# No core dump will be written. Minidumps are not enabled by default on client versions of Windows
#

---------------  S U M M A R Y ------------

Command Line: --add-opens=java.base/java.lang=ALL-UNNAMED --add-opens=java.base/java.lang.invoke=ALL-UNNAMED --add-opens=java.base/java.util=ALL-UNNAMED --add-opens=java.prefs/java.util.prefs=ALL-UNNAMED --add-exports=jdk.compiler/com.sun.tools.javac.api=ALL-UNNAMED --add-exports=jdk.compiler/com.sun.tools.javac.util=ALL-UNNAMED --add-opens=java.base/java.util=ALL-UNNAMED --add-opens=java.prefs/java.util.prefs=ALL-UNNAMED --add-opens=java.base/java.nio.charset=ALL-UNNAMED --add-opens=java.base/java.net=ALL-UNNAMED --add-opens=java.base/java.util.concurrent.atomic=ALL-UNNAMED --add-opens=java.xml/javax.xml.namespace=ALL-UNNAMED -XX:MaxMetaspaceSize=4G -XX:ReservedCodeCacheSize=512m -XX:+HeapDumpOnOutOfMemoryError -Xmx8G -Dfile.encoding=UTF-8 -Duser.country=IN -Duser.language=en -Duser.variant -javaagent:C:\Users\Bhumi\.gradle\wrapper\dists\gradle-8.14-all\c2qonpi39x1mddn7hk5gh9iqj\gradle-8.14\lib\agents\gradle-instrumentation-agent-8.14.jar org.gradle.launcher.daemon.bootstrap.GradleDaemon 8.14

Host: Intel(R) Core(TM) i3-10110U CPU @ 2.10GHz, 4 cores, 7G,  Windows 11 , 64 bit Build 26100 (10.0.26100.8328)
Time: Mon May 18 16:16:47 2026 India Standard Time elapsed time: 44.269765 seconds (0d 0h 0m 44s)

---------------  T H R E A D  ---------------

Current thread (0x000002bd5da7e790):  JavaThread "C2 CompilerThread0" daemon [_thread_in_native, id=11812, stack(0x000000f389600000,0x000000f389700000) (1024K)]


Current CompileTask:
C2:44269 10501   !   4       java.util.concurrent.locks.AbstractQueuedSynchronizer::acquire (424 bytes)

Stack: [0x000000f389600000,0x000000f389700000]
Native frames: (J=compiled Java code, j=interpreted, Vv=VM code, C=native code)
V  [jvm.dll+0x6e08b9]  (no source info available)
V  [jvm.dll+0x87dc83]  (no source info available)
V  [jvm.dll+0x88010e]  (no source info available)
V  [jvm.dll+0x8807e3]  (no source info available)
V  [jvm.dll+0x27aee6]  (no source info available)
V  [jvm.dll+0xbc06f]  (no source info available)
V  [jvm.dll+0xbc2cb]  (no source info available)
V  [jvm.dll+0x70b42a]  (no source info available)
V  [jvm.dll+0x1dc46b]  (no source info available)
V  [jvm.dll+0x244be5]  (no source info available)
V  [jvm.dll+0x243dff]  (no source info available)
V  [jvm.dll+0x1c33a0]  (no source info available)
V  [jvm.dll+0x253cf1]  (no source info available)
V  [jvm.dll+0x251faa]  (no source info available)
V  [jvm.dll+0x3ee036]  (no source info available)
V  [jvm.dll+0x824f8b]  (no source info available)
V  [jvm.dll+0x6df065]  (no source info available)
C  [ucrtbase.dll+0x37b0]  (no source info available)
C  [KERNEL32.DLL+0x2e957]  (no source info available)
C  [ntdll.dll+0x427c]  (no source info available)

Lock stack of current Java thread (top to bottom):


---------------  P R O C E S S  ---------------

Threads class SMR info:
_java_thread_list=0x000002bdabc2c080, length=69, elements={
0x000002bd2af829a0, 0x000002bd5da74b20, 0x000002bd5da760f0, 0x000002bd5da796d0,
0x000002bd5da7c540, 0x000002bd5da7cfa0, 0x000002bd5da7da00, 0x000002bd5da7e790,
0x000002bd5da88e00, 0x000002bd5da44b40, 0x000002bda52a1a30, 0x000002bda6df7f90,
0x000002bda5e6dbb0, 0x000002bda5d2f080, 0x000002bda517a4b0, 0x000002bda548f7d0,
0x000002bda50ce630, 0x000002bda50ceca0, 0x000002bda6018fa0, 0x000002bda6017bf0,
0x000002bda6018910, 0x000002bda6015b20, 0x000002bda6016ed0, 0x000002bda6017560,
0x000002bda6016840, 0x000002bda8e1d7f0, 0x000002bda8e1aa00, 0x000002bda8e1c440,
0x000002bda8e1cad0, 0x000002bda8e1e510, 0x000002bda8e1b090, 0x000002bda8e1eba0,
0x000002bda8e20c70, 0x000002bda8e21300, 0x000002bda9c65640, 0x000002bda9c64290,
0x000002bda9e0a140, 0x000002bda9e08070, 0x000002bda9e08700, 0x000002bda9e08d90,
0x000002bda9e0b4f0, 0x000002bda9e0c210, 0x000002bda9e09420, 0x000002bda9e0a7d0,
0x000002bda9e0cf30, 0x000002bda9e0f690, 0x000002bdab4a7080, 0x000002bdab4a8ac0,
0x000002bdab4a7710, 0x000002bdab4a7da0, 0x000002bdab4a8430, 0x000002bdab4a5640,
0x000002bdab4ab8b0, 0x000002bdab4a9150, 0x000002bdab4ab220, 0x000002bdab4a9e70,
0x000002bdab4aa500, 0x000002bda9e0ae60, 0x000002bdab4aab90, 0x000002bdab9dd740,
0x000002bdab9deaf0, 0x000002bdab9db670, 0x000002bdab9de460, 0x000002bdab9dddd0,
0x000002bdab9dbd00, 0x000002bdab9dca20, 0x000002bdab9df810, 0x000002bdab9dc390,
0x000002bdab9dfea0
}

Java Threads: ( => current thread )
  0x000002bd2af829a0 JavaThread "main"                              [_thread_blocked, id=8220, stack(0x000000f388800000,0x000000f388900000) (1024K)]
  0x000002bd5da74b20 JavaThread "Reference Handler"          daemon [_thread_blocked, id=10996, stack(0x000000f389000000,0x000000f389100000) (1024K)]
  0x000002bd5da760f0 JavaThread "Finalizer"                  daemon [_thread_blocked, id=10944, stack(0x000000f389100000,0x000000f389200000) (1024K)]
  0x000002bd5da796d0 JavaThread "Signal Dispatcher"          daemon [_thread_blocked, id=10016, stack(0x000000f389200000,0x000000f389300000) (1024K)]
  0x000002bd5da7c540 JavaThread "Attach Listener"            daemon [_thread_blocked, id=11064, stack(0x000000f389300000,0x000000f389400000) (1024K)]
  0x000002bd5da7cfa0 JavaThread "Service Thread"             daemon [_thread_blocked, id=14920, stack(0x000000f389400000,0x000000f389500000) (1024K)]
  0x000002bd5da7da00 JavaThread "Monitor Deflation Thread"   daemon [_thread_blocked, id=11340, stack(0x000000f389500000,0x000000f389600000) (1024K)]
=>0x000002bd5da7e790 JavaThread "C2 CompilerThread0"         daemon [_thread_in_native, id=11812, stack(0x000000f389600000,0x000000f389700000) (1024K)]
  0x000002bd5da88e00 JavaThread "C1 CompilerThread0"         daemon [_thread_blocked, id=7628, stack(0x000000f389700000,0x000000f389800000) (1024K)]
  0x000002bd5da44b40 JavaThread "Common-Cleaner"             daemon [_thread_blocked, id=10744, stack(0x000000f389800000,0x000000f389900000) (1024K)]
  0x000002bda52a1a30 JavaThread "Notification Thread"        daemon [_thread_blocked, id=13348, stack(0x000000f389900000,0x000000f389a00000) (1024K)]
  0x000002bda6df7f90 JavaThread "Daemon health stats"               [_thread_blocked, id=1408, stack(0x000000f389e00000,0x000000f389f00000) (1024K)]
  0x000002bda5e6dbb0 JavaThread "Incoming local TCP Connector on port 64064"        [_thread_in_native, id=16368, stack(0x000000f389d00000,0x000000f389e00000) (1024K)]
  0x000002bda5d2f080 JavaThread "Daemon periodic checks"            [_thread_blocked, id=12972, stack(0x000000f389f00000,0x000000f38a000000) (1024K)]
  0x000002bda517a4b0 JavaThread "Daemon"                            [_thread_blocked, id=7696, stack(0x000000f38a100000,0x000000f38a200000) (1024K)]
  0x000002bda548f7d0 JavaThread "Handler for socket connection from /127.0.0.1:64064 to /127.0.0.1:64065"        [_thread_in_native, id=17856, stack(0x000000f38a200000,0x000000f38a300000) (1024K)]
  0x000002bda50ce630 JavaThread "Cancel handler"                    [_thread_blocked, id=16620, stack(0x000000f38a300000,0x000000f38a400000) (1024K)]
  0x000002bda50ceca0 JavaThread "Daemon worker"                     [_thread_blocked, id=12272, stack(0x000000f38a400000,0x000000f38a500000) (1024K)]
  0x000002bda6018fa0 JavaThread "Asynchronous log dispatcher for DefaultDaemonConnection: socket connection from /127.0.0.1:64064 to /127.0.0.1:64065"        [_thread_blocked, id=10628, stack(0x000000f38a500000,0x000000f38a600000) (1024K)]
  0x000002bda6017bf0 JavaThread "Stdin handler"                     [_thread_blocked, id=6536, stack(0x000000f38a600000,0x000000f38a700000) (1024K)]
  0x000002bda6018910 JavaThread "Daemon client event forwarder"        [_thread_blocked, id=16536, stack(0x000000f38a700000,0x000000f38a800000) (1024K)]
  0x000002bda6015b20 JavaThread "Cache worker for journal cache (C:\Users\Bhumi\.gradle\caches\journal-1)"        [_thread_blocked, id=716, stack(0x000000f38a000000,0x000000f38a100000) (1024K)]
  0x000002bda6016ed0 JavaThread "File lock request listener"        [_thread_in_native, id=11524, stack(0x000000f38a800000,0x000000f38a900000) (1024K)]
  0x000002bda6017560 JavaThread "Cache worker for file hash cache (C:\Users\Bhumi\.gradle\caches\8.14\fileHashes)"        [_thread_blocked, id=16468, stack(0x000000f38a900000,0x000000f38aa00000) (1024K)]
  0x000002bda6016840 JavaThread "Cache worker for file hash cache (C:\Users\Bhumi\FLutterProjects\flutter_application_1\android\.gradle\8.14\fileHashes)"        [_thread_blocked, id=16284, stack(0x000000f38ab00000,0x000000f38ac00000) (1024K)]
  0x000002bda8e1d7f0 JavaThread "Cache worker for Build Output Cleanup Cache (C:\Users\Bhumi\FLutterProjects\flutter_application_1\android\.gradle\buildOutputCleanup)"        [_thread_blocked, id=12420, stack(0x000000f38ac00000,0x000000f38ad00000) (1024K)]
  0x000002bda8e1aa00 JavaThread "File watcher server"        daemon [_thread_in_native, id=14564, stack(0x000000f38ad00000,0x000000f38ae00000) (1024K)]
  0x000002bda8e1c440 JavaThread "File watcher consumer"      daemon [_thread_blocked, id=17124, stack(0x000000f38ae00000,0x000000f38af00000) (1024K)]
  0x000002bda8e1cad0 JavaThread "jar transforms"                    [_thread_blocked, id=14900, stack(0x000000f38af00000,0x000000f38b000000) (1024K)]
  0x000002bda8e1e510 JavaThread "jar transforms Thread 2"           [_thread_blocked, id=4316, stack(0x000000f38b000000,0x000000f38b100000) (1024K)]
  0x000002bda8e1b090 JavaThread "Cache worker for checksums cache (C:\Users\Bhumi\FLutterProjects\flutter_application_1\android\.gradle\8.14\checksums)"        [_thread_blocked, id=14416, stack(0x000000f38b100000,0x000000f38b200000) (1024K)]
  0x000002bda8e1eba0 JavaThread "Cache worker for file content cache (C:\Users\Bhumi\.gradle\caches\8.14\fileContent)"        [_thread_blocked, id=16208, stack(0x000000f38b200000,0x000000f38b300000) (1024K)]
  0x000002bda8e20c70 JavaThread "Cache worker for cache directory md-supplier (C:\Users\Bhumi\.gradle\caches\8.14\md-supplier)"        [_thread_blocked, id=7888, stack(0x000000f38b300000,0x000000f38b400000) (1024K)]
  0x000002bda8e21300 JavaThread "Cache worker for cache directory md-rule (C:\Users\Bhumi\.gradle\caches\8.14\md-rule)"        [_thread_blocked, id=18424, stack(0x000000f38b400000,0x000000f38b500000) (1024K)]
  0x000002bda9c65640 JavaThread "Cache worker for Build Output Cleanup Cache (C:\flutter\packages\flutter_tools\gradle\.gradle\buildOutputCleanup)"        [_thread_blocked, id=7088, stack(0x000000f38b500000,0x000000f38b600000) (1024K)]
  0x000002bda9c64290 JavaThread "Unconstrained build operations"        [_thread_blocked, id=10728, stack(0x000000f38aa00000,0x000000f38ab00000) (1024K)]
  0x000002bda9e0a140 JavaThread "Unconstrained build operations Thread 2"        [_thread_blocked, id=7516, stack(0x000000f38b600000,0x000000f38b700000) (1024K)]
  0x000002bda9e08070 JavaThread "Unconstrained build operations Thread 3"        [_thread_blocked, id=9068, stack(0x000000f38b700000,0x000000f38b800000) (1024K)]
  0x000002bda9e08700 JavaThread "Unconstrained build operations Thread 4"        [_thread_blocked, id=17996, stack(0x000000f38b800000,0x000000f38b900000) (1024K)]
  0x000002bda9e08d90 JavaThread "Unconstrained build operations Thread 5"        [_thread_blocked, id=15812, stack(0x000000f38b900000,0x000000f38ba00000) (1024K)]
  0x000002bda9e0b4f0 JavaThread "Unconstrained build operations Thread 6"        [_thread_blocked, id=15720, stack(0x000000f38ba00000,0x000000f38bb00000) (1024K)]
  0x000002bda9e0c210 JavaThread "Unconstrained build operations Thread 7"        [_thread_blocked, id=16660, stack(0x000000f38bb00000,0x000000f38bc00000) (1024K)]
  0x000002bda9e09420 JavaThread "Unconstrained build operations Thread 8"        [_thread_blocked, id=16964, stack(0x000000f38bc00000,0x000000f38bd00000) (1024K)]
  0x000002bda9e0a7d0 JavaThread "Unconstrained build operations Thread 9"        [_thread_blocked, id=16652, stack(0x000000f38bd00000,0x000000f38be00000) (1024K)]
  0x000002bda9e0cf30 JavaThread "Memory manager"                    [_thread_blocked, id=13604, stack(0x000000f38bf00000,0x000000f38c000000) (1024K)]
  0x000002bda9e0f690 JavaThread "build event listener"              [_thread_blocked, id=11624, stack(0x000000f38c000000,0x000000f38c100000) (1024K)]
  0x000002bdab4a7080 JavaThread "included builds"                   [_thread_blocked, id=5408, stack(0x000000f38c100000,0x000000f38c200000) (1024K)]
  0x000002bdab4a8ac0 JavaThread "Execution worker"                  [_thread_blocked, id=15068, stack(0x000000f38c200000,0x000000f38c300000) (1024K)]
  0x000002bdab4a7710 JavaThread "Execution worker Thread 2"         [_thread_blocked, id=4088, stack(0x000000f38c300000,0x000000f38c400000) (1024K)]
  0x000002bdab4a7da0 JavaThread "Execution worker Thread 3"         [_thread_blocked, id=17524, stack(0x000000f38c400000,0x000000f38c500000) (1024K)]
  0x000002bdab4a8430 JavaThread "Cache worker for execution history cache (C:\flutter\packages\flutter_tools\gradle\.gradle\8.14\executionHistory)"        [_thread_blocked, id=2948, stack(0x000000f38c500000,0x000000f38c600000) (1024K)]
  0x000002bdab4a5640 JavaThread "Unconstrained build operations Thread 10"        [_thread_blocked, id=5780, stack(0x000000f38c600000,0x000000f38c700000) (1024K)]
  0x000002bdab4ab8b0 JavaThread "Unconstrained build operations Thread 11"        [_thread_blocked, id=13632, stack(0x000000f38c700000,0x000000f38c800000) (1024K)]
  0x000002bdab4a9150 JavaThread "Unconstrained build operations Thread 12"        [_thread_blocked, id=17640, stack(0x000000f38c800000,0x000000f38c900000) (1024K)]
  0x000002bdab4ab220 JavaThread "Unconstrained build operations Thread 13"        [_thread_blocked, id=10840, stack(0x000000f38c900000,0x000000f38ca00000) (1024K)]
  0x000002bdab4a9e70 JavaThread "Unconstrained build operations Thread 14"        [_thread_blocked, id=15380, stack(0x000000f38ca00000,0x000000f38cb00000) (1024K)]
  0x000002bdab4aa500 JavaThread "Unconstrained build operations Thread 15"        [_thread_blocked, id=11680, stack(0x000000f38cb00000,0x000000f38cc00000) (1024K)]
  0x000002bda9e0ae60 JavaThread "Unconstrained build operations Thread 16"        [_thread_blocked, id=16908, stack(0x000000f38cc00000,0x000000f38cd00000) (1024K)]
  0x000002bdab4aab90 JavaThread "Unconstrained build operations Thread 17"        [_thread_blocked, id=15712, stack(0x000000f38cd00000,0x000000f38ce00000) (1024K)]
  0x000002bdab9dd740 JavaThread "Unconstrained build operations Thread 18"        [_thread_blocked, id=16744, stack(0x000000f38ce00000,0x000000f38cf00000) (1024K)]
  0x000002bdab9deaf0 JavaThread "Unconstrained build operations Thread 19"        [_thread_blocked, id=284, stack(0x000000f38cf00000,0x000000f38d000000) (1024K)]
  0x000002bdab9db670 JavaThread "Unconstrained build operations Thread 20"        [_thread_blocked, id=17572, stack(0x000000f38d000000,0x000000f38d100000) (1024K)]
  0x000002bdab9de460 JavaThread "WorkerExecutor Queue"              [_thread_in_native, id=16948, stack(0x000000f38be00000,0x000000f38bf00000) (1024K)]
  0x000002bdab9dddd0 JavaThread "RMI Scheduler(0)"           daemon [_thread_blocked, id=16068, stack(0x000000f38d100000,0x000000f38d200000) (1024K)]
  0x000002bdab9dbd00 JavaThread "RMI RenewClean-[127.0.0.1:17358,org.jetbrains.kotlin.daemon.common.LoopbackNetworkInterface$ClientLoopbackSocketFactory@49f091eb]" daemon [_thread_blocked, id=11592, stack(0x000000f38d200000,0x000000f38d300000) (1024K)]
  0x000002bdab9dca20 JavaThread "RMI GC Daemon"              daemon [_thread_blocked, id=16760, stack(0x000000f38d300000,0x000000f38d400000) (1024K)]
  0x000002bdab9df810 JavaThread "RMI TCP Accept-0"           daemon [_thread_in_native, id=7396, stack(0x000000f38d400000,0x000000f38d500000) (1024K)]
  0x000002bdab9dc390 JavaThread "RMI Reaper"                        [_thread_blocked, id=10720, stack(0x000000f38d500000,0x000000f38d600000) (1024K)]
  0x000002bdab9dfea0 JavaThread "RMI TCP Connection(1)-127.0.0.1" daemon [_thread_in_native, id=9124, stack(0x000000f38d600000,0x000000f38d700000) (1024K)]
Total: 69

Other Threads:
  0x000002bd5da574e0 VMThread "VM Thread"                           [id=2680, stack(0x000000f388f00000,0x000000f389000000) (1024K)]
  0x000002bd5da43d40 WatcherThread "VM Periodic Task Thread"        [id=12228, stack(0x000000f388e00000,0x000000f388f00000) (1024K)]
  0x000002bd2b029600 WorkerThread "GC Thread#0"                     [id=15636, stack(0x000000f388900000,0x000000f388a00000) (1024K)]
  0x000002bda5313fd0 WorkerThread "GC Thread#1"                     [id=5036, stack(0x000000f389a00000,0x000000f389b00000) (1024K)]
  0x000002bda5380330 WorkerThread "GC Thread#2"                     [id=10356, stack(0x000000f389b00000,0x000000f389c00000) (1024K)]
  0x000002bda538bf40 WorkerThread "GC Thread#3"                     [id=16796, stack(0x000000f389c00000,0x000000f389d00000) (1024K)]
  0x000002bd5d8d4090 ConcurrentGCThread "G1 Main Marker"            [id=17596, stack(0x000000f388a00000,0x000000f388b00000) (1024K)]
  0x000002bd2b03c0d0 WorkerThread "G1 Conc#0"                       [id=17104, stack(0x000000f388b00000,0x000000f388c00000) (1024K)]
  0x000002bd5d90f960 ConcurrentGCThread "G1 Refine#0"               [id=1920, stack(0x000000f388c00000,0x000000f388d00000) (1024K)]
  0x000002bd5d9103f0 ConcurrentGCThread "G1 Service"                [id=16704, stack(0x000000f388d00000,0x000000f388e00000) (1024K)]
Total: 10

Threads with active compile tasks:
C2 CompilerThread0  44419 10501   !   4       java.util.concurrent.locks.AbstractQueuedSynchronizer::acquire (424 bytes)
Total: 1

VM state: not at safepoint (normal execution)

VM Mutex/Monitor currently owned by a thread: None

Heap address: 0x0000000600000000, size: 8192 MB, Compressed Oops mode: Zero based, Oop shift amount: 3

CDS archive(s) mapped at: [0x000002bd60000000-0x000002bd60d70000-0x000002bd60d70000), size 14090240, SharedBaseAddress: 0x000002bd60000000, ArchiveRelocationMode: 1.
Compressed class space mapped at: 0x000002bd61000000-0x000002bda1000000, reserved size: 1073741824
Narrow klass base: 0x000002bd60000000, Narrow klass shift: 0, Narrow klass range: 0x41000000

GC Precious Log:
 CardTable entry size: 512
 Card Set container configuration: InlinePtr #cards 4 size 8 Array Of Cards #cards 32 size 80 Howl #buckets 8 coarsen threshold 7372 Howl Bitmap #cards 1024 size 144 coarsen threshold 921 Card regions per heap region 1 cards per card region 8192
 CPUs: 4 total, 4 available
 Memory: 7996M
 Large Page Support: Disabled
 NUMA Support: Disabled
 Compressed Oops: Enabled (Zero based)
 Heap Region Size: 4M
 Heap Min Capacity: 8M
 Heap Initial Capacity: 128M
 Heap Max Capacity: 8G
 Pre-touch: Disabled
 Parallel Workers: 4
 Concurrent Workers: 1
 Concurrent Refinement Workers: 4
 Periodic GC: Disabled

Heap:
 garbage-first heap   total reserved 8388608K, committed 143360K, used 91206K [0x0000000600000000, 0x0000000800000000)
  region size 4096K, 8 young (32768K), 2 survivors (8192K)
 Metaspace       used 78234K, committed 80448K, reserved 1179648K
  class space    used 11527K, committed 12608K, reserved 1048576K

Heap Regions: E=young(eden), S=young(survivor), O=old, HS=humongous(starts), HC=humongous(continues), CS=collection set, F=free, TAMS=top-at-mark-start, PB=parsable bottom
|   0|0x0000000600000000, 0x0000000600400000, 0x0000000600400000|100%|HS|  |TAMS 0x0000000600000000| PB 0x0000000600000000| Complete |  0
|   1|0x0000000600400000, 0x0000000600800000, 0x0000000600800000|100%| O|  |TAMS 0x0000000600400000| PB 0x0000000600400000| Untracked |  0
|   2|0x0000000600800000, 0x0000000600c00000, 0x0000000600c00000|100%| O|  |TAMS 0x0000000600800000| PB 0x0000000600800000| Untracked |  0
|   3|0x0000000600c00000, 0x0000000601000000, 0x0000000601000000|100%| O|  |TAMS 0x0000000600c00000| PB 0x0000000600c00000| Untracked |  0
|   4|0x0000000601000000, 0x0000000601400000, 0x0000000601400000|100%| O|  |TAMS 0x0000000601000000| PB 0x0000000601000000| Untracked |  0
|   5|0x0000000601400000, 0x0000000601800000, 0x0000000601800000|100%| O|  |TAMS 0x0000000601400000| PB 0x0000000601400000| Untracked |  0
|   6|0x0000000601800000, 0x0000000601800000, 0x0000000601c00000|  0%| F|  |TAMS 0x0000000601800000| PB 0x0000000601800000| Untracked |  0
|   7|0x0000000601c00000, 0x0000000602000000, 0x0000000602000000|100%| O|  |TAMS 0x0000000601c00000| PB 0x0000000601c00000| Untracked |  0
|   8|0x0000000602000000, 0x0000000602400000, 0x0000000602400000|100%| O|  |TAMS 0x0000000602000000| PB 0x0000000602000000| Untracked |  0
|   9|0x0000000602400000, 0x0000000602800000, 0x0000000602800000|100%| O|  |TAMS 0x0000000602400000| PB 0x0000000602400000| Untracked |  0
|  10|0x0000000602800000, 0x0000000602c00000, 0x0000000602c00000|100%|HS|  |TAMS 0x0000000602800000| PB 0x0000000602800000| Complete |  0
|  11|0x0000000602c00000, 0x0000000603000000, 0x0000000603000000|100%| O|  |TAMS 0x0000000602c00000| PB 0x0000000602c00000| Untracked |  0
|  12|0x0000000603000000, 0x0000000603400000, 0x0000000603400000|100%| O|  |TAMS 0x0000000603000000| PB 0x0000000603000000| Untracked |  0
|  13|0x0000000603400000, 0x0000000603800000, 0x0000000603800000|100%| O|  |TAMS 0x0000000603400000| PB 0x0000000603400000| Untracked |  0
|  14|0x0000000603800000, 0x0000000603c00000, 0x0000000603c00000|100%|HS|  |TAMS 0x0000000603800000| PB 0x0000000603800000| Complete |  0
|  15|0x0000000603c00000, 0x0000000604000000, 0x0000000604000000|100%| O|  |TAMS 0x0000000603c00000| PB 0x0000000603c00000| Untracked |  0
|  16|0x0000000604000000, 0x0000000604143a40, 0x0000000604400000| 31%| O|  |TAMS 0x0000000604000000| PB 0x0000000604000000| Untracked |  0
|  17|0x0000000604400000, 0x0000000604400000, 0x0000000604800000|  0%| F|  |TAMS 0x0000000604400000| PB 0x0000000604400000| Untracked |  0
|  18|0x0000000604800000, 0x0000000604bce0f8, 0x0000000604c00000| 95%| S|CS|TAMS 0x0000000604800000| PB 0x0000000604800000| Complete |  0
|  19|0x0000000604c00000, 0x0000000605000000, 0x0000000605000000|100%| S|CS|TAMS 0x0000000604c00000| PB 0x0000000604c00000| Complete |  0
|  20|0x0000000605000000, 0x0000000605000000, 0x0000000605400000|  0%| F|  |TAMS 0x0000000605000000| PB 0x0000000605000000| Untracked |  0
|  21|0x0000000605400000, 0x0000000605400000, 0x0000000605800000|  0%| F|  |TAMS 0x0000000605400000| PB 0x0000000605400000| Untracked |  0
|  22|0x0000000605800000, 0x0000000605800000, 0x0000000605c00000|  0%| F|  |TAMS 0x0000000605800000| PB 0x0000000605800000| Untracked |  0
|  23|0x0000000605c00000, 0x0000000605c00000, 0x0000000606000000|  0%| F|  |TAMS 0x0000000605c00000| PB 0x0000000605c00000| Untracked |  0
|  24|0x0000000606000000, 0x0000000606000000, 0x0000000606400000|  0%| F|  |TAMS 0x0000000606000000| PB 0x0000000606000000| Untracked |  0
|  25|0x0000000606400000, 0x0000000606400000, 0x0000000606800000|  0%| F|  |TAMS 0x0000000606400000| PB 0x0000000606400000| Untracked |  0
|  26|0x0000000606800000, 0x0000000606800000, 0x0000000606c00000|  0%| F|  |TAMS 0x0000000606800000| PB 0x0000000606800000| Untracked |  0
|  27|0x0000000606c00000, 0x0000000606c00000, 0x0000000607000000|  0%| F|  |TAMS 0x0000000606c00000| PB 0x0000000606c00000| Untracked |  0
|  28|0x0000000607000000, 0x0000000607000000, 0x0000000607400000|  0%| F|  |TAMS 0x0000000607000000| PB 0x0000000607000000| Untracked |  0
|  29|0x0000000607400000, 0x00000006074df118, 0x0000000607800000| 21%| E|  |TAMS 0x0000000607400000| PB 0x0000000607400000| Complete |  0
|  30|0x0000000607800000, 0x0000000607c00000, 0x0000000607c00000|100%| E|CS|TAMS 0x0000000607800000| PB 0x0000000607800000| Complete |  0
|  31|0x0000000607c00000, 0x0000000608000000, 0x0000000608000000|100%| E|CS|TAMS 0x0000000607c00000| PB 0x0000000607c00000| Complete |  0
|  32|0x0000000608000000, 0x0000000608400000, 0x0000000608400000|100%| E|CS|TAMS 0x0000000608000000| PB 0x0000000608000000| Complete |  0
|  33|0x0000000608400000, 0x0000000608800000, 0x0000000608800000|100%| E|CS|TAMS 0x0000000608400000| PB 0x0000000608400000| Complete |  0
|  34|0x0000000608800000, 0x0000000608c00000, 0x0000000608c00000|100%| E|CS|TAMS 0x0000000608800000| PB 0x0000000608800000| Complete |  0

Card table byte_map: [0x000002bd548d0000,0x000002bd558d0000] _byte_map_base: 0x000002bd518d0000

Marking Bits: (CMBitMap*) 0x000002bd2b029c20
 Bits: [0x000002bd558d0000, 0x000002bd5d8d0000)

Polling page: 0x000002bd28dd0000

Metaspace:

Usage:
  Non-class:     65.14 MB used.
      Class:     11.26 MB used.
       Both:     76.40 MB used.

Virtual space:
  Non-class space:      128.00 MB reserved,      66.25 MB ( 52%) committed,  2 nodes.
      Class space:        1.00 GB reserved,      12.31 MB (  1%) committed,  1 nodes.
             Both:        1.12 GB reserved,      78.56 MB (  7%) committed. 

Chunk freelists:
   Non-Class:  12.90 MB
       Class:  3.58 MB
        Both:  16.49 MB

MaxMetaspaceSize: 4.00 GB
CompressedClassSpaceSize: 1.00 GB
Initial GC threshold: 21.00 MB
Current GC threshold: 114.00 MB
CDS: on
 - commit_granule_bytes: 65536.
 - commit_granule_words: 8192.
 - virtual_space_node_default_size: 8388608.
 - enlarge_chunks_in_place: 1.
 - use_allocation_guard: 0.


Internal statistics:

num_allocs_failed_limit: 12.
num_arena_births: 3890.
num_arena_deaths: 0.
num_vsnodes_births: 3.
num_vsnodes_deaths: 0.
num_space_committed: 1257.
num_space_uncommitted: 0.
num_chunks_returned_to_freelist: 12.
num_chunks_taken_from_freelist: 7434.
num_chunk_merges: 12.
num_chunk_splits: 4833.
num_chunks_enlarged: 2983.
num_inconsistent_stats: 0.

CodeHeap 'non-profiled nmethods': size=259328Kb used=4259Kb max_used=4259Kb free=255069Kb
 bounds [0x000002bd43970000, 0x000002bd43da0000, 0x000002bd536b0000]
CodeHeap 'profiled nmethods': size=259264Kb used=13871Kb max_used=13871Kb free=245392Kb
 bounds [0x000002bd336b0000, 0x000002bd34440000, 0x000002bd433e0000]
CodeHeap 'non-nmethods': size=5696Kb used=2863Kb max_used=2944Kb free=2832Kb
 bounds [0x000002bd433e0000, 0x000002bd436e0000, 0x000002bd43970000]
CodeCache: size=524288Kb, used=20993Kb, max_used=21074Kb, free=503293Kb
 total_blobs=10275, nmethods=9279, adapters=901, full_count=0
Compilation: enabled, stopped_count=0, restarted_count=0

Compilation events (20 events):
Event: 36.013 Thread 0x000002bd5da7e790 10492       4       java.lang.String::toLowerCase (29 bytes)
Event: 36.013 Thread 0x000002bd5da88e00 nmethod 10491 0x000002bd34436408 code [0x000002bd34436560, 0x000002bd344368d0]
Event: 36.013 Thread 0x000002bd5da88e00 10493       3       sun.nio.fs.WindowsPathParser::normalize (233 bytes)
Event: 36.019 Thread 0x000002bd5da88e00 nmethod 10493 0x000002bd34436908 code [0x000002bd34436e40, 0x000002bd34439b78]
Event: 36.019 Thread 0x000002bd5da88e00 10494       3       java.util.Formatter$Conversion::isText (34 bytes)
Event: 36.019 Thread 0x000002bd5da88e00 nmethod 10494 0x000002bd34439c88 code [0x000002bd34439da0, 0x000002bd34439f00]
Event: 36.019 Thread 0x000002bd5da88e00 10495       3       java.util.Formatter$FormatSpecifier::print (234 bytes)
Event: 36.020 Thread 0x000002bd5da88e00 nmethod 10495 0x000002bd34439f88 code [0x000002bd3443a1a0, 0x000002bd3443a928]
Event: 36.036 Thread 0x000002bd5da7e790 nmethod 10492 0x000002bd43d97f88 code [0x000002bd43d980e0, 0x000002bd43d98868]
Event: 36.264 Thread 0x000002bd5da88e00 10496       3       sun.management.spi.PlatformMBeanProvider$PlatformComponent$$Lambda/0x000002bd610f8660::test (9 bytes)
Event: 36.265 Thread 0x000002bd5da88e00 nmethod 10496 0x000002bd3443a988 code [0x000002bd3443aaa0, 0x000002bd3443abe8]
Event: 36.265 Thread 0x000002bd5da88e00 10497       3       sun.management.spi.PlatformMBeanProvider$PlatformComponent$$Lambda/0x000002bd610f88b8::apply (9 bytes)
Event: 36.265 Thread 0x000002bd5da88e00 nmethod 10497 0x000002bd3443ac88 code [0x000002bd3443ade0, 0x000002bd3443b0e0]
Event: 37.360 Thread 0x000002bd5da88e00 10498       3       java.util.concurrent.locks.AbstractQueuedSynchronizer$ConditionObject::unlinkCancelledWaiters (91 bytes)
Event: 37.361 Thread 0x000002bd5da88e00 nmethod 10498 0x000002bd3443b108 code [0x000002bd3443b240, 0x000002bd3443b6b0]
Event: 40.283 Thread 0x000002bd5da88e00 10499       3       java.util.HashMap$HashMapSpliterator::getFence (53 bytes)
Event: 40.283 Thread 0x000002bd5da88e00 nmethod 10499 0x000002bd3443b708 code [0x000002bd3443b820, 0x000002bd3443b9c8]
Event: 41.300 Thread 0x000002bd5da88e00 10500       3       java.util.HashMap$ValueSpliterator::characteristics (28 bytes)
Event: 41.300 Thread 0x000002bd5da88e00 nmethod 10500 0x000002bd3443ba08 code [0x000002bd3443bb20, 0x000002bd3443bcd8]
Event: 44.209 Thread 0x000002bd5da7e790 10501   !   4       java.util.concurrent.locks.AbstractQueuedSynchronizer::acquire (424 bytes)

GC Heap History (20 events):
Event: 14.142 GC heap before
{Heap before GC invocations=13 (full 0):
 garbage-first heap   total reserved 8388608K, committed 98304K, used 76581K [0x0000000600000000, 0x0000000800000000)
  region size 4096K, 11 young (45056K), 1 survivors (4096K)
 Metaspace       used 42125K, committed 43776K, reserved 1114112K
  class space    used 6092K, committed 6848K, reserved 1048576K
}
Event: 14.155 GC heap after
{Heap after GC invocations=14 (full 0):
 garbage-first heap   total reserved 8388608K, committed 118784K, used 38032K [0x0000000600000000, 0x0000000800000000)
  region size 4096K, 2 young (8192K), 2 survivors (8192K)
 Metaspace       used 42125K, committed 43776K, reserved 1114112K
  class space    used 6092K, committed 6848K, reserved 1048576K
}
Event: 15.916 GC heap before
{Heap before GC invocations=14 (full 0):
 garbage-first heap   total reserved 8388608K, committed 118784K, used 95376K [0x0000000600000000, 0x0000000800000000)
  region size 4096K, 16 young (65536K), 2 survivors (8192K)
 Metaspace       used 45826K, committed 47552K, reserved 1114112K
  class space    used 6711K, committed 7552K, reserved 1048576K
}
Event: 15.935 GC heap after
{Heap after GC invocations=15 (full 0):
 garbage-first heap   total reserved 8388608K, committed 118784K, used 40905K [0x0000000600000000, 0x0000000800000000)
  region size 4096K, 2 young (8192K), 2 survivors (8192K)
 Metaspace       used 45826K, committed 47552K, reserved 1114112K
  class space    used 6711K, committed 7552K, reserved 1048576K
}
Event: 19.059 GC heap before
{Heap before GC invocations=15 (full 0):
 garbage-first heap   total reserved 8388608K, committed 118784K, used 98249K [0x0000000600000000, 0x0000000800000000)
  region size 4096K, 16 young (65536K), 2 survivors (8192K)
 Metaspace       used 51016K, committed 52864K, reserved 1114112K
  class space    used 7556K, committed 8448K, reserved 1048576K
}
Event: 19.082 GC heap after
{Heap after GC invocations=16 (full 0):
 garbage-first heap   total reserved 8388608K, committed 118784K, used 43828K [0x0000000600000000, 0x0000000800000000)
  region size 4096K, 2 young (8192K), 2 survivors (8192K)
 Metaspace       used 51016K, committed 52864K, reserved 1114112K
  class space    used 7556K, committed 8448K, reserved 1048576K
}
Event: 21.488 GC heap before
{Heap before GC invocations=16 (full 0):
 garbage-first heap   total reserved 8388608K, committed 118784K, used 97076K [0x0000000600000000, 0x0000000800000000)
  region size 4096K, 15 young (61440K), 2 survivors (8192K)
 Metaspace       used 55930K, committed 57920K, reserved 1114112K
  class space    used 8286K, committed 9216K, reserved 1048576K
}
Event: 21.505 GC heap after
{Heap after GC invocations=17 (full 0):
 garbage-first heap   total reserved 8388608K, committed 118784K, used 46240K [0x0000000600000000, 0x0000000800000000)
  region size 4096K, 2 young (8192K), 2 survivors (8192K)
 Metaspace       used 55930K, committed 57920K, reserved 1114112K
  class space    used 8286K, committed 9216K, reserved 1048576K
}
Event: 22.226 GC heap before
{Heap before GC invocations=17 (full 0):
 garbage-first heap   total reserved 8388608K, committed 118784K, used 79008K [0x0000000600000000, 0x0000000800000000)
  region size 4096K, 10 young (40960K), 2 survivors (8192K)
 Metaspace       used 58900K, committed 60800K, reserved 1114112K
  class space    used 8699K, committed 9600K, reserved 1048576K
}
Event: 22.239 GC heap after
{Heap after GC invocations=18 (full 0):
 garbage-first heap   total reserved 8388608K, committed 118784K, used 55418K [0x0000000600000000, 0x0000000800000000)
  region size 4096K, 2 young (8192K), 2 survivors (8192K)
 Metaspace       used 58900K, committed 60800K, reserved 1114112K
  class space    used 8699K, committed 9600K, reserved 1048576K
}
Event: 23.337 GC heap before
{Heap before GC invocations=19 (full 0):
 garbage-first heap   total reserved 8388608K, committed 118784K, used 96378K [0x0000000600000000, 0x0000000800000000)
  region size 4096K, 12 young (49152K), 2 survivors (8192K)
 Metaspace       used 63044K, committed 65088K, reserved 1114112K
  class space    used 9256K, committed 10240K, reserved 1048576K
}
Event: 23.347 GC heap after
{Heap after GC invocations=20 (full 0):
 garbage-first heap   total reserved 8388608K, committed 118784K, used 56510K [0x0000000600000000, 0x0000000800000000)
  region size 4096K, 1 young (4096K), 1 survivors (4096K)
 Metaspace       used 63044K, committed 65088K, reserved 1114112K
  class space    used 9256K, committed 10240K, reserved 1048576K
}
Event: 24.035 GC heap before
{Heap before GC invocations=20 (full 0):
 garbage-first heap   total reserved 8388608K, committed 118784K, used 101566K [0x0000000600000000, 0x0000000800000000)
  region size 4096K, 11 young (45056K), 1 survivors (4096K)
 Metaspace       used 65703K, committed 67712K, reserved 1114112K
  class space    used 9624K, committed 10560K, reserved 1048576K
}
Event: 24.050 GC heap after
{Heap after GC invocations=21 (full 0):
 garbage-first heap   total reserved 8388608K, committed 118784K, used 61652K [0x0000000600000000, 0x0000000800000000)
  region size 4096K, 1 young (4096K), 1 survivors (4096K)
 Metaspace       used 65703K, committed 67712K, reserved 1114112K
  class space    used 9624K, committed 10560K, reserved 1048576K
}
Event: 25.303 GC heap before
{Heap before GC invocations=21 (full 0):
 garbage-first heap   total reserved 8388608K, committed 118784K, used 98516K [0x0000000600000000, 0x0000000800000000)
  region size 4096K, 11 young (45056K), 1 survivors (4096K)
 Metaspace       used 67956K, committed 70016K, reserved 1114112K
  class space    used 9960K, committed 10944K, reserved 1048576K
}
Event: 25.314 GC heap after
{Heap after GC invocations=22 (full 0):
 garbage-first heap   total reserved 8388608K, committed 143360K, used 63877K [0x0000000600000000, 0x0000000800000000)
  region size 4096K, 2 young (8192K), 2 survivors (8192K)
 Metaspace       used 67956K, committed 70016K, reserved 1114112K
  class space    used 9960K, committed 10944K, reserved 1048576K
}
Event: 27.927 GC heap before
{Heap before GC invocations=23 (full 0):
 garbage-first heap   total reserved 8388608K, committed 143360K, used 117125K [0x0000000600000000, 0x0000000800000000)
  region size 4096K, 15 young (61440K), 2 survivors (8192K)
 Metaspace       used 71651K, committed 73856K, reserved 1114112K
  class space    used 10525K, committed 11584K, reserved 1048576K
}
Event: 27.945 GC heap after
{Heap after GC invocations=24 (full 0):
 garbage-first heap   total reserved 8388608K, committed 143360K, used 67641K [0x0000000600000000, 0x0000000800000000)
  region size 4096K, 2 young (8192K), 2 survivors (8192K)
 Metaspace       used 71651K, committed 73856K, reserved 1114112K
  class space    used 10525K, committed 11584K, reserved 1048576K
}
Event: 31.005 GC heap before
{Heap before GC invocations=24 (full 0):
 garbage-first heap   total reserved 8388608K, committed 143360K, used 120889K [0x0000000600000000, 0x0000000800000000)
  region size 4096K, 15 young (61440K), 2 survivors (8192K)
 Metaspace       used 75723K, committed 77888K, reserved 1179648K
  class space    used 11155K, committed 12160K, reserved 1048576K
}
Event: 31.036 GC heap after
{Heap after GC invocations=25 (full 0):
 garbage-first heap   total reserved 8388608K, committed 143360K, used 70726K [0x0000000600000000, 0x0000000800000000)
  region size 4096K, 2 young (8192K), 2 survivors (8192K)
 Metaspace       used 75723K, committed 77888K, reserved 1179648K
  class space    used 11155K, committed 12160K, reserved 1048576K
}

Dll operation events (16 events):
Event: 0.058 Loaded shared library C:\Program Files\Java\jdk-23\bin\java.dll
Event: 0.197 Loaded shared library C:\Program Files\Java\jdk-23\bin\jsvml.dll
Event: 0.438 Loaded shared library C:\Program Files\Java\jdk-23\bin\zip.dll
Event: 0.444 Loaded shared library C:\Program Files\Java\jdk-23\bin\instrument.dll
Event: 0.451 Loaded shared library C:\Program Files\Java\jdk-23\bin\net.dll
Event: 0.454 Loaded shared library C:\Program Files\Java\jdk-23\bin\nio.dll
Event: 0.461 Loaded shared library C:\Program Files\Java\jdk-23\bin\zip.dll
Event: 1.255 Loaded shared library C:\Program Files\Java\jdk-23\bin\jimage.dll
Event: 1.807 Loaded shared library C:\Program Files\Java\jdk-23\bin\verify.dll
Event: 2.105 Loaded shared library C:\Users\Bhumi\.gradle\native\1def1411415f61bf3af743bc5b6707747c0891f09f0c88961ee8f79bc544acac\windows-amd64\native-platform.dll
Event: 2.143 Loaded shared library C:\Users\Bhumi\.gradle\native\0.2.7\x86_64-windows-gnu\gradle-fileevents.dll
Event: 5.194 Loaded shared library C:\Program Files\Java\jdk-23\bin\management.dll
Event: 5.199 Loaded shared library C:\Program Files\Java\jdk-23\bin\management_ext.dll
Event: 5.583 Loaded shared library C:\Program Files\Java\jdk-23\bin\extnet.dll
Event: 6.063 Loaded shared library C:\Program Files\Java\jdk-23\bin\sunmscapi.dll
Event: 34.654 Loaded shared library C:\Program Files\Java\jdk-23\bin\rmi.dll

Deoptimization events (20 events):
Event: 34.680 Thread 0x000002bdab9de460 Uncommon trap: trap_request=0xffffffc6 fr.pc=0x000002bd43d50988 relative=0x00000000000006e8
Event: 34.680 Thread 0x000002bdab9de460 Uncommon trap: reason=bimorphic_or_optimized_type_check action=maybe_recompile pc=0x000002bd43d50988 method=java.io.ObjectOutputStream$BlockDataOutputStream.write([BIIZ)V @ 23 c2
Event: 34.680 Thread 0x000002bdab9de460 DEOPT PACKING pc=0x000002bd43d50988 sp=0x000000f38befc9d0
Event: 34.680 Thread 0x000002bdab9de460 DEOPT UNPACKING pc=0x000002bd43434402 sp=0x000000f38befc978 mode 2
Event: 34.680 Thread 0x000002bdab9de460 Uncommon trap: trap_request=0xffffffc6 fr.pc=0x000002bd43d50988 relative=0x00000000000006e8
Event: 34.680 Thread 0x000002bdab9de460 Uncommon trap: reason=bimorphic_or_optimized_type_check action=maybe_recompile pc=0x000002bd43d50988 method=java.io.ObjectOutputStream$BlockDataOutputStream.write([BIIZ)V @ 23 c2
Event: 34.680 Thread 0x000002bdab9de460 DEOPT PACKING pc=0x000002bd43d50988 sp=0x000000f38befc6c0
Event: 34.680 Thread 0x000002bdab9de460 DEOPT UNPACKING pc=0x000002bd43434402 sp=0x000000f38befc668 mode 2
Event: 34.681 Thread 0x000002bdab9de460 Uncommon trap: trap_request=0xffffffc6 fr.pc=0x000002bd43d50988 relative=0x00000000000006e8
Event: 34.681 Thread 0x000002bdab9de460 Uncommon trap: reason=bimorphic_or_optimized_type_check action=maybe_recompile pc=0x000002bd43d50988 method=java.io.ObjectOutputStream$BlockDataOutputStream.write([BIIZ)V @ 23 c2
Event: 34.681 Thread 0x000002bdab9de460 DEOPT PACKING pc=0x000002bd43d50988 sp=0x000000f38befcb20
Event: 34.681 Thread 0x000002bdab9de460 DEOPT UNPACKING pc=0x000002bd43434402 sp=0x000000f38befcac8 mode 2
Event: 34.682 Thread 0x000002bdab9de460 Uncommon trap: trap_request=0xffffff45 fr.pc=0x000002bd43d50888 relative=0x00000000000005e8
Event: 34.682 Thread 0x000002bdab9de460 Uncommon trap: reason=unstable_if action=reinterpret pc=0x000002bd43d50888 method=java.io.ObjectOutputStream$BlockDataOutputStream.write([BIIZ)V @ 2 c2
Event: 34.682 Thread 0x000002bdab9de460 DEOPT PACKING pc=0x000002bd43d50888 sp=0x000000f38befc690
Event: 34.682 Thread 0x000002bdab9de460 DEOPT UNPACKING pc=0x000002bd43434402 sp=0x000000f38befc678 mode 2
Event: 34.697 Thread 0x000002bdab9dbd00 Uncommon trap: trap_request=0xffffff45 fr.pc=0x000002bd43c160d8 relative=0x0000000000000058
Event: 34.697 Thread 0x000002bdab9dbd00 Uncommon trap: reason=unstable_if action=reinterpret pc=0x000002bd43c160d8 method=java.lang.Thread.getAndClearInterrupt()Z @ 6 c2
Event: 34.697 Thread 0x000002bdab9dbd00 DEOPT PACKING pc=0x000002bd43c160d8 sp=0x000000f38d2ff220
Event: 34.697 Thread 0x000002bdab9dbd00 DEOPT UNPACKING pc=0x000002bd43434402 sp=0x000000f38d2ff158 mode 2

Classes loaded (20 events):
Event: 34.794 Loading class sun/rmi/server/UnicastServerRef$HashToMethod_Maps$1
Event: 34.794 Loading class sun/rmi/server/UnicastServerRef$HashToMethod_Maps$1 done
Event: 34.801 Loading class sun/rmi/server/LoaderHandler$Loader
Event: 34.802 Loading class sun/rmi/server/LoaderHandler$Loader done
Event: 34.809 Loading class java/rmi/server/ServerNotActiveException
Event: 34.809 Loading class java/rmi/server/ServerNotActiveException done
Event: 34.813 Loading class sun/rmi/transport/DGCAckHandler
Event: 34.813 Loading class sun/rmi/transport/DGCAckHandler done
Event: 34.817 Loading class sun/rmi/transport/DGCAckHandler$1
Event: 34.817 Loading class sun/rmi/transport/DGCAckHandler$1 done
Event: 34.932 Loading class sun/rmi/transport/tcp/TCPTransport$ConnectionHandler
Event: 34.932 Loading class sun/rmi/transport/tcp/TCPTransport$ConnectionHandler done
Event: 34.952 Loading class sun/rmi/transport/Transport$1
Event: 34.953 Loading class sun/rmi/transport/Transport$1 done
Event: 34.955 Loading class sun/rmi/transport/DGCImpl$LeaseInfo
Event: 34.955 Loading class sun/rmi/transport/DGCImpl$LeaseInfo done
Event: 34.955 Loading class sun/rmi/transport/DGCImpl$1
Event: 34.955 Loading class sun/rmi/transport/DGCImpl$1 done
Event: 34.955 Loading class sun/rmi/transport/SequenceEntry
Event: 34.957 Loading class sun/rmi/transport/SequenceEntry done

Classes unloaded (0 events):
No events

Classes redefined (0 events):
No events

Internal exceptions (20 events):
Event: 31.288 Thread 0x000002bdab4a7080 Exception <a 'java/lang/NoSuchMethodError'{0x000000060809e480}: static Lorg/jetbrains/kotlin/incremental/ClasspathChanges;.<clinit>()V> (0x000000060809e480) 
thrown [s\open\src\hotspot\share\prims\jni.cpp, line 1111]
Event: 31.319 Thread 0x000002bda6018910 Exception <a 'java/lang/NoSuchMethodError'{0x0000000608226168}: static Lorg/gradle/internal/build/event/types/DefaultWorkItemDescriptor;.<clinit>()V> (0x0000000608226168) 
thrown [s\open\src\hotspot\share\prims\jni.cpp, line 1111]
Event: 31.355 Thread 0x000002bda6018910 Exception <a 'java/lang/NoSuchMethodError'{0x0000000608303b28}: static Lorg/gradle/internal/build/event/types/DefaultTaskSuccessResult;.<clinit>()V> (0x0000000608303b28) 
thrown [s\open\src\hotspot\share\prims\jni.cpp, line 1111]
Event: 31.447 Thread 0x000002bdab9de460 Exception <a 'java/lang/NoSuchMethodError'{0x0000000607dd89b8}: 'long java.lang.invoke.DirectMethodHandle$Holder.invokeStatic(java.lang.Object)'> (0x0000000607dd89b8) 
thrown [s\open\src\hotspot\share\interpreter\linkResolver.cpp, line 796]
Event: 31.448 Thread 0x000002bdab9de460 Exception <a 'java/lang/NoSuchMethodError'{0x0000000607ddbd20}: 'long java.lang.invoke.DirectMethodHandle$Holder.invokeStaticInit(java.lang.Object)'> (0x0000000607ddbd20) 
thrown [s\open\src\hotspot\share\interpreter\linkResolver.cpp, line 796]
Event: 31.477 Thread 0x000002bdab9de460 Exception <a 'java/lang/NoSuchMethodError'{0x0000000607ee5920}: 'int java.lang.invoke.DirectMethodHandle$Holder.invokeStatic(java.lang.Object, long)'> (0x0000000607ee5920) 
thrown [s\open\src\hotspot\share\interpreter\linkResolver.cpp, line 796]
Event: 31.510 Thread 0x000002bdab9de460 Exception <a 'java/lang/NoSuchMethodError'{0x0000000607f67db0}: 'void java.lang.invoke.DirectMethodHandle$Holder.invokeStatic(java.lang.Object, long)'> (0x0000000607f67db0) 
thrown [s\open\src\hotspot\share\interpreter\linkResolver.cpp, line 796]
Event: 31.512 Thread 0x000002bdab9de460 Exception <a 'java/lang/NoSuchMethodError'{0x0000000607f72578}: 'java.lang.Object java.lang.invoke.DirectMethodHandle$Holder.invokeStaticInit(java.lang.Object, long, java.lang.Object)'> (0x0000000607f72578) 
thrown [s\open\src\hotspot\share\interpreter\linkResolver.cpp, line 796]
Event: 31.545 Thread 0x000002bdab9dc390 Implicit null exception at 0x000002bd43c787e0 to 0x000002bd43c788bc
Event: 34.635 Thread 0x000002bdab9de460 Exception <a 'java/lang/NoSuchMethodError'{0x0000000607943040}: static Lorg/jetbrains/kotlin/daemon/common/LoopbackNetworkInterface$AbstractClientLoopbackSocketFactory;.<clinit>()V> (0x0000000607943040) 
thrown [s\open\src\hotspot\share\prims\jni.cpp, line 1111]
Event: 34.636 Thread 0x000002bdab9de460 Exception <a 'java/lang/NoSuchMethodError'{0x000000060794c398}: static Lorg/jetbrains/kotlin/daemon/common/LoopbackNetworkInterface$ClientLoopbackSocketFactory;.<clinit>()V> (0x000000060794c398) 
thrown [s\open\src\hotspot\share\prims\jni.cpp, line 1111]
Event: 34.679 Thread 0x000002bdab9de460 Exception <a 'java/lang/NoSuchMethodError'{0x00000006079b5b48}: static [Ljava/rmi/server/ObjID;.<clinit>()V> (0x00000006079b5b48) 
thrown [s\open\src\hotspot\share\prims\jni.cpp, line 1111]
Event: 34.681 Thread 0x000002bdab9de460 Exception <a 'java/lang/NoSuchMethodError'{0x00000006079eddd0}: static [B.<clinit>()V> (0x00000006079eddd0) 
thrown [s\open\src\hotspot\share\prims\jni.cpp, line 1111]
Event: 34.698 Thread 0x000002bdab9dbd00 Exception <a 'java/lang/NoSuchMethodError'{0x00000006079c8310}: 'java.lang.Object java.lang.invoke.DirectMethodHandle$Holder.invokeSpecial(java.lang.Object, java.lang.Object, int, java.lang.Object, long)'> (0x00000006079c8310) 
thrown [s\open\src\hotspot\share\interpreter\linkResolver.cpp, line 796]
Event: 34.698 Thread 0x000002bdab9dbd00 Exception <a 'java/lang/NoSuchMethodError'{0x00000006079cece8}: 'java.lang.Object java.lang.invoke.DirectMethodHandle$Holder.newInvokeSpecial(java.lang.Object, java.lang.Object, int, java.lang.Object, long)'> (0x00000006079cece8) 
thrown [s\open\src\hotspot\share\interpreter\linkResolver.cpp, line 796]
Event: 34.729 Thread 0x000002bdab9de460 Exception <a 'java/lang/NoSuchMethodError'{0x0000000607a33d40}: static Lorg/jetbrains/kotlin/daemon/common/CompileService$CallResult;.<clinit>()V> (0x0000000607a33d40) 
thrown [s\open\src\hotspot\share\prims\jni.cpp, line 1111]
Event: 34.729 Thread 0x000002bdab9de460 Exception <a 'java/lang/NoSuchMethodError'{0x0000000607a3cf68}: static Lorg/jetbrains/kotlin/daemon/common/CompileService$CallResult$Good;.<clinit>()V> (0x0000000607a3cf68) 
thrown [s\open\src\hotspot\share\prims\jni.cpp, line 1111]
Event: 34.730 Thread 0x000002bdab9de460 Exception <a 'java/lang/NoSuchMethodError'{0x0000000607a47490}: static Lorg/jetbrains/kotlin/daemon/common/DaemonJVMOptions;.<clinit>()V> (0x0000000607a47490) 
thrown [s\open\src\hotspot\share\prims\jni.cpp, line 1111]
Event: 34.745 Thread 0x000002bdab9de460 Exception <a 'java/lang/NoSuchMethodError'{0x0000000607a5dfa8}: static Lorg/jetbrains/kotlin/daemon/common/CompileService$CallResult$Ok;.<clinit>()V> (0x0000000607a5dfa8) 
thrown [s\open\src\hotspot\share\prims\jni.cpp, line 1111]
Event: 34.803 Thread 0x000002bdab9de460 Exception <a 'java/lang/NoSuchMethodError'{0x0000000607bbada8}: static [Ljava/lang/Integer;.<clinit>()V> (0x0000000607bbada8) 
thrown [s\open\src\hotspot\share\prims\jni.cpp, line 1111]

VM Operations (20 events):
Event: 28.486 Executing VM operation: HandshakeAllThreads (Deoptimize)
Event: 28.486 Executing VM operation: HandshakeAllThreads (Deoptimize) done
Event: 28.533 Executing VM operation: HandshakeAllThreads (Deoptimize)
Event: 28.533 Executing VM operation: HandshakeAllThreads (Deoptimize) done
Event: 30.973 Executing VM operation: HandshakeAllThreads (Deoptimize)
Event: 30.973 Executing VM operation: HandshakeAllThreads (Deoptimize) done
Event: 31.005 Executing VM operation: G1CollectForAllocation (G1 Evacuation Pause)
Event: 31.036 Executing VM operation: G1CollectForAllocation (G1 Evacuation Pause) done
Event: 31.233 Executing VM operation: HandshakeAllThreads (Deoptimize)
Event: 31.233 Executing VM operation: HandshakeAllThreads (Deoptimize) done
Event: 31.334 Executing VM operation: HandshakeAllThreads (Deoptimize)
Event: 31.334 Executing VM operation: HandshakeAllThreads (Deoptimize) done
Event: 31.527 Executing VM operation: HandshakeAllThreads (Deoptimize)
Event: 31.528 Executing VM operation: HandshakeAllThreads (Deoptimize) done
Event: 31.530 Executing VM operation: HandshakeAllThreads (Deoptimize)
Event: 31.530 Executing VM operation: HandshakeAllThreads (Deoptimize) done
Event: 34.482 Executing VM operation: HandshakeAllThreads (Deoptimize)
Event: 34.482 Executing VM operation: HandshakeAllThreads (Deoptimize) done
Event: 34.565 Executing VM operation: HandshakeAllThreads (Deoptimize)
Event: 34.565 Executing VM operation: HandshakeAllThreads (Deoptimize) done

Memory protections (0 events):
No events

Nmethod flushes (20 events):
Event: 25.500 Thread 0x000002bd5da574e0 flushing  nmethod 0x000002bd33ccf188
Event: 25.500 Thread 0x000002bd5da574e0 flushing  nmethod 0x000002bd33ccf488
Event: 25.500 Thread 0x000002bd5da574e0 flushing  nmethod 0x000002bd33ce8208
Event: 25.500 Thread 0x000002bd5da574e0 flushing  nmethod 0x000002bd33d01788
Event: 25.500 Thread 0x000002bd5da574e0 flushing  nmethod 0x000002bd33d63888
Event: 25.500 Thread 0x000002bd5da574e0 flushing  nmethod 0x000002bd33daee88
Event: 25.500 Thread 0x000002bd5da574e0 flushing  nmethod 0x000002bd33de6108
Event: 25.500 Thread 0x000002bd5da574e0 flushing  nmethod 0x000002bd33dfbf08
Event: 25.500 Thread 0x000002bd5da574e0 flushing  nmethod 0x000002bd33dff988
Event: 25.500 Thread 0x000002bd5da574e0 flushing  nmethod 0x000002bd33ec0c08
Event: 25.500 Thread 0x000002bd5da574e0 flushing  nmethod 0x000002bd33ec1588
Event: 25.500 Thread 0x000002bd5da574e0 flushing  nmethod 0x000002bd33ec1a88
Event: 25.500 Thread 0x000002bd5da574e0 flushing  nmethod 0x000002bd33ec2988
Event: 25.500 Thread 0x000002bd5da574e0 flushing  nmethod 0x000002bd33eccf88
Event: 25.500 Thread 0x000002bd5da574e0 flushing  nmethod 0x000002bd33f2bd08
Event: 25.500 Thread 0x000002bd5da574e0 flushing  nmethod 0x000002bd33f49088
Event: 25.500 Thread 0x000002bd5da574e0 flushing  nmethod 0x000002bd33f49388
Event: 25.500 Thread 0x000002bd5da574e0 flushing  nmethod 0x000002bd34063c08
Event: 25.500 Thread 0x000002bd5da574e0 flushing  nmethod 0x000002bd34068788
Event: 25.500 Thread 0x000002bd5da574e0 flushing osr nmethod 0x000002bd3412e888

Events (20 events):
Event: 28.934 Thread 0x000002bdab4a7080 Thread added: 0x000002bdab4ab8b0
Event: 28.934 Thread 0x000002bdab4a7080 Thread added: 0x000002bdab4a9150
Event: 29.335 Thread 0x000002bdab4a7080 Thread added: 0x000002bdab4ab220
Event: 29.335 Thread 0x000002bdab4a7080 Thread added: 0x000002bdab4a9e70
Event: 29.335 Thread 0x000002bdab4a7080 Thread added: 0x000002bdab4aa500
Event: 29.414 Thread 0x000002bdab4a7080 Thread added: 0x000002bda9e0ae60
Event: 29.417 Thread 0x000002bdab4a7080 Thread added: 0x000002bdab4aab90
Event: 29.418 Thread 0x000002bdab4a7080 Thread added: 0x000002bdab9dd740
Event: 30.087 Thread 0x000002bdab4a7080 Thread added: 0x000002bdab9deaf0
Event: 30.087 Thread 0x000002bdab4a7080 Thread added: 0x000002bdab9db670
Event: 30.740 Thread 0x000002bda81e6520 Thread exited: 0x000002bda81e6520
Event: 31.298 Thread 0x000002bdab4a7080 Thread added: 0x000002bdab9de460
Event: 31.535 Thread 0x000002bdab9de460 Thread added: 0x000002bdab9dc390
Event: 34.470 Thread 0x000002bdab9dc390 Thread exited: 0x000002bdab9dc390
Event: 34.638 Thread 0x000002bdab9de460 Thread added: 0x000002bdab9dddd0
Event: 34.652 Thread 0x000002bdab9de460 Thread added: 0x000002bdab9dbd00
Event: 34.657 Thread 0x000002bdab9de460 Thread added: 0x000002bdab9dca20
Event: 34.793 Thread 0x000002bdab9de460 Thread added: 0x000002bdab9df810
Event: 34.794 Thread 0x000002bdab9de460 Thread added: 0x000002bdab9dc390
Event: 34.933 Thread 0x000002bdab9df810 Thread added: 0x000002bdab9dfea0


Dynamic libraries:
0x00007ff7481e0000 - 0x00007ff7481f0000 	C:\Program Files\Java\jdk-23\bin\java.exe
0x00007ffa2b180000 - 0x00007ffa2b3e7000 	C:\WINDOWS\SYSTEM32\ntdll.dll
0x00007ffa292b0000 - 0x00007ffa29379000 	C:\WINDOWS\System32\KERNEL32.DLL
0x00007ffa27d00000 - 0x00007ffa280f7000 	C:\WINDOWS\System32\KERNELBASE.dll
0x00007ffa27bb0000 - 0x00007ffa27cfb000 	C:\WINDOWS\System32\ucrtbase.dll
0x00007ffa0bb30000 - 0x00007ffa0bb47000 	C:\Program Files\Java\jdk-23\bin\jli.dll
0x00007ffa0be20000 - 0x00007ffa0be3b000 	C:\Program Files\Java\jdk-23\bin\VCRUNTIME140.dll
0x00007ffa2a150000 - 0x00007ffa2a316000 	C:\WINDOWS\System32\USER32.dll
0x00007ffa28510000 - 0x00007ffa28537000 	C:\WINDOWS\System32\win32u.dll
0x00007ffa0ccd0000 - 0x00007ffa0cf62000 	C:\WINDOWS\WinSxS\amd64_microsoft.windows.common-controls_6595b64144ccf1df_6.0.26100.8457_none_3e0b2faee331e92d\COMCTL32.dll
0x00007ffa29a20000 - 0x00007ffa29a4b000 	C:\WINDOWS\System32\GDI32.dll
0x00007ffa29200000 - 0x00007ffa292a9000 	C:\WINDOWS\System32\msvcrt.dll
0x00007ffa28100000 - 0x00007ffa2822c000 	C:\WINDOWS\System32\gdi32full.dll
0x00007ffa28460000 - 0x00007ffa28503000 	C:\WINDOWS\System32\msvcp_win.dll
0x00007ffa29710000 - 0x00007ffa29742000 	C:\WINDOWS\System32\IMM32.DLL
0x00007ffa0ba90000 - 0x00007ffa0ba9c000 	C:\Program Files\Java\jdk-23\bin\vcruntime140_1.dll
0x00007ff9bfa70000 - 0x00007ff9bfafe000 	C:\Program Files\Java\jdk-23\bin\msvcp140.dll
0x00007ff9788d0000 - 0x00007ff97961f000 	C:\Program Files\Java\jdk-23\bin\server\jvm.dll
0x00007ffa28f10000 - 0x00007ffa28fc6000 	C:\WINDOWS\System32\ADVAPI32.dll
0x00007ffa2b090000 - 0x00007ffa2b137000 	C:\WINDOWS\System32\sechost.dll
0x00007ffa29b50000 - 0x00007ffa29c68000 	C:\WINDOWS\System32\RPCRT4.dll
0x00007ffa29990000 - 0x00007ffa29a10000 	C:\WINDOWS\System32\WS2_32.dll
0x00007ffa27a10000 - 0x00007ffa27a6e000 	C:\WINDOWS\SYSTEM32\POWRPROF.dll
0x00007ffa0a270000 - 0x00007ffa0a2a6000 	C:\WINDOWS\SYSTEM32\WINMM.dll
0x00007ffa15300000 - 0x00007ffa1530b000 	C:\WINDOWS\SYSTEM32\VERSION.dll
0x00007ffa279f0000 - 0x00007ffa27a04000 	C:\WINDOWS\SYSTEM32\UMPDC.dll
0x00007ffa26920000 - 0x00007ffa2693b000 	C:\WINDOWS\SYSTEM32\kernel.appcore.dll
0x00007ffa0b620000 - 0x00007ffa0b62a000 	C:\Program Files\Java\jdk-23\bin\jimage.dll
0x00007ffa25b20000 - 0x00007ffa25d62000 	C:\WINDOWS\SYSTEM32\DBGHELP.DLL
0x00007ffa29380000 - 0x00007ffa29703000 	C:\WINDOWS\System32\combase.dll
0x00007ffa298a0000 - 0x00007ffa29979000 	C:\WINDOWS\System32\OLEAUT32.dll
0x00007ffa00bf0000 - 0x00007ffa00c2b000 	C:\WINDOWS\SYSTEM32\dbgcore.DLL
0x00007ffa283b0000 - 0x00007ffa28458000 	C:\WINDOWS\System32\bcryptPrimitives.dll
0x00007ffa24b90000 - 0x00007ffa24b9f000 	C:\Program Files\Java\jdk-23\bin\instrument.dll
0x00007ff9e8430000 - 0x00007ff9e844e000 	C:\Program Files\Java\jdk-23\bin\java.dll
0x00007ffa29ec0000 - 0x00007ffa2a057000 	C:\WINDOWS\System32\ole32.dll
0x00007ffa2a7b0000 - 0x00007ffa2af1e000 	C:\WINDOWS\System32\SHELL32.dll
0x00007ffa28540000 - 0x00007ffa28dac000 	C:\WINDOWS\System32\windows.storage.dll
0x00007ffa290b0000 - 0x00007ffa291a6000 	C:\WINDOWS\System32\SHCORE.dll
0x00007ffa29e50000 - 0x00007ffa29eb6000 	C:\WINDOWS\System32\shlwapi.dll
0x00007ffa27ad0000 - 0x00007ffa27af9000 	C:\WINDOWS\SYSTEM32\profapi.dll
0x00007ff9bb710000 - 0x00007ff9bb7e7000 	C:\Program Files\Java\jdk-23\bin\jsvml.dll
0x00007ff9dbef0000 - 0x00007ff9dbf07000 	C:\Program Files\Java\jdk-23\bin\zip.dll
0x00007ff9f3260000 - 0x00007ff9f3270000 	C:\Program Files\Java\jdk-23\bin\net.dll
0x00007ffa26eb0000 - 0x00007ffa26f1c000 	C:\WINDOWS\system32\mswsock.dll
0x00007ff9d97b0000 - 0x00007ff9d97c6000 	C:\Program Files\Java\jdk-23\bin\nio.dll
0x00007ff9dee60000 - 0x00007ff9dee70000 	C:\Program Files\Java\jdk-23\bin\verify.dll
0x00007ff9e0b10000 - 0x00007ff9e0b37000 	C:\Users\Bhumi\.gradle\native\1def1411415f61bf3af743bc5b6707747c0891f09f0c88961ee8f79bc544acac\windows-amd64\native-platform.dll
0x00007ff9bb690000 - 0x00007ff9bb708000 	C:\Users\Bhumi\.gradle\native\0.2.7\x86_64-windows-gnu\gradle-fileevents.dll
0x00007ff9d9530000 - 0x00007ff9d953a000 	C:\Program Files\Java\jdk-23\bin\management.dll
0x00007ff9d4530000 - 0x00007ff9d453b000 	C:\Program Files\Java\jdk-23\bin\management_ext.dll
0x00007ffa29980000 - 0x00007ffa29988000 	C:\WINDOWS\System32\PSAPI.DLL
0x00007ffa26350000 - 0x00007ffa26382000 	C:\WINDOWS\SYSTEM32\IPHLPAPI.DLL
0x00007ffa28f00000 - 0x00007ffa28f0a000 	C:\WINDOWS\System32\NSI.dll
0x00007ff9cb460000 - 0x00007ff9cb469000 	C:\Program Files\Java\jdk-23\bin\extnet.dll
0x00007ffa27190000 - 0x00007ffa271ab000 	C:\WINDOWS\SYSTEM32\CRYPTSP.dll
0x00007ffa26870000 - 0x00007ffa268a9000 	C:\WINDOWS\system32\rsaenh.dll
0x00007ffa26f60000 - 0x00007ffa26f93000 	C:\WINDOWS\SYSTEM32\USERENV.dll
0x00007ffa27aa0000 - 0x00007ffa27aca000 	C:\WINDOWS\SYSTEM32\bcrypt.dll
0x00007ffa271b0000 - 0x00007ffa271bc000 	C:\WINDOWS\SYSTEM32\CRYPTBASE.dll
0x00007ffa1a6a0000 - 0x00007ffa1a6ae000 	C:\Program Files\Java\jdk-23\bin\sunmscapi.dll
0x00007ffa28230000 - 0x00007ffa283a8000 	C:\WINDOWS\System32\CRYPT32.dll
0x00007ffa273b0000 - 0x00007ffa273e0000 	C:\WINDOWS\SYSTEM32\ncrypt.dll
0x00007ffa27360000 - 0x00007ffa2739f000 	C:\WINDOWS\SYSTEM32\NTASN1.dll
0x00007ff9e09d0000 - 0x00007ff9e09d8000 	C:\WINDOWS\system32\wshunix.dll
0x00007ff9fe720000 - 0x00007ff9fe738000 	C:\WINDOWS\system32\napinsp.dll
0x00007ffa263f0000 - 0x00007ffa26522000 	C:\WINDOWS\SYSTEM32\DNSAPI.dll
0x00007ff9fe5c0000 - 0x00007ff9fe5d3000 	C:\WINDOWS\System32\winrnr.dll
0x00007ff9fe590000 - 0x00007ff9fe5b2000 	C:\WINDOWS\system32\nlansp_c.dll
0x00007ffa190a0000 - 0x00007ffa190b6000 	C:\WINDOWS\system32\wshbth.dll
0x00007ffa18fd0000 - 0x00007ffa18fdb000 	C:\Windows\System32\rasadhlp.dll
0x00007ffa15900000 - 0x00007ffa15986000 	C:\WINDOWS\System32\fwpuclnt.dll
0x00007ffa24820000 - 0x00007ffa24827000 	C:\Program Files\Java\jdk-23\bin\rmi.dll

dbghelp: loaded successfully - version: 4.0.5 - missing functions: none
symbol engine: initialized successfully - sym options: 0x614 - pdb path: .;C:\Program Files\Java\jdk-23\bin;C:\WINDOWS\SYSTEM32;C:\WINDOWS\WinSxS\amd64_microsoft.windows.common-controls_6595b64144ccf1df_6.0.26100.8457_none_3e0b2faee331e92d;C:\Program Files\Java\jdk-23\bin\server;C:\Users\Bhumi\.gradle\native\1def1411415f61bf3af743bc5b6707747c0891f09f0c88961ee8f79bc544acac\windows-amd64;C:\Users\Bhumi\.gradle\native\0.2.7\x86_64-windows-gnu

VM Arguments:
jvm_args: --add-opens=java.base/java.lang=ALL-UNNAMED --add-opens=java.base/java.lang.invoke=ALL-UNNAMED --add-opens=java.base/java.util=ALL-UNNAMED --add-opens=java.prefs/java.util.prefs=ALL-UNNAMED --add-exports=jdk.compiler/com.sun.tools.javac.api=ALL-UNNAMED --add-exports=jdk.compiler/com.sun.tools.javac.util=ALL-UNNAMED --add-opens=java.base/java.util=ALL-UNNAMED --add-opens=java.prefs/java.util.prefs=ALL-UNNAMED --add-opens=java.base/java.nio.charset=ALL-UNNAMED --add-opens=java.base/java.net=ALL-UNNAMED --add-opens=java.base/java.util.concurrent.atomic=ALL-UNNAMED --add-opens=java.xml/javax.xml.namespace=ALL-UNNAMED -XX:MaxMetaspaceSize=4G -XX:ReservedCodeCacheSize=512m -XX:+HeapDumpOnOutOfMemoryError -Xmx8G -Dfile.encoding=UTF-8 -Duser.country=IN -Duser.language=en -Duser.variant -javaagent:C:\Users\Bhumi\.gradle\wrapper\dists\gradle-8.14-all\c2qonpi39x1mddn7hk5gh9iqj\gradle-8.14\lib\agents\gradle-instrumentation-agent-8.14.jar 
java_command: org.gradle.launcher.daemon.bootstrap.GradleDaemon 8.14
java_class_path (initial): C:\Users\Bhumi\.gradle\wrapper\dists\gradle-8.14-all\c2qonpi39x1mddn7hk5gh9iqj\gradle-8.14\lib\gradle-daemon-main-8.14.jar
Launcher Type: SUN_STANDARD

[Global flags]
     intx CICompilerCount                          = 3                                         {product} {ergonomic}
     uint ConcGCThreads                            = 1                                         {product} {ergonomic}
     uint G1ConcRefinementThreads                  = 4                                         {product} {ergonomic}
   size_t G1HeapRegionSize                         = 4194304                                   {product} {ergonomic}
     bool HeapDumpOnOutOfMemoryError               = true                                   {manageable} {command line}
   size_t InitialHeapSize                          = 134217728                                 {product} {ergonomic}
   size_t MarkStackSize                            = 4194304                                   {product} {ergonomic}
   size_t MarkStackSizeMax                         = 536870912                                 {product} {ergonomic}
   size_t MaxHeapSize                              = 8589934592                                {product} {command line}
   size_t MaxMetaspaceSize                         = 4294967296                                {product} {command line}
   size_t MaxNewSize                               = 5150605312                                {product} {ergonomic}
   size_t MinHeapDeltaBytes                        = 4194304                                   {product} {ergonomic}
   size_t MinHeapSize                              = 8388608                                   {product} {ergonomic}
    uintx NonNMethodCodeHeapSize                   = 5832704                                {pd product} {ergonomic}
    uintx NonProfiledCodeHeapSize                  = 265551872                              {pd product} {ergonomic}
    uintx ProfiledCodeHeapSize                     = 265486336                              {pd product} {ergonomic}
    uintx ReservedCodeCacheSize                    = 536870912                              {pd product} {command line, ergonomic}
     bool SegmentedCodeCache                       = true                                      {product} {ergonomic}
   size_t SoftMaxHeapSize                          = 8589934592                             {manageable} {ergonomic}
     bool UseCompressedOops                        = true                           {product lp64_product} {ergonomic}
     bool UseG1GC                                  = true                                      {product} {ergonomic}
     bool UseLargePagesIndividualAllocation        = false                                  {pd product} {ergonomic}

Logging:
Log output configuration:
 #0: stdout all=warning uptime,level,tags foldmultilines=false
 #1: stderr all=off uptime,level,tags foldmultilines=false

Environment Variables:
PATH=C:\Users\Bhumi\AppData\Local\Programs\Microsoft VS Code;C:\Program Files\Common Files\Oracle\Java\javapath;C:\Program Files (x86)\Common Files\Oracle\Java\java8path;C:\Program Files (x86)\Common Files\Oracle\Java\javapath;C:\windows\system32;C:\windows;C:\windows\System32\Wbem;C:\windows\System32\WindowsPowerShell\v1.0\;C:\windows\System32\OpenSSH\;C:\Users\Bhumi\AppData\Local\Microsoft\WindowsApps;C:\Program Files\Bandizip\;C:\adb;C:\Program Files (x86)\GTK2-Runtime\lib;C:\Program Files\Microsoft SQL Server\Client SDK\ODBC\170\Tools\Binn\;C:\Program Files (x86)\Microsoft SQL Server\150\Tools\Binn\;C:\Program Files\Microsoft SQL Server\150\Tools\Binn\;C:\Program Files\Microsoft SQL Server\150\DTS\Binn\;C:\WINDOWS\system32;C:\WINDOWS;C:\WINDOWS\System32\Wbem;C:\WINDOWS\System32\WindowsPowerShell\v1.0\;C:\WINDOWS\System32\OpenSSH\;C:\Program Files\dotnet\;%JAVA_HOME%\bin;C:\MinGW\bin;C:\Program Files\nodejs\;C:\Program Files\Git\cmd;C:\Program Files\Dart\dart-sdk\bin;C:\flutter\bin;C:\Users\Bhumi\AppData\Local\Programs\Python\Launcher\;C:\Program Files\MySQL\MySQL Shell 8.0\bin\;C:\Users\Bhumi\AppData\Local\Programs\Microsoft VS Code\bin;C:\Users\Bhumi\AppData\Roaming\npm;C:\Users\Bhumi\AppData\Local\Programs\mongosh\;C:\Users\Bhumi\AppData\Local\Python\bin;C:\ProgramData\Bhumi\GitHubDesktop\bin;C:\Users\Bhumi\AppData\Local\GitHubDesktop\bin
USERNAME=Bhumi
OS=Windows_NT
PROCESSOR_IDENTIFIER=Intel64 Family 6 Model 142 Stepping 12, GenuineIntel
TMP=C:\Users\Bhumi\AppData\Local\Temp
TEMP=C:\Users\Bhumi\AppData\Local\Temp




Periodic native trim disabled

---------------  S Y S T E M  ---------------

OS:
 Windows 11 , 64 bit Build 26100 (10.0.26100.8328)
OS uptime: 0 days 2:24 hours
Hyper-V role detected

CPU: total 4 (initial active 4) (2 cores per cpu, 2 threads per core) family 6 model 142 stepping 12 microcode 0xea, cx8, cmov, fxsr, ht, mmx, 3dnowpref, sse, sse2, sse3, ssse3, sse4.1, sse4.2, popcnt, lzcnt, tsc, tscinvbit, avx, avx2, aes, erms, clmul, bmi1, bmi2, adx, fma, vzeroupper, clflush, clflushopt, hv, rdtscp, f16c
Processor Information for the first 4 processors :
  Max Mhz: 2592, Current Mhz: 2093, Mhz Limit: 2073

Memory: 4k page, system-wide physical 7996M (609M free)
TotalPageFile size 18985M (AvailPageFile size 1M)
current process WorkingSet (physical memory assigned to process): 360M, peak: 386M
current process commit charge ("private bytes"): 389M, peak: 417M

vm_info: Java HotSpot(TM) 64-Bit Server VM (23.0.1+11-39) for windows-amd64 JRE (23.0.1+11-39), built on 2024-09-30T07:20:43Z with MS VC++ 17.6 (VS2022)

END.
