#
# There is insufficient memory for the Java Runtime Environment to continue.
# Native memory allocation (malloc) failed to allocate 32744 bytes. Error detail: Chunk::new
# Possible reasons:
#   The system is out of physical RAM or swap space
#   This process is running with CompressedOops enabled, and the Java Heap may be blocking the growth of the native heap
# Possible solutions:
#   Reduce memory load on the system
#   Increase physical memory or swap space
#   Check if swap backing store is full
#   Decrease Java heap size (-Xmx/-Xms)
#   Decrease number of Java threads
#   Decrease Java thread stack sizes (-Xss)
#   Set larger code cache with -XX:ReservedCodeCacheSize=
#   JVM is running with Unscaled Compressed Oops mode in which the Java heap is
#     placed in the first 4GB address space. The Java Heap base address is the
#     maximum limit for the native heap growth. Please use -XX:HeapBaseMinAddress
#     to set the Java Heap base and to place the Java Heap above 4GB virtual address.
# This output file may be truncated or incomplete.
#
#  Out of Memory Error (arena.cpp:168), pid=6176, tid=11868
#
# JRE version: OpenJDK Runtime Environment Temurin-21.0.10+7 (21.0.10+7) (build 21.0.10+7-LTS)
# Java VM: OpenJDK 64-Bit Server VM Temurin-21.0.10+7 (21.0.10+7-LTS, mixed mode, sharing, tiered, compressed oops, compressed class ptrs, parallel gc, windows-amd64)
# No core dump will be written. Minidumps are not enabled by default on client versions of Windows
#

---------------  S U M M A R Y ------------

Command Line: --add-modules=ALL-SYSTEM --add-opens=java.base/java.util=ALL-UNNAMED --add-opens=java.base/java.lang=ALL-UNNAMED --add-opens=java.base/sun.nio.fs=ALL-UNNAMED -Declipse.application=org.eclipse.jdt.ls.core.id1 -Dosgi.bundles.defaultStartLevel=4 -Declipse.product=org.eclipse.jdt.ls.core.product -Djava.import.generatesMetadataFilesAtProjectRoot=false -DDetectVMInstallationsJob.disabled=true -Dfile.encoding=utf8 -XX:+UseParallelGC -XX:GCTimeRatio=4 -XX:AdaptiveSizePolicyWeight=90 -Dsun.zip.disableMemoryMapping=true -Xmx2G -Xms100m -Xlog:disable -javaagent:c:\Users\Bhumi\.vscode\extensions\redhat.java-1.54.0-win32-x64\lombok\lombok-1.18.39-4050.jar -XX:+HeapDumpOnOutOfMemoryError -XX:HeapDumpPath=c:\Users\Bhumi\AppData\Roaming\Code\User\workspaceStorage\99dc9a965f1c481dea11390a2d6cf309\redhat.java -Daether.dependencyCollector.impl=bf c:\Users\Bhumi\.vscode\extensions\redhat.java-1.54.0-win32-x64\server\plugins\org.eclipse.equinox.launcher_1.7.100.v20251111-0406.jar -configuration c:\Users\Bhumi\AppData\Roaming\Code\User\globalStorage\redhat.java\1.54.0\config_win -data c:\Users\Bhumi\AppData\Roaming\Code\User\workspaceStorage\99dc9a965f1c481dea11390a2d6cf309\redhat.java\jdt_ws --pipe=\\.\pipe\lsp-6158b426d6efb8b57f8b2e3f4253c277-sock

Host: Intel(R) Core(TM) i3-10110U CPU @ 2.10GHz, 4 cores, 7G,  Windows 11 , 64 bit Build 26100 (10.0.26100.8328)
Time: Tue May 19 09:10:06 2026 India Standard Time elapsed time: 143.668826 seconds (0d 0h 2m 23s)

---------------  T H R E A D  ---------------

Current thread (0x0000016fd09d1b90):  JavaThread "C2 CompilerThread0" daemon [_thread_in_native, id=11868, stack(0x00000054ff400000,0x00000054ff500000) (1024K)]


Current CompileTask:
C2:143669 7903       4       java.io.ObjectInputStream::readClassDesc (121 bytes)

Stack: [0x00000054ff400000,0x00000054ff500000]
Native frames: (J=compiled Java code, j=interpreted, Vv=VM code, C=native code)
V  [jvm.dll+0x6d7a39]
V  [jvm.dll+0x8b4b26]
V  [jvm.dll+0x8b70de]
V  [jvm.dll+0x8b77c3]
V  [jvm.dll+0x284346]
V  [jvm.dll+0xc66ed]
V  [jvm.dll+0xc6c31]
V  [jvm.dll+0x3c46ad]
V  [jvm.dll+0x3c3cc1]
V  [jvm.dll+0x3c3d04]
V  [jvm.dll+0x5ded6b]
V  [jvm.dll+0x5df4fc]
V  [jvm.dll+0x38b191]
V  [jvm.dll+0x38a5aa]
V  [jvm.dll+0x24c560]
V  [jvm.dll+0x24bb40]
V  [jvm.dll+0x1cb34e]
V  [jvm.dll+0x25b85d]
V  [jvm.dll+0x259dea]
V  [jvm.dll+0x3f857e]
V  [jvm.dll+0x85f59d]
V  [jvm.dll+0x6d626d]
C  [ucrtbase.dll+0x37b0]
C  [KERNEL32.DLL+0x2e957]
C  [ntdll.dll+0x427c]


---------------  P R O C E S S  ---------------

Threads class SMR info:
_java_thread_list=0x000001701b3abe50, length=43, elements={
0x0000016fb80d0780, 0x0000016fd099bd80, 0x0000016fd099fa80, 0x0000016fd09a5190,
0x0000016fd09a7d00, 0x0000016fd09adce0, 0x0000016fd09ce750, 0x0000016fd09d1b90,
0x0000016fd09f65c0, 0x00000170128f14f0, 0x0000017012a28840, 0x000001701788f9c0,
0x0000017017978510, 0x0000017017971ae0, 0x0000017017970e40, 0x0000017017a9b4e0,
0x0000017017b89540, 0x00000170180372a0, 0x00000170170c2470, 0x00000170170c5260,
0x00000170170c3820, 0x00000170170c3190, 0x00000170170c3eb0, 0x000001701913f750,
0x000001701913e3a0, 0x000001701913ea30, 0x000001701913cff0, 0x000001701913dd10,
0x0000017019140470, 0x0000017019140b00, 0x000001701913d680, 0x0000017019143260,
0x00000170191438f0, 0x0000017019141190, 0x0000017019142bd0, 0x0000017019144610,
0x000001701913f0c0, 0x0000017019141820, 0x0000017019143f80, 0x0000017019141eb0,
0x0000017019142540, 0x000001701875dac0, 0x000001701875e150
}

Java Threads: ( => current thread )
  0x0000016fb80d0780 JavaThread "main"                              [_thread_blocked, id=17720, stack(0x00000054fea00000,0x00000054feb00000) (1024K)]
  0x0000016fd099bd80 JavaThread "Reference Handler"          daemon [_thread_blocked, id=3336, stack(0x00000054fee00000,0x00000054fef00000) (1024K)]
  0x0000016fd099fa80 JavaThread "Finalizer"                  daemon [_thread_blocked, id=18304, stack(0x00000054fef00000,0x00000054ff000000) (1024K)]
  0x0000016fd09a5190 JavaThread "Signal Dispatcher"          daemon [_thread_blocked, id=9680, stack(0x00000054ff000000,0x00000054ff100000) (1024K)]
  0x0000016fd09a7d00 JavaThread "Attach Listener"            daemon [_thread_blocked, id=17960, stack(0x00000054ff100000,0x00000054ff200000) (1024K)]
  0x0000016fd09adce0 JavaThread "Service Thread"             daemon [_thread_blocked, id=8896, stack(0x00000054ff200000,0x00000054ff300000) (1024K)]
  0x0000016fd09ce750 JavaThread "Monitor Deflation Thread"   daemon [_thread_blocked, id=16552, stack(0x00000054ff300000,0x00000054ff400000) (1024K)]
=>0x0000016fd09d1b90 JavaThread "C2 CompilerThread0"         daemon [_thread_in_native, id=11868, stack(0x00000054ff400000,0x00000054ff500000) (1024K)]
  0x0000016fd09f65c0 JavaThread "C1 CompilerThread0"         daemon [_thread_in_vm, id=7604, stack(0x00000054ff500000,0x00000054ff600000) (1024K)]
  0x00000170128f14f0 JavaThread "Common-Cleaner"             daemon [_thread_blocked, id=13420, stack(0x00000054ff600000,0x00000054ff700000) (1024K)]
  0x0000017012a28840 JavaThread "Notification Thread"        daemon [_thread_blocked, id=12884, stack(0x00000054ff700000,0x00000054ff800000) (1024K)]
  0x000001701788f9c0 JavaThread "Active Thread: Equinox Container: 40ab58e4-82aa-4e8e-ba26-24e84e3175ab"        [_thread_blocked, id=1284, stack(0x00000054ffc00000,0x00000054ffd00000) (1024K)]
  0x0000017017978510 JavaThread "Refresh Thread: Equinox Container: 40ab58e4-82aa-4e8e-ba26-24e84e3175ab" daemon [_thread_blocked, id=9280, stack(0x00000054ffd00000,0x00000054ffe00000) (1024K)]
  0x0000017017971ae0 JavaThread "Framework Event Dispatcher: Equinox Container: 40ab58e4-82aa-4e8e-ba26-24e84e3175ab" daemon [_thread_blocked, id=15156, stack(0x00000054ffe00000,0x00000054fff00000) (1024K)]
  0x0000017017970e40 JavaThread "Start Level: Equinox Container: 40ab58e4-82aa-4e8e-ba26-24e84e3175ab" daemon [_thread_blocked, id=16004, stack(0x00000054fff00000,0x0000005500000000) (1024K)]
  0x0000017017a9b4e0 JavaThread "Bundle File Closer"         daemon [_thread_blocked, id=3624, stack(0x0000005480000000,0x0000005480100000) (1024K)]
  0x0000017017b89540 JavaThread "SCR Component Actor"        daemon [_thread_blocked, id=3680, stack(0x0000005480100000,0x0000005480200000) (1024K)]
  0x00000170180372a0 JavaThread "Worker-JM"                         [_thread_blocked, id=11292, stack(0x0000005480200000,0x0000005480300000) (1024K)]
  0x00000170170c2470 JavaThread "JNA Cleaner"                daemon [_thread_blocked, id=15252, stack(0x0000005480300000,0x0000005480400000) (1024K)]
  0x00000170170c5260 JavaThread "Worker-0"                          [_thread_blocked, id=3588, stack(0x0000005480400000,0x0000005480500000) (1024K)]
  0x00000170170c3820 JavaThread "Worker-2"                          [_thread_blocked, id=8572, stack(0x0000005480600000,0x0000005480700000) (1024K)]
  0x00000170170c3190 JavaThread "Worker-4: Initialize Workspace"        [_thread_blocked, id=17684, stack(0x0000005480b00000,0x0000005480c00000) (1024K)]
  0x00000170170c3eb0 JavaThread "Worker-5: Synchronize Gradle projects with workspace"        [_thread_blocked, id=6336, stack(0x0000005480c00000,0x0000005480d00000) (1024K)]
  0x000001701913f750 JavaThread "Timer-0"                           [_thread_blocked, id=5360, stack(0x0000005480d00000,0x0000005480e00000) (1024K)]
  0x000001701913e3a0 JavaThread "Java indexing"              daemon [_thread_blocked, id=1820, stack(0x0000005480f00000,0x0000005481000000) (1024K)]
  0x000001701913ea30 JavaThread "Timer-1"                           [_thread_blocked, id=16600, stack(0x0000005481000000,0x0000005481100000) (1024K)]
  0x000001701913cff0 JavaThread "Thread-4"                   daemon [_thread_in_native, id=5020, stack(0x0000005481200000,0x0000005481300000) (1024K)]
  0x000001701913dd10 JavaThread "Thread-5"                   daemon [_thread_in_native, id=9304, stack(0x0000005481300000,0x0000005481400000) (1024K)]
  0x0000017019140470 JavaThread "Thread-6"                   daemon [_thread_in_native, id=11960, stack(0x0000005481400000,0x0000005481500000) (1024K)]
  0x0000017019140b00 JavaThread "Thread-7"                   daemon [_thread_in_native, id=10472, stack(0x0000005481500000,0x0000005481600000) (1024K)]
  0x000001701913d680 JavaThread "Thread-8"                   daemon [_thread_in_native, id=4220, stack(0x0000005481600000,0x0000005481700000) (1024K)]
  0x0000017019143260 JavaThread "pool-2-thread-1"                   [_thread_blocked, id=9472, stack(0x0000005481700000,0x0000005481800000) (1024K)]
  0x00000170191438f0 JavaThread "WorkspaceEventsHandler"            [_thread_blocked, id=10496, stack(0x0000005481800000,0x0000005481900000) (1024K)]
  0x0000017019141190 JavaThread "pool-1-thread-1"                   [_thread_blocked, id=9784, stack(0x0000005481900000,0x0000005481a00000) (1024K)]
  0x0000017019142bd0 JavaThread "ProjectImportProgressReporter" daemon [_thread_blocked, id=8496, stack(0x0000005480e00000,0x0000005480f00000) (1024K)]
  0x0000017019144610 JavaThread "Timer-2"                           [_thread_blocked, id=6380, stack(0x0000005481a00000,0x0000005481b00000) (1024K)]
  0x000001701913f0c0 JavaThread "Timer-3"                           [_thread_blocked, id=18316, stack(0x0000005481100000,0x0000005481200000) (1024K)]
  0x0000017019141820 JavaThread "Timer-4"                           [_thread_blocked, id=16476, stack(0x0000005481b00000,0x0000005481c00000) (1024K)]
  0x0000017019143f80 JavaThread "Timer-5"                           [_thread_blocked, id=7184, stack(0x0000005481d00000,0x0000005481e00000) (1024K)]
  0x0000017019141eb0 JavaThread "Timer-6"                           [_thread_blocked, id=18084, stack(0x0000005481c00000,0x0000005481d00000) (1024K)]
  0x0000017019142540 JavaThread "Timer-7"                           [_thread_blocked, id=9568, stack(0x0000005481e00000,0x0000005481f00000) (1024K)]
  0x000001701875dac0 JavaThread "Connection worker"                 [_thread_blocked, id=11688, stack(0x0000005481f00000,0x0000005482000000) (1024K)]
  0x000001701875e150 JavaThread "pool-3-thread-1"                   [_thread_blocked, id=13712, stack(0x0000005482000000,0x0000005482100000) (1024K)]
Total: 43

Other Threads:
  0x0000016fb818d400 VMThread "VM Thread"                           [id=17576, stack(0x00000054fed00000,0x00000054fee00000) (1024K)] _threads_hazard_ptr=0x000001701b3abe50
  0x0000016fd093ca00 WatcherThread "VM Periodic Task Thread"        [id=5852, stack(0x00000054fec00000,0x00000054fed00000) (1024K)]
  0x0000016fb80edcf0 WorkerThread "GC Thread#0"                     [id=18300, stack(0x00000054feb00000,0x00000054fec00000) (1024K)]
  0x00000170177734c0 WorkerThread "GC Thread#1"                     [id=3940, stack(0x00000054ff900000,0x00000054ffa00000) (1024K)]
  0x0000017017233b30 WorkerThread "GC Thread#2"                     [id=10916, stack(0x00000054ffa00000,0x00000054ffb00000) (1024K)]
  0x0000017017233ee0 WorkerThread "GC Thread#3"                     [id=2532, stack(0x00000054ffb00000,0x00000054ffc00000) (1024K)]
Total: 6

Threads with active compile tasks:
C2 CompilerThread0  143725 7903       4       java.io.ObjectInputStream::readClassDesc (121 bytes)
C1 CompilerThread0  143726 7915       3       sun.nio.ch.WEPollSelectorImpl::processEvents (152 bytes)
Total: 2

VM state: synchronizing (normal execution)

VM Mutex/Monitor currently owned by a thread:  ([mutex/lock_event])
[0x00007ffe6685e560] Threads_lock - owner thread: 0x0000016fb818d400

Heap address: 0x0000000080000000, size: 2048 MB, Compressed Oops mode: 32-bit

CDS archive(s) mapped at: [0x0000016fd1000000-0x0000016fd1ba0000-0x0000016fd1ba0000), size 12189696, SharedBaseAddress: 0x0000016fd1000000, ArchiveRelocationMode: 1.
Compressed class space mapped at: 0x0000016fd2000000-0x0000017012000000, reserved size: 1073741824
Narrow klass base: 0x0000016fd1000000, Narrow klass shift: 0, Narrow klass range: 0x100000000

GC Precious Log:
 CardTable entry size: 512
 CPUs: 4 total, 4 available
 Memory: 7996M
 Large Page Support: Disabled
 NUMA Support: Disabled
 Compressed Oops: Enabled (32-bit)
 Alignments: Space 512K, Generation 512K, Heap 2M
 Heap Min Capacity: 100M
 Heap Initial Capacity: 100M
 Heap Max Capacity: 2G
 Pre-touch: Disabled
 Parallel Workers: 4

Heap:
 PSYoungGen      total 23040K, used 5821K [0x00000000d5580000, 0x00000000d7100000, 0x0000000100000000)
  eden space 22016K, 22% used [0x00000000d5580000,0x00000000d5a6b538,0x00000000d6b00000)
  from space 1024K, 76% used [0x00000000d7000000,0x00000000d70c4020,0x00000000d7100000)
  to   space 1024K, 0% used [0x00000000d6f00000,0x00000000d6f00000,0x00000000d7000000)
 ParOldGen       total 68608K, used 40475K [0x0000000080000000, 0x0000000084300000, 0x00000000d5580000)
  object space 68608K, 58% used [0x0000000080000000,0x0000000082786da8,0x0000000084300000)
 Metaspace       used 64602K, committed 66112K, reserved 1114112K
  class space    used 8180K, committed 8832K, reserved 1048576K

Card table byte_map: [0x0000016fcbd70000,0x0000016fcc180000] _byte_map_base: 0x0000016fcb970000

Marking Bits: (ParMarkBitMap*) 0x00007ffe66863450
 Begin Bits: [0x0000016fcc430000, 0x0000016fce430000)
 End Bits:   [0x0000016fce430000, 0x0000016fd0430000)

Polling page: 0x0000016fb8040000

Metaspace:

Usage:
  Non-class:     55.10 MB used.
      Class:      7.99 MB used.
       Both:     63.09 MB used.

Virtual space:
  Non-class space:       64.00 MB reserved,      55.94 MB ( 87%) committed,  1 nodes.
      Class space:        1.00 GB reserved,       8.62 MB ( <1%) committed,  1 nodes.
             Both:        1.06 GB reserved,      64.56 MB (  6%) committed. 

Chunk freelists:
   Non-Class:  7.86 MB
       Class:  7.43 MB
        Both:  15.29 MB

MaxMetaspaceSize: unlimited
CompressedClassSpaceSize: 1.00 GB
Initial GC threshold: 21.00 MB
Current GC threshold: 97.31 MB
CDS: on
 - commit_granule_bytes: 65536.
 - commit_granule_words: 8192.
 - virtual_space_node_default_size: 8388608.
 - enlarge_chunks_in_place: 1.
 - use_allocation_guard: 0.


Internal statistics:

num_allocs_failed_limit: 9.
num_arena_births: 1238.
num_arena_deaths: 14.
num_vsnodes_births: 2.
num_vsnodes_deaths: 0.
num_space_committed: 1033.
num_space_uncommitted: 0.
num_chunks_returned_to_freelist: 23.
num_chunks_taken_from_freelist: 4139.
num_chunk_merges: 12.
num_chunk_splits: 2630.
num_chunks_enlarged: 1563.
num_inconsistent_stats: 0.

CodeHeap 'non-profiled nmethods': size=120000Kb used=4683Kb max_used=4683Kb free=115316Kb
 bounds [0x0000016fc4660000, 0x0000016fc4b00000, 0x0000016fcbb90000]
CodeHeap 'profiled nmethods': size=120000Kb used=14787Kb max_used=14787Kb free=105212Kb
 bounds [0x0000016fbcb90000, 0x0000016fbda10000, 0x0000016fc40c0000]
CodeHeap 'non-nmethods': size=5760Kb used=1391Kb max_used=1439Kb free=4368Kb
 bounds [0x0000016fc40c0000, 0x0000016fc4330000, 0x0000016fc4660000]
CodeCache: size=245760Kb, used=20861Kb, max_used=20909Kb, free=224896Kb
 total_blobs=7842, nmethods=7147, adapters=601, full_count=0
Compilation: enabled, stopped_count=0, restarted_count=0

Compilation events (20 events):
Event: 143.241 Thread 0x0000016fd09f65c0 nmethod 7902 0x0000016fbd9fb390 code [0x0000016fbd9fb660, 0x0000016fbd9fc608]
Event: 143.274 Thread 0x0000016fd09d1b90 7903       4       java.io.ObjectInputStream::readClassDesc (121 bytes)
Event: 143.322 Thread 0x0000016fd09f65c0 7905   !   3       sun.nio.ch.WEPollSelectorImpl::doSelect (132 bytes)
Event: 143.324 Thread 0x0000016fd09f65c0 nmethod 7905 0x0000016fbd9fcc10 code [0x0000016fbd9fcee0, 0x0000016fbd9fda58]
Event: 143.342 Thread 0x0000016fd09f65c0 7906       3       sun.nio.ch.WEPoll::getEvent (9 bytes)
Event: 143.343 Thread 0x0000016fd09f65c0 nmethod 7906 0x0000016fbd9fe090 code [0x0000016fbd9fe220, 0x0000016fbd9fe318]
Event: 143.343 Thread 0x0000016fd09f65c0 7907       3       sun.nio.ch.WEPoll::getDescriptor (34 bytes)
Event: 143.343 Thread 0x0000016fd09f65c0 nmethod 7907 0x0000016fbd9fe390 code [0x0000016fbd9fe540, 0x0000016fbd9fe668]
Event: 143.343 Thread 0x0000016fd09f65c0 7908       3       sun.nio.ch.WEPoll::getSocket (35 bytes)
Event: 143.343 Thread 0x0000016fd09f65c0 nmethod 7908 0x0000016fbd9fe710 code [0x0000016fbd9fe8c0, 0x0000016fbd9fea38]
Event: 143.343 Thread 0x0000016fd09f65c0 7909       3       sun.nio.ch.WEPoll::getEvents (13 bytes)
Event: 143.344 Thread 0x0000016fd09f65c0 nmethod 7909 0x0000016fbd9feb10 code [0x0000016fbd9fecc0, 0x0000016fbd9fee20]
Event: 143.344 Thread 0x0000016fd09f65c0 7910       3       sun.nio.ch.WEPollSelectorImpl::toReadyOps (58 bytes)
Event: 143.344 Thread 0x0000016fd09f65c0 nmethod 7910 0x0000016fbd9fef10 code [0x0000016fbd9ff0c0, 0x0000016fbd9ff290]
Event: 143.344 Thread 0x0000016fd09f65c0 7911       3       sun.nio.ch.SelectorImpl::processReadyEvents (115 bytes)
Event: 143.346 Thread 0x0000016fd09f65c0 nmethod 7911 0x0000016fbd9ff310 code [0x0000016fbd9ff5a0, 0x0000016fbda00120]
Event: 143.346 Thread 0x0000016fd09f65c0 7912       3       java.nio.MappedByteBuffer::clear (5 bytes)
Event: 143.347 Thread 0x0000016fd09f65c0 nmethod 7912 0x0000016fbda00510 code [0x0000016fbda006c0, 0x0000016fbda00900]
Event: 143.347 Thread 0x0000016fd09f65c0 7913       3       java.nio.MappedByteBuffer::clear (7 bytes)
Event: 143.347 Thread 0x0000016fd09f65c0 nmethod 7913 0x0000016fbda00a10 code [0x0000016fbda00bc0, 0x0000016fbda00da0]

GC Heap History (20 events):
Event: 46.004 GC heap before
{Heap before GC invocations=34 (full 3):
 PSYoungGen      total 22528K, used 22469K [0x00000000d5580000, 0x00000000d7100000, 0x0000000100000000)
  eden space 22016K, 100% used [0x00000000d5580000,0x00000000d6b00000,0x00000000d6b00000)
  from space 512K, 88% used [0x00000000d7080000,0x00000000d70f1528,0x00000000d7100000)
  to   space 512K, 0% used [0x00000000d7000000,0x00000000d7000000,0x00000000d7080000)
 ParOldGen       total 68608K, used 39238K [0x0000000080000000, 0x0000000084300000, 0x00000000d5580000)
  object space 68608K, 57% used [0x0000000080000000,0x0000000082651990,0x0000000084300000)
 Metaspace       used 60473K, committed 61824K, reserved 1114112K
  class space    used 7622K, committed 8192K, reserved 1048576K
}
Event: 46.008 GC heap after
{Heap after GC invocations=34 (full 3):
 PSYoungGen      total 22528K, used 484K [0x00000000d5580000, 0x00000000d7100000, 0x0000000100000000)
  eden space 22016K, 0% used [0x00000000d5580000,0x00000000d5580000,0x00000000d6b00000)
  from space 512K, 94% used [0x00000000d7000000,0x00000000d7079390,0x00000000d7080000)
  to   space 512K, 0% used [0x00000000d7080000,0x00000000d7080000,0x00000000d7100000)
 ParOldGen       total 68608K, used 39417K [0x0000000080000000, 0x0000000084300000, 0x00000000d5580000)
  object space 68608K, 57% used [0x0000000080000000,0x000000008267e510,0x0000000084300000)
 Metaspace       used 60473K, committed 61824K, reserved 1114112K
  class space    used 7622K, committed 8192K, reserved 1048576K
}
Event: 46.878 GC heap before
{Heap before GC invocations=35 (full 3):
 PSYoungGen      total 22528K, used 22500K [0x00000000d5580000, 0x00000000d7100000, 0x0000000100000000)
  eden space 22016K, 100% used [0x00000000d5580000,0x00000000d6b00000,0x00000000d6b00000)
  from space 512K, 94% used [0x00000000d7000000,0x00000000d7079390,0x00000000d7080000)
  to   space 512K, 0% used [0x00000000d7080000,0x00000000d7080000,0x00000000d7100000)
 ParOldGen       total 68608K, used 39417K [0x0000000080000000, 0x0000000084300000, 0x00000000d5580000)
  object space 68608K, 57% used [0x0000000080000000,0x000000008267e510,0x0000000084300000)
 Metaspace       used 60473K, committed 61824K, reserved 1114112K
  class space    used 7622K, committed 8192K, reserved 1048576K
}
Event: 46.880 GC heap after
{Heap after GC invocations=35 (full 3):
 PSYoungGen      total 22528K, used 160K [0x00000000d5580000, 0x00000000d7100000, 0x0000000100000000)
  eden space 22016K, 0% used [0x00000000d5580000,0x00000000d5580000,0x00000000d6b00000)
  from space 512K, 31% used [0x00000000d7080000,0x00000000d70a8000,0x00000000d7100000)
  to   space 512K, 0% used [0x00000000d7000000,0x00000000d7000000,0x00000000d7080000)
 ParOldGen       total 68608K, used 39641K [0x0000000080000000, 0x0000000084300000, 0x00000000d5580000)
  object space 68608K, 57% used [0x0000000080000000,0x00000000826b6510,0x0000000084300000)
 Metaspace       used 60473K, committed 61824K, reserved 1114112K
  class space    used 7622K, committed 8192K, reserved 1048576K
}
Event: 48.241 GC heap before
{Heap before GC invocations=36 (full 3):
 PSYoungGen      total 22528K, used 22176K [0x00000000d5580000, 0x00000000d7100000, 0x0000000100000000)
  eden space 22016K, 100% used [0x00000000d5580000,0x00000000d6b00000,0x00000000d6b00000)
  from space 512K, 31% used [0x00000000d7080000,0x00000000d70a8000,0x00000000d7100000)
  to   space 512K, 0% used [0x00000000d7000000,0x00000000d7000000,0x00000000d7080000)
 ParOldGen       total 68608K, used 39641K [0x0000000080000000, 0x0000000084300000, 0x00000000d5580000)
  object space 68608K, 57% used [0x0000000080000000,0x00000000826b6510,0x0000000084300000)
 Metaspace       used 60473K, committed 61824K, reserved 1114112K
  class space    used 7622K, committed 8192K, reserved 1048576K
}
Event: 48.242 GC heap after
{Heap after GC invocations=36 (full 3):
 PSYoungGen      total 22528K, used 427K [0x00000000d5580000, 0x00000000d7100000, 0x0000000100000000)
  eden space 22016K, 0% used [0x00000000d5580000,0x00000000d5580000,0x00000000d6b00000)
  from space 512K, 83% used [0x00000000d7000000,0x00000000d706acf8,0x00000000d7080000)
  to   space 512K, 0% used [0x00000000d7080000,0x00000000d7080000,0x00000000d7100000)
 ParOldGen       total 68608K, used 39673K [0x0000000080000000, 0x0000000084300000, 0x00000000d5580000)
  object space 68608K, 57% used [0x0000000080000000,0x00000000826be510,0x0000000084300000)
 Metaspace       used 60473K, committed 61824K, reserved 1114112K
  class space    used 7622K, committed 8192K, reserved 1048576K
}
Event: 49.876 GC heap before
{Heap before GC invocations=37 (full 3):
 PSYoungGen      total 22528K, used 22443K [0x00000000d5580000, 0x00000000d7100000, 0x0000000100000000)
  eden space 22016K, 100% used [0x00000000d5580000,0x00000000d6b00000,0x00000000d6b00000)
  from space 512K, 83% used [0x00000000d7000000,0x00000000d706acf8,0x00000000d7080000)
  to   space 512K, 0% used [0x00000000d7080000,0x00000000d7080000,0x00000000d7100000)
 ParOldGen       total 68608K, used 39673K [0x0000000080000000, 0x0000000084300000, 0x00000000d5580000)
  object space 68608K, 57% used [0x0000000080000000,0x00000000826be510,0x0000000084300000)
 Metaspace       used 60473K, committed 61824K, reserved 1114112K
  class space    used 7622K, committed 8192K, reserved 1048576K
}
Event: 49.877 GC heap after
{Heap after GC invocations=37 (full 3):
 PSYoungGen      total 22528K, used 128K [0x00000000d5580000, 0x00000000d7100000, 0x0000000100000000)
  eden space 22016K, 0% used [0x00000000d5580000,0x00000000d5580000,0x00000000d6b00000)
  from space 512K, 25% used [0x00000000d7080000,0x00000000d70a0000,0x00000000d7100000)
  to   space 512K, 0% used [0x00000000d7000000,0x00000000d7000000,0x00000000d7080000)
 ParOldGen       total 68608K, used 39697K [0x0000000080000000, 0x0000000084300000, 0x00000000d5580000)
  object space 68608K, 57% used [0x0000000080000000,0x00000000826c4510,0x0000000084300000)
 Metaspace       used 60473K, committed 61824K, reserved 1114112K
  class space    used 7622K, committed 8192K, reserved 1048576K
}
Event: 51.787 GC heap before
{Heap before GC invocations=38 (full 3):
 PSYoungGen      total 22528K, used 22144K [0x00000000d5580000, 0x00000000d7100000, 0x0000000100000000)
  eden space 22016K, 100% used [0x00000000d5580000,0x00000000d6b00000,0x00000000d6b00000)
  from space 512K, 25% used [0x00000000d7080000,0x00000000d70a0000,0x00000000d7100000)
  to   space 512K, 0% used [0x00000000d7000000,0x00000000d7000000,0x00000000d7080000)
 ParOldGen       total 68608K, used 39697K [0x0000000080000000, 0x0000000084300000, 0x00000000d5580000)
  object space 68608K, 57% used [0x0000000080000000,0x00000000826c4510,0x0000000084300000)
 Metaspace       used 60475K, committed 61824K, reserved 1114112K
  class space    used 7622K, committed 8192K, reserved 1048576K
}
Event: 51.791 GC heap after
{Heap after GC invocations=38 (full 3):
 PSYoungGen      total 22528K, used 192K [0x00000000d5580000, 0x00000000d7100000, 0x0000000100000000)
  eden space 22016K, 0% used [0x00000000d5580000,0x00000000d5580000,0x00000000d6b00000)
  from space 512K, 37% used [0x00000000d7000000,0x00000000d7030000,0x00000000d7080000)
  to   space 512K, 0% used [0x00000000d7080000,0x00000000d7080000,0x00000000d7100000)
 ParOldGen       total 68608K, used 39705K [0x0000000080000000, 0x0000000084300000, 0x00000000d5580000)
  object space 68608K, 57% used [0x0000000080000000,0x00000000826c6510,0x0000000084300000)
 Metaspace       used 60475K, committed 61824K, reserved 1114112K
  class space    used 7622K, committed 8192K, reserved 1048576K
}
Event: 52.946 GC heap before
{Heap before GC invocations=39 (full 3):
 PSYoungGen      total 22528K, used 22208K [0x00000000d5580000, 0x00000000d7100000, 0x0000000100000000)
  eden space 22016K, 100% used [0x00000000d5580000,0x00000000d6b00000,0x00000000d6b00000)
  from space 512K, 37% used [0x00000000d7000000,0x00000000d7030000,0x00000000d7080000)
  to   space 512K, 0% used [0x00000000d7080000,0x00000000d7080000,0x00000000d7100000)
 ParOldGen       total 68608K, used 39705K [0x0000000080000000, 0x0000000084300000, 0x00000000d5580000)
  object space 68608K, 57% used [0x0000000080000000,0x00000000826c6510,0x0000000084300000)
 Metaspace       used 60475K, committed 61824K, reserved 1114112K
  class space    used 7622K, committed 8192K, reserved 1048576K
}
Event: 52.948 GC heap after
{Heap after GC invocations=39 (full 3):
 PSYoungGen      total 22528K, used 160K [0x00000000d5580000, 0x00000000d7100000, 0x0000000100000000)
  eden space 22016K, 0% used [0x00000000d5580000,0x00000000d5580000,0x00000000d6b00000)
  from space 512K, 31% used [0x00000000d7080000,0x00000000d70a8000,0x00000000d7100000)
  to   space 512K, 0% used [0x00000000d7000000,0x00000000d7000000,0x00000000d7080000)
 ParOldGen       total 68608K, used 39763K [0x0000000080000000, 0x0000000084300000, 0x00000000d5580000)
  object space 68608K, 57% used [0x0000000080000000,0x00000000826d4d78,0x0000000084300000)
 Metaspace       used 60475K, committed 61824K, reserved 1114112K
  class space    used 7622K, committed 8192K, reserved 1048576K
}
Event: 53.677 GC heap before
{Heap before GC invocations=40 (full 3):
 PSYoungGen      total 22528K, used 22176K [0x00000000d5580000, 0x00000000d7100000, 0x0000000100000000)
  eden space 22016K, 100% used [0x00000000d5580000,0x00000000d6b00000,0x00000000d6b00000)
  from space 512K, 31% used [0x00000000d7080000,0x00000000d70a8000,0x00000000d7100000)
  to   space 512K, 0% used [0x00000000d7000000,0x00000000d7000000,0x00000000d7080000)
 ParOldGen       total 68608K, used 39763K [0x0000000080000000, 0x0000000084300000, 0x00000000d5580000)
  object space 68608K, 57% used [0x0000000080000000,0x00000000826d4d78,0x0000000084300000)
 Metaspace       used 60475K, committed 61824K, reserved 1114112K
  class space    used 7622K, committed 8192K, reserved 1048576K
}
Event: 53.678 GC heap after
{Heap after GC invocations=40 (full 3):
 PSYoungGen      total 22528K, used 303K [0x00000000d5580000, 0x00000000d7100000, 0x0000000100000000)
  eden space 22016K, 0% used [0x00000000d5580000,0x00000000d5580000,0x00000000d6b00000)
  from space 512K, 59% used [0x00000000d7000000,0x00000000d704bcd8,0x00000000d7080000)
  to   space 512K, 0% used [0x00000000d7080000,0x00000000d7080000,0x00000000d7100000)
 ParOldGen       total 68608K, used 39819K [0x0000000080000000, 0x0000000084300000, 0x00000000d5580000)
  object space 68608K, 58% used [0x0000000080000000,0x00000000826e2d88,0x0000000084300000)
 Metaspace       used 60475K, committed 61824K, reserved 1114112K
  class space    used 7622K, committed 8192K, reserved 1048576K
}
Event: 55.058 GC heap before
{Heap before GC invocations=41 (full 3):
 PSYoungGen      total 22528K, used 22319K [0x00000000d5580000, 0x00000000d7100000, 0x0000000100000000)
  eden space 22016K, 100% used [0x00000000d5580000,0x00000000d6b00000,0x00000000d6b00000)
  from space 512K, 59% used [0x00000000d7000000,0x00000000d704bcd8,0x00000000d7080000)
  to   space 512K, 0% used [0x00000000d7080000,0x00000000d7080000,0x00000000d7100000)
 ParOldGen       total 68608K, used 39819K [0x0000000080000000, 0x0000000084300000, 0x00000000d5580000)
  object space 68608K, 58% used [0x0000000080000000,0x00000000826e2d88,0x0000000084300000)
 Metaspace       used 60475K, committed 61824K, reserved 1114112K
  class space    used 7622K, committed 8192K, reserved 1048576K
}
Event: 55.060 GC heap after
{Heap after GC invocations=41 (full 3):
 PSYoungGen      total 22528K, used 490K [0x00000000d5580000, 0x00000000d7100000, 0x0000000100000000)
  eden space 22016K, 0% used [0x00000000d5580000,0x00000000d5580000,0x00000000d6b00000)
  from space 512K, 95% used [0x00000000d7080000,0x00000000d70fa8c8,0x00000000d7100000)
  to   space 1024K, 0% used [0x00000000d6f00000,0x00000000d6f00000,0x00000000d7000000)
 ParOldGen       total 68608K, used 39843K [0x0000000080000000, 0x0000000084300000, 0x00000000d5580000)
  object space 68608K, 58% used [0x0000000080000000,0x00000000826e8d88,0x0000000084300000)
 Metaspace       used 60475K, committed 61824K, reserved 1114112K
  class space    used 7622K, committed 8192K, reserved 1048576K
}
Event: 58.008 GC heap before
{Heap before GC invocations=42 (full 3):
 PSYoungGen      total 22528K, used 22506K [0x00000000d5580000, 0x00000000d7100000, 0x0000000100000000)
  eden space 22016K, 100% used [0x00000000d5580000,0x00000000d6b00000,0x00000000d6b00000)
  from space 512K, 95% used [0x00000000d7080000,0x00000000d70fa8c8,0x00000000d7100000)
  to   space 1024K, 0% used [0x00000000d6f00000,0x00000000d6f00000,0x00000000d7000000)
 ParOldGen       total 68608K, used 39843K [0x0000000080000000, 0x0000000084300000, 0x00000000d5580000)
  object space 68608K, 58% used [0x0000000080000000,0x00000000826e8d88,0x0000000084300000)
 Metaspace       used 62544K, committed 64000K, reserved 1114112K
  class space    used 7954K, committed 8576K, reserved 1048576K
}
Event: 58.013 GC heap after
{Heap after GC invocations=42 (full 3):
 PSYoungGen      total 23040K, used 704K [0x00000000d5580000, 0x00000000d7100000, 0x0000000100000000)
  eden space 22016K, 0% used [0x00000000d5580000,0x00000000d5580000,0x00000000d6b00000)
  from space 1024K, 68% used [0x00000000d6f00000,0x00000000d6fb0000,0x00000000d7000000)
  to   space 1024K, 0% used [0x00000000d7000000,0x00000000d7000000,0x00000000d7100000)
 ParOldGen       total 68608K, used 39867K [0x0000000080000000, 0x0000000084300000, 0x00000000d5580000)
  object space 68608K, 58% used [0x0000000080000000,0x00000000826eed88,0x0000000084300000)
 Metaspace       used 62544K, committed 64000K, reserved 1114112K
  class space    used 7954K, committed 8576K, reserved 1048576K
}
Event: 142.693 GC heap before
{Heap before GC invocations=43 (full 3):
 PSYoungGen      total 23040K, used 22720K [0x00000000d5580000, 0x00000000d7100000, 0x0000000100000000)
  eden space 22016K, 100% used [0x00000000d5580000,0x00000000d6b00000,0x00000000d6b00000)
  from space 1024K, 68% used [0x00000000d6f00000,0x00000000d6fb0000,0x00000000d7000000)
  to   space 1024K, 0% used [0x00000000d7000000,0x00000000d7000000,0x00000000d7100000)
 ParOldGen       total 68608K, used 39867K [0x0000000080000000, 0x0000000084300000, 0x00000000d5580000)
  object space 68608K, 58% used [0x0000000080000000,0x00000000826eed88,0x0000000084300000)
 Metaspace       used 64541K, committed 66048K, reserved 1114112K
  class space    used 8180K, committed 8832K, reserved 1048576K
}
Event: 142.697 GC heap after
{Heap after GC invocations=43 (full 3):
 PSYoungGen      total 23040K, used 784K [0x00000000d5580000, 0x00000000d7100000, 0x0000000100000000)
  eden space 22016K, 0% used [0x00000000d5580000,0x00000000d5580000,0x00000000d6b00000)
  from space 1024K, 76% used [0x00000000d7000000,0x00000000d70c4020,0x00000000d7100000)
  to   space 1024K, 0% used [0x00000000d6f00000,0x00000000d6f00000,0x00000000d7000000)
 ParOldGen       total 68608K, used 40475K [0x0000000080000000, 0x0000000084300000, 0x00000000d5580000)
  object space 68608K, 58% used [0x0000000080000000,0x0000000082786da8,0x0000000084300000)
 Metaspace       used 64541K, committed 66048K, reserved 1114112K
  class space    used 8180K, committed 8832K, reserved 1048576K
}

Dll operation events (15 events):
Event: 0.018 Loaded shared library c:\Users\Bhumi\.vscode\extensions\redhat.java-1.54.0-win32-x64\jre\21.0.10-win32-x86_64\bin\java.dll
Event: 0.189 Loaded shared library c:\Users\Bhumi\.vscode\extensions\redhat.java-1.54.0-win32-x64\jre\21.0.10-win32-x86_64\bin\zip.dll
Event: 0.237 Loaded shared library C:\Users\Bhumi\.vscode\extensions\redhat.java-1.54.0-win32-x64\jre\21.0.10-win32-x86_64\bin\instrument.dll
Event: 0.251 Loaded shared library C:\Users\Bhumi\.vscode\extensions\redhat.java-1.54.0-win32-x64\jre\21.0.10-win32-x86_64\bin\net.dll
Event: 0.254 Loaded shared library C:\Users\Bhumi\.vscode\extensions\redhat.java-1.54.0-win32-x64\jre\21.0.10-win32-x86_64\bin\nio.dll
Event: 0.261 Loaded shared library C:\Users\Bhumi\.vscode\extensions\redhat.java-1.54.0-win32-x64\jre\21.0.10-win32-x86_64\bin\zip.dll
Event: 0.293 Loaded shared library C:\Users\Bhumi\.vscode\extensions\redhat.java-1.54.0-win32-x64\jre\21.0.10-win32-x86_64\bin\jimage.dll
Event: 0.952 Loaded shared library c:\Users\Bhumi\.vscode\extensions\redhat.java-1.54.0-win32-x64\jre\21.0.10-win32-x86_64\bin\verify.dll
Event: 4.070 Loaded shared library C:\Users\Bhumi\AppData\Roaming\Code\User\globalStorage\redhat.java\1.54.0\config_win\org.eclipse.equinox.launcher\org.eclipse.equinox.launcher.win32.win32.x86_64_1.3.0.v20260203-2149\eclipse_11919.dll
Event: 11.991 Loaded shared library C:\Users\Bhumi\AppData\Local\Temp\jna-64166571\jna3836124336568192.dll
Event: 26.610 Loaded shared library C:\Users\Bhumi\.gradle\native\1def1411415f61bf3af743bc5b6707747c0891f09f0c88961ee8f79bc544acac\windows-amd64\native-platform.dll
Event: 39.535 Loaded shared library C:\Users\Bhumi\.vscode\extensions\redhat.java-1.54.0-win32-x64\jre\21.0.10-win32-x86_64\bin\management.dll
Event: 39.544 Loaded shared library C:\Users\Bhumi\.vscode\extensions\redhat.java-1.54.0-win32-x64\jre\21.0.10-win32-x86_64\bin\management_ext.dll
Event: 56.387 Loaded shared library C:\Users\Bhumi\.vscode\extensions\redhat.java-1.54.0-win32-x64\jre\21.0.10-win32-x86_64\bin\extnet.dll
Event: 80.725 Loaded shared library C:\Users\Bhumi\.vscode\extensions\redhat.java-1.54.0-win32-x64\jre\21.0.10-win32-x86_64\bin\sunmscapi.dll

Deoptimization events (20 events):
Event: 131.737 Thread 0x000001701875dac0 Uncommon trap: trap_request=0xffffff45 fr.pc=0x0000016fc4add818 relative=0x0000000000000358
Event: 131.737 Thread 0x000001701875dac0 Uncommon trap: reason=unstable_if action=reinterpret pc=0x0000016fc4add818 method=java.io.ObjectInputStream$PeekInputStream.read([BII)I @ 10 c2
Event: 131.737 Thread 0x000001701875dac0 DEOPT PACKING pc=0x0000016fc4add818 sp=0x0000005481ffc640
Event: 131.737 Thread 0x000001701875dac0 DEOPT UNPACKING pc=0x0000016fc4113aa2 sp=0x0000005481ffc5a0 mode 2
Event: 142.386 Thread 0x000001701875dac0 Uncommon trap: trap_request=0xffffff45 fr.pc=0x0000016fc4adb7e0 relative=0x0000000000000220
Event: 142.386 Thread 0x000001701875dac0 Uncommon trap: reason=unstable_if action=reinterpret pc=0x0000016fc4adb7e0 method=com.esotericsoftware.kryo.io.Input.read([BII)I @ 64 c2
Event: 142.386 Thread 0x000001701875dac0 DEOPT PACKING pc=0x0000016fc4adb7e0 sp=0x0000005481ffcc20
Event: 142.386 Thread 0x000001701875dac0 DEOPT UNPACKING pc=0x0000016fc4113aa2 sp=0x0000005481ffca70 mode 2
Event: 142.397 Thread 0x000001701875dac0 Uncommon trap: trap_request=0xffffff45 fr.pc=0x0000016fc4adbf4c relative=0x000000000000018c
Event: 142.397 Thread 0x000001701875dac0 Uncommon trap: reason=unstable_if action=reinterpret pc=0x0000016fc4adbf4c method=com.esotericsoftware.kryo.io.Input.read([BII)I @ 64 c2
Event: 142.397 Thread 0x000001701875dac0 DEOPT PACKING pc=0x0000016fc4adbf4c sp=0x0000005481ffcfe0
Event: 142.397 Thread 0x000001701875dac0 DEOPT UNPACKING pc=0x0000016fc4113aa2 sp=0x0000005481ffcea0 mode 2
Event: 142.409 Thread 0x000001701875dac0 Uncommon trap: trap_request=0xffffff45 fr.pc=0x0000016fc4ad5cf0 relative=0x0000000000000150
Event: 142.409 Thread 0x000001701875dac0 Uncommon trap: reason=unstable_if action=reinterpret pc=0x0000016fc4ad5cf0 method=com.esotericsoftware.kryo.io.Input.read([BII)I @ 64 c2
Event: 142.409 Thread 0x000001701875dac0 DEOPT PACKING pc=0x0000016fc4ad5cf0 sp=0x0000005481ffd0a0
Event: 142.409 Thread 0x000001701875dac0 DEOPT UNPACKING pc=0x0000016fc4113aa2 sp=0x0000005481ffcfd8 mode 2
Event: 142.419 Thread 0x000001701875dac0 Uncommon trap: trap_request=0xffffff45 fr.pc=0x0000016fc4ad61f0 relative=0x0000000000000150
Event: 142.419 Thread 0x000001701875dac0 Uncommon trap: reason=unstable_if action=reinterpret pc=0x0000016fc4ad61f0 method=com.esotericsoftware.kryo.io.Input.read([BII)I @ 64 c2
Event: 142.419 Thread 0x000001701875dac0 DEOPT PACKING pc=0x0000016fc4ad61f0 sp=0x0000005481ffd4b0
Event: 142.419 Thread 0x000001701875dac0 DEOPT UNPACKING pc=0x0000016fc4113aa2 sp=0x0000005481ffd460 mode 2

Classes loaded (20 events):
Event: 80.810 Loading class java/nio/channels/spi/AbstractSelectionKey done
Event: 80.810 Loading class sun/nio/ch/SelectionKeyImpl done
Event: 80.818 Loading class java/lang/invoke/ConstantBootstraps
Event: 80.818 Loading class java/lang/invoke/ConstantBootstraps done
Event: 80.938 Loading class java/io/ObjectStreamClass$1
Event: 80.938 Loading class java/io/ObjectStreamClass$1 done
Event: 80.939 Loading class java/io/ObjectStreamClass$MemberSignature
Event: 80.941 Loading class java/io/ObjectStreamClass$MemberSignature done
Event: 80.942 Loading class java/io/ObjectStreamClass$3
Event: 80.942 Loading class java/io/ObjectStreamClass$3 done
Event: 80.943 Loading class java/io/ObjectStreamClass$4
Event: 80.943 Loading class java/io/ObjectStreamClass$4 done
Event: 80.943 Loading class java/io/ObjectStreamClass$5
Event: 80.943 Loading class java/io/ObjectStreamClass$5 done
Event: 81.001 Loading class java/nio/channels/spi/AbstractSelector$1
Event: 81.001 Loading class java/nio/channels/spi/AbstractSelector$1 done
Event: 81.428 Loading class java/util/concurrent/Executors$AutoShutdownDelegatedExecutorService
Event: 81.428 Loading class java/util/concurrent/Executors$AutoShutdownDelegatedExecutorService done
Event: 87.389 Loading class java/lang/UnsupportedClassVersionError
Event: 87.389 Loading class java/lang/UnsupportedClassVersionError done

Classes unloaded (7 events):
Event: 14.211 Thread 0x0000016fb818d400 Unloading class 0x0000016fd21a9400 'java/lang/invoke/LambdaForm$MH+0x0000016fd21a9400'
Event: 14.211 Thread 0x0000016fb818d400 Unloading class 0x0000016fd21a9000 'java/lang/invoke/LambdaForm$MH+0x0000016fd21a9000'
Event: 14.211 Thread 0x0000016fb818d400 Unloading class 0x0000016fd21a8c00 'java/lang/invoke/LambdaForm$MH+0x0000016fd21a8c00'
Event: 14.211 Thread 0x0000016fb818d400 Unloading class 0x0000016fd21a8800 'java/lang/invoke/LambdaForm$MH+0x0000016fd21a8800'
Event: 14.211 Thread 0x0000016fb818d400 Unloading class 0x0000016fd21a8400 'java/lang/invoke/LambdaForm$BMH+0x0000016fd21a8400'
Event: 14.211 Thread 0x0000016fb818d400 Unloading class 0x0000016fd21a8000 'java/lang/invoke/LambdaForm$DMH+0x0000016fd21a8000'
Event: 14.211 Thread 0x0000016fb818d400 Unloading class 0x0000016fd21a6c00 'java/lang/invoke/LambdaForm$DMH+0x0000016fd21a6c00'

Classes redefined (0 events):
No events

Internal exceptions (20 events):
Event: 57.991 Thread 0x000001701875dac0 Implicit null exception at 0x0000016fc49c5b96 to 0x0000016fc49c6544
Event: 58.561 Thread 0x000001701875b9f0 Exception <a 'java/lang/NoSuchMethodError'{0x00000000d592e678}: 'void java.lang.invoke.DirectMethodHandle$Holder.invokeStatic(java.lang.Object, long)'> (0x00000000d592e678) 
thrown [s\src\hotspot\share\interpreter\linkResolver.cpp, line 773]
Event: 59.355 Thread 0x000001701875b9f0 Exception <a 'java/lang/NoSuchMethodError'{0x00000000d5952f80}: 'void java.lang.invoke.DirectMethodHandle$Holder.invokeSpecial(java.lang.Object, java.lang.Object, int)'> (0x00000000d5952f80) 
thrown [s\src\hotspot\share\interpreter\linkResolver.cpp, line 773]
Event: 59.359 Thread 0x000001701875b9f0 Exception <a 'java/lang/NoSuchMethodError'{0x00000000d5994390}: 'java.lang.Object java.lang.invoke.DirectMethodHandle$Holder.newInvokeSpecial(java.lang.Object, java.lang.Object, int)'> (0x00000000d5994390) 
thrown [s\src\hotspot\share\interpreter\linkResolver.cpp, line 773]
Event: 80.870 Thread 0x000001701875dac0 Exception <a 'java/lang/NoSuchMethodError'{0x00000000d637aec0}: 'void java.lang.invoke.DirectMethodHandle$Holder.invokeInterface(java.lang.Object, java.lang.Object, java.lang.Object, java.lang.Object)'> (0x00000000d637aec0) 
thrown [s\src\hotspot\share\interpreter\linkResolver.cpp, line 773]
Event: 80.942 Thread 0x000001701875dac0 Exception <a 'java/lang/NoSuchMethodError'{0x00000000d6444cc8}: static Lorg/gradle/tooling/internal/provider/serialization/ClassLoaderDetails;.<clinit>()V> (0x00000000d6444cc8) 
thrown [s\src\hotspot\share\prims\jni.cpp, line 1111]
Event: 80.955 Thread 0x000001701875dac0 Exception <a 'java/lang/NoSuchMethodError'{0x00000000d6468178}: static Lorg/gradle/tooling/internal/provider/serialization/WellKnownClassLoaderRegistry$KnownClassLoaderSpec;.<clinit>()V> (0x00000000d6468178) 
thrown [s\src\hotspot\share\prims\jni.cpp, line 1111]
Event: 80.956 Thread 0x000001701875dac0 Exception <a 'java/lang/NoSuchMethodError'{0x00000000d6469a20}: static Lorg/gradle/internal/classloader/ClassLoaderSpec;.<clinit>()V> (0x00000000d6469a20) 
thrown [s\src\hotspot\share\prims\jni.cpp, line 1111]
Event: 80.960 Thread 0x000001701875dac0 Exception <a 'java/lang/NoSuchMethodError'{0x00000000d64866d8}: static Lorg/gradle/tooling/internal/provider/serialization/ClientOwnedClassLoaderSpec;.<clinit>()V> (0x00000000d64866d8) 
thrown [s\src\hotspot\share\prims\jni.cpp, line 1111]
Event: 80.977 Thread 0x000001701875dac0 Exception <a 'java/lang/NoSuchMethodError'{0x00000000d64cc878}: static [Ljava/lang/Object;.<clinit>()V> (0x00000000d64cc878) 
thrown [s\src\hotspot\share\prims\jni.cpp, line 1111]
Event: 87.395 Thread 0x000001701875dac0 Exception <a 'java/lang/NoSuchMethodError'{0x00000000d654cc60}: static Lorg/gradle/internal/build/event/types/AbstractProgressEvent;.<clinit>()V> (0x00000000d654cc60) 
thrown [s\src\hotspot\share\prims\jni.cpp, line 1111]
Event: 87.397 Thread 0x000001701875dac0 Exception <a 'java/lang/NoSuchMethodError'{0x00000000d655a8e8}: static Lorg/gradle/internal/build/event/types/DefaultOperationStartedProgressEvent;.<clinit>()V> (0x00000000d655a8e8) 
thrown [s\src\hotspot\share\prims\jni.cpp, line 1111]
Event: 87.400 Thread 0x000001701875dac0 Exception <a 'java/lang/NoSuchMethodError'{0x00000000d65708d0}: static Lorg/gradle/internal/build/event/types/DefaultOperationDescriptor;.<clinit>()V> (0x00000000d65708d0) 
thrown [s\src\hotspot\share\prims\jni.cpp, line 1111]
Event: 87.402 Thread 0x000001701875dac0 Exception <a 'java/lang/NoSuchMethodError'{0x00000000d65b2398}: static Lorg/gradle/internal/operations/OperationIdentifier;.<clinit>()V> (0x00000000d65b2398) 
thrown [s\src\hotspot\share\prims\jni.cpp, line 1111]
Event: 95.424 Thread 0x000001701875dac0 Exception <a 'java/lang/NoSuchMethodError'{0x00000000d65fd680}: static Lorg/gradle/internal/build/event/types/DefaultOperationFinishedProgressEvent;.<clinit>()V> (0x00000000d65fd680) 
thrown [s\src\hotspot\share\prims\jni.cpp, line 1111]
Event: 95.429 Thread 0x000001701875dac0 Exception <a 'java/lang/NoSuchMethodError'{0x00000000d6614018}: static Lorg/gradle/internal/build/event/types/AbstractResult;.<clinit>()V> (0x00000000d6614018) 
thrown [s\src\hotspot\share\prims\jni.cpp, line 1111]
Event: 95.432 Thread 0x000001701875dac0 Exception <a 'java/lang/NoSuchMethodError'{0x00000000d666dcf8}: static Lorg/gradle/internal/build/event/types/AbstractOperationResult;.<clinit>()V> (0x00000000d666dcf8) 
thrown [s\src\hotspot\share\prims\jni.cpp, line 1111]
Event: 95.433 Thread 0x000001701875dac0 Exception <a 'java/lang/NoSuchMethodError'{0x00000000d667bce8}: static Lorg/gradle/internal/build/event/types/DefaultSuccessResult;.<clinit>()V> (0x00000000d667bce8) 
thrown [s\src\hotspot\share\prims\jni.cpp, line 1111]
Event: 124.540 Thread 0x000001701875dac0 Exception <a 'java/lang/NoSuchMethodError'{0x00000000d6842f20}: static Lorg/gradle/internal/build/event/types/DefaultBuildPhaseDescriptor;.<clinit>()V> (0x00000000d6842f20) 
thrown [s\src\hotspot\share\prims\jni.cpp, line 1111]
Event: 131.736 Thread 0x000001701875dac0 Exception <a 'java/lang/NoSuchMethodError'{0x00000000d6902fb0}: static Lorg/gradle/internal/build/event/types/DefaultProjectConfigurationDescriptor;.<clinit>()V> (0x00000000d6902fb0) 
thrown [s\src\hotspot\share\prims\jni.cpp, line 1111]

ZGC Phase Switch (0 events):
No events

VM Operations (20 events):
Event: 124.591 Executing safepoint VM operation: Cleanup
Event: 124.592 Executing safepoint VM operation: Cleanup done
Event: 128.609 Executing safepoint VM operation: Cleanup
Event: 128.610 Executing safepoint VM operation: Cleanup done
Event: 131.622 Executing safepoint VM operation: Cleanup
Event: 131.622 Executing safepoint VM operation: Cleanup done
Event: 131.776 Executing non-safepoint VM operation: HandshakeAllThreads (Deoptimize)
Event: 131.776 Executing non-safepoint VM operation: HandshakeAllThreads (Deoptimize) done
Event: 132.781 Executing safepoint VM operation: Cleanup
Event: 133.167 Executing safepoint VM operation: Cleanup done
Event: 134.167 Executing safepoint VM operation: Cleanup
Event: 134.167 Executing safepoint VM operation: Cleanup done
Event: 135.169 Executing safepoint VM operation: Cleanup
Event: 135.169 Executing safepoint VM operation: Cleanup done
Event: 141.173 Executing safepoint VM operation: Cleanup
Event: 141.173 Executing safepoint VM operation: Cleanup done
Event: 142.174 Executing safepoint VM operation: Cleanup
Event: 142.174 Executing safepoint VM operation: Cleanup done
Event: 142.693 Executing safepoint VM operation: ParallelGCFailedAllocation (Allocation Failure)
Event: 142.697 Executing safepoint VM operation: ParallelGCFailedAllocation (Allocation Failure) done

Memory protections (0 events):
No events

Nmethod flushes (20 events):
Event: 43.625 Thread 0x0000016fb818d400 flushing  nmethod 0x0000016fbd498e90
Event: 43.625 Thread 0x0000016fb818d400 flushing  nmethod 0x0000016fbd49be10
Event: 43.625 Thread 0x0000016fb818d400 flushing  nmethod 0x0000016fbd4a5c10
Event: 43.625 Thread 0x0000016fb818d400 flushing  nmethod 0x0000016fbd4a6c90
Event: 43.625 Thread 0x0000016fb818d400 flushing  nmethod 0x0000016fbd4a7b90
Event: 43.625 Thread 0x0000016fb818d400 flushing  nmethod 0x0000016fbd4a9610
Event: 43.625 Thread 0x0000016fb818d400 flushing  nmethod 0x0000016fbd4a9a90
Event: 43.625 Thread 0x0000016fb818d400 flushing  nmethod 0x0000016fbd4aa210
Event: 43.625 Thread 0x0000016fb818d400 flushing  nmethod 0x0000016fbd4ab210
Event: 43.625 Thread 0x0000016fb818d400 flushing  nmethod 0x0000016fbd4ae810
Event: 43.625 Thread 0x0000016fb818d400 flushing  nmethod 0x0000016fbd4aee10
Event: 43.625 Thread 0x0000016fb818d400 flushing  nmethod 0x0000016fbd4b5d10
Event: 43.625 Thread 0x0000016fb818d400 flushing  nmethod 0x0000016fbd4b6190
Event: 43.625 Thread 0x0000016fb818d400 flushing  nmethod 0x0000016fbd4bc690
Event: 43.625 Thread 0x0000016fb818d400 flushing  nmethod 0x0000016fbd4bd110
Event: 43.625 Thread 0x0000016fb818d400 flushing  nmethod 0x0000016fbd4bd690
Event: 43.625 Thread 0x0000016fb818d400 flushing  nmethod 0x0000016fbd4beb10
Event: 43.625 Thread 0x0000016fb818d400 flushing  nmethod 0x0000016fbd4c1d90
Event: 43.625 Thread 0x0000016fb818d400 flushing  nmethod 0x0000016fbd4cdb90
Event: 43.625 Thread 0x0000016fb818d400 flushing  nmethod 0x0000016fbd4db090

Events (20 events):
Event: 40.491 Thread 0x00000170170c3190 Thread added: 0x0000017019142540
Event: 40.498 Thread 0x00000170170c3190 Thread added: 0x000001701875dac0
Event: 45.427 Thread 0x0000016fd09f65c0 Thread added: 0x00000170170837d0
Event: 46.287 Thread 0x00000170170837d0 Thread exited: 0x00000170170837d0
Event: 57.764 Thread 0x000001701875dac0 Thread added: 0x000001701875e150
Event: 58.501 Thread 0x000001701875dac0 Thread added: 0x000001701875b9f0
Event: 58.570 Thread 0x000001701875b9f0 Thread added: 0x000001701875c710
Event: 58.570 Thread 0x000001701875b9f0 Thread added: 0x000001701875e7e0
Event: 59.958 Thread 0x000001701875dac0 Thread added: 0x000001701875ee70
Event: 60.029 Thread 0x000001701875ee70 Thread added: 0x000001701875d430
Event: 60.029 Thread 0x000001701875ee70 Thread added: 0x000001701875f500
Event: 60.038 Thread 0x000001701875d430 Thread exited: 0x000001701875d430
Event: 80.291 Thread 0x000001701875ee70 Thread exited: 0x000001701875ee70
Event: 80.291 Thread 0x000001701875f500 Thread exited: 0x000001701875f500
Event: 94.060 Thread 0x00000170170c2b00 Thread exited: 0x00000170170c2b00
Event: 94.060 Thread 0x00000170170c1de0 Thread exited: 0x00000170170c1de0
Event: 94.064 Thread 0x00000170170c4540 Thread exited: 0x00000170170c4540
Event: 119.325 Thread 0x000001701875c710 Thread exited: 0x000001701875c710
Event: 119.325 Thread 0x000001701875e7e0 Thread exited: 0x000001701875e7e0
Event: 119.368 Thread 0x000001701875b9f0 Thread exited: 0x000001701875b9f0


Dynamic libraries:
0x00007ff6f1720000 - 0x00007ff6f172e000 	c:\Users\Bhumi\.vscode\extensions\redhat.java-1.54.0-win32-x64\jre\21.0.10-win32-x86_64\bin\java.exe
0x00007fff203c0000 - 0x00007fff20627000 	C:\WINDOWS\SYSTEM32\ntdll.dll
0x00007fff1f290000 - 0x00007fff1f359000 	C:\WINDOWS\System32\KERNEL32.DLL
0x00007fff1d2a0000 - 0x00007fff1d697000 	C:\WINDOWS\System32\KERNELBASE.dll
0x00007fff1d000000 - 0x00007fff1d14b000 	C:\WINDOWS\System32\ucrtbase.dll
0x00007ffefa850000 - 0x00007ffefa868000 	c:\Users\Bhumi\.vscode\extensions\redhat.java-1.54.0-win32-x64\jre\21.0.10-win32-x86_64\bin\jli.dll
0x00007ffefa810000 - 0x00007ffefa82e000 	c:\Users\Bhumi\.vscode\extensions\redhat.java-1.54.0-win32-x64\jre\21.0.10-win32-x86_64\bin\VCRUNTIME140.dll
0x00007fff1e290000 - 0x00007fff1e456000 	C:\WINDOWS\System32\USER32.dll
0x00007fff1cdf0000 - 0x00007fff1ce17000 	C:\WINDOWS\System32\win32u.dll
0x00007fff1eae0000 - 0x00007fff1eb0b000 	C:\WINDOWS\System32\GDI32.dll
0x00007fff1ce20000 - 0x00007fff1cf4c000 	C:\WINDOWS\System32\gdi32full.dll
0x00007ffefd630000 - 0x00007ffefd8c2000 	C:\WINDOWS\WinSxS\amd64_microsoft.windows.common-controls_6595b64144ccf1df_6.0.26100.8457_none_3e0b2faee331e92d\COMCTL32.dll
0x00007fff1d6a0000 - 0x00007fff1d743000 	C:\WINDOWS\System32\msvcp_win.dll
0x00007fff1eca0000 - 0x00007fff1ed49000 	C:\WINDOWS\System32\msvcrt.dll
0x00007fff20040000 - 0x00007fff20072000 	C:\WINDOWS\System32\IMM32.DLL
0x00007fff19ec0000 - 0x00007fff19ecc000 	c:\Users\Bhumi\.vscode\extensions\redhat.java-1.54.0-win32-x64\jre\21.0.10-win32-x86_64\bin\vcruntime140_1.dll
0x00007ffeb0410000 - 0x00007ffeb049d000 	c:\Users\Bhumi\.vscode\extensions\redhat.java-1.54.0-win32-x64\jre\21.0.10-win32-x86_64\bin\msvcp140.dll
0x00007ffe65ba0000 - 0x00007ffe66941000 	c:\Users\Bhumi\.vscode\extensions\redhat.java-1.54.0-win32-x64\jre\21.0.10-win32-x86_64\bin\server\jvm.dll
0x00007fff200e0000 - 0x00007fff20196000 	C:\WINDOWS\System32\ADVAPI32.dll
0x00007fff1f1e0000 - 0x00007fff1f287000 	C:\WINDOWS\System32\sechost.dll
0x00007fff1f380000 - 0x00007fff1f498000 	C:\WINDOWS\System32\RPCRT4.dll
0x00007fff1eb10000 - 0x00007fff1eb90000 	C:\WINDOWS\System32\WS2_32.dll
0x00007fff1cc50000 - 0x00007fff1ccae000 	C:\WINDOWS\SYSTEM32\POWRPROF.dll
0x00007fff02f70000 - 0x00007fff02fa6000 	C:\WINDOWS\SYSTEM32\WINMM.dll
0x00007fff0eb20000 - 0x00007fff0eb2b000 	C:\WINDOWS\SYSTEM32\VERSION.dll
0x00007fff1cc30000 - 0x00007fff1cc44000 	C:\WINDOWS\SYSTEM32\UMPDC.dll
0x00007fff1bb60000 - 0x00007fff1bb7b000 	C:\WINDOWS\SYSTEM32\kernel.appcore.dll
0x00007ffefa800000 - 0x00007ffefa80a000 	c:\Users\Bhumi\.vscode\extensions\redhat.java-1.54.0-win32-x64\jre\21.0.10-win32-x86_64\bin\jimage.dll
0x00007fff1ad20000 - 0x00007fff1af62000 	C:\WINDOWS\SYSTEM32\DBGHELP.DLL
0x00007fff1e5d0000 - 0x00007fff1e953000 	C:\WINDOWS\System32\combase.dll
0x00007fff1f740000 - 0x00007fff1f819000 	C:\WINDOWS\System32\OLEAUT32.dll
0x00007ffef9ff0000 - 0x00007ffefa02b000 	C:\WINDOWS\SYSTEM32\dbgcore.DLL
0x00007fff1cf50000 - 0x00007fff1cff8000 	C:\WINDOWS\System32\bcryptPrimitives.dll
0x00007fff17d90000 - 0x00007fff17d9f000 	c:\Users\Bhumi\.vscode\extensions\redhat.java-1.54.0-win32-x64\jre\21.0.10-win32-x86_64\bin\instrument.dll
0x00007ffeb0520000 - 0x00007ffeb0540000 	c:\Users\Bhumi\.vscode\extensions\redhat.java-1.54.0-win32-x64\jre\21.0.10-win32-x86_64\bin\java.dll
0x00007fff1f8b0000 - 0x00007fff2001e000 	C:\WINDOWS\System32\SHELL32.dll
0x00007fff1d8d0000 - 0x00007fff1e13c000 	C:\WINDOWS\System32\windows.storage.dll
0x00007fff1eba0000 - 0x00007fff1ec96000 	C:\WINDOWS\System32\SHCORE.dll
0x00007fff1ea70000 - 0x00007fff1ead6000 	C:\WINDOWS\System32\shlwapi.dll
0x00007fff1cd10000 - 0x00007fff1cd39000 	C:\WINDOWS\SYSTEM32\profapi.dll
0x00007ffefaaa0000 - 0x00007ffefaab8000 	c:\Users\Bhumi\.vscode\extensions\redhat.java-1.54.0-win32-x64\jre\21.0.10-win32-x86_64\bin\zip.dll
0x00007ffefaa90000 - 0x00007ffefaaa0000 	C:\Users\Bhumi\.vscode\extensions\redhat.java-1.54.0-win32-x64\jre\21.0.10-win32-x86_64\bin\net.dll
0x00007fff0e790000 - 0x00007fff0e8b9000 	C:\WINDOWS\SYSTEM32\WINHTTP.dll
0x00007fff1c0f0000 - 0x00007fff1c15c000 	C:\WINDOWS\system32\mswsock.dll
0x00007ffefaa70000 - 0x00007ffefaa86000 	C:\Users\Bhumi\.vscode\extensions\redhat.java-1.54.0-win32-x64\jre\21.0.10-win32-x86_64\bin\nio.dll
0x00007fff17db0000 - 0x00007fff17dc0000 	c:\Users\Bhumi\.vscode\extensions\redhat.java-1.54.0-win32-x64\jre\21.0.10-win32-x86_64\bin\verify.dll
0x00007ffefd3e0000 - 0x00007ffefd425000 	C:\Users\Bhumi\AppData\Roaming\Code\User\globalStorage\redhat.java\1.54.0\config_win\org.eclipse.equinox.launcher\org.eclipse.equinox.launcher.win32.win32.x86_64_1.3.0.v20260203-2149\eclipse_11919.dll
0x00007fff1f4a0000 - 0x00007fff1f637000 	C:\WINDOWS\System32\ole32.dll
0x00007fff1c3d0000 - 0x00007fff1c3eb000 	C:\WINDOWS\SYSTEM32\CRYPTSP.dll
0x00007fff1bac0000 - 0x00007fff1baf9000 	C:\WINDOWS\system32\rsaenh.dll
0x00007fff1c1a0000 - 0x00007fff1c1d3000 	C:\WINDOWS\SYSTEM32\USERENV.dll
0x00007fff1cce0000 - 0x00007fff1cd0a000 	C:\WINDOWS\SYSTEM32\bcrypt.dll
0x00007fff1c3f0000 - 0x00007fff1c3fc000 	C:\WINDOWS\SYSTEM32\CRYPTBASE.dll
0x00007fff1b590000 - 0x00007fff1b5c2000 	C:\WINDOWS\SYSTEM32\IPHLPAPI.DLL
0x00007fff20030000 - 0x00007fff2003a000 	C:\WINDOWS\System32\NSI.dll
0x00007ffefd390000 - 0x00007ffefd3d9000 	C:\Users\Bhumi\AppData\Local\Temp\jna-64166571\jna3836124336568192.dll
0x00007fff1ea60000 - 0x00007fff1ea68000 	C:\WINDOWS\System32\PSAPI.DLL
0x00007fff0e110000 - 0x00007fff0e12d000 	C:\WINDOWS\SYSTEM32\dhcpcsvc6.DLL
0x00007fff0e0e0000 - 0x00007fff0e105000 	C:\WINDOWS\SYSTEM32\dhcpcsvc.DLL
0x00007ffed7170000 - 0x00007ffed7197000 	C:\Users\Bhumi\.gradle\native\1def1411415f61bf3af743bc5b6707747c0891f09f0c88961ee8f79bc544acac\windows-amd64\native-platform.dll
0x00007ffefabf0000 - 0x00007ffefabfa000 	C:\Users\Bhumi\.vscode\extensions\redhat.java-1.54.0-win32-x64\jre\21.0.10-win32-x86_64\bin\management.dll
0x00007ffefa900000 - 0x00007ffefa90c000 	C:\Users\Bhumi\.vscode\extensions\redhat.java-1.54.0-win32-x64\jre\21.0.10-win32-x86_64\bin\management_ext.dll
0x00007fff19ed0000 - 0x00007fff19ed9000 	C:\Users\Bhumi\.vscode\extensions\redhat.java-1.54.0-win32-x64\jre\21.0.10-win32-x86_64\bin\extnet.dll
0x00007fff19ee0000 - 0x00007fff19eee000 	C:\Users\Bhumi\.vscode\extensions\redhat.java-1.54.0-win32-x64\jre\21.0.10-win32-x86_64\bin\sunmscapi.dll
0x00007fff1d750000 - 0x00007fff1d8c8000 	C:\WINDOWS\System32\CRYPT32.dll
0x00007fff1c5f0000 - 0x00007fff1c620000 	C:\WINDOWS\SYSTEM32\ncrypt.dll
0x00007fff1c5a0000 - 0x00007fff1c5df000 	C:\WINDOWS\SYSTEM32\NTASN1.dll
0x00007ffedb270000 - 0x00007ffedb278000 	C:\WINDOWS\system32\wshunix.dll

JVMTI agents:
c:\Users\Bhumi\.vscode\extensions\redhat.java-1.54.0-win32-x64\lombok\lombok-1.18.39-4050.jar path:c:\Users\Bhumi\.vscode\extensions\redhat.java-1.54.0-win32-x64\jre\21.0.10-win32-x86_64\bin\instrument.dll, loaded, initialized, instrumentlib options:none

dbghelp: loaded successfully - version: 4.0.5 - missing functions: none
symbol engine: initialized successfully - sym options: 0x614 - pdb path: .;c:\Users\Bhumi\.vscode\extensions\redhat.java-1.54.0-win32-x64\jre\21.0.10-win32-x86_64\bin;C:\WINDOWS\SYSTEM32;C:\WINDOWS\WinSxS\amd64_microsoft.windows.common-controls_6595b64144ccf1df_6.0.26100.8457_none_3e0b2faee331e92d;c:\Users\Bhumi\.vscode\extensions\redhat.java-1.54.0-win32-x64\jre\21.0.10-win32-x86_64\bin\server;C:\Users\Bhumi\AppData\Roaming\Code\User\globalStorage\redhat.java\1.54.0\config_win\org.eclipse.equinox.launcher\org.eclipse.equinox.launcher.win32.win32.x86_64_1.3.0.v20260203-2149;C:\Users\Bhumi\AppData\Local\Temp\jna-64166571;C:\Users\Bhumi\.gradle\native\1def1411415f61bf3af743bc5b6707747c0891f09f0c88961ee8f79bc544acac\windows-amd64

VM Arguments:
jvm_args: --add-modules=ALL-SYSTEM --add-opens=java.base/java.util=ALL-UNNAMED --add-opens=java.base/java.lang=ALL-UNNAMED --add-opens=java.base/sun.nio.fs=ALL-UNNAMED -Declipse.application=org.eclipse.jdt.ls.core.id1 -Dosgi.bundles.defaultStartLevel=4 -Declipse.product=org.eclipse.jdt.ls.core.product -Djava.import.generatesMetadataFilesAtProjectRoot=false -DDetectVMInstallationsJob.disabled=true -Dfile.encoding=utf8 -XX:+UseParallelGC -XX:GCTimeRatio=4 -XX:AdaptiveSizePolicyWeight=90 -Dsun.zip.disableMemoryMapping=true -Xmx2G -Xms100m -Xlog:disable -javaagent:c:\Users\Bhumi\.vscode\extensions\redhat.java-1.54.0-win32-x64\lombok\lombok-1.18.39-4050.jar -XX:+HeapDumpOnOutOfMemoryError -XX:HeapDumpPath=c:\Users\Bhumi\AppData\Roaming\Code\User\workspaceStorage\99dc9a965f1c481dea11390a2d6cf309\redhat.java -Daether.dependencyCollector.impl=bf 
java_command: c:\Users\Bhumi\.vscode\extensions\redhat.java-1.54.0-win32-x64\server\plugins\org.eclipse.equinox.launcher_1.7.100.v20251111-0406.jar -configuration c:\Users\Bhumi\AppData\Roaming\Code\User\globalStorage\redhat.java\1.54.0\config_win -data c:\Users\Bhumi\AppData\Roaming\Code\User\workspaceStorage\99dc9a965f1c481dea11390a2d6cf309\redhat.java\jdt_ws --pipe=\\.\pipe\lsp-6158b426d6efb8b57f8b2e3f4253c277-sock
java_class_path (initial): c:\Users\Bhumi\.vscode\extensions\redhat.java-1.54.0-win32-x64\server\plugins\org.eclipse.equinox.launcher_1.7.100.v20251111-0406.jar
Launcher Type: SUN_STANDARD

[Global flags]
    uintx AdaptiveSizePolicyWeight                 = 90                                        {product} {command line}
     intx CICompilerCount                          = 3                                         {product} {ergonomic}
    uintx GCTimeRatio                              = 4                                         {product} {command line}
     bool HeapDumpOnOutOfMemoryError               = true                                   {manageable} {command line}
    ccstr HeapDumpPath                             = c:\Users\Bhumi\AppData\Roaming\Code\User\workspaceStorage\99dc9a965f1c481dea11390a2d6cf309\redhat.java         {manageable} {command line}
   size_t InitialHeapSize                          = 104857600                                 {product} {command line}
   size_t MaxHeapSize                              = 2147483648                                {product} {command line}
   size_t MaxNewSize                               = 715653120                                 {product} {ergonomic}
   size_t MinHeapDeltaBytes                        = 524288                                    {product} {ergonomic}
   size_t MinHeapSize                              = 104857600                                 {product} {command line}
   size_t NewSize                                  = 34603008                                  {product} {ergonomic}
    uintx NonNMethodCodeHeapSize                   = 5832780                                {pd product} {ergonomic}
    uintx NonProfiledCodeHeapSize                  = 122912730                              {pd product} {ergonomic}
   size_t OldSize                                  = 70254592                                  {product} {ergonomic}
    uintx ProfiledCodeHeapSize                     = 122912730                              {pd product} {ergonomic}
    uintx ReservedCodeCacheSize                    = 251658240                              {pd product} {ergonomic}
     bool SegmentedCodeCache                       = true                                      {product} {ergonomic}
   size_t SoftMaxHeapSize                          = 2147483648                             {manageable} {ergonomic}
     bool UseCompressedOops                        = true                           {product lp64_product} {ergonomic}
     bool UseLargePagesIndividualAllocation        = false                                  {pd product} {ergonomic}
     bool UseParallelGC                            = true                                      {product} {command line}

Logging:
Log output configuration:
 #0: stdout all=off uptime,level,tags foldmultilines=false
 #1: stderr all=off uptime,level,tags foldmultilines=false

Release file:
JAVA_VERSION="21.0.10" 
MODULES="java.base java.compiler java.datatransfer java.xml java.prefs java.desktop java.instrument java.logging java.management java.security.sasl java.naming java.rmi java.management.rmi java.net.http java.scripting java.security.jgss java.transaction.xa java.sql java.sql.rowset java.xml.crypto java.se java.smartcardio jdk.accessibility jdk.internal.jvmstat jdk.attach jdk.charsets jdk.internal.opt jdk.zipfs jdk.compiler jdk.crypto.ec jdk.crypto.cryptoki jdk.crypto.mscapi jdk.dynalink jdk.internal.ed jdk.editpad jdk.hotspot.agent jdk.httpserver jdk.internal.le jdk.internal.vm.ci jdk.internal.vm.compiler jdk.internal.vm.compiler.management jdk.jartool jdk.javadoc jdk.jcmd jdk.management jdk.management.agent jdk.jconsole jdk.jdeps jdk.jdwp.agent jdk.jdi jdk.jfr jdk.jshell jdk.jsobject jdk.jstatd jdk.localedata jdk.management.jfr jdk.naming.dns jdk.naming.rmi jdk.net jdk.nio.mapmode jdk.random jdk.sctp jdk.security.auth jdk.security.jgss jdk.unsupported jdk.unsupported.desktop jdk.xml.dom" 

Environment Variables:
PATH=C:\Users\Bhumi\AppData\Local\Programs\Microsoft VS Code;C:\Program Files\Common Files\Oracle\Java\javapath;C:\Program Files (x86)\Common Files\Oracle\Java\java8path;C:\Program Files (x86)\Common Files\Oracle\Java\javapath;C:\windows\system32;C:\windows;C:\windows\System32\Wbem;C:\windows\System32\WindowsPowerShell\v1.0\;C:\windows\System32\OpenSSH\;C:\Users\Bhumi\AppData\Local\Microsoft\WindowsApps;C:\Program Files\Bandizip\;C:\adb;C:\Program Files (x86)\GTK2-Runtime\lib;C:\Program Files\Microsoft SQL Server\Client SDK\ODBC\170\Tools\Binn\;C:\Program Files (x86)\Microsoft SQL Server\150\Tools\Binn\;C:\Program Files\Microsoft SQL Server\150\Tools\Binn\;C:\Program Files\Microsoft SQL Server\150\DTS\Binn\;C:\WINDOWS\system32;C:\WINDOWS;C:\WINDOWS\System32\Wbem;C:\WINDOWS\System32\WindowsPowerShell\v1.0\;C:\WINDOWS\System32\OpenSSH\;C:\Program Files\dotnet\;%JAVA_HOME%\bin;C:\MinGW\bin;C:\Program Files\nodejs\;C:\Program Files\Git\cmd;C:\Program Files\Dart\dart-sdk\bin;C:\flutter\bin;C:\Users\Bhumi\AppData\Local\Programs\Python\Launcher\;C:\Program Files\MySQL\MySQL Shell 8.0\bin\;C:\MinGW\bin;C:\Users\Bhumi\AppData\Local\Programs\Microsoft VS Code\bin;C:\Users\Bhumi\AppData\Local\Microsoft\WindowsApps;C:\Users\Bhumi\AppData\Roaming\npm;C:\Users\Bhumi\AppData\Local\Programs\mongosh\;C:\Users\Bhumi\AppData\Local\Python\bin;C:\flutter\bin;C:\ProgramData\Bhumi\GitHubDesktop\bin;C:\Users\Bhumi\AppData\Local\GitHubDesktop\bin
USERNAME=Bhumi
OS=Windows_NT
PROCESSOR_IDENTIFIER=Intel64 Family 6 Model 142 Stepping 12, GenuineIntel
TMP=C:\Users\Bhumi\AppData\Local\Temp
TEMP=C:\Users\Bhumi\AppData\Local\Temp




Periodic native trim disabled

---------------  S Y S T E M  ---------------

OS:
 Windows 11 , 64 bit Build 26100 (10.0.26100.8328)
OS uptime: 0 days 0:35 hours
Hyper-V role detected

CPU: total 4 (initial active 4) (2 cores per cpu, 2 threads per core) family 6 model 142 stepping 12 microcode 0xea, cx8, cmov, fxsr, ht, mmx, 3dnowpref, sse, sse2, sse3, ssse3, sse4.1, sse4.2, popcnt, lzcnt, tsc, tscinvbit, avx, avx2, aes, erms, clmul, bmi1, bmi2, adx, fma, vzeroupper, clflush, clflushopt, hv, rdtscp, f16c
Processor Information for processor 0
  Max Mhz: 2592, Current Mhz: 1495, Mhz Limit: 2073
Processor Information for processor 1
  Max Mhz: 2592, Current Mhz: 2093, Mhz Limit: 2073
Processor Information for processor 2
  Max Mhz: 2592, Current Mhz: 1495, Mhz Limit: 2073
Processor Information for processor 3
  Max Mhz: 2592, Current Mhz: 1495, Mhz Limit: 2073

Memory: 4k page, system-wide physical 7996M (488M free)
TotalPageFile size 16571M (AvailPageFile size 2M)
current process WorkingSet (physical memory assigned to process): 267M, peak: 267M
current process commit charge ("private bytes"): 354M, peak: 355M

vm_info: OpenJDK 64-Bit Server VM (21.0.10+7-LTS) for windows-amd64 JRE (21.0.10+7-LTS), built on 2026-01-20T00:00:00Z by "admin" with MS VC++ 17.12 (VS2022)

END.
