#
# There is insufficient memory for the Java Runtime Environment to continue.
# Native memory allocation (malloc) failed to allocate 32744 bytes. Error detail: Chunk::new
# Possible reasons:
#   The system is out of physical RAM or swap space
#   This process is running with CompressedOops enabled, and the Java Heap may be blocking the growth of the native heap
# Possible solutions:
#   Reduce memory load on the system
#   Increase physical memory or swap space
#   Check if swap backing store is full
#   Decrease Java heap size (-Xmx/-Xms)
#   Decrease number of Java threads
#   Decrease Java thread stack sizes (-Xss)
#   Set larger code cache with -XX:ReservedCodeCacheSize=
#   JVM is running with Unscaled Compressed Oops mode in which the Java heap is
#     placed in the first 4GB address space. The Java Heap base address is the
#     maximum limit for the native heap growth. Please use -XX:HeapBaseMinAddress
#     to set the Java Heap base and to place the Java Heap above 4GB virtual address.
# This output file may be truncated or incomplete.
#
#  Out of Memory Error (arena.cpp:168), pid=10912, tid=388
#
# JRE version: OpenJDK Runtime Environment Temurin-21.0.10+7 (21.0.10+7) (build 21.0.10+7-LTS)
# Java VM: OpenJDK 64-Bit Server VM Temurin-21.0.10+7 (21.0.10+7-LTS, mixed mode, sharing, tiered, compressed oops, compressed class ptrs, parallel gc, windows-amd64)
# No core dump will be written. Minidumps are not enabled by default on client versions of Windows
#

---------------  S U M M A R Y ------------

Command Line: --add-modules=ALL-SYSTEM --add-opens=java.base/java.util=ALL-UNNAMED --add-opens=java.base/java.lang=ALL-UNNAMED --add-opens=java.base/sun.nio.fs=ALL-UNNAMED -Declipse.application=org.eclipse.jdt.ls.core.id1 -Dosgi.bundles.defaultStartLevel=4 -Declipse.product=org.eclipse.jdt.ls.core.product -Djava.import.generatesMetadataFilesAtProjectRoot=false -DDetectVMInstallationsJob.disabled=true -Dfile.encoding=utf8 -XX:+UseParallelGC -XX:GCTimeRatio=4 -XX:AdaptiveSizePolicyWeight=90 -Dsun.zip.disableMemoryMapping=true -Xmx2G -Xms100m -Xlog:disable -javaagent:c:\Users\Bhumi\.vscode\extensions\redhat.java-1.54.0-win32-x64\lombok\lombok-1.18.39-4050.jar -XX:+HeapDumpOnOutOfMemoryError -XX:HeapDumpPath=c:\Users\Bhumi\AppData\Roaming\Code\User\workspaceStorage\99dc9a965f1c481dea11390a2d6cf309\redhat.java -Daether.dependencyCollector.impl=bf c:\Users\Bhumi\.vscode\extensions\redhat.java-1.54.0-win32-x64\server\plugins\org.eclipse.equinox.launcher_1.7.100.v20251111-0406.jar -configuration c:\Users\Bhumi\AppData\Roaming\Code\User\globalStorage\redhat.java\1.54.0\config_win -data c:\Users\Bhumi\AppData\Roaming\Code\User\workspaceStorage\99dc9a965f1c481dea11390a2d6cf309\redhat.java\jdt_ws --pipe=\\.\pipe\lsp-061f887d9b0ecfd1c4cf57be5eca8dd0-sock

Host: Intel(R) Core(TM) i3-10110U CPU @ 2.10GHz, 4 cores, 7G,  Windows 11 , 64 bit Build 26100 (10.0.26100.8328)
Time: Tue May 19 15:20:39 2026 India Standard Time elapsed time: 8.113113 seconds (0d 0h 0m 8s)

---------------  T H R E A D  ---------------

Current thread (0x0000017e2587b770):  JavaThread "C2 CompilerThread0" daemon [_thread_in_native, id=388, stack(0x00000043d8900000,0x00000043d8a00000) (1024K)]


Current CompileTask:
C2:8113 1814       4       java.io.WinNTFileSystem::normalize (224 bytes)

Stack: [0x00000043d8900000,0x00000043d8a00000]
Native frames: (J=compiled Java code, j=interpreted, Vv=VM code, C=native code)
V  [jvm.dll+0x6d7a39]
V  [jvm.dll+0x8b4b26]
V  [jvm.dll+0x8b70de]
V  [jvm.dll+0x8b77c3]
V  [jvm.dll+0x284346]
V  [jvm.dll+0xc66ed]
V  [jvm.dll+0xc6c31]
V  [jvm.dll+0x5fe856]
V  [jvm.dll+0x255b17]
V  [jvm.dll+0x24dc0b]
V  [jvm.dll+0x24ba42]
V  [jvm.dll+0x1cb34e]
V  [jvm.dll+0x25b85d]
V  [jvm.dll+0x259dea]
V  [jvm.dll+0x3f857e]
V  [jvm.dll+0x85f59d]
V  [jvm.dll+0x6d626d]
C  [ucrtbase.dll+0x37b0]
C  [KERNEL32.DLL+0x2e957]
C  [ntdll.dll+0x427c]


---------------  P R O C E S S  ---------------

Threads class SMR info:
_java_thread_list=0x0000017e7e958ac0, length=12, elements={
0x0000017e2597d420, 0x0000017e25a3d510, 0x0000017e25871d20, 0x0000017e25874140,
0x0000017e25877460, 0x0000017e25877ec0, 0x0000017e25878920, 0x0000017e2587b770,
0x0000017e258f1080, 0x0000017e7e182da0, 0x0000017e7e2acef0, 0x0000017e7e8db630
}

Java Threads: ( => current thread )
  0x0000017e2597d420 JavaThread "main"                              [_thread_in_native, id=10512, stack(0x00000043d7f00000,0x00000043d8000000) (1024K)]
  0x0000017e25a3d510 JavaThread "Reference Handler"          daemon [_thread_blocked, id=9132, stack(0x00000043d8300000,0x00000043d8400000) (1024K)]
  0x0000017e25871d20 JavaThread "Finalizer"                  daemon [_thread_blocked, id=16180, stack(0x00000043d8400000,0x00000043d8500000) (1024K)]
  0x0000017e25874140 JavaThread "Signal Dispatcher"          daemon [_thread_blocked, id=14216, stack(0x00000043d8500000,0x00000043d8600000) (1024K)]
  0x0000017e25877460 JavaThread "Attach Listener"            daemon [_thread_blocked, id=8944, stack(0x00000043d8600000,0x00000043d8700000) (1024K)]
  0x0000017e25877ec0 JavaThread "Service Thread"             daemon [_thread_blocked, id=9024, stack(0x00000043d8700000,0x00000043d8800000) (1024K)]
  0x0000017e25878920 JavaThread "Monitor Deflation Thread"   daemon [_thread_blocked, id=10576, stack(0x00000043d8800000,0x00000043d8900000) (1024K)]
=>0x0000017e2587b770 JavaThread "C2 CompilerThread0"         daemon [_thread_in_native, id=388, stack(0x00000043d8900000,0x00000043d8a00000) (1024K)]
  0x0000017e258f1080 JavaThread "C1 CompilerThread0"         daemon [_thread_blocked, id=4028, stack(0x00000043d8a00000,0x00000043d8b00000) (1024K)]
  0x0000017e7e182da0 JavaThread "Common-Cleaner"             daemon [_thread_blocked, id=11104, stack(0x00000043d8b00000,0x00000043d8c00000) (1024K)]
  0x0000017e7e2acef0 JavaThread "Notification Thread"        daemon [_thread_blocked, id=11116, stack(0x00000043d8c00000,0x00000043d8d00000) (1024K)]
  0x0000017e7e8db630 JavaThread "Active Thread: Equinox Container: 10d6df8d-ad72-4330-9dc9-b276b9cff900"        [_thread_blocked, id=16092, stack(0x00000043d9100000,0x00000043d9200000) (1024K)]
Total: 12

Other Threads:
  0x0000017e2586f5f0 VMThread "VM Thread"                           [id=15724, stack(0x00000043d8200000,0x00000043d8300000) (1024K)]
  0x0000017e2580ca10 WatcherThread "VM Periodic Task Thread"        [id=15884, stack(0x00000043d8100000,0x00000043d8200000) (1024K)]
  0x0000017e2599c770 WorkerThread "GC Thread#0"                     [id=8796, stack(0x00000043d8000000,0x00000043d8100000) (1024K)]
  0x0000017e7e672930 WorkerThread "GC Thread#1"                     [id=13940, stack(0x00000043d8d00000,0x00000043d8e00000) (1024K)]
  0x0000017e7e6ca4b0 WorkerThread "GC Thread#2"                     [id=15628, stack(0x00000043d8e00000,0x00000043d8f00000) (1024K)]
  0x0000017e7e6ca860 WorkerThread "GC Thread#3"                     [id=10924, stack(0x00000043d8f00000,0x00000043d9000000) (1024K)]
Total: 6

Threads with active compile tasks:
C2 CompilerThread0  8140 1814       4       java.io.WinNTFileSystem::normalize (224 bytes)
Total: 1

VM state: not at safepoint (normal execution)

VM Mutex/Monitor currently owned by a thread: None

Heap address: 0x0000000080000000, size: 2048 MB, Compressed Oops mode: 32-bit

CDS archive(s) mapped at: [0x0000017e3d000000-0x0000017e3dba0000-0x0000017e3dba0000), size 12189696, SharedBaseAddress: 0x0000017e3d000000, ArchiveRelocationMode: 1.
Compressed class space mapped at: 0x0000017e3e000000-0x0000017e7e000000, reserved size: 1073741824
Narrow klass base: 0x0000017e3d000000, Narrow klass shift: 0, Narrow klass range: 0x100000000

GC Precious Log:
 CardTable entry size: 512
 CPUs: 4 total, 4 available
 Memory: 7996M
 Large Page Support: Disabled
 NUMA Support: Disabled
 Compressed Oops: Enabled (32-bit)
 Alignments: Space 512K, Generation 512K, Heap 2M
 Heap Min Capacity: 100M
 Heap Initial Capacity: 100M
 Heap Max Capacity: 2G
 Pre-touch: Disabled
 Parallel Workers: 4

Heap:
 PSYoungGen      total 29696K, used 28046K [0x00000000d5580000, 0x00000000d7680000, 0x0000000100000000)
  eden space 25600K, 96% used [0x00000000d5580000,0x00000000d6db1a60,0x00000000d6e80000)
  from space 4096K, 79% used [0x00000000d6e80000,0x00000000d71b1e98,0x00000000d7280000)
  to   space 4096K, 0% used [0x00000000d7280000,0x00000000d7280000,0x00000000d7680000)
 ParOldGen       total 68608K, used 0K [0x0000000080000000, 0x0000000084300000, 0x00000000d5580000)
  object space 68608K, 0% used [0x0000000080000000,0x0000000080000000,0x0000000084300000)
 Metaspace       used 7986K, committed 8320K, reserved 1114112K
  class space    used 829K, committed 960K, reserved 1048576K

Card table byte_map: [0x0000017e25320000,0x0000017e25730000] _byte_map_base: 0x0000017e24f20000

Marking Bits: (ParMarkBitMap*) 0x00007ffe69e53450
 Begin Bits: [0x0000017e37e30000, 0x0000017e39e30000)
 End Bits:   [0x0000017e39e30000, 0x0000017e3be30000)

Polling page: 0x0000017e237c0000

Metaspace:

Usage:
  Non-class:      6.99 MB used.
      Class:    829.90 KB used.
       Both:      7.80 MB used.

Virtual space:
  Non-class space:       64.00 MB reserved,       7.19 MB ( 11%) committed,  1 nodes.
      Class space:        1.00 GB reserved,     960.00 KB ( <1%) committed,  1 nodes.
             Both:        1.06 GB reserved,       8.12 MB ( <1%) committed. 

Chunk freelists:
   Non-Class:  8.80 MB
       Class:  14.91 MB
        Both:  23.70 MB

MaxMetaspaceSize: unlimited
CompressedClassSpaceSize: 1.00 GB
Initial GC threshold: 21.00 MB
Current GC threshold: 21.00 MB
CDS: on
 - commit_granule_bytes: 65536.
 - commit_granule_words: 8192.
 - virtual_space_node_default_size: 8388608.
 - enlarge_chunks_in_place: 1.
 - use_allocation_guard: 0.


Internal statistics:

num_allocs_failed_limit: 0.
num_arena_births: 228.
num_arena_deaths: 0.
num_vsnodes_births: 2.
num_vsnodes_deaths: 0.
num_space_committed: 130.
num_space_uncommitted: 0.
num_chunks_returned_to_freelist: 0.
num_chunks_taken_from_freelist: 422.
num_chunk_merges: 0.
num_chunk_splits: 270.
num_chunks_enlarged: 179.
num_inconsistent_stats: 0.

CodeHeap 'non-profiled nmethods': size=120000Kb used=790Kb max_used=790Kb free=119209Kb
 bounds [0x0000017e30650000, 0x0000017e308c0000, 0x0000017e37b80000]
CodeHeap 'profiled nmethods': size=120000Kb used=3245Kb max_used=3245Kb free=116754Kb
 bounds [0x0000017e28b80000, 0x0000017e28eb0000, 0x0000017e300b0000]
CodeHeap 'non-nmethods': size=5760Kb used=1216Kb max_used=1254Kb free=4543Kb
 bounds [0x0000017e300b0000, 0x0000017e30320000, 0x0000017e30650000]
CodeCache: size=245760Kb, used=5251Kb, max_used=5289Kb, free=240506Kb
 total_blobs=2296, nmethods=1814, adapters=389, full_count=0
Compilation: enabled, stopped_count=0, restarted_count=0

Compilation events (20 events):
Event: 5.765 Thread 0x0000017e258f1080 1806       3       java.lang.AbstractStringBuilder::append (67 bytes)
Event: 5.766 Thread 0x0000017e258f1080 nmethod 1806 0x0000017e28ea6a10 code [0x0000017e28ea6c20, 0x0000017e28ea72a0]
Event: 5.771 Thread 0x0000017e2587b770 nmethod 1804 0x0000017e30715090 code [0x0000017e30715220, 0x0000017e307153c0]
Event: 7.163 Thread 0x0000017e258f1080 1807       3       java.net.URL::isValidProtocol (78 bytes)
Event: 7.165 Thread 0x0000017e258f1080 nmethod 1807 0x0000017e28ea7490 code [0x0000017e28ea77a0, 0x0000017e28ea89d8]
Event: 7.165 Thread 0x0000017e258f1080 1808       1       sun.nio.fs.NativeBuffer::address (5 bytes)
Event: 7.166 Thread 0x0000017e258f1080 nmethod 1808 0x0000017e30715490 code [0x0000017e30715620, 0x0000017e307156e8]
Event: 7.805 Thread 0x0000017e258f1080 1809       3       java.net.URL::toExternalForm (9 bytes)
Event: 7.806 Thread 0x0000017e258f1080 nmethod 1809 0x0000017e28ea9110 code [0x0000017e28ea92c0, 0x0000017e28ea94a0]
Event: 7.806 Thread 0x0000017e2587b770 1810       4       java.lang.System::getSecurityManager (12 bytes)
Event: 7.806 Thread 0x0000017e2587b770 nmethod 1810 0x0000017e30715790 code [0x0000017e30715900, 0x0000017e30715968]
Event: 7.877 Thread 0x0000017e258f1080 1811       3       sun.nio.fs.WindowsPathParser::nextNonSlash (24 bytes)
Event: 7.878 Thread 0x0000017e258f1080 nmethod 1811 0x0000017e28ea9590 code [0x0000017e28ea97a0, 0x0000017e28ea9ea8]
Event: 8.020 Thread 0x0000017e258f1080 1812       3       java.lang.ThreadLocal$ThreadLocalMap::getEntry (42 bytes)
Event: 8.021 Thread 0x0000017e258f1080 nmethod 1812 0x0000017e28eaa210 code [0x0000017e28eaa3e0, 0x0000017e28eaa7a0]
Event: 8.087 Thread 0x0000017e258f1080 1813       3       java.io.File::isAbsolute (8 bytes)
Event: 8.087 Thread 0x0000017e258f1080 nmethod 1813 0x0000017e28eaa990 code [0x0000017e28eaab40, 0x0000017e28eaac90]
Event: 8.089 Thread 0x0000017e2587b770 1814       4       java.io.WinNTFileSystem::normalize (224 bytes)
Event: 8.092 Thread 0x0000017e258f1080 1815       3       org.eclipse.osgi.framework.util.SecureAction::getProperty (31 bytes)
Event: 8.092 Thread 0x0000017e258f1080 nmethod 1815 0x0000017e28eaad10 code [0x0000017e28eaaf00, 0x0000017e28eab358]

GC Heap History (2 events):
Event: 4.043 GC heap before
{Heap before GC invocations=1 (full 0):
 PSYoungGen      total 29696K, used 25600K [0x00000000d5580000, 0x00000000d7680000, 0x0000000100000000)
  eden space 25600K, 100% used [0x00000000d5580000,0x00000000d6e80000,0x00000000d6e80000)
  from space 4096K, 0% used [0x00000000d7280000,0x00000000d7280000,0x00000000d7680000)
  to   space 4096K, 0% used [0x00000000d6e80000,0x00000000d6e80000,0x00000000d7280000)
 ParOldGen       total 68608K, used 0K [0x0000000080000000, 0x0000000084300000, 0x00000000d5580000)
  object space 68608K, 0% used [0x0000000080000000,0x0000000080000000,0x0000000084300000)
 Metaspace       used 4365K, committed 4608K, reserved 1114112K
  class space    used 474K, committed 576K, reserved 1048576K
}
Event: 4.066 GC heap after
{Heap after GC invocations=1 (full 0):
 PSYoungGen      total 29696K, used 3271K [0x00000000d5580000, 0x00000000d7680000, 0x0000000100000000)
  eden space 25600K, 0% used [0x00000000d5580000,0x00000000d5580000,0x00000000d6e80000)
  from space 4096K, 79% used [0x00000000d6e80000,0x00000000d71b1e98,0x00000000d7280000)
  to   space 4096K, 0% used [0x00000000d7280000,0x00000000d7280000,0x00000000d7680000)
 ParOldGen       total 68608K, used 0K [0x0000000080000000, 0x0000000084300000, 0x00000000d5580000)
  object space 68608K, 0% used [0x0000000080000000,0x0000000080000000,0x0000000084300000)
 Metaspace       used 4365K, committed 4608K, reserved 1114112K
  class space    used 474K, committed 576K, reserved 1048576K
}

Dll operation events (8 events):
Event: 0.038 Loaded shared library c:\Users\Bhumi\.vscode\extensions\redhat.java-1.54.0-win32-x64\jre\21.0.10-win32-x86_64\bin\java.dll
Event: 0.431 Loaded shared library c:\Users\Bhumi\.vscode\extensions\redhat.java-1.54.0-win32-x64\jre\21.0.10-win32-x86_64\bin\zip.dll
Event: 0.506 Loaded shared library C:\Users\Bhumi\.vscode\extensions\redhat.java-1.54.0-win32-x64\jre\21.0.10-win32-x86_64\bin\instrument.dll
Event: 0.564 Loaded shared library C:\Users\Bhumi\.vscode\extensions\redhat.java-1.54.0-win32-x64\jre\21.0.10-win32-x86_64\bin\net.dll
Event: 0.571 Loaded shared library C:\Users\Bhumi\.vscode\extensions\redhat.java-1.54.0-win32-x64\jre\21.0.10-win32-x86_64\bin\nio.dll
Event: 0.583 Loaded shared library C:\Users\Bhumi\.vscode\extensions\redhat.java-1.54.0-win32-x64\jre\21.0.10-win32-x86_64\bin\zip.dll
Event: 0.736 Loaded shared library C:\Users\Bhumi\.vscode\extensions\redhat.java-1.54.0-win32-x64\jre\21.0.10-win32-x86_64\bin\jimage.dll
Event: 1.453 Loaded shared library c:\Users\Bhumi\.vscode\extensions\redhat.java-1.54.0-win32-x64\jre\21.0.10-win32-x86_64\bin\verify.dll

Deoptimization events (20 events):
Event: 4.763 Thread 0x0000017e2597d420 DEOPT PACKING pc=0x0000017e28c2338d sp=0x00000043d7ff79a0
Event: 4.763 Thread 0x0000017e2597d420 DEOPT UNPACKING pc=0x0000017e30104242 sp=0x00000043d7ff6e50 mode 0
Event: 5.181 Thread 0x0000017e2597d420 Uncommon trap: trap_request=0xffffff45 fr.pc=0x0000017e306d6b50 relative=0x00000000000000b0
Event: 5.181 Thread 0x0000017e2597d420 Uncommon trap: reason=unstable_if action=reinterpret pc=0x0000017e306d6b50 method=java.util.concurrent.locks.ReentrantLock$NonfairSync.initialTryLock()Z @ 10 c2
Event: 5.181 Thread 0x0000017e2597d420 DEOPT PACKING pc=0x0000017e306d6b50 sp=0x00000043d7ffe8c0
Event: 5.181 Thread 0x0000017e2597d420 DEOPT UNPACKING pc=0x0000017e30103aa2 sp=0x00000043d7ffe850 mode 2
Event: 5.182 Thread 0x0000017e2597d420 Uncommon trap: trap_request=0xffffff45 fr.pc=0x0000017e30701ac0 relative=0x00000000000000a0
Event: 5.182 Thread 0x0000017e2597d420 Uncommon trap: reason=unstable_if action=reinterpret pc=0x0000017e30701ac0 method=java.util.concurrent.locks.ReentrantLock$Sync.tryRelease(I)Z @ 26 c2
Event: 5.182 Thread 0x0000017e2597d420 DEOPT PACKING pc=0x0000017e30701ac0 sp=0x00000043d7ffe9e0
Event: 5.182 Thread 0x0000017e2597d420 DEOPT UNPACKING pc=0x0000017e30103aa2 sp=0x00000043d7ffe8a0 mode 2
Event: 5.437 Thread 0x0000017e2597d420 Uncommon trap: trap_request=0xffffffde fr.pc=0x0000017e306a00c4 relative=0x0000000000000964
Event: 5.437 Thread 0x0000017e2597d420 Uncommon trap: reason=class_check action=maybe_recompile pc=0x0000017e306a00c4 method=java.util.HashMap.putVal(ILjava/lang/Object;Ljava/lang/Object;ZZ)Ljava/lang/Object; @ 253 c2
Event: 5.437 Thread 0x0000017e2597d420 DEOPT PACKING pc=0x0000017e306a00c4 sp=0x00000043d7ffe280
Event: 5.437 Thread 0x0000017e2597d420 DEOPT UNPACKING pc=0x0000017e30103aa2 sp=0x00000043d7ffe210 mode 2
Event: 5.441 Thread 0x0000017e2597d420 Uncommon trap: trap_request=0xffffffde fr.pc=0x0000017e306a00c4 relative=0x0000000000000964
Event: 5.441 Thread 0x0000017e2597d420 Uncommon trap: reason=class_check action=maybe_recompile pc=0x0000017e306a00c4 method=java.util.HashMap.putVal(ILjava/lang/Object;Ljava/lang/Object;ZZ)Ljava/lang/Object; @ 253 c2
Event: 5.441 Thread 0x0000017e2597d420 DEOPT PACKING pc=0x0000017e306a00c4 sp=0x00000043d7ffe280
Event: 5.441 Thread 0x0000017e2597d420 DEOPT UNPACKING pc=0x0000017e30103aa2 sp=0x00000043d7ffe210 mode 2
Event: 8.089 Thread 0x0000017e2597d420 DEOPT PACKING pc=0x0000017e28c3d939 sp=0x00000043d7ffe870
Event: 8.089 Thread 0x0000017e2597d420 DEOPT UNPACKING pc=0x0000017e30104242 sp=0x00000043d7ffdd70 mode 0

Classes loaded (20 events):
Event: 5.589 Loading class java/security/KeyStoreException
Event: 5.589 Loading class java/security/KeyStoreException done
Event: 5.643 Loading class java/util/LinkedList$Node
Event: 5.643 Loading class java/util/LinkedList$Node done
Event: 5.643 Loading class java/util/LinkedList$ListItr
Event: 5.643 Loading class java/util/LinkedList$ListItr done
Event: 5.645 Loading class java/lang/Thread$Builder$OfPlatform
Event: 5.645 Loading class java/lang/Thread$Builder
Event: 5.645 Loading class java/lang/Thread$Builder done
Event: 5.645 Loading class java/lang/Thread$Builder$OfPlatform done
Event: 5.645 Loading class java/lang/Thread$Builder$OfVirtual
Event: 5.645 Loading class java/lang/Thread$Builder$OfVirtual done
Event: 5.677 Loading class sun/nio/fs/WindowsChannelFactory
Event: 5.677 Loading class sun/nio/fs/WindowsChannelFactory done
Event: 5.678 Loading class sun/nio/fs/WindowsChannelFactory$1
Event: 5.678 Loading class sun/nio/fs/WindowsChannelFactory$1 done
Event: 5.678 Loading class sun/nio/fs/WindowsChannelFactory$Flags
Event: 5.678 Loading class sun/nio/fs/WindowsChannelFactory$Flags done
Event: 5.679 Loading class sun/nio/ch/FileChannelImpl$Closer
Event: 5.679 Loading class sun/nio/ch/FileChannelImpl$Closer done

Classes unloaded (0 events):
No events

Classes redefined (0 events):
No events

Internal exceptions (20 events):
Event: 3.627 Thread 0x0000017e2597d420 Exception <a 'java/lang/NoSuchMethodError'{0x00000000d6602db8}: 'java.lang.Object java.lang.invoke.DirectMethodHandle$Holder.invokeInterface(java.lang.Object, java.lang.Object, int)'> (0x00000000d6602db8) 
thrown [s\src\hotspot\share\interpreter\linkResolver.cpp, line 773]
Event: 3.880 Thread 0x0000017e2597d420 Exception <a 'java/lang/NoSuchMethodError'{0x00000000d6a6c410}: 'java.lang.ClassLoader java.lang.ClassLoader.getPlatformClassLoader(java.lang.Class)'> (0x00000000d6a6c410) 
thrown [s\src\hotspot\share\interpreter\linkResolver.cpp, line 773]
Event: 4.069 Thread 0x0000017e2597d420 Exception <a 'java/lang/ClassNotFoundException'{0x00000000d558ad48}: sun/net/www/protocol/c/Handler> (0x00000000d558ad48) 
thrown [s\src\hotspot\share\classfile\systemDictionary.cpp, line 312]
Event: 4.070 Thread 0x0000017e2597d420 Exception <a 'java/lang/ClassNotFoundException'{0x00000000d558c108}: sun/net/www/protocol/c/Handler> (0x00000000d558c108) 
thrown [s\src\hotspot\share\classfile\systemDictionary.cpp, line 312]
Event: 4.070 Thread 0x0000017e2597d420 Exception <a 'java/lang/ClassNotFoundException'{0x00000000d558d318}: sun/net/www/protocol/c/Handler> (0x00000000d558d318) 
thrown [s\src\hotspot\share\classfile\systemDictionary.cpp, line 312]
Event: 4.083 Thread 0x0000017e2597d420 Exception <a 'java/io/FileNotFoundException'{0x00000000d55befe8}> (0x00000000d55befe8) 
thrown [s\src\hotspot\share\prims\jni.cpp, line 520]
Event: 4.162 Thread 0x0000017e2597d420 Implicit null exception at 0x0000017e306b0be6 to 0x0000017e306b0c92
Event: 4.163 Thread 0x0000017e2597d420 Implicit null exception at 0x0000017e306bfd1a to 0x0000017e306bff3c
Event: 4.165 Thread 0x0000017e2597d420 Exception <a 'java/lang/NoSuchMethodError'{0x00000000d56ee6e8}: 'void java.lang.invoke.DirectMethodHandle$Holder.invokeStatic(java.lang.Object, java.lang.Object, java.lang.Object, java.lang.Object)'> (0x00000000d56ee6e8) 
thrown [s\src\hotspot\share\interpreter\linkResolver.cpp, line 773]
Event: 4.167 Thread 0x0000017e2597d420 Implicit null exception at 0x0000017e306b3f40 to 0x0000017e306b4214
Event: 4.167 Thread 0x0000017e2597d420 Implicit null exception at 0x0000017e306bf440 to 0x0000017e306bf4c5
Event: 4.449 Thread 0x0000017e2597d420 Exception <a 'java/lang/NoSuchMethodError'{0x00000000d59d7148}: 'void java.lang.invoke.DirectMethodHandle$Holder.invokeSpecial(java.lang.Object, java.lang.Object, java.lang.Object)'> (0x00000000d59d7148) 
thrown [s\src\hotspot\share\interpreter\linkResolver.cpp, line 773]
Event: 5.103 Thread 0x0000017e2597d420 Exception <a 'java/lang/NoSuchMethodError'{0x00000000d6447d30}: 'int java.lang.invoke.DirectMethodHandle$Holder.invokeVirtual(java.lang.Object, java.lang.Object)'> (0x00000000d6447d30) 
thrown [s\src\hotspot\share\interpreter\linkResolver.cpp, line 773]
Event: 5.239 Thread 0x0000017e2597d420 Exception <a 'java/lang/NoSuchMethodError'{0x00000000d65bec88}: 'int java.lang.invoke.DirectMethodHandle$Holder.invokeStaticInit(java.lang.Object, java.lang.Object, java.lang.Object, java.lang.Object)'> (0x00000000d65bec88) 
thrown [s\src\hotspot\share\interpreter\linkResolver.cpp, line 773]
Event: 5.241 Thread 0x0000017e2597d420 Exception <a 'java/lang/IncompatibleClassChangeError'{0x00000000d65c7090}: Found class java.lang.Object, but interface was expected> (0x00000000d65c7090) 
thrown [s\src\hotspot\share\interpreter\linkResolver.cpp, line 840]
Event: 5.243 Thread 0x0000017e2597d420 Exception <a 'java/lang/NoSuchMethodError'{0x00000000d65cd888}: 'void java.lang.invoke.DirectMethodHandle$Holder.invokeStaticInit(java.lang.Object, java.lang.Object)'> (0x00000000d65cd888) 
thrown [s\src\hotspot\share\interpreter\linkResolver.cpp, line 773]
Event: 5.245 Thread 0x0000017e2597d420 Exception <a 'java/lang/NoSuchMethodError'{0x00000000d65d8a20}: 'int java.lang.invoke.DirectMethodHandle$Holder.invokeStaticInit(java.lang.Object, java.lang.Object)'> (0x00000000d65d8a20) 
thrown [s\src\hotspot\share\interpreter\linkResolver.cpp, line 773]
Event: 5.370 Thread 0x0000017e2597d420 Exception <a 'java/lang/NoSuchMethodError'{0x00000000d681d948}: 'java.lang.Object java.lang.invoke.DirectMethodHandle$Holder.newInvokeSpecial(java.lang.Object, int, java.lang.Object)'> (0x00000000d681d948) 
thrown [s\src\hotspot\share\interpreter\linkResolver.cpp, line 773]
Event: 5.514 Thread 0x0000017e2597d420 Exception <a 'java/lang/ClassNotFoundException'{0x00000000d6a354d0}: sun/net/www/protocol/plurl/Handler> (0x00000000d6a354d0) 
thrown [s\src\hotspot\share\classfile\systemDictionary.cpp, line 312]
Event: 5.514 Thread 0x0000017e2597d420 Exception <a 'java/lang/ClassNotFoundException'{0x00000000d6a36350}: sun/net/www/protocol/plurl/Handler> (0x00000000d6a36350) 
thrown [s\src\hotspot\share\classfile\systemDictionary.cpp, line 312]

ZGC Phase Switch (0 events):
No events

VM Operations (20 events):
Event: 3.178 Executing non-safepoint VM operation: HandshakeAllThreads (Deoptimize)
Event: 3.178 Executing non-safepoint VM operation: HandshakeAllThreads (Deoptimize) done
Event: 3.985 Executing non-safepoint VM operation: HandshakeAllThreads (Deoptimize)
Event: 3.985 Executing non-safepoint VM operation: HandshakeAllThreads (Deoptimize) done
Event: 3.985 Executing safepoint VM operation: Cleanup
Event: 3.985 Executing safepoint VM operation: Cleanup done
Event: 4.043 Executing safepoint VM operation: ParallelGCFailedAllocation (Allocation Failure)
Event: 4.066 Executing safepoint VM operation: ParallelGCFailedAllocation (Allocation Failure) done
Event: 5.315 Executing non-safepoint VM operation: HandshakeAllThreads (Deoptimize)
Event: 5.320 Executing non-safepoint VM operation: HandshakeAllThreads (Deoptimize) done
Event: 5.320 Executing safepoint VM operation: Cleanup
Event: 5.320 Executing safepoint VM operation: Cleanup done
Event: 5.343 Executing non-safepoint VM operation: HandshakeAllThreads (Deoptimize)
Event: 5.343 Executing non-safepoint VM operation: HandshakeAllThreads (Deoptimize) done
Event: 5.476 Executing non-safepoint VM operation: HandshakeAllThreads (Deoptimize)
Event: 5.476 Executing non-safepoint VM operation: HandshakeAllThreads (Deoptimize) done
Event: 5.507 Executing non-safepoint VM operation: HandshakeAllThreads (Deoptimize)
Event: 5.507 Executing non-safepoint VM operation: HandshakeAllThreads (Deoptimize) done
Event: 6.507 Executing safepoint VM operation: Cleanup
Event: 6.507 Executing safepoint VM operation: Cleanup done

Memory protections (0 events):
No events

Nmethod flushes (0 events):
No events

Events (20 events):
Event: 0.188 Thread 0x0000017e2597d420 Thread added: 0x0000017e2597d420
Event: 0.257 Thread 0x0000017e2597d420 Thread added: 0x0000017e25a3d510
Event: 0.259 Thread 0x0000017e2597d420 Thread added: 0x0000017e25871d20
Event: 0.259 Thread 0x0000017e2597d420 Thread added: 0x0000017e25874140
Event: 0.259 Thread 0x0000017e2597d420 Thread added: 0x0000017e25877460
Event: 0.259 Thread 0x0000017e2597d420 Thread added: 0x0000017e25877ec0
Event: 0.260 Thread 0x0000017e2597d420 Thread added: 0x0000017e25878920
Event: 0.260 Thread 0x0000017e2597d420 Thread added: 0x0000017e2587b770
Event: 0.267 Thread 0x0000017e2597d420 Thread added: 0x0000017e258f1080
Event: 0.552 Thread 0x0000017e2597d420 Thread added: 0x0000017e7e182da0
Event: 2.022 Thread 0x0000017e2597d420 Thread added: 0x0000017e7e2acef0
Event: 2.822 Thread 0x0000017e2587b770 Thread added: 0x0000017e7e295f10
Event: 3.502 Thread 0x0000017e7e295f10 Thread exited: 0x0000017e7e295f10
Event: 4.406 Thread 0x0000017e258f1080 Thread added: 0x0000017e7e513f80
Event: 4.578 Thread 0x0000017e7e513f80 Thread exited: 0x0000017e7e513f80
Event: 4.583 Thread 0x0000017e258f1080 Thread added: 0x0000017e7e513f80
Event: 5.067 Thread 0x0000017e7e513f80 Thread exited: 0x0000017e7e513f80
Event: 5.092 Thread 0x0000017e2587b770 Thread added: 0x0000017e7e9b77f0
Event: 5.292 Thread 0x0000017e2597d420 Thread added: 0x0000017e7e8db630
Event: 5.295 Thread 0x0000017e7e9b77f0 Thread exited: 0x0000017e7e9b77f0


Dynamic libraries:
0x00007ff7cefd0000 - 0x00007ff7cefde000 	c:\Users\Bhumi\.vscode\extensions\redhat.java-1.54.0-win32-x64\jre\21.0.10-win32-x86_64\bin\java.exe
0x00007fff104e0000 - 0x00007fff10747000 	C:\WINDOWS\SYSTEM32\ntdll.dll
0x00007fff0f150000 - 0x00007fff0f219000 	C:\WINDOWS\System32\KERNEL32.DLL
0x00007fff0de60000 - 0x00007fff0e257000 	C:\WINDOWS\System32\KERNELBASE.dll
0x00007fff0cfc0000 - 0x00007fff0d10b000 	C:\WINDOWS\System32\ucrtbase.dll
0x00007ffe970d0000 - 0x00007ffe970e8000 	c:\Users\Bhumi\.vscode\extensions\redhat.java-1.54.0-win32-x64\jre\21.0.10-win32-x86_64\bin\jli.dll
0x00007fff0e320000 - 0x00007fff0e4e6000 	C:\WINDOWS\System32\USER32.dll
0x00007fff0de30000 - 0x00007fff0de57000 	C:\WINDOWS\System32\win32u.dll
0x00007fff0f120000 - 0x00007fff0f14b000 	C:\WINDOWS\System32\GDI32.dll
0x00007fff0d1a0000 - 0x00007fff0d2cc000 	C:\WINDOWS\System32\gdi32full.dll
0x00007fff0cf10000 - 0x00007fff0cfb3000 	C:\WINDOWS\System32\msvcp_win.dll
0x00007ffe7fc50000 - 0x00007ffe7fc6e000 	c:\Users\Bhumi\.vscode\extensions\redhat.java-1.54.0-win32-x64\jre\21.0.10-win32-x86_64\bin\VCRUNTIME140.dll
0x00007ffeedaa0000 - 0x00007ffeedd32000 	C:\WINDOWS\WinSxS\amd64_microsoft.windows.common-controls_6595b64144ccf1df_6.0.26100.8457_none_3e0b2faee331e92d\COMCTL32.dll
0x00007fff0f3e0000 - 0x00007fff0f489000 	C:\WINDOWS\System32\msvcrt.dll
0x00007fff10320000 - 0x00007fff10352000 	C:\WINDOWS\System32\IMM32.DLL
0x00007fff083f0000 - 0x00007fff083fc000 	c:\Users\Bhumi\.vscode\extensions\redhat.java-1.54.0-win32-x64\jre\21.0.10-win32-x86_64\bin\vcruntime140_1.dll
0x00007ffe69f40000 - 0x00007ffe69fcd000 	c:\Users\Bhumi\.vscode\extensions\redhat.java-1.54.0-win32-x64\jre\21.0.10-win32-x86_64\bin\msvcp140.dll
0x00007ffe69190000 - 0x00007ffe69f31000 	c:\Users\Bhumi\.vscode\extensions\redhat.java-1.54.0-win32-x64\jre\21.0.10-win32-x86_64\bin\server\jvm.dll
0x00007fff0f310000 - 0x00007fff0f3c6000 	C:\WINDOWS\System32\ADVAPI32.dll
0x00007fff103f0000 - 0x00007fff10497000 	C:\WINDOWS\System32\sechost.dll
0x00007fff0fec0000 - 0x00007fff0ffd8000 	C:\WINDOWS\System32\RPCRT4.dll
0x00007fff10360000 - 0x00007fff103e0000 	C:\WINDOWS\System32\WS2_32.dll
0x00007fff0cd70000 - 0x00007fff0cdce000 	C:\WINDOWS\SYSTEM32\POWRPROF.dll
0x00007ffef3190000 - 0x00007ffef31c6000 	C:\WINDOWS\SYSTEM32\WINMM.dll
0x00007ffeff640000 - 0x00007ffeff64b000 	C:\WINDOWS\SYSTEM32\VERSION.dll
0x00007fff0cd50000 - 0x00007fff0cd64000 	C:\WINDOWS\SYSTEM32\UMPDC.dll
0x00007fff0bc80000 - 0x00007fff0bc9b000 	C:\WINDOWS\SYSTEM32\kernel.appcore.dll
0x00007ffec2020000 - 0x00007ffec202a000 	c:\Users\Bhumi\.vscode\extensions\redhat.java-1.54.0-win32-x64\jre\21.0.10-win32-x86_64\bin\jimage.dll
0x00007fff0ae40000 - 0x00007fff0b082000 	C:\WINDOWS\SYSTEM32\DBGHELP.DLL
0x00007fff0e560000 - 0x00007fff0e8e3000 	C:\WINDOWS\System32\combase.dll
0x00007fff0f230000 - 0x00007fff0f309000 	C:\WINDOWS\System32\OLEAUT32.dll
0x00007ffee9b40000 - 0x00007ffee9b7b000 	C:\WINDOWS\SYSTEM32\dbgcore.DLL
0x00007fff0d2d0000 - 0x00007fff0d378000 	C:\WINDOWS\System32\bcryptPrimitives.dll
0x00007ffec1c60000 - 0x00007ffec1c6f000 	c:\Users\Bhumi\.vscode\extensions\redhat.java-1.54.0-win32-x64\jre\21.0.10-win32-x86_64\bin\instrument.dll
0x00007ffe79720000 - 0x00007ffe79740000 	c:\Users\Bhumi\.vscode\extensions\redhat.java-1.54.0-win32-x64\jre\21.0.10-win32-x86_64\bin\java.dll
0x00007fff0f680000 - 0x00007fff0fdee000 	C:\WINDOWS\System32\SHELL32.dll
0x00007fff0d380000 - 0x00007fff0dbec000 	C:\WINDOWS\System32\windows.storage.dll
0x00007fff0f020000 - 0x00007fff0f116000 	C:\WINDOWS\System32\SHCORE.dll
0x00007fff0f510000 - 0x00007fff0f576000 	C:\WINDOWS\System32\shlwapi.dll
0x00007fff0ce30000 - 0x00007fff0ce59000 	C:\WINDOWS\SYSTEM32\profapi.dll
0x00007ffe79700000 - 0x00007ffe79718000 	c:\Users\Bhumi\.vscode\extensions\redhat.java-1.54.0-win32-x64\jre\21.0.10-win32-x86_64\bin\zip.dll
0x00007ffe970c0000 - 0x00007ffe970d0000 	C:\Users\Bhumi\.vscode\extensions\redhat.java-1.54.0-win32-x64\jre\21.0.10-win32-x86_64\bin\net.dll
0x00007ffefdec0000 - 0x00007ffefdfe9000 	C:\WINDOWS\SYSTEM32\WINHTTP.dll
0x00007fff0c210000 - 0x00007fff0c27c000 	C:\WINDOWS\system32\mswsock.dll
0x00007ffe68fe0000 - 0x00007ffe68ff6000 	C:\Users\Bhumi\.vscode\extensions\redhat.java-1.54.0-win32-x64\jre\21.0.10-win32-x86_64\bin\nio.dll
0x00007ffe97470000 - 0x00007ffe97480000 	c:\Users\Bhumi\.vscode\extensions\redhat.java-1.54.0-win32-x64\jre\21.0.10-win32-x86_64\bin\verify.dll

JVMTI agents:

dbghelp: loaded successfully - version: 4.0.5 - missing functions: none
symbol engine: initialized successfully - sym options: 0x614 - pdb path: 

VM Arguments:
jvm_args: --add-modules=ALL-SYSTEM -Xmx2G -Xms100m  