#
# There is insufficient memory for the Java Runtime Environment to continue.
# Native memory allocation (malloc) failed to allocate 32744 bytes. Error detail: Chunk::new
# Possible reasons:
#   The system is out of physical RAM or swap space
#   This process is running with CompressedOops enabled, and the Java Heap may be blocking the growth of the native heap
# Possible solutions:
#   Reduce memory load on the system
#   Increase physical memory or swap space
#   Check if swap backing store is full
#   Decrease Java heap size (-Xmx/-Xms)
#   Decrease number of Java threads
#   Decrease Java thread stack sizes (-Xss)
#   Set larger code cache with -XX:ReservedCodeCacheSize=
#   JVM is running with Zero Based Compressed Oops mode in which the Java heap is
#     placed in the first 32GB address space. The Java Heap base address is the
#     maximum limit for the native heap growth. Please use -XX:HeapBaseMinAddress
#     to set the Java Heap base and to place the Java Heap above 32GB virtual address.
# This output file may be truncated or incomplete.
#
#  Out of Memory Error (arena.cpp:149), pid=17400, tid=9540
#
# JRE version: Java(TM) SE Runtime Environment (23.0.1+11) (build 23.0.1+11-39)
# Java VM: Java HotSpot(TM) 64-Bit Server VM (23.0.1+11-39, mixed mode, sharing, tiered, compressed oops, compressed class ptrs, g1 gc, windows-amd64)
# No core dump will be written. Minidumps are not enabled by default on client versions of Windows
#

---------------  S U M M A R Y ------------

Command Line: --add-opens=java.base/java.lang=ALL-UNNAMED --add-opens=java.base/java.lang.invoke=ALL-UNNAMED --add-opens=java.base/java.util=ALL-UNNAMED --add-opens=java.prefs/java.util.prefs=ALL-UNNAMED --add-exports=jdk.compiler/com.sun.tools.javac.api=ALL-UNNAMED --add-exports=jdk.compiler/com.sun.tools.javac.util=ALL-UNNAMED --add-opens=java.base/java.util=ALL-UNNAMED --add-opens=java.prefs/java.util.prefs=ALL-UNNAMED --add-opens=java.base/java.nio.charset=ALL-UNNAMED --add-opens=java.base/java.net=ALL-UNNAMED --add-opens=java.base/java.util.concurrent.atomic=ALL-UNNAMED --add-opens=java.xml/javax.xml.namespace=ALL-UNNAMED -XX:MaxMetaspaceSize=4G -XX:ReservedCodeCacheSize=512m -XX:+HeapDumpOnOutOfMemoryError -Xmx8G -Dfile.encoding=UTF-8 -Duser.country=IN -Duser.language=en -Duser.variant -javaagent:C:\Users\Bhumi\.gradle\wrapper\dists\gradle-8.14-all\c2qonpi39x1mddn7hk5gh9iqj\gradle-8.14\lib\agents\gradle-instrumentation-agent-8.14.jar org.gradle.launcher.daemon.bootstrap.GradleDaemon 8.14

Host: Intel(R) Core(TM) i3-10110U CPU @ 2.10GHz, 4 cores, 7G,  Windows 11 , 64 bit Build 26100 (10.0.26100.8328)
Time: Tue May 19 09:05:38 2026 India Standard Time elapsed time: 8.491642 seconds (0d 0h 0m 8s)

---------------  T H R E A D  ---------------

Current thread (0x0000022b1b3dee50):  JavaThread "C2 CompilerThread1" daemon [_thread_in_native, id=9540, stack(0x0000007134900000,0x0000007134a00000) (1024K)]


Current CompileTask:
C2:8491 3110       4       java.lang.invoke.MethodType::methodType (69 bytes)

Stack: [0x0000007134900000,0x0000007134a00000]
Native frames: (J=compiled Java code, j=interpreted, Vv=VM code, C=native code)
V  [jvm.dll+0x6e08b9]  (no source info available)
V  [jvm.dll+0x87dc83]  (no source info available)
V  [jvm.dll+0x88010e]  (no source info available)
V  [jvm.dll+0x8807e3]  (no source info available)
V  [jvm.dll+0x27aee6]  (no source info available)
V  [jvm.dll+0xbc06f]  (no source info available)
V  [jvm.dll+0xbc2cb]  (no source info available)
V  [jvm.dll+0x3b8ef8]  (no source info available)
V  [jvm.dll+0x5e8648]  (no source info available)
V  [jvm.dll+0x5e7726]  (no source info available)
V  [jvm.dll+0x5e7fa5]  (no source info available)
V  [jvm.dll+0x38a45a]  (no source info available)
V  [jvm.dll+0x38989a]  (no source info available)
V  [jvm.dll+0x244aa1]  (no source info available)
V  [jvm.dll+0x243dff]  (no source info available)
V  [jvm.dll+0x1c33a0]  (no source info available)
V  [jvm.dll+0x253cf1]  (no source info available)
V  [jvm.dll+0x251faa]  (no source info available)
V  [jvm.dll+0x3ee036]  (no source info available)
V  [jvm.dll+0x824f8b]  (no source info available)
V  [jvm.dll+0x6df065]  (no source info available)
C  [ucrtbase.dll+0x37b0]  (no source info available)
C  [KERNEL32.DLL+0x2e957]  (no source info available)
C  [ntdll.dll+0x427c]  (no source info available)

Lock stack of current Java thread (top to bottom):


---------------  P R O C E S S  ---------------

Threads class SMR info:
_java_thread_list=0x0000022b19eda590, length=25, elements={
0x0000022a9cd196d0, 0x0000022ad1b78b50, 0x0000022ad1b795b0, 0x0000022ad1b7d2f0,
0x0000022ad1b7e230, 0x0000022ad1b7f430, 0x0000022ad1b81fd0, 0x0000022ad1b84d70,
0x0000022ad1b8bed0, 0x0000022b190fb380, 0x0000022b1927a0c0, 0x0000022b1acd7560,
0x0000022b1ab11f70, 0x0000022b1ad96290, 0x0000022b1a0a9580, 0x0000022b191a3670,
0x0000022b1a0682f0, 0x0000022b19ee86c0, 0x0000022b19ee79a0, 0x0000022b19eea100,
0x0000022b19eea790, 0x0000022b19eeae20, 0x0000022b19ee8030, 0x0000022b19ee8d50,
0x0000022b1b3dee50
}

Java Threads: ( => current thread )
  0x0000022a9cd196d0 JavaThread "main"                              [_thread_blocked, id=3552, stack(0x0000007132700000,0x0000007132800000) (1024K)]
  0x0000022ad1b78b50 JavaThread "Reference Handler"          daemon [_thread_blocked, id=17020, stack(0x0000007132f00000,0x0000007133000000) (1024K)]
  0x0000022ad1b795b0 JavaThread "Finalizer"                  daemon [_thread_blocked, id=11332, stack(0x0000007133000000,0x0000007133100000) (1024K)]
  0x0000022ad1b7d2f0 JavaThread "Signal Dispatcher"          daemon [_thread_blocked, id=10008, stack(0x0000007133100000,0x0000007133200000) (1024K)]
  0x0000022ad1b7e230 JavaThread "Attach Listener"            daemon [_thread_blocked, id=16968, stack(0x0000007133200000,0x0000007133300000) (1024K)]
  0x0000022ad1b7f430 JavaThread "Service Thread"             daemon [_thread_blocked, id=13444, stack(0x0000007133300000,0x0000007133400000) (1024K)]
  0x0000022ad1b81fd0 JavaThread "Monitor Deflation Thread"   daemon [_thread_blocked, id=3280, stack(0x0000007133400000,0x0000007133500000) (1024K)]
  0x0000022ad1b84d70 JavaThread "C2 CompilerThread0"         daemon [_thread_in_native, id=8312, stack(0x0000007133500000,0x0000007133600000) (1024K)]
  0x0000022ad1b8bed0 JavaThread "C1 CompilerThread0"         daemon [_thread_blocked, id=12884, stack(0x0000007133600000,0x0000007133700000) (1024K)]
  0x0000022b190fb380 JavaThread "Common-Cleaner"             daemon [_thread_blocked, id=17044, stack(0x0000007133700000,0x0000007133800000) (1024K)]
  0x0000022b1927a0c0 JavaThread "Notification Thread"        daemon [_thread_blocked, id=4192, stack(0x0000007133800000,0x0000007133900000) (1024K)]
  0x0000022b1acd7560 JavaThread "Daemon health stats"               [_thread_blocked, id=5376, stack(0x0000007133d00000,0x0000007133e00000) (1024K)]
  0x0000022b1ab11f70 JavaThread "Incoming local TCP Connector on port 51534"        [_thread_in_native, id=16076, stack(0x0000007133e00000,0x0000007133f00000) (1024K)]
  0x0000022b1ad96290 JavaThread "Daemon periodic checks"            [_thread_blocked, id=10468, stack(0x0000007133f00000,0x0000007134000000) (1024K)]
  0x0000022b1a0a9580 JavaThread "Daemon"                            [_thread_blocked, id=5552, stack(0x0000007134000000,0x0000007134100000) (1024K)]
  0x0000022b191a3670 JavaThread "Handler for socket connection from /127.0.0.1:51534 to /127.0.0.1:51535"        [_thread_in_native, id=17932, stack(0x0000007134100000,0x0000007134200000) (1024K)]
  0x0000022b1a0682f0 JavaThread "Cancel handler"                    [_thread_blocked, id=8552, stack(0x0000007133c00000,0x0000007133d00000) (1024K)]
  0x0000022b19ee86c0 JavaThread "Daemon worker"                     [_thread_in_native, id=12584, stack(0x0000007134200000,0x0000007134300000) (1024K)]
  0x0000022b19ee79a0 JavaThread "Asynchronous log dispatcher for DefaultDaemonConnection: socket connection from /127.0.0.1:51534 to /127.0.0.1:51535"        [_thread_blocked, id=9196, stack(0x0000007134300000,0x0000007134400000) (1024K)]
  0x0000022b19eea100 JavaThread "Stdin handler"                     [_thread_blocked, id=14656, stack(0x0000007134400000,0x0000007134500000) (1024K)]
  0x0000022b19eea790 JavaThread "Daemon client event forwarder"        [_thread_blocked, id=2248, stack(0x0000007134500000,0x0000007134600000) (1024K)]
  0x0000022b19eeae20 JavaThread "Cache worker for journal cache (C:\Users\Bhumi\.gradle\caches\journal-1)"        [_thread_blocked, id=12064, stack(0x0000007134600000,0x0000007134700000) (1024K)]
  0x0000022b19ee8030 JavaThread "File lock request listener"        [_thread_in_native, id=10412, stack(0x0000007134700000,0x0000007134800000) (1024K)]
  0x0000022b19ee8d50 JavaThread "Cache worker for file hash cache (C:\Users\Bhumi\.gradle\caches\8.14\fileHashes)"        [_thread_blocked, id=3500, stack(0x0000007134800000,0x0000007134900000) (1024K)]
=>0x0000022b1b3dee50 JavaThread "C2 CompilerThread1"         daemon [_thread_in_native, id=9540, stack(0x0000007134900000,0x0000007134a00000) (1024K)]
Total: 25

Other Threads:
  0x0000022ad1b5d270 VMThread "VM Thread"                           [id=1416, stack(0x0000007132e00000,0x0000007132f00000) (1024K)]
  0x0000022ad1b489a0 WatcherThread "VM Periodic Task Thread"        [id=7188, stack(0x0000007132d00000,0x0000007132e00000) (1024K)]
  0x0000022a9f0f9d80 WorkerThread "GC Thread#0"                     [id=17624, stack(0x0000007132800000,0x0000007132900000) (1024K)]
  0x0000022b19393530 WorkerThread "GC Thread#1"                     [id=17152, stack(0x0000007133900000,0x0000007133a00000) (1024K)]
  0x0000022b193938e0 WorkerThread "GC Thread#2"                     [id=18156, stack(0x0000007133a00000,0x0000007133b00000) (1024K)]
  0x0000022b193a0930 WorkerThread "GC Thread#3"                     [id=11228, stack(0x0000007133b00000,0x0000007133c00000) (1024K)]
  0x0000022ad19e2d30 ConcurrentGCThread "G1 Main Marker"            [id=9976, stack(0x0000007132900000,0x0000007132a00000) (1024K)]
  0x0000022a9f10cef0 WorkerThread "G1 Conc#0"                       [id=10276, stack(0x0000007132a00000,0x0000007132b00000) (1024K)]
  0x0000022ad1a16350 ConcurrentGCThread "G1 Refine#0"               [id=2076, stack(0x0000007132b00000,0x0000007132c00000) (1024K)]
  0x0000022ad1a16c80 ConcurrentGCThread "G1 Service"                [id=17816, stack(0x0000007132c00000,0x0000007132d00000) (1024K)]
Total: 10

Threads with active compile tasks:
C2 CompilerThread0  8755 3100       4       java.lang.invoke.MethodType::makeImpl (109 bytes)
C2 CompilerThread1  8755 3110       4       java.lang.invoke.MethodType::methodType (69 bytes)
Total: 2

VM state: not at safepoint (normal execution)

VM Mutex/Monitor currently owned by a thread:  ([mutex/lock_event])
[0x00007ffea42c3990] Compile_lock - owner thread: 0x0000000000000000

Heap address: 0x0000000600000000, size: 8192 MB, Compressed Oops mode: Zero based, Oop shift amount: 3

CDS archive(s) mapped at: [0x0000022ad4000000-0x0000022ad4d70000-0x0000022ad4d70000), size 14090240, SharedBaseAddress: 0x0000022ad4000000, ArchiveRelocationMode: 1.
Compressed class space mapped at: 0x0000022ad5000000-0x0000022b15000000, reserved size: 1073741824
Narrow klass base: 0x0000022ad4000000, Narrow klass shift: 0, Narrow klass range: 0x41000000

GC Precious Log:
 CardTable entry size: 512
 Card Set container configuration: InlinePtr #cards 4 size 8 Array Of Cards #cards 32 size 80 Howl #buckets 8 coarsen threshold 7372 Howl Bitmap #cards 1024 size 144 coarsen threshold 921 Card regions per heap region 1 cards per card region 8192
 CPUs: 4 total, 4 available
 Memory: 7996M
 Large Page Support: Disabled
 NUMA Support: Disabled
 Compressed Oops: Enabled (Zero based)
 Heap Region Size: 4M
 Heap Min Capacity: 8M
 Heap Initial Capacity: 128M
 Heap Max Capacity: 8G
 Pre-touch: Disabled
 Parallel Workers: 4
 Concurrent Workers: 1
 Concurrent Refinement Workers: 4
 Periodic GC: Disabled

Heap:
 garbage-first heap   total reserved 8388608K, committed 131072K, used 58045K [0x0000000600000000, 0x0000000800000000)
  region size 4096K, 12 young (49152K), 2 survivors (8192K)
 Metaspace       used 18932K, committed 19520K, reserved 1114112K
  class space    used 2745K, committed 3008K, reserved 1048576K

Heap Regions: E=young(eden), S=young(survivor), O=old, HS=humongous(starts), HC=humongous(continues), CS=collection set, F=free, TAMS=top-at-mark-start, PB=parsable bottom
|   0|0x0000000600000000, 0x0000000600400000, 0x0000000600400000|100%|HS|  |TAMS 0x0000000600000000| PB 0x0000000600000000| Complete |  0
|   1|0x0000000600400000, 0x0000000600800000, 0x0000000600800000|100%| O|  |TAMS 0x0000000600400000| PB 0x0000000600400000| Untracked |  0
|   2|0x0000000600800000, 0x0000000600c00000, 0x0000000600c00000|100%| O|  |TAMS 0x0000000600800000| PB 0x0000000600800000| Untracked |  0
|   3|0x0000000600c00000, 0x0000000600caf4e0, 0x0000000601000000| 17%| O|  |TAMS 0x0000000600c00000| PB 0x0000000600c00000| Untracked |  0
|   4|0x0000000601000000, 0x0000000601000000, 0x0000000601400000|  0%| F|  |TAMS 0x0000000601000000| PB 0x0000000601000000| Untracked |  0
|   5|0x0000000601400000, 0x0000000601400000, 0x0000000601800000|  0%| F|  |TAMS 0x0000000601400000| PB 0x0000000601400000| Untracked |  0
|   6|0x0000000601800000, 0x0000000601800000, 0x0000000601c00000|  0%| F|  |TAMS 0x0000000601800000| PB 0x0000000601800000| Untracked |  0
|   7|0x0000000601c00000, 0x0000000601c00000, 0x0000000602000000|  0%| F|  |TAMS 0x0000000601c00000| PB 0x0000000601c00000| Untracked |  0
|   8|0x0000000602000000, 0x0000000602000000, 0x0000000602400000|  0%| F|  |TAMS 0x0000000602000000| PB 0x0000000602000000| Untracked |  0
|   9|0x0000000602400000, 0x0000000602400000, 0x0000000602800000|  0%| F|  |TAMS 0x0000000602400000| PB 0x0000000602400000| Untracked |  0
|  10|0x0000000602800000, 0x0000000602800000, 0x0000000602c00000|  0%| F|  |TAMS 0x0000000602800000| PB 0x0000000602800000| Untracked |  0
|  11|0x0000000602c00000, 0x0000000602c00000, 0x0000000603000000|  0%| F|  |TAMS 0x0000000602c00000| PB 0x0000000602c00000| Untracked |  0
|  12|0x0000000603000000, 0x0000000603000000, 0x0000000603400000|  0%| F|  |TAMS 0x0000000603000000| PB 0x0000000603000000| Untracked |  0
|  13|0x0000000603400000, 0x0000000603400000, 0x0000000603800000|  0%| F|  |TAMS 0x0000000603400000| PB 0x0000000603400000| Untracked |  0
|  14|0x0000000603800000, 0x0000000603800000, 0x0000000603c00000|  0%| F|  |TAMS 0x0000000603800000| PB 0x0000000603800000| Untracked |  0
|  15|0x0000000603c00000, 0x0000000604000000, 0x0000000604000000|100%| S|CS|TAMS 0x0000000603c00000| PB 0x0000000603c00000| Complete |  0
|  16|0x0000000604000000, 0x0000000604400000, 0x0000000604400000|100%| S|CS|TAMS 0x0000000604000000| PB 0x0000000604000000| Complete |  0
|  17|0x0000000604400000, 0x0000000604400000, 0x0000000604800000|  0%| F|  |TAMS 0x0000000604400000| PB 0x0000000604400000| Untracked |  0
|  18|0x0000000604800000, 0x0000000604800000, 0x0000000604c00000|  0%| F|  |TAMS 0x0000000604800000| PB 0x0000000604800000| Untracked |  0
|  19|0x0000000604c00000, 0x0000000604c00000, 0x0000000605000000|  0%| F|  |TAMS 0x0000000604c00000| PB 0x0000000604c00000| Untracked |  0
|  20|0x0000000605000000, 0x0000000605000000, 0x0000000605400000|  0%| F|  |TAMS 0x0000000605000000| PB 0x0000000605000000| Untracked |  0
|  21|0x0000000605400000, 0x0000000605400000, 0x0000000605800000|  0%| F|  |TAMS 0x0000000605400000| PB 0x0000000605400000| Untracked |  0
|  22|0x0000000605800000, 0x00000006059680c8, 0x0000000605c00000| 35%| E|  |TAMS 0x0000000605800000| PB 0x0000000605800000| Complete |  0
|  23|0x0000000605c00000, 0x0000000606000000, 0x0000000606000000|100%| E|CS|TAMS 0x0000000605c00000| PB 0x0000000605c00000| Complete |  0
|  24|0x0000000606000000, 0x0000000606400000, 0x0000000606400000|100%| E|CS|TAMS 0x0000000606000000| PB 0x0000000606000000| Complete |  0
|  25|0x0000000606400000, 0x0000000606800000, 0x0000000606800000|100%| E|CS|TAMS 0x0000000606400000| PB 0x0000000606400000| Complete |  0
|  26|0x0000000606800000, 0x0000000606c00000, 0x0000000606c00000|100%| E|CS|TAMS 0x0000000606800000| PB 0x0000000606800000| Complete |  0
|  27|0x0000000606c00000, 0x0000000607000000, 0x0000000607000000|100%| E|CS|TAMS 0x0000000606c00000| PB 0x0000000606c00000| Complete |  0
|  28|0x0000000607000000, 0x0000000607400000, 0x0000000607400000|100%| E|CS|TAMS 0x0000000607000000| PB 0x0000000607000000| Complete |  0
|  29|0x0000000607400000, 0x0000000607800000, 0x0000000607800000|100%| E|CS|TAMS 0x0000000607400000| PB 0x0000000607400000| Complete |  0
|  30|0x0000000607800000, 0x0000000607c00000, 0x0000000607c00000|100%| E|CS|TAMS 0x0000000607800000| PB 0x0000000607800000| Complete |  0
|  31|0x0000000607c00000, 0x0000000608000000, 0x0000000608000000|100%| E|CS|TAMS 0x0000000607c00000| PB 0x0000000607c00000| Complete |  0

Card table byte_map: [0x0000022ac89a0000,0x0000022ac99a0000] _byte_map_base: 0x0000022ac59a0000

Marking Bits: (CMBitMap*) 0x0000022a9f0fa3a0
 Bits: [0x0000022ac99a0000, 0x0000022ad19a0000)

Polling page: 0x0000022a9cef0000

Metaspace:

Usage:
  Non-class:     15.81 MB used.
      Class:      2.68 MB used.
       Both:     18.49 MB used.

Virtual space:
  Non-class space:       64.00 MB reserved,      16.12 MB ( 25%) committed,  1 nodes.
      Class space:        1.00 GB reserved,       2.94 MB ( <1%) committed,  1 nodes.
             Both:        1.06 GB reserved,      19.06 MB (  2%) committed. 

Chunk freelists:
   Non-Class:  15.89 MB
       Class:  12.92 MB
        Both:  28.81 MB

MaxMetaspaceSize: 4.00 GB
CompressedClassSpaceSize: 1.00 GB
Initial GC threshold: 21.00 MB
Current GC threshold: 21.00 MB
CDS: on
 - commit_granule_bytes: 65536.
 - commit_granule_words: 8192.
 - virtual_space_node_default_size: 8388608.
 - enlarge_chunks_in_place: 1.
 - use_allocation_guard: 0.


Internal statistics:

num_allocs_failed_limit: 0.
num_arena_births: 712.
num_arena_deaths: 0.
num_vsnodes_births: 2.
num_vsnodes_deaths: 0.
num_space_committed: 305.
num_space_uncommitted: 0.
num_chunks_returned_to_freelist: 0.
num_chunks_taken_from_freelist: 1368.
num_chunk_merges: 0.
num_chunk_splits: 900.
num_chunks_enlarged: 617.
num_inconsistent_stats: 0.

CodeHeap 'non-profiled nmethods': size=259328Kb used=1220Kb max_used=1220Kb free=258107Kb
 bounds [0x0000022ab7a40000, 0x0000022ab7cb0000, 0x0000022ac7780000]
CodeHeap 'profiled nmethods': size=259264Kb used=4795Kb max_used=4795Kb free=254468Kb
 bounds [0x0000022aa7780000, 0x0000022aa7c30000, 0x0000022ab74b0000]
CodeHeap 'non-nmethods': size=5696Kb used=1512Kb max_used=1589Kb free=4184Kb
 bounds [0x0000022ab74b0000, 0x0000022ab7720000, 0x0000022ab7a40000]
CodeCache: size=524288Kb, used=7527Kb, max_used=7604Kb, free=516759Kb
 total_blobs=3749, nmethods=3155, adapters=499, full_count=0
Compilation: enabled, stopped_count=0, restarted_count=0

Compilation events (20 events):
Event: 8.357 Thread 0x0000022ad1b8bed0 3133       3       java.lang.CharSequence::isEmpty (15 bytes)
Event: 8.357 Thread 0x0000022ad1b8bed0 nmethod 3133 0x0000022aa7c19c08 code [0x0000022aa7c19d40, 0x0000022aa7c19f58]
Event: 8.358 Thread 0x0000022ad1b8bed0 3134       3       jdk.internal.classfile.impl.AbstractPoolEntry$Utf8EntryImpl::charAt (62 bytes)
Event: 8.359 Thread 0x0000022ad1b8bed0 nmethod 3134 0x0000022aa7c19f88 code [0x0000022aa7c1a120, 0x0000022aa7c1a858]
Event: 8.367 Thread 0x0000022ad1b8bed0 3135       3       java.lang.invoke.InfoFromMemberName::getName (8 bytes)
Event: 8.368 Thread 0x0000022ad1b8bed0 nmethod 3135 0x0000022aa7c1a908 code [0x0000022aa7c1aa60, 0x0000022aa7c1ae18]
Event: 8.368 Thread 0x0000022ad1b8bed0 3136       3       java.lang.invoke.InfoFromMemberName::getMethodType (8 bytes)
Event: 8.368 Thread 0x0000022ad1b8bed0 nmethod 3136 0x0000022aa7c1ae88 code [0x0000022aa7c1afa0, 0x0000022aa7c1b0e8]
Event: 8.402 Thread 0x0000022ad1b8bed0 3137       3       java.lang.invoke.InnerClassLambdaMetafactory::<init> (277 bytes)
Event: 8.407 Thread 0x0000022ad1b8bed0 nmethod 3137 0x0000022aa7c1b188 code [0x0000022aa7c1b540, 0x0000022aa7c1d4b0]
Event: 8.407 Thread 0x0000022ad1b8bed0 3138   !   3       java.lang.invoke.AbstractValidatingLambdaMetafactory::<init> (559 bytes)
Event: 8.415 Thread 0x0000022ad1b8bed0 nmethod 3138 0x0000022aa7c1d608 code [0x0000022aa7c1dde0, 0x0000022aa7c22d50]
Event: 8.415 Thread 0x0000022ad1b8bed0 3139   !   3       java.lang.invoke.MethodHandles$Lookup::revealDirect (196 bytes)
Event: 8.418 Thread 0x0000022ad1b8bed0 nmethod 3139 0x0000022aa7c22f08 code [0x0000022aa7c231e0, 0x0000022aa7c24490]
Event: 8.418 Thread 0x0000022ad1b8bed0 3140       3       java.lang.invoke.TypeConvertingMethodAdapter::cast (42 bytes)
Event: 8.419 Thread 0x0000022ad1b8bed0 nmethod 3140 0x0000022aa7c24588 code [0x0000022aa7c24700, 0x0000022aa7c24b50]
Event: 8.458 Thread 0x0000022ad1b8bed0 3141       3       com.google.common.base.Preconditions::checkArgument (28 bytes)
Event: 8.459 Thread 0x0000022ad1b8bed0 nmethod 3141 0x0000022aa7c24b88 code [0x0000022aa7c24d00, 0x0000022aa7c25308]
Event: 8.461 Thread 0x0000022ad1b8bed0 3142       3       com.google.common.io.BaseEncoding$Alphabet::encode (7 bytes)
Event: 8.461 Thread 0x0000022ad1b8bed0 nmethod 3142 0x0000022aa7c25388 code [0x0000022aa7c254a0, 0x0000022aa7c255e0]

GC Heap History (10 events):
Event: 0.815 GC heap before
{Heap before GC invocations=0 (full 0):
 garbage-first heap   total reserved 8388608K, committed 131072K, used 12288K [0x0000000600000000, 0x0000000800000000)
  region size 4096K, 3 young (12288K), 0 survivors (0K)
 Metaspace       used 820K, committed 960K, reserved 1114112K
  class space    used 69K, committed 128K, reserved 1048576K
}
Event: 0.823 GC heap after
{Heap after GC invocations=1 (full 0):
 garbage-first heap   total reserved 8388608K, committed 131072K, used 1237K [0x0000000600000000, 0x0000000800000000)
  region size 4096K, 1 young (4096K), 1 survivors (4096K)
 Metaspace       used 820K, committed 960K, reserved 1114112K
  class space    used 69K, committed 128K, reserved 1048576K
}
Event: 1.617 GC heap before
{Heap before GC invocations=1 (full 0):
 garbage-first heap   total reserved 8388608K, committed 131072K, used 9429K [0x0000000600000000, 0x0000000800000000)
  region size 4096K, 4 young (16384K), 1 survivors (4096K)
 Metaspace       used 1105K, committed 1216K, reserved 1114112K
  class space    used 78K, committed 128K, reserved 1048576K
}
Event: 1.624 GC heap after
{Heap after GC invocations=2 (full 0):
 garbage-first heap   total reserved 8388608K, committed 131072K, used 3276K [0x0000000600000000, 0x0000000800000000)
  region size 4096K, 1 young (4096K), 1 survivors (4096K)
 Metaspace       used 1105K, committed 1216K, reserved 1114112K
  class space    used 78K, committed 128K, reserved 1048576K
}
Event: 3.188 GC heap before
{Heap before GC invocations=2 (full 0):
 garbage-first heap   total reserved 8388608K, committed 131072K, used 40140K [0x0000000600000000, 0x0000000800000000)
  region size 4096K, 9 young (36864K), 1 survivors (4096K)
 Metaspace       used 4655K, committed 4864K, reserved 1114112K
  class space    used 601K, committed 704K, reserved 1048576K
}
Event: 3.198 GC heap after
{Heap after GC invocations=3 (full 0):
 garbage-first heap   total reserved 8388608K, committed 131072K, used 12396K [0x0000000600000000, 0x0000000800000000)
  region size 4096K, 2 young (8192K), 2 survivors (8192K)
 Metaspace       used 4655K, committed 4864K, reserved 1114112K
  class space    used 601K, committed 704K, reserved 1048576K
}
Event: 3.735 GC heap before
{Heap before GC invocations=3 (full 0):
 garbage-first heap   total reserved 8388608K, committed 131072K, used 41068K [0x0000000600000000, 0x0000000800000000)
  region size 4096K, 9 young (36864K), 2 survivors (8192K)
 Metaspace       used 4687K, committed 4928K, reserved 1114112K
  class space    used 601K, committed 704K, reserved 1048576K
}
Event: 3.746 GC heap after
{Heap after GC invocations=4 (full 0):
 garbage-first heap   total reserved 8388608K, committed 131072K, used 13310K [0x0000000600000000, 0x0000000800000000)
  region size 4096K, 1 young (4096K), 1 survivors (4096K)
 Metaspace       used 4687K, committed 4928K, reserved 1114112K
  class space    used 601K, committed 704K, reserved 1048576K
}
Event: 6.210 GC heap before
{Heap before GC invocations=4 (full 0):
 garbage-first heap   total reserved 8388608K, committed 131072K, used 66558K [0x0000000600000000, 0x0000000800000000)
  region size 4096K, 15 young (61440K), 1 survivors (4096K)
 Metaspace       used 13442K, committed 13888K, reserved 1114112K
  class space    used 1833K, committed 2048K, reserved 1048576K
}
Event: 6.226 GC heap after
{Heap after GC invocations=5 (full 0):
 garbage-first heap   total reserved 8388608K, committed 131072K, used 21181K [0x0000000600000000, 0x0000000800000000)
  region size 4096K, 2 young (8192K), 2 survivors (8192K)
 Metaspace       used 13442K, committed 13888K, reserved 1114112K
  class space    used 1833K, committed 2048K, reserved 1048576K
}

Dll operation events (15 events):
Event: 0.040 Loaded shared library C:\Program Files\Java\jdk-23\bin\java.dll
Event: 0.121 Loaded shared library C:\Program Files\Java\jdk-23\bin\jsvml.dll
Event: 0.250 Loaded shared library C:\Program Files\Java\jdk-23\bin\zip.dll
Event: 0.257 Loaded shared library C:\Program Files\Java\jdk-23\bin\instrument.dll
Event: 0.267 Loaded shared library C:\Program Files\Java\jdk-23\bin\net.dll
Event: 0.272 Loaded shared library C:\Program Files\Java\jdk-23\bin\nio.dll
Event: 0.281 Loaded shared library C:\Program Files\Java\jdk-23\bin\zip.dll
Event: 1.202 Loaded shared library C:\Program Files\Java\jdk-23\bin\jimage.dll
Event: 1.792 Loaded shared library C:\Program Files\Java\jdk-23\bin\verify.dll
Event: 2.235 Loaded shared library C:\Users\Bhumi\.gradle\native\1def1411415f61bf3af743bc5b6707747c0891f09f0c88961ee8f79bc544acac\windows-amd64\native-platform.dll
Event: 2.261 Loaded shared library C:\Users\Bhumi\.gradle\native\0.2.7\x86_64-windows-gnu\gradle-fileevents.dll
Event: 4.488 Loaded shared library C:\Program Files\Java\jdk-23\bin\management.dll
Event: 4.494 Loaded shared library C:\Program Files\Java\jdk-23\bin\management_ext.dll
Event: 4.820 Loaded shared library C:\Program Files\Java\jdk-23\bin\extnet.dll
Event: 5.345 Loaded shared library C:\Program Files\Java\jdk-23\bin\sunmscapi.dll

Deoptimization events (20 events):
Event: 6.766 Thread 0x0000022b19ee8030 Uncommon trap: trap_request=0xffffff45 fr.pc=0x0000022ab7b0f634 relative=0x00000000000001b4
Event: 6.766 Thread 0x0000022b19ee8030 Uncommon trap: reason=unstable_if action=reinterpret pc=0x0000022ab7b0f634 method=java.util.concurrent.locks.ReentrantLock$NonfairSync.initialTryLock()Z @ 25 c2
Event: 6.766 Thread 0x0000022b19ee8030 DEOPT PACKING pc=0x0000022ab7b0f634 sp=0x00000071347ff2a0
Event: 6.766 Thread 0x0000022b19ee8030 DEOPT UNPACKING pc=0x0000022ab7504402 sp=0x00000071347ff240 mode 2
Event: 7.181 Thread 0x0000022b19ee86c0 Uncommon trap: trap_request=0xffffff45 fr.pc=0x0000022ab7a62934 relative=0x0000000000000bd4
Event: 7.181 Thread 0x0000022b19ee86c0 Uncommon trap: reason=unstable_if action=reinterpret pc=0x0000022ab7a62934 method=java.io.WinNTFileSystem.resolve(Ljava/lang/String;Ljava/lang/String;)Ljava/lang/String; @ 42 c2
Event: 7.181 Thread 0x0000022b19ee86c0 DEOPT PACKING pc=0x0000022ab7a62934 sp=0x00000071342fb330
Event: 7.181 Thread 0x0000022b19ee86c0 DEOPT UNPACKING pc=0x0000022ab7504402 sp=0x00000071342fb2c8 mode 2
Event: 7.183 Thread 0x0000022b19ee86c0 Uncommon trap: trap_request=0xffffff45 fr.pc=0x0000022ab7a6bbb0 relative=0x00000000000005f0
Event: 7.183 Thread 0x0000022b19ee86c0 Uncommon trap: reason=unstable_if action=reinterpret pc=0x0000022ab7a6bbb0 method=java.io.File.getName()Ljava/lang/String; @ 16 c2
Event: 7.183 Thread 0x0000022b19ee86c0 DEOPT PACKING pc=0x0000022ab7a6bbb0 sp=0x00000071342fb310
Event: 7.184 Thread 0x0000022b19ee86c0 DEOPT UNPACKING pc=0x0000022ab7504402 sp=0x00000071342fb2e0 mode 2
Event: 7.280 Thread 0x0000022b19ee86c0 Uncommon trap: trap_request=0xffffff45 fr.pc=0x0000022ab7a68c90 relative=0x00000000000000f0
Event: 7.280 Thread 0x0000022b19ee86c0 Uncommon trap: reason=unstable_if action=reinterpret pc=0x0000022ab7a68c90 method=java.util.HashMap.hash(Ljava/lang/Object;)I @ 1 c2
Event: 7.280 Thread 0x0000022b19ee86c0 DEOPT PACKING pc=0x0000022ab7a68c90 sp=0x00000071342fc410
Event: 7.280 Thread 0x0000022b19ee86c0 DEOPT UNPACKING pc=0x0000022ab7504402 sp=0x00000071342fc350 mode 2
Event: 7.352 Thread 0x0000022b19ee86c0 Uncommon trap: trap_request=0xffffff45 fr.pc=0x0000022ab7ac3c18 relative=0x0000000000000758
Event: 7.353 Thread 0x0000022b19ee86c0 Uncommon trap: reason=unstable_if action=reinterpret pc=0x0000022ab7ac3c18 method=java.util.ArrayList.grow(I)[Ljava/lang/Object; @ 17 c2
Event: 7.353 Thread 0x0000022b19ee86c0 DEOPT PACKING pc=0x0000022ab7ac3c18 sp=0x00000071342fd380
Event: 7.353 Thread 0x0000022b19ee86c0 DEOPT UNPACKING pc=0x0000022ab7504402 sp=0x00000071342fd218 mode 2

Classes loaded (20 events):
Event: 8.020 Loading class java/lang/invoke/BoundMethodHandle$Species_LLLLLLLLLLLLLLLLLLLLLLL
Event: 8.020 Loading class java/lang/invoke/BoundMethodHandle$Species_LLLLLLLLLLLLLLLLLLLLLLL done
Event: 8.027 Loading class java/lang/invoke/BoundMethodHandle$Species_LLLLLLLLLLLLLLLLLLLLLLLL
Event: 8.027 Loading class java/lang/invoke/BoundMethodHandle$Species_LLLLLLLLLLLLLLLLLLLLLLLL done
Event: 8.170 Loading class java/util/Collections$2
Event: 8.170 Loading class java/util/Collections$2 done
Event: 8.259 Loading class java/io/ObjectOutputStream$BlockDataOutputStream
Event: 8.260 Loading class java/io/ObjectOutputStream$BlockDataOutputStream done
Event: 8.260 Loading class java/io/ObjectOutputStream$HandleTable
Event: 8.261 Loading class java/io/ObjectOutputStream$HandleTable done
Event: 8.261 Loading class java/io/ObjectOutputStream$ReplaceTable
Event: 8.261 Loading class java/io/ObjectOutputStream$ReplaceTable done
Event: 8.268 Loading class java/io/UnsupportedEncodingException
Event: 8.269 Loading class java/io/UnsupportedEncodingException done
Event: 8.269 Loading class java/nio/charset/CharacterCodingException
Event: 8.269 Loading class java/nio/charset/CharacterCodingException done
Event: 8.269 Loading class java/util/stream/IntStream
Event: 8.270 Loading class java/util/stream/IntStream done
Event: 8.270 Loading class java/lang/foreign/MemorySegment
Event: 8.272 Loading class java/lang/foreign/MemorySegment done

Classes unloaded (0 events):
No events

Classes redefined (0 events):
No events

Internal exceptions (20 events):
Event: 7.243 Thread 0x0000022b19ee86c0 Exception <a 'java/lang/IncompatibleClassChangeError'{0x0000000606e5f298}: Found class java.lang.Object, but interface was expected> (0x0000000606e5f298) 
thrown [s\open\src\hotspot\share\interpreter\linkResolver.cpp, line 863]
Event: 7.280 Thread 0x0000022b19ee86c0 Implicit null exception at 0x0000022ab7a68bd6 to 0x0000022ab7a68c86
Event: 7.305 Thread 0x0000022b19ee86c0 Exception <a 'java/lang/NoSuchMethodError'{0x0000000606864358}: 'int java.lang.invoke.DirectMethodHandle$Holder.invokeStatic(java.lang.Object, java.lang.Object, java.lang.Object, java.lang.Object)'> (0x0000000606864358) 
thrown [s\open\src\hotspot\share\interpreter\linkResolver.cpp, line 796]
Event: 7.405 Thread 0x0000022b19ee86c0 Exception <a 'java/lang/NoSuchMethodError'{0x0000000606afe530}: 'java.lang.Object java.lang.invoke.DelegatingMethodHandle$Holder.reinvoke_L(java.lang.Object, java.lang.Object, java.lang.Object, java.lang.Object, java.lang.Object, java.lang.Object, java.lang.Object, java.lang.Object, java.lang.Object, java.lang.Object, java.lang.Object, java.lang.Object, java.lang.Object, java.lang.Object, java.lang.Object, java.lang.Object, java.lang.Object, java.lang.Object, java.lang.Object, java.lang.Object, java.lang.O
Event: 7.926 Thread 0x0000022b19ee86c0 Exception <a 'java/lang/NoSuchMethodError'{0x0000000606b6dd50}: 'java.lang.Object java.lang.invoke.DirectMethodHandle$Holder.invokeStatic(java.lang.Object, java.lang.Object, java.lang.Object, java.lang.Object, java.lang.Object, java.lang.Object, java.lang.Object, java.lang.Object, java.lang.Object, java.lang.Object, java.lang.Object, java.lang.Object, java.lang.Object, java.lang.Object, java.lang.Object, java.lang.Object, java.lang.Object)'> (0x0000000606b6dd50) 
thrown [s\open\src\hotspot\share\interprete
Event: 7.932 Thread 0x0000022b19ee86c0 Exception <a 'java/lang/NoSuchMethodError'{0x0000000606b96b30}: 'java.lang.Object java.lang.invoke.DirectMethodHandle$Holder.invokeStatic(java.lang.Object, java.lang.Object, java.lang.Object, java.lang.Object, java.lang.Object, java.lang.Object, java.lang.Object, java.lang.Object, java.lang.Object, java.lang.Object, java.lang.Object, java.lang.Object, java.lang.Object, java.lang.Object, java.lang.Object, java.lang.Object, java.lang.Object, java.lang.Object)'> (0x0000000606b96b30) 
thrown [s\open\src\hotspo
Event: 7.942 Thread 0x0000022b19ee86c0 Exception <a 'java/lang/NoSuchMethodError'{0x0000000606bc0fd8}: 'java.lang.Object java.lang.invoke.DirectMethodHandle$Holder.invokeStatic(java.lang.Object, java.lang.Object, java.lang.Object, java.lang.Object, java.lang.Object, java.lang.Object, java.lang.Object, java.lang.Object, java.lang.Object, java.lang.Object, java.lang.Object, java.lang.Object, java.lang.Object, java.lang.Object, java.lang.Object, java.lang.Object, java.lang.Object, java.lang.Object, java.lang.Object)'> (0x0000000606bc0fd8) 
thrown 
Event: 7.946 Thread 0x0000022b19ee86c0 Exception <a 'java/lang/NoSuchMethodError'{0x0000000606bec8c0}: 'java.lang.Object java.lang.invoke.DirectMethodHandle$Holder.invokeStatic(java.lang.Object, java.lang.Object, java.lang.Object, java.lang.Object, java.lang.Object, java.lang.Object, java.lang.Object, java.lang.Object, java.lang.Object, java.lang.Object, java.lang.Object, java.lang.Object, java.lang.Object, java.lang.Object, java.lang.Object, java.lang.Object, java.lang.Object, java.lang.Object, java.lang.Object, java.lang.Object)'> (0x00000006
Event: 7.951 Thread 0x0000022b19ee86c0 Exception <a 'java/lang/NoSuchMethodError'{0x00000006064194a8}: 'java.lang.Object java.lang.invoke.DirectMethodHandle$Holder.invokeStatic(java.lang.Object, java.lang.Object, java.lang.Object, java.lang.Object, java.lang.Object, java.lang.Object, java.lang.Object, java.lang.Object, java.lang.Object, java.lang.Object, java.lang.Object, java.lang.Object, java.lang.Object, java.lang.Object, java.lang.Object, java.lang.Object, java.lang.Object, java.lang.Object, java.lang.Object, java.lang.Object, java.lang.Obj
Event: 7.956 Thread 0x0000022b19ee86c0 Exception <a 'java/lang/NoSuchMethodError'{0x000000060644d100}: 'java.lang.Object java.lang.invoke.DirectMethodHandle$Holder.invokeStatic(java.lang.Object, java.lang.Object, java.lang.Object, java.lang.Object, java.lang.Object, java.lang.Object, java.lang.Object, java.lang.Object, java.lang.Object, java.lang.Object, java.lang.Object, java.lang.Object, java.lang.Object, java.lang.Object, java.lang.Object, java.lang.Object, java.lang.Object, java.lang.Object, java.lang.Object, java.lang.Object, java.lang.Obj
Event: 7.960 Thread 0x0000022b19ee86c0 Exception <a 'java/lang/NoSuchMethodError'{0x000000060647bc88}: 'java.lang.Object java.lang.invoke.DirectMethodHandle$Holder.invokeStatic(java.lang.Object, java.lang.Object, java.lang.Object, java.lang.Object, java.lang.Object, java.lang.Object, java.lang.Object, java.lang.Object, java.lang.Object, java.lang.Object, java.lang.Object, java.lang.Object, java.lang.Object, java.lang.Object, java.lang.Object, java.lang.Object, java.lang.Object, java.lang.Object, java.lang.Object, java.lang.Object, java.lang.Obj
Event: 8.008 Thread 0x0000022b19ee86c0 Exception <a 'java/lang/NoSuchMethodError'{0x00000006064ab5a0}: 'java.lang.Object java.lang.invoke.DirectMethodHandle$Holder.invokeStatic(java.lang.Object, java.lang.Object, java.lang.Object, java.lang.Object, java.lang.Object, java.lang.Object, java.lang.Object, java.lang.Object, java.lang.Object, java.lang.Object, java.lang.Object, java.lang.Object, java.lang.Object, java.lang.Object, java.lang.Object, java.lang.Object, java.lang.Object, java.lang.Object, java.lang.Object, java.lang.Object, java.lang.Obj
Event: 8.015 Thread 0x0000022b19ee86c0 Exception <a 'java/lang/NoSuchMethodError'{0x00000006064dc050}: 'java.lang.Object java.lang.invoke.DirectMethodHandle$Holder.invokeStatic(java.lang.Object, java.lang.Object, java.lang.Object, java.lang.Object, java.lang.Object, java.lang.Object, java.lang.Object, java.lang.Object, java.lang.Object, java.lang.Object, java.lang.Object, java.lang.Object, java.lang.Object, java.lang.Object, java.lang.Object, java.lang.Object, java.lang.Object, java.lang.Object, java.lang.Object, java.lang.Object, java.lang.Obj
Event: 8.023 Thread 0x0000022b19ee86c0 Exception <a 'java/lang/NoSuchMethodError'{0x000000060650cf88}: 'java.lang.Object java.lang.invoke.DirectMethodHandle$Holder.invokeStatic(java.lang.Object, java.lang.Object, java.lang.Object, java.lang.Object, java.lang.Object, java.lang.Object, java.lang.Object, java.lang.Object, java.lang.Object, java.lang.Object, java.lang.Object, java.lang.Object, java.lang.Object, java.lang.Object, java.lang.Object, java.lang.Object, java.lang.Object, java.lang.Object, java.lang.Object, java.lang.Object, java.lang.Obj
Event: 8.029 Thread 0x0000022b19ee86c0 Exception <a 'java/lang/NoSuchMethodError'{0x000000060653fc78}: 'java.lang.Object java.lang.invoke.DirectMethodHandle$Holder.invokeStatic(java.lang.Object, java.lang.Object, java.lang.Object, java.lang.Object, java.lang.Object, java.lang.Object, java.lang.Object, java.lang.Object, java.lang.Object, java.lang.Object, java.lang.Object, java.lang.Object, java.lang.Object, java.lang.Object, java.lang.Object, java.lang.Object, java.lang.Object, java.lang.Object, java.lang.Object, java.lang.Object, java.lang.Obj
Event: 8.129 Thread 0x0000022b19ee86c0 Exception <a 'java/lang/IncompatibleClassChangeError'{0x000000060668b250}: Found class java.lang.Object, but interface was expected> (0x000000060668b250) 
thrown [s\open\src\hotspot\share\interpreter\linkResolver.cpp, line 863]
Event: 8.264 Thread 0x0000022b19eea790 Exception <a 'java/lang/NoSuchMethodError'{0x0000000607c92088}: static Lorg/gradle/internal/build/event/types/DefaultOperationStartedProgressEvent;.<clinit>()V> (0x0000000607c92088) 
thrown [s\open\src\hotspot\share\prims\jni.cpp, line 1111]
Event: 8.265 Thread 0x0000022b19eea790 Exception <a 'java/lang/NoSuchMethodError'{0x0000000607c936b0}: static Lorg/gradle/internal/build/event/types/AbstractProgressEvent;.<clinit>()V> (0x0000000607c936b0) 
thrown [s\open\src\hotspot\share\prims\jni.cpp, line 1111]
Event: 8.266 Thread 0x0000022b19eea790 Exception <a 'java/lang/NoSuchMethodError'{0x0000000607c994a8}: static Lorg/gradle/internal/build/event/types/DefaultOperationDescriptor;.<clinit>()V> (0x0000000607c994a8) 
thrown [s\open\src\hotspot\share\prims\jni.cpp, line 1111]
Event: 8.280 Thread 0x0000022b19eea790 Exception <a 'java/lang/NoSuchMethodError'{0x0000000606164ad0}: static Lorg/gradle/internal/operations/OperationIdentifier;.<clinit>()V> (0x0000000606164ad0) 
thrown [s\open\src\hotspot\share\prims\jni.cpp, line 1111]

VM Operations (20 events):
Event: 4.564 Executing VM operation: HandshakeAllThreads (Deoptimize)
Event: 4.564 Executing VM operation: HandshakeAllThreads (Deoptimize) done
Event: 4.636 Executing VM operation: HandshakeAllThreads (Deoptimize)
Event: 4.636 Executing VM operation: HandshakeAllThreads (Deoptimize) done
Event: 4.852 Executing VM operation: HandshakeAllThreads (Deoptimize)
Event: 4.853 Executing VM operation: HandshakeAllThreads (Deoptimize) done
Event: 4.956 Executing VM operation: HandshakeAllThreads (Deoptimize)
Event: 4.956 Executing VM operation: HandshakeAllThreads (Deoptimize) done
Event: 5.024 Executing VM operation: HandshakeAllThreads (Deoptimize)
Event: 5.024 Executing VM operation: HandshakeAllThreads (Deoptimize) done
Event: 5.269 Executing VM operation: HandshakeAllThreads (Deoptimize)
Event: 5.270 Executing VM operation: HandshakeAllThreads (Deoptimize) done
Event: 6.210 Executing VM operation: G1CollectForAllocation (G1 Evacuation Pause)
Event: 6.227 Executing VM operation: G1CollectForAllocation (G1 Evacuation Pause) done
Event: 6.746 Executing VM operation: HandshakeAllThreads (Deoptimize)
Event: 6.746 Executing VM operation: HandshakeAllThreads (Deoptimize) done
Event: 8.069 Executing VM operation: HandshakeAllThreads (Deoptimize)
Event: 8.069 Executing VM operation: HandshakeAllThreads (Deoptimize) done
Event: 8.071 Executing VM operation: HandshakeAllThreads (Deoptimize)
Event: 8.071 Executing VM operation: HandshakeAllThreads (Deoptimize) done

Memory protections (0 events):
No events

Nmethod flushes (0 events):
No events

Events (20 events):
Event: 1.207 Thread 0x0000022ad1b8bed0 Thread added: 0x0000022b19364bf0
Event: 1.711 Thread 0x0000022b19364bf0 Thread exited: 0x0000022b19364bf0
Event: 1.803 Thread 0x0000022ad1b8bed0 Thread added: 0x0000022b19cd2810
Event: 2.096 Thread 0x0000022b19cd2810 Thread exited: 0x0000022b19cd2810
Event: 2.685 Thread 0x0000022ad1b8bed0 Thread added: 0x0000022b19f1c3a0
Event: 4.565 Thread 0x0000022a9cd196d0 Thread added: 0x0000022b1acd7560
Event: 5.073 Thread 0x0000022a9cd196d0 Thread added: 0x0000022b1ab11f70
Event: 5.210 Thread 0x0000022a9cd196d0 Thread added: 0x0000022b1ad96290
Event: 5.424 Thread 0x0000022b1ab11f70 Thread added: 0x0000022b1a0a9580
Event: 5.443 Thread 0x0000022b1a0a9580 Thread added: 0x0000022b191a3670
Event: 5.525 Thread 0x0000022b19f1c3a0 Thread exited: 0x0000022b19f1c3a0
Event: 5.675 Thread 0x0000022b1a0a9580 Thread added: 0x0000022b1a0682f0
Event: 5.692 Thread 0x0000022b1a0a9580 Thread added: 0x0000022b19ee86c0
Event: 5.714 Thread 0x0000022b19ee86c0 Thread added: 0x0000022b19ee79a0
Event: 5.721 Thread 0x0000022b19ee86c0 Thread added: 0x0000022b19eea100
Event: 5.726 Thread 0x0000022b19ee86c0 Thread added: 0x0000022b19eea790
Event: 6.747 Thread 0x0000022b19ee86c0 Thread added: 0x0000022b19eeae20
Event: 6.766 Thread 0x0000022b19ee86c0 Thread added: 0x0000022b19ee8030
Event: 7.079 Thread 0x0000022b19ee86c0 Thread added: 0x0000022b19ee8d50
Event: 7.404 Thread 0x0000022ad1b8bed0 Thread added: 0x0000022b1b3dee50


Dynamic libraries:
0x00007ff777590000 - 0x00007ff7775a0000 	C:\Program Files\Java\jdk-23\bin\java.exe
0x00007fff203c0000 - 0x00007fff20627000 	C:\WINDOWS\SYSTEM32\ntdll.dll
0x00007fff1f290000 - 0x00007fff1f359000 	C:\WINDOWS\System32\KERNEL32.DLL
0x00007fff1d2a0000 - 0x00007fff1d697000 	C:\WINDOWS\System32\KERNELBASE.dll
0x00007fff1d000000 - 0x00007fff1d14b000 	C:\WINDOWS\System32\ucrtbase.dll
0x00007fff19ea0000 - 0x00007fff19eb7000 	C:\Program Files\Java\jdk-23\bin\jli.dll
0x00007ffefa830000 - 0x00007ffefa84b000 	C:\Program Files\Java\jdk-23\bin\VCRUNTIME140.dll
0x00007fff1e290000 - 0x00007fff1e456000 	C:\WINDOWS\System32\USER32.dll
0x00007ffefd630000 - 0x00007ffefd8c2000 	C:\WINDOWS\WinSxS\amd64_microsoft.windows.common-controls_6595b64144ccf1df_6.0.26100.8457_none_3e0b2faee331e92d\COMCTL32.dll
0x00007fff1cdf0000 - 0x00007fff1ce17000 	C:\WINDOWS\System32\win32u.dll
0x00007fff1eca0000 - 0x00007fff1ed49000 	C:\WINDOWS\System32\msvcrt.dll
0x00007fff1eae0000 - 0x00007fff1eb0b000 	C:\WINDOWS\System32\GDI32.dll
0x00007fff1ce20000 - 0x00007fff1cf4c000 	C:\WINDOWS\System32\gdi32full.dll
0x00007fff1d6a0000 - 0x00007fff1d743000 	C:\WINDOWS\System32\msvcp_win.dll
0x00007fff20040000 - 0x00007fff20072000 	C:\WINDOWS\System32\IMM32.DLL
0x00007fff19e90000 - 0x00007fff19e9c000 	C:\Program Files\Java\jdk-23\bin\vcruntime140_1.dll
0x00007ffea9ac0000 - 0x00007ffea9b4e000 	C:\Program Files\Java\jdk-23\bin\msvcp140.dll
0x00007ffea3650000 - 0x00007ffea439f000 	C:\Program Files\Java\jdk-23\bin\server\jvm.dll
0x00007fff200e0000 - 0x00007fff20196000 	C:\WINDOWS\System32\ADVAPI32.dll
0x00007fff1f1e0000 - 0x00007fff1f287000 	C:\WINDOWS\System32\sechost.dll
0x00007fff1f380000 - 0x00007fff1f498000 	C:\WINDOWS\System32\RPCRT4.dll
0x00007fff1eb10000 - 0x00007fff1eb90000 	C:\WINDOWS\System32\WS2_32.dll
0x00007fff1cc50000 - 0x00007fff1ccae000 	C:\WINDOWS\SYSTEM32\POWRPROF.dll
0x00007fff02f70000 - 0x00007fff02fa6000 	C:\WINDOWS\SYSTEM32\WINMM.dll
0x00007fff0eb20000 - 0x00007fff0eb2b000 	C:\WINDOWS\SYSTEM32\VERSION.dll
0x00007fff1cc30000 - 0x00007fff1cc44000 	C:\WINDOWS\SYSTEM32\UMPDC.dll
0x00007fff1bb60000 - 0x00007fff1bb7b000 	C:\WINDOWS\SYSTEM32\kernel.appcore.dll
0x00007ffefa6d0000 - 0x00007ffefa6da000 	C:\Program Files\Java\jdk-23\bin\jimage.dll
0x00007fff1ad20000 - 0x00007fff1af62000 	C:\WINDOWS\SYSTEM32\DBGHELP.DLL
0x00007fff1e5d0000 - 0x00007fff1e953000 	C:\WINDOWS\System32\combase.dll
0x00007fff1f740000 - 0x00007fff1f819000 	C:\WINDOWS\System32\OLEAUT32.dll
0x00007ffef9ff0000 - 0x00007ffefa02b000 	C:\WINDOWS\SYSTEM32\dbgcore.DLL
0x00007fff1cf50000 - 0x00007fff1cff8000 	C:\WINDOWS\System32\bcryptPrimitives.dll
0x00007ffefd380000 - 0x00007ffefd38f000 	C:\Program Files\Java\jdk-23\bin\instrument.dll
0x00007ffef0f00000 - 0x00007ffef0f1e000 	C:\Program Files\Java\jdk-23\bin\java.dll
0x00007fff1f4a0000 - 0x00007fff1f637000 	C:\WINDOWS\System32\ole32.dll
0x00007fff1f8b0000 - 0x00007fff2001e000 	C:\WINDOWS\System32\SHELL32.dll
0x00007fff1d8d0000 - 0x00007fff1e13c000 	C:\WINDOWS\System32\windows.storage.dll
0x00007fff1eba0000 - 0x00007fff1ec96000 	C:\WINDOWS\System32\SHCORE.dll
0x00007fff1ea70000 - 0x00007fff1ead6000 	C:\WINDOWS\System32\shlwapi.dll
0x00007fff1cd10000 - 0x00007fff1cd39000 	C:\WINDOWS\SYSTEM32\profapi.dll
0x00007ffea4d80000 - 0x00007ffea4e57000 	C:\Program Files\Java\jdk-23\bin\jsvml.dll
0x00007ffee91d0000 - 0x00007ffee91e7000 	C:\Program Files\Java\jdk-23\bin\zip.dll
0x00007ffee4e60000 - 0x00007ffee4e70000 	C:\Program Files\Java\jdk-23\bin\net.dll
0x00007fff1c0f0000 - 0x00007fff1c15c000 	C:\WINDOWS\system32\mswsock.dll
0x00007ffee4e40000 - 0x00007ffee4e56000 	C:\Program Files\Java\jdk-23\bin\nio.dll
0x00007ffee4e30000 - 0x00007ffee4e40000 	C:\Program Files\Java\jdk-23\bin\verify.dll
0x00007ffed7170000 - 0x00007ffed7197000 	C:\Users\Bhumi\.gradle\native\1def1411415f61bf3af743bc5b6707747c0891f09f0c88961ee8f79bc544acac\windows-amd64\native-platform.dll
0x00007ffea4d00000 - 0x00007ffea4d78000 	C:\Users\Bhumi\.gradle\native\0.2.7\x86_64-windows-gnu\gradle-fileevents.dll
0x00007fff0f4e0000 - 0x00007fff0f4ea000 	C:\Program Files\Java\jdk-23\bin\management.dll
0x00007ffee4cd0000 - 0x00007ffee4cdb000 	C:\Program Files\Java\jdk-23\bin\management_ext.dll
0x00007fff1ea60000 - 0x00007fff1ea68000 	C:\WINDOWS\System32\PSAPI.DLL
0x00007fff1b590000 - 0x00007fff1b5c2000 	C:\WINDOWS\SYSTEM32\IPHLPAPI.DLL
0x00007fff20030000 - 0x00007fff2003a000 	C:\WINDOWS\System32\NSI.dll
0x00007ffee4ca0000 - 0x00007ffee4ca9000 	C:\Program Files\Java\jdk-23\bin\extnet.dll
0x00007fff1c3d0000 - 0x00007fff1c3eb000 	C:\WINDOWS\SYSTEM32\CRYPTSP.dll
0x00007fff1bac0000 - 0x00007fff1baf9000 	C:\WINDOWS\system32\rsaenh.dll
0x00007fff1c1a0000 - 0x00007fff1c1d3000 	C:\WINDOWS\SYSTEM32\USERENV.dll
0x00007fff1cce0000 - 0x00007fff1cd0a000 	C:\WINDOWS\SYSTEM32\bcrypt.dll
0x00007fff1c3f0000 - 0x00007fff1c3fc000 	C:\WINDOWS\SYSTEM32\CRYPTBASE.dll
0x00007ffefd040000 - 0x00007ffefd04e000 	C:\Program Files\Java\jdk-23\bin\sunmscapi.dll
0x00007fff1d750000 - 0x00007fff1d8c8000 	C:\WINDOWS\System32\CRYPT32.dll
0x00007fff1c5f0000 - 0x00007fff1c620000 	C:\WINDOWS\SYSTEM32\ncrypt.dll
0x00007fff1c5a0000 - 0x00007fff1c5df000 	C:\WINDOWS\SYSTEM32\NTASN1.dll
0x00007ffedb270000 - 0x00007ffedb278000 	C:\WINDOWS\system32\wshunix.dll

dbghelp: loaded successfully - version: 4.0.5 - missing functions: none
symbol engine: initialized successfully - sym options: 0x614 - pdb path: .;C:\Program Files\Java\jdk-23\bin;C:\WINDOWS\SYSTEM32;C:\WINDOWS\WinSxS\amd64_microsoft.windows.common-controls_6595b64144ccf1df_6.0.26100.8457_none_3e0b2faee331e92d;C:\Program Files\Java\jdk-23\bin\server;C:\Users\Bhumi\.gradle\native\1def1411415f61bf3af743bc5b6707747c0891f09f0c88961ee8f79bc544acac\windows-amd64;C:\Users\Bhumi\.gradle\native\0.2.7\x86_64-windows-gnu

VM Arguments:
jvm_args: --add-opens=java.base/java.lang=ALL-UNNAMED --add-opens=java.base/java.lang.invoke=ALL-UNNAMED --add-opens=java.base/java.util=ALL-UNNAMED --add-opens=java.prefs/java.util.prefs=ALL-UNNAMED --add-exports=jdk.compiler/com.sun.tools.javac.api=ALL-UNNAMED --add-exports=jdk.compiler/com.sun.tools.javac.util=ALL-UNNAMED --add-opens=java.base/java.util=ALL-UNNAMED --add-opens=java.prefs/java.util.prefs=ALL-UNNAMED --add-opens=java.base/java.nio.charset=ALL-UNNAMED --add-opens=java.base/java.net=ALL-UNNAMED --add-opens=java.base/java.util.concurrent.atomic=ALL-UNNAMED --add-opens=java.xml/javax.xml.namespace=ALL-UNNAMED -XX:MaxMetaspaceSize=4G -XX:ReservedCodeCacheSize=512m -XX:+HeapDumpOnOutOfMemoryError -Xmx8G -Dfile.encoding=UTF-8 -Duser.country=IN -Duser.language=en -Duser.variant -javaagent:C:\Users\Bhumi\.gradle\wrapper\dists\gradle-8.14-all\c2qonpi39x1mddn7hk5gh9iqj\gradle-8.14\lib\agents\gradle-instrumentation-agent-8.14.jar 
java_command: org.gradle.launcher.daemon.bootstrap.GradleDaemon 8.14
java_class_path (initial): C:\Users\Bhumi\.gradle\wrapper\dists\gradle-8.14-all\c2qonpi39x1mddn7hk5gh9iqj\gradle-8.14\lib\gradle-daemon-main-8.14.jar
Launcher Type: SUN_STANDARD

[Global flags]
     intx CICompilerCount                          = 3                                         {product} {ergonomic}
     uint ConcGCThreads                            = 1                                         {product} {ergonomic}
     uint G1ConcRefinementThreads                  = 4                                         {product} {ergonomic}
   size_t G1HeapRegionSize                         = 4194304                                   {product} {ergonomic}
     bool HeapDumpOnOutOfMemoryError               = true                                   {manageable} {command line}
   size_t InitialHeapSize                          = 134217728                                 {product} {ergonomic}
   size_t MarkStackSize                            = 4194304                                   {product} {ergonomic}
   size_t MarkStackSizeMax                         = 536870912                                 {product} {ergonomic}
   size_t MaxHeapSize                              = 8589934592                                {product} {command line}
   size_t MaxMetaspaceSize                         = 4294967296                                {product} {command line}
   size_t MaxNewSize                               = 5150605312                                {product} {ergonomic}
   size_t MinHeapDeltaBytes                        = 4194304                                   {product} {ergonomic}
   size_t MinHeapSize                              = 8388608                                   {product} {ergonomic}
    uintx NonNMethodCodeHeapSize                   = 5832704                                {pd product} {ergonomic}
    uintx NonProfiledCodeHeapSize                  = 265551872                              {pd product} {ergonomic}
    uintx ProfiledCodeHeapSize                     = 265486336                              {pd product} {ergonomic}
    uintx ReservedCodeCacheSize                    = 536870912                              {pd product} {command line, ergonomic}
     bool SegmentedCodeCache                       = true                                      {product} {ergonomic}
   size_t SoftMaxHeapSize                          = 8589934592                             {manageable} {ergonomic}
     bool UseCompressedOops                        = true                           {product lp64_product} {ergonomic}
     bool UseG1GC                                  = true                                      {product} {ergonomic}
     bool UseLargePagesIndividualAllocation        = false                                  {pd product} {ergonomic}

Logging:
Log output configuration:
 #0: stdout all=warning uptime,level,tags foldmultilines=false
 #1: stderr all=off uptime,level,tags foldmultilines=false

Environment Variables:
PATH=C:\Users\Bhumi\AppData\Local\Programs\Microsoft VS Code;C:\Program Files\Common Files\Oracle\Java\javapath;C:\Program Files (x86)\Common Files\Oracle\Java\java8path;C:\Program Files (x86)\Common Files\Oracle\Java\javapath;C:\windows\system32;C:\windows;C:\windows\System32\Wbem;C:\windows\System32\WindowsPowerShell\v1.0\;C:\windows\System32\OpenSSH\;C:\Users\Bhumi\AppData\Local\Microsoft\WindowsApps;C:\Program Files\Bandizip\;C:\adb;C:\Program Files (x86)\GTK2-Runtime\lib;C:\Program Files\Microsoft SQL Server\Client SDK\ODBC\170\Tools\Binn\;C:\Program Files (x86)\Microsoft SQL Server\150\Tools\Binn\;C:\Program Files\Microsoft SQL Server\150\Tools\Binn\;C:\Program Files\Microsoft SQL Server\150\DTS\Binn\;C:\WINDOWS\system32;C:\WINDOWS;C:\WINDOWS\System32\Wbem;C:\WINDOWS\System32\WindowsPowerShell\v1.0\;C:\WINDOWS\System32\OpenSSH\;C:\Program Files\dotnet\;%JAVA_HOME%\bin;C:\MinGW\bin;C:\Program Files\nodejs\;C:\Program Files\Git\cmd;C:\Program Files\Dart\dart-sdk\bin;C:\flutter\bin;C:\Users\Bhumi\AppData\Local\Programs\Python\Launcher\;C:\Program Files\MySQL\MySQL Shell 8.0\bin\;C:\MinGW\bin;C:\Users\Bhumi\AppData\Local\Programs\Microsoft VS Code\bin;C:\Users\Bhumi\AppData\Local\Microsoft\WindowsApps;C:\Users\Bhumi\AppData\Roaming\npm;C:\Users\Bhumi\AppData\Local\Programs\mongosh\;C:\Users\Bhumi\AppData\Local\Python\bin;C:\flutter\bin;C:\ProgramData\Bhumi\GitHubDesktop\bin;C:\Users\Bhumi\AppData\Local\GitHubDesktop\bin
USERNAME=Bhumi
OS=Windows_NT
PROCESSOR_IDENTIFIER=Intel64 Family 6 Model 142 Stepping 12, GenuineIntel
TMP=C:\Users\Bhumi\AppData\Local\Temp
TEMP=C:\Users\Bhumi\AppData\Local\Temp




Periodic native trim disabled

---------------  S Y S T E M  ---------------

OS:
 Windows 11 , 64 bit Build 26100 (10.0.26100.8328)
OS uptime: 0 days 0:30 hours
Hyper-V role detected

CPU: total 4 (initial active 4) (2 cores per cpu, 2 threads per core) family 6 model 142 stepping 12 microcode 0xea, cx8, cmov, fxsr, ht, mmx, 3dnowpref, sse, sse2, sse3, ssse3, sse4.1, sse4.2, popcnt, lzcnt, tsc, tscinvbit, avx, avx2, aes, erms, clmul, bmi1, bmi2, adx, fma, vzeroupper, clflush, clflushopt, hv, rdtscp, f16c
Processor Information for processor 0
  Max Mhz: 2592, Current Mhz: 2093, Mhz Limit: 2073
Processor Information for processor 1
  Max Mhz: 2592, Current Mhz: 1495, Mhz Limit: 2073
Processor Information for processor 2
  Max Mhz: 2592, Current Mhz: 1495, Mhz Limit: 2073
Processor Information for processor 3
  Max Mhz: 2592, Current Mhz: 2093, Mhz Limit: 2073

Memory: 4k page, system-wide physical 7996M (524M free)
TotalPageFile size 16571M (AvailPageFile size 0M)
current process WorkingSet (physical memory assigned to process): 213M, peak: 213M
current process commit charge ("private bytes"): 295M, peak: 296M

vm_info: Java HotSpot(TM) 64-Bit Server VM (23.0.1+11-39) for windows-amd64 JRE (23.0.1+11-39), built on 2024-09-30T07:20:43Z with MS VC++ 17.6 (VS2022)

END.
